Archive member included to satisfy reference by file (symbol)

/home/aarjav/st/stm32cubeide_1.16.1/plugins/com.st.stm32cube.ide.mcu.externaltools.gnu-tools-for-stm32.12.3.rel1.linux64_1.0.200.202406132123/tools/bin/../lib/gcc/arm-none-eabi/12.3.1/../../../../arm-none-eabi/lib/thumb/v7-m/nofp/libc_nano.a(libc_a-exit.o)
                              /home/aarjav/st/stm32cubeide_1.16.1/plugins/com.st.stm32cube.ide.mcu.externaltools.gnu-tools-for-stm32.12.3.rel1.linux64_1.0.200.202406132123/tools/bin/../lib/gcc/arm-none-eabi/12.3.1/../../../../arm-none-eabi/lib/thumb/v7-m/nofp/crt0.o (exit)
/home/aarjav/st/stm32cubeide_1.16.1/plugins/com.st.stm32cube.ide.mcu.externaltools.gnu-tools-for-stm32.12.3.rel1.linux64_1.0.200.202406132123/tools/bin/../lib/gcc/arm-none-eabi/12.3.1/../../../../arm-none-eabi/lib/thumb/v7-m/nofp/libc_nano.a(libc_a-findfp.o)
                              /home/aarjav/st/stm32cubeide_1.16.1/plugins/com.st.stm32cube.ide.mcu.externaltools.gnu-tools-for-stm32.12.3.rel1.linux64_1.0.200.202406132123/tools/bin/../lib/gcc/arm-none-eabi/12.3.1/../../../../arm-none-eabi/lib/thumb/v7-m/nofp/libc_nano.a(libc_a-exit.o) (__stdio_exit_handler)
/home/aarjav/st/stm32cubeide_1.16.1/plugins/com.st.stm32cube.ide.mcu.externaltools.gnu-tools-for-stm32.12.3.rel1.linux64_1.0.200.202406132123/tools/bin/../lib/gcc/arm-none-eabi/12.3.1/../../../../arm-none-eabi/lib/thumb/v7-m/nofp/libc_nano.a(libc_a-fwalk.o)
                              /home/aarjav/st/stm32cubeide_1.16.1/plugins/com.st.stm32cube.ide.mcu.externaltools.gnu-tools-for-stm32.12.3.rel1.linux64_1.0.200.202406132123/tools/bin/../lib/gcc/arm-none-eabi/12.3.1/../../../../arm-none-eabi/lib/thumb/v7-m/nofp/libc_nano.a(libc_a-findfp.o) (_fwalk_sglue)
/home/aarjav/st/stm32cubeide_1.16.1/plugins/com.st.stm32cube.ide.mcu.externaltools.gnu-tools-for-stm32.12.3.rel1.linux64_1.0.200.202406132123/tools/bin/../lib/gcc/arm-none-eabi/12.3.1/../../../../arm-none-eabi/lib/thumb/v7-m/nofp/libc_nano.a(libc_a-stdio.o)
                              /home/aarjav/st/stm32cubeide_1.16.1/plugins/com.st.stm32cube.ide.mcu.externaltools.gnu-tools-for-stm32.12.3.rel1.linux64_1.0.200.202406132123/tools/bin/../lib/gcc/arm-none-eabi/12.3.1/../../../../arm-none-eabi/lib/thumb/v7-m/nofp/libc_nano.a(libc_a-findfp.o) (__sread)
/home/aarjav/st/stm32cubeide_1.16.1/plugins/com.st.stm32cube.ide.mcu.externaltools.gnu-tools-for-stm32.12.3.rel1.linux64_1.0.200.202406132123/tools/bin/../lib/gcc/arm-none-eabi/12.3.1/../../../../arm-none-eabi/lib/thumb/v7-m/nofp/libc_nano.a(libc_a-memset.o)
                              /home/aarjav/st/stm32cubeide_1.16.1/plugins/com.st.stm32cube.ide.mcu.externaltools.gnu-tools-for-stm32.12.3.rel1.linux64_1.0.200.202406132123/tools/bin/../lib/gcc/arm-none-eabi/12.3.1/../../../../arm-none-eabi/lib/thumb/v7-m/nofp/crt0.o (memset)
/home/aarjav/st/stm32cubeide_1.16.1/plugins/com.st.stm32cube.ide.mcu.externaltools.gnu-tools-for-stm32.12.3.rel1.linux64_1.0.200.202406132123/tools/bin/../lib/gcc/arm-none-eabi/12.3.1/../../../../arm-none-eabi/lib/thumb/v7-m/nofp/libc_nano.a(libc_a-closer.o)
                              /home/aarjav/st/stm32cubeide_1.16.1/plugins/com.st.stm32cube.ide.mcu.externaltools.gnu-tools-for-stm32.12.3.rel1.linux64_1.0.200.202406132123/tools/bin/../lib/gcc/arm-none-eabi/12.3.1/../../../../arm-none-eabi/lib/thumb/v7-m/nofp/libc_nano.a(libc_a-stdio.o) (_close_r)
/home/aarjav/st/stm32cubeide_1.16.1/plugins/com.st.stm32cube.ide.mcu.externaltools.gnu-tools-for-stm32.12.3.rel1.linux64_1.0.200.202406132123/tools/bin/../lib/gcc/arm-none-eabi/12.3.1/../../../../arm-none-eabi/lib/thumb/v7-m/nofp/libc_nano.a(libc_a-reent.o)
                              /home/aarjav/st/stm32cubeide_1.16.1/plugins/com.st.stm32cube.ide.mcu.externaltools.gnu-tools-for-stm32.12.3.rel1.linux64_1.0.200.202406132123/tools/bin/../lib/gcc/arm-none-eabi/12.3.1/../../../../arm-none-eabi/lib/thumb/v7-m/nofp/libc_nano.a(libc_a-closer.o) (errno)
/home/aarjav/st/stm32cubeide_1.16.1/plugins/com.st.stm32cube.ide.mcu.externaltools.gnu-tools-for-stm32.12.3.rel1.linux64_1.0.200.202406132123/tools/bin/../lib/gcc/arm-none-eabi/12.3.1/../../../../arm-none-eabi/lib/thumb/v7-m/nofp/libc_nano.a(libc_a-impure.o)
                              /home/aarjav/st/stm32cubeide_1.16.1/plugins/com.st.stm32cube.ide.mcu.externaltools.gnu-tools-for-stm32.12.3.rel1.linux64_1.0.200.202406132123/tools/bin/../lib/gcc/arm-none-eabi/12.3.1/../../../../arm-none-eabi/lib/thumb/v7-m/nofp/libc_nano.a(libc_a-reent.o) (_impure_ptr)
/home/aarjav/st/stm32cubeide_1.16.1/plugins/com.st.stm32cube.ide.mcu.externaltools.gnu-tools-for-stm32.12.3.rel1.linux64_1.0.200.202406132123/tools/bin/../lib/gcc/arm-none-eabi/12.3.1/../../../../arm-none-eabi/lib/thumb/v7-m/nofp/libc_nano.a(libc_a-lseekr.o)
[...]
Memory Configuration

Name             Origin             Length             Attributes
RAM              0x20000000         0x00005000         xrw
FLASH            0x08000000         0x00020000         xr
*default*        0x00000000         0xffffffff

Linker script and memory map

LOAD /home/aarjav/st/stm32cubeide_1.16.1/plugins/com.st.stm32cube.ide.mcu.externaltools.gnu-tools-for-stm32.12.3.rel1.linux64_1.0.200.202406132123/tools/bin/../lib/gcc/arm-none-eabi/12.3.1/thumb/v7-m/nofp/crti.o
LOAD /home/aarjav/st/stm32cubeide_1.16.1/plugins/com.st.stm32cube.ide.mcu.externaltools.gnu-tools-for-stm32.12.3.rel1.linux64_1.0.200.202406132123/tools/bin/../lib/gcc/arm-none-eabi/12.3.1/thumb/v7-m/nofp/crtbegin.o
LOAD /home/aarjav/st/stm32cubeide_1.16.1/plugins/com.st.stm32cube.ide.mcu.externaltools.gnu-tools-for-stm32.12.3.rel1.linux64_1.0.200.202406132123/tools/bin/../lib/gcc/arm-none-eabi/12.3.1/../../../../arm-none-eabi/lib/thumb/v7-m/nofp/crt0.o
LOAD ./Core/Src/ST7565.o
LOAD ./Core/Src/glcdfont.o
LOAD ./Core/Src/gpio.o
LOAD ./Core/Src/lcd.o
LOAD ./Core/Src/main.o
LOAD ./Core/Src/spi.o
LOAD ./Core/Src/stm32f1xx_hal_msp.o
LOAD ./Core/Src/stm32f1xx_it.o
LOAD ./Core/Src/syscalls.o
LOAD ./Core/Src/sysmem.o
LOAD ./Core/Src/system_stm32f1xx.o
LOAD ./Core/Src/usart.o
LOAD ./Core/Startup/startup_stm32f103rbtx.o
LOAD ./Drivers/STM32F1xx_HAL_Driver/Src/stm32f1xx_hal.o
LOAD ./Drivers/STM32F1xx_HAL_Driver/Src/stm32f1xx_hal_cortex.o
LOAD ./Drivers/STM32F1xx_HAL_Driver/Src/stm32f1xx_hal_dma.o
LOAD ./Drivers/STM32F1xx_HAL_Driver/Src/stm32f1xx_hal_exti.o
LOAD ./Drivers/STM32F1xx_HAL_Driver/Src/stm32f1xx_hal_flash.o
LOAD ./Drivers/STM32F1xx_HAL_Driver/Src/stm32f1xx_hal_flash_ex.o
LOAD ./Drivers/STM32F1xx_HAL_Driver/Src/stm32f1xx_hal_gpio.o
LOAD ./Drivers/STM32F1xx_HAL_Driver/Src/stm32f1xx_hal_gpio_ex.o
LOAD ./Drivers/STM32F1xx_HAL_Driver/Src/stm32f1xx_hal_pwr.o
LOAD ./Drivers/STM32F1xx_HAL_Driver/Src/stm32f1xx_hal_rcc.o
LOAD ./Drivers/STM32F1xx_HAL_Driver/Src/stm32f1xx_hal_rcc_ex.o
LOAD ./Drivers/STM32F1xx_HAL_Driver/Src/stm32f1xx_hal_spi.o
LOAD ./Drivers/STM32F1xx_HAL_Driver/Src/stm32f1xx_hal_tim.o
LOAD ./Drivers/STM32F1xx_HAL_Driver/Src/stm32f1xx_hal_tim_ex.o
LOAD ./Drivers/STM32F1xx_HAL_Driver/Src/stm32f1xx_hal_uart.o
START GROUP
LOAD /home/aarjav/st/stm32cubeide_1.16.1/plugins/com.st.stm32cube.ide.mcu.externaltools.gnu-tools-for-stm32.12.3.rel1.linux64_1.0.200.202406132123/tools/bin/../lib/gcc/arm-none-eabi/12.3.1/../../../../arm-none-eabi/lib/thumb/v7-m/nofp/libc_nano.a
LOAD /home/aarjav/st/stm32cubeide_1.16.1/plugins/com.st.stm32cube.ide.mcu.externaltools.gnu-tools-for-stm32.12.3.rel1.linux64_1.0.200.202406132123/tools/bin/../lib/gcc/arm-none-eabi/12.3.1/../../../../arm-none-eabi/lib/thumb/v7-m/nofp/libm.a
END GROUP
START GROUP
LOAD /home/aarjav/st/stm32cubeide_1.16.1/plugins/com.st.stm32cube.ide.mcu.externaltools.gnu-tools-for-stm32.12.3.rel1.linux64_1.0.200.202406132123/tools/bin/../lib/gcc/arm-none-eabi/12.3.1/thumb/v7-m/nofp/libgcc.a
LOAD /home/aarjav/st/stm32cubeide_1.16.1/plugins/com.st.stm32cube.ide.mcu.externaltools.gnu-tools-for-stm32.12.3.rel1.linux64_1.0.200.202406132123/tools/bin/../lib/gcc/arm-none-eabi/12.3.1/../../../../arm-none-eabi/lib/thumb/v7-m/nofp/libc_nano.a
END GROUP
START GROUP
LOAD /home/aarjav/st/stm32cubeide_1.16.1/plugins/com.st.stm32cube.ide.mcu.externaltools.gnu-tools-for-stm32.12.3.rel1.linux64_1.0.200.202406132123/tools/bin/../lib/gcc/arm-none-eabi/12.3.1/thumb/v7-m/nofp/libgcc.a
LOAD /home/aarjav/st/stm32cubeide_1.16.1/plugins/com.st.stm32cube.ide.mcu.externaltools.gnu-tools-for-stm32.12.3.rel1.linux64_1.0.200.202406132123/tools/bin/../lib/gcc/arm-none-eabi/12.3.1/../../../../arm-none-eabi/lib/thumb/v7-m/nofp/libc_nano.a
LOAD /home/aarjav/st/stm32cubeide_1.16.1/plugins/com.st.stm32cube.ide.mcu.externaltools.gnu-tools-for-stm32.12.3.rel1.linux64_1.0.200.202406132123/tools/bin/../lib/gcc/arm-none-eabi/12.3.1/../../../../arm-none-eabi/lib/thumb/v7-m/nofp/libnosys.a
END GROUP
START GROUP
LOAD /home/aarjav/st/stm32cubeide_1.16.1/plugins/com.st.stm32cube.ide.mcu.externaltools.gnu-tools-for-stm32.12.3.rel1.linux64_1.0.200.202406132123/tools/bin/../lib/gcc/arm-none-eabi/12.3.1/thumb/v7-m/nofp/libgcc.a
LOAD /home/aarjav/st/stm32cubeide_1.16.1/plugins/com.st.stm32cube.ide.mcu.externaltools.gnu-tools-for-stm32.12.3.rel1.linux64_1.0.200.202406132123/tools/bin/../lib/gcc/arm-none-eabi/12.3.1/../../../../arm-none-eabi/lib/thumb/v7-m/nofp/libc_nano.a
LOAD /home/aarjav/st/stm32cubeide_1.16.1/plugins/com.st.stm32cube.ide.mcu.externaltools.gnu-tools-for-stm32.12.3.rel1.linux64_1.0.200.202406132123/tools/bin/../lib/gcc/arm-none-eabi/12.3.1/../../../../arm-none-eabi/lib/thumb/v7-m/nofp/libnosys.a
END GROUP
LOAD /home/aarjav/st/stm32cubeide_1.16.1/plugins/com.st.stm32cube.ide.mcu.externaltools.gnu-tools-for-stm32.12.3.rel1.linux64_1.0.200.202406132123/tools/bin/../lib/gcc/arm-none-eabi/12.3.1/thumb/v7-m/nofp/crtend.o
LOAD /home/aarjav/st/stm32cubeide_1.16.1/plugins/com.st.stm32cube.ide.mcu.externaltools.gnu-tools-for-stm32.12.3.rel1.linux64_1.0.200.202406132123/tools/bin/../lib/gcc/arm-none-eabi/12.3.1/thumb/v7-m/nofp/crtn.o
                0x20005000                        _estack = (ORIGIN (RAM) + LENGTH (RAM))
                0x00000200                        _Min_Heap_Size = 0x200
                0x00000400                        _Min_Stack_Size = 0x400

.isr_vector     0x08000000      0x10c
                0x08000000                        . = ALIGN (0x4)
 *(.isr_vector)
 .isr_vector    0x08000000      0x10c ./Core/Startup/startup_stm32f103rbtx.o
                0x08000000                g_pfnVectors
                0x0800010c                        . = ALIGN (0x4)

.text           0x0800010c     0x1e9c
                0x0800010c                        . = ALIGN (0x4)
 *(.text)
 .text          0x0800010c       0x40 /home/aarjav/st/stm32cubeide_1.16.1/plugins/com.st.stm32cube.ide.mcu.externaltools.gnu-tools-for-stm32.12.3.rel1.linux64_1.0.200.202406132123/tools/bin/../lib/gcc/arm-none-eabi/12.3.1/thumb/v7-m/nofp/crtbegin.o
 *(.text*)
 .text.ST7565_updateBoundingBox
                0x0800014c       0x78 ./Core/Src/ST7565.o
 .text.ST7565_drawstring
                0x080001c4       0x54 ./Core/Src/ST7565.o
                0x080001c4                ST7565_drawstring
 .text.ST7565_drawchar
                0x08000218       0x78 ./Core/Src/ST7565.o
                0x08000218                ST7565_drawchar
 .text.ST7565_begin
                0x08000290       0x18 ./Core/Src/ST7565.o
                0x08000290                ST7565_begin
 .text.ST7565_st7565_init
                0x080002a8       0x4a ./Core/Src/ST7565.o
                0x080002a8                ST7565_st7565_init
 .text.ST7565_st7565_command
                0x080002f2       0x1a ./Core/Src/ST7565.o
                0x080002f2                ST7565_st7565_command
 .text.ST7565_st7565_data
                0x0800030c       0x1a ./Core/Src/ST7565.o
                0x0800030c                ST7565_st7565_data
 *fill*         0x08000326        0x2 
 .text.ST7565_display
                0x08000328       0xfc ./Core/Src/ST7565.o
                0x08000328                ST7565_display
 .text.MX_GPIO_Init
                0x08000424      0x108 ./Core/Src/gpio.o
                0x08000424                MX_GPIO_Init
 .text.LCD_write_command
                0x0800052c       0x38 ./Core/Src/lcd.o
                0x0800052c                LCD_write_command
 .text.LCD_write_data
                0x08000564       0x38 ./Core/Src/lcd.o
                0x08000564                LCD_write_data
 .text.LCD_init
                0x0800059c        0xc ./Core/Src/lcd.o
                0x0800059c                LCD_init
 .text.LCD_print
                0x080005a8       0x28 ./Core/Src/lcd.o
                0x080005a8                LCD_print
 .text.main     0x080005d0       0x6c ./Core/Src/main.o
                0x080005d0                main
 .text.SystemClock_Config
                0x0800063c       0x8a ./Core/Src/main.o
                0x0800063c                SystemClock_Config
 .text.Error_Handler
                0x080006c6        0xc ./Core/Src/main.o
                0x080006c6                Error_Handler
 *fill*         0x080006d2        0x2 
 .text.MX_SPI2_Init
                0x080006d4       0x6c ./Core/Src/spi.o
                0x080006d4                MX_SPI2_Init
 .text.HAL_SPI_MspInit
                0x08000740       0x80 ./Core/Src/spi.o
                0x08000740                HAL_SPI_MspInit
 .text.HAL_MspInit
                0x080007c0       0x64 ./Core/Src/stm32f1xx_hal_msp.o
                0x080007c0                HAL_MspInit
 .text.NMI_Handler
                0x08000824        0x8 ./Core/Src/stm32f1xx_it.o
                0x08000824                NMI_Handler
 .text.HardFault_Handler
                0x0800082c        0x8 ./Core/Src/stm32f1xx_it.o
                0x0800082c                HardFault_Handler
 .text.MemManage_Handler
                0x08000834        0x8 ./Core/Src/stm32f1xx_it.o
                0x08000834                MemManage_Handler
 .text.BusFault_Handler
                0x0800083c        0x8 ./Core/Src/stm32f1xx_it.o
                0x0800083c                BusFault_Handler
 .text.UsageFault_Handler
                0x08000844        0x8 ./Core/Src/stm32f1xx_it.o
                0x08000844                UsageFault_Handler
 .text.SVC_Handler
                0x0800084c        0xc ./Core/Src/stm32f1xx_it.o
                0x0800084c                SVC_Handler
 .text.DebugMon_Handler
                0x08000858        0xc ./Core/Src/stm32f1xx_it.o
                0x08000858                DebugMon_Handler
 .text.PendSV_Handler
                0x08000864        0xc ./Core/Src/stm32f1xx_it.o
                0x08000864                PendSV_Handler
 .text.SysTick_Handler
                0x08000870        0xc ./Core/Src/stm32f1xx_it.o
                0x08000870                SysTick_Handler
 .text.EXTI15_10_IRQHandler
                0x0800087c       0x10 ./Core/Src/stm32f1xx_it.o
                0x0800087c                EXTI15_10_IRQHandler
 .text.SystemInit
                0x0800088c        0xc ./Core/Src/system_stm32f1xx.o
                0x0800088c                SystemInit
 .text.MX_USART2_UART_Init
                0x08000898       0x54 ./Core/Src/usart.o
                0x08000898                MX_USART2_UART_Init
 .text.HAL_UART_MspInit
                0x080008ec       0x7c ./Core/Src/usart.o
                0x080008ec                HAL_UART_MspInit
 .text.Reset_Handler
                0x08000968       0x48 ./Core/Startup/startup_stm32f103rbtx.o
                0x08000968                Reset_Handler
 .text.Default_Handler
                0x080009b0        0x2 ./Core/Startup/startup_stm32f103rbtx.o
                0x080009b0                RTC_Alarm_IRQHandler
                0x080009b0                EXTI2_IRQHandler
                0x080009b0                TIM1_CC_IRQHandler
                0x080009b0                PVD_IRQHandler
                0x080009b0                EXTI3_IRQHandler
                0x080009b0                EXTI0_IRQHandler
                0x080009b0                I2C2_EV_IRQHandler
                0x080009b0                ADC1_2_IRQHandler
                0x080009b0                SPI1_IRQHandler
                0x080009b0                TAMPER_IRQHandler
                0x080009b0                DMA1_Channel4_IRQHandler
                0x080009b0                USART3_IRQHandler
                0x080009b0                RTC_IRQHandler
                0x080009b0                DMA1_Channel7_IRQHandler
                0x080009b0                CAN1_RX1_IRQHandler
                0x080009b0                TIM4_IRQHandler
                0x080009b0                I2C1_EV_IRQHandler
                0x080009b0                DMA1_Channel6_IRQHandler
                0x080009b0                TIM3_IRQHandler
                0x080009b0                RCC_IRQHandler
                0x080009b0                TIM1_TRG_COM_IRQHandler
                0x080009b0                DMA1_Channel1_IRQHandler
                0x080009b0                Default_Handler
                0x080009b0                EXTI9_5_IRQHandler
                0x080009b0                SPI2_IRQHandler
                0x080009b0                DMA1_Channel5_IRQHandler
                0x080009b0                EXTI4_IRQHandler
                0x080009b0                USB_LP_CAN1_RX0_IRQHandler
                0x080009b0                USB_HP_CAN1_TX_IRQHandler
                0x080009b0                DMA1_Channel3_IRQHandler
                0x080009b0                TIM1_UP_IRQHandler
                0x080009b0                WWDG_IRQHandler
                0x080009b0                TIM2_IRQHandler
                0x080009b0                TIM1_BRK_IRQHandler
                0x080009b0                EXTI1_IRQHandler
                0x080009b0                USART2_IRQHandler
                0x080009b0                I2C2_ER_IRQHandler
                0x080009b0                DMA1_Channel2_IRQHandler
                0x080009b0                CAN1_SCE_IRQHandler
                0x080009b0                FLASH_IRQHandler
                0x080009b0                USART1_IRQHandler
                0x080009b0                I2C1_ER_IRQHandler
                0x080009b0                USBWakeUp_IRQHandler
 *fill*         0x080009b2        0x2 
 .text.HAL_Init
                0x080009b4       0x2c ./Drivers/STM32F1xx_HAL_Driver/Src/stm32f1xx_hal.o
                0x080009b4                HAL_Init
 .text.HAL_InitTick
                0x080009e0       0x60 ./Drivers/STM32F1xx_HAL_Driver/Src/stm32f1xx_hal.o
                0x080009e0                HAL_InitTick
 .text.HAL_IncTick
                0x08000a40       0x24 ./Drivers/STM32F1xx_HAL_Driver/Src/stm32f1xx_hal.o
                0x08000a40                HAL_IncTick
 .text.HAL_GetTick
                0x08000a64       0x14 ./Drivers/STM32F1xx_HAL_Driver/Src/stm32f1xx_hal.o
                0x08000a64                HAL_GetTick
 .text.HAL_Delay
                0x08000a78       0x48 ./Drivers/STM32F1xx_HAL_Driver/Src/stm32f1xx_hal.o
                0x08000a78                HAL_Delay
 .text.__NVIC_SetPriorityGrouping
                0x08000ac0       0x48 ./Drivers/STM32F1xx_HAL_Driver/Src/stm32f1xx_hal_cortex.o
 .text.__NVIC_GetPriorityGrouping
                0x08000b08       0x1c ./Drivers/STM32F1xx_HAL_Driver/Src/stm32f1xx_hal_cortex.o
 .text.__NVIC_EnableIRQ
                0x08000b24       0x38 ./Drivers/STM32F1xx_HAL_Driver/Src/stm32f1xx_hal_cortex.o
 .text.__NVIC_SetPriority
                0x08000b5c       0x54 ./Drivers/STM32F1xx_HAL_Driver/Src/stm32f1xx_hal_cortex.o
 .text.NVIC_EncodePriority
                0x08000bb0       0x64 ./Drivers/STM32F1xx_HAL_Driver/Src/stm32f1xx_hal_cortex.o
 .text.SysTick_Config
                0x08000c14       0x44 ./Drivers/STM32F1xx_HAL_Driver/Src/stm32f1xx_hal_cortex.o
 .text.HAL_NVIC_SetPriorityGrouping
                0x08000c58       0x16 ./Drivers/STM32F1xx_HAL_Driver/Src/stm32f1xx_hal_cortex.o
                0x08000c58                HAL_NVIC_SetPriorityGrouping
 .text.HAL_NVIC_SetPriority
                0x08000c6e       0x38 ./Drivers/STM32F1xx_HAL_Driver/Src/stm32f1xx_hal_cortex.o
                0x08000c6e                HAL_NVIC_SetPriority
 .text.HAL_NVIC_EnableIRQ
                0x08000ca6       0x1c ./Drivers/STM32F1xx_HAL_Driver/Src/stm32f1xx_hal_cortex.o
                0x08000ca6                HAL_NVIC_EnableIRQ
 .text.HAL_SYSTICK_Config
                0x08000cc2       0x18 ./Drivers/STM32F1xx_HAL_Driver/Src/stm32f1xx_hal_cortex.o
                0x08000cc2                HAL_SYSTICK_Config
 *fill*         0x08000cda        0x2 
 .text.HAL_GPIO_Init
                0x08000cdc      0x308 ./Drivers/STM32F1xx_HAL_Driver/Src/stm32f1xx_hal_gpio.o
                0x08000cdc                HAL_GPIO_Init
 .text.HAL_GPIO_WritePin
                0x08000fe4       0x30 ./Drivers/STM32F1xx_HAL_Driver/Src/stm32f1xx_hal_gpio.o
                0x08000fe4                HAL_GPIO_WritePin
 .text.HAL_GPIO_EXTI_IRQHandler
                0x08001014       0x30 ./Drivers/STM32F1xx_HAL_Driver/Src/stm32f1xx_hal_gpio.o
                0x08001014                HAL_GPIO_EXTI_IRQHandler
 .text.HAL_GPIO_EXTI_Callback
                0x08001044       0x14 ./Drivers/STM32F1xx_HAL_Driver/Src/stm32f1xx_hal_gpio.o
                0x08001044                HAL_GPIO_EXTI_Callback
 .text.HAL_RCC_OscConfig
                0x08001058      0x504 ./Drivers/STM32F1xx_HAL_Driver/Src/stm32f1xx_hal_rcc.o
                0x08001058                HAL_RCC_OscConfig
 .text.HAL_RCC_ClockConfig
                0x0800155c      0x1d4 ./Drivers/STM32F1xx_HAL_Driver/Src/stm32f1xx_hal_rcc.o
                0x0800155c                HAL_RCC_ClockConfig
 .text.HAL_RCC_GetSysClockFreq
                0x08001730       0xa8 ./Drivers/STM32F1xx_HAL_Driver/Src/stm32f1xx_hal_rcc.o
                0x08001730                HAL_RCC_GetSysClockFreq
 .text.HAL_RCC_GetHCLKFreq
                0x080017d8       0x14 ./Drivers/STM32F1xx_HAL_Driver/Src/stm32f1xx_hal_rcc.o
                0x080017d8                HAL_RCC_GetHCLKFreq
 .text.HAL_RCC_GetPCLK1Freq
                0x080017ec       0x28 ./Drivers/STM32F1xx_HAL_Driver/Src/stm32f1xx_hal_rcc.o
                0x080017ec                HAL_RCC_GetPCLK1Freq
 .text.HAL_RCC_GetPCLK2Freq
                0x08001814       0x28 ./Drivers/STM32F1xx_HAL_Driver/Src/stm32f1xx_hal_rcc.o
                0x08001814                HAL_RCC_GetPCLK2Freq
 .text.RCC_Delay
                0x0800183c       0x3c ./Drivers/STM32F1xx_HAL_Driver/Src/stm32f1xx_hal_rcc.o
 .text.HAL_SPI_Init
                0x08001878      0x108 ./Drivers/STM32F1xx_HAL_Driver/Src/stm32f1xx_hal_spi.o
                0x08001878                HAL_SPI_Init
 .text.HAL_SPI_Transmit
                0x08001980      0x288 ./Drivers/STM32F1xx_HAL_Driver/Src/stm32f1xx_hal_spi.o
                0x08001980                HAL_SPI_Transmit
 .text.SPI_WaitFlagStateUntilTimeout
                0x08001c08      0x110 ./Drivers/STM32F1xx_HAL_Driver/Src/stm32f1xx_hal_spi.o
 .text.SPI_EndRxTxTransaction
                0x08001d18       0x62 ./Drivers/STM32F1xx_HAL_Driver/Src/stm32f1xx_hal_spi.o
 .text.HAL_UART_Init
                0x08001d7a       0xa0 ./Drivers/STM32F1xx_HAL_Driver/Src/stm32f1xx_hal_uart.o
                0x08001d7a                HAL_UART_Init
 *fill*         0x08001e1a        0x2 
 .text.UART_SetConfig
                0x08001e1c      0x11c ./Drivers/STM32F1xx_HAL_Driver/Src/stm32f1xx_hal_uart.o
 .text.memset   0x08001f38       0x10 /home/aarjav/st/stm32cubeide_1.16.1/plugins/com.st.stm32cube.ide.mcu.externaltools.gnu-tools-for-stm32.12.3.rel1.linux64_1.0.200.202406132123/tools/bin/../lib/gcc/arm-none-eabi/12.3.1/../../../../arm-none-eabi/lib/thumb/v7-m/nofp/libc_nano.a(libc_a-memset.o)
                0x08001f38                memset
 .text.__libc_init_array
                0x08001f48       0x48 /home/aarjav/st/stm32cubeide_1.16.1/plugins/com.st.stm32cube.ide.mcu.externaltools.gnu-tools-for-stm32.12.3.rel1.linux64_1.0.200.202406132123/tools/bin/../lib/gcc/arm-none-eabi/12.3.1/../../../../arm-none-eabi/lib/thumb/v7-m/nofp/libc_nano.a(libc_a-init.o)
                0x08001f48                __libc_init_array
 *(.glue_7)
 .glue_7        0x08001f90        0x0 linker stubs
 *(.glue_7t)
 .glue_7t       0x08001f90        0x0 linker stubs
 *(.eh_frame)
 .eh_frame      0x08001f90        0x0 /home/aarjav/st/stm32cubeide_1.16.1/plugins/com.st.stm32cube.ide.mcu.externaltools.gnu-tools-for-stm32.12.3.rel1.linux64_1.0.200.202406132123/tools/bin/../lib/gcc/arm-none-eabi/12.3.1/thumb/v7-m/nofp/crtbegin.o
 *(.init)
 .init          0x08001f90        0x4 /home/aarjav/st/stm32cubeide_1.16.1/plugins/com.st.stm32cube.ide.mcu.externaltools.gnu-tools-for-stm32.12.3.rel1.linux64_1.0.200.202406132123/tools/bin/../lib/gcc/arm-none-eabi/12.3.1/thumb/v7-m/nofp/crti.o
                0x08001f90                _init
 .init          0x08001f94        0x8 /home/aarjav/st/stm32cubeide_1.16.1/plugins/com.st.stm32cube.ide.mcu.externaltools.gnu-tools-for-stm32.12.3.rel1.linux64_1.0.200.202406132123/tools/bin/../lib/gcc/arm-none-eabi/12.3.1/thumb/v7-m/nofp/crtn.o
 *(.fini)
 .fini          0x08001f9c        0x4 /home/aarjav/st/stm32cubeide_1.16.1/plugins/com.st.stm32cube.ide.mcu.externaltools.gnu-tools-for-stm32.12.3.rel1.linux64_1.0.200.202406132123/tools/bin/../lib/gcc/arm-none-eabi/12.3.1/thumb/v7-m/nofp/crti.o
                0x08001f9c                _fini
 .fini          0x08001fa0        0x8 /home/aarjav/st/stm32cubeide_1.16.1/plugins/com.st.stm32cube.ide.mcu.externaltools.gnu-tools-for-stm32.12.3.rel1.linux64_1.0.200.202406132123/tools/bin/../lib/gcc/arm-none-eabi/12.3.1/thumb/v7-m/nofp/crtn.o
                0x08001fa8                        . = ALIGN (0x4)
                0x08001fa8                        _etext = .

.vfp11_veneer   0x08001fa8        0x0
 .vfp11_veneer  0x08001fa8        0x0 linker stubs

.v4_bx          0x08001fa8        0x0
 .v4_bx         0x08001fa8        0x0 linker stubs

.iplt           0x08001fa8        0x0
 .iplt          0x08001fa8        0x0 /home/aarjav/st/stm32cubeide_1.16.1/plugins/com.st.stm32cube.ide.mcu.externaltools.gnu-tools-for-stm32.12.3.rel1.linux64_1.0.200.202406132123/tools/bin/../lib/gcc/arm-none-eabi/12.3.1/thumb/v7-m/nofp/crtbegin.o

.rodata         0x08001fa8      0x538
                0x08001fa8                        . = ALIGN (0x4)
 *(.rodata)
 .rodata        0x08001fa8        0x6 ./Core/Src/main.o
 *(.rodata*)
 *fill*         0x08001fae        0x2 
 .rodata.pagemap
                0x08001fb0        0x8 ./Core/Src/ST7565.o
                0x08001fb0                pagemap
 .rodata.font   0x08001fb8      0x4fb ./Core/Src/glcdfont.o
                0x08001fb8                font
 *fill*         0x080024b3        0x1 
 .rodata.AHBPrescTable
                0x080024b4       0x10 ./Core/Src/system_stm32f1xx.o
                0x080024b4                AHBPrescTable
 .rodata.APBPrescTable
                0x080024c4        0x8 ./Core/Src/system_stm32f1xx.o
                0x080024c4                APBPrescTable
 .rodata.aPLLMULFactorTable.1
                0x080024cc       0x10 ./Drivers/STM32F1xx_HAL_Driver/Src/stm32f1xx_hal_rcc.o
 .rodata.aPredivFactorTable.0
                0x080024dc        0x2 ./Drivers/STM32F1xx_HAL_Driver/Src/stm32f1xx_hal_rcc.o
                0x080024e0                        . = ALIGN (0x4)
 *fill*         0x080024de        0x2 

.ARM.extab      0x080024e0        0x0
                0x080024e0                        . = ALIGN (0x4)
 *(.ARM.extab* .gnu.linkonce.armextab.*)
                0x080024e0                        . = ALIGN (0x4)

.ARM            0x080024e0        0x0
                0x080024e0                        . = ALIGN (0x4)
                0x080024e0                        __exidx_start = .
 *(.ARM.exidx*)
                0x080024e0                        __exidx_end = .
                0x080024e0                        . = ALIGN (0x4)

.preinit_array  0x080024e0        0x0
                0x080024e0                        . = ALIGN (0x4)
                0x080024e0                        PROVIDE (__preinit_array_start = .)
 *(.preinit_array*)
                0x080024e0                        PROVIDE (__preinit_array_end = .)
                0x080024e0                        . = ALIGN (0x4)

.init_array     0x080024e0        0x4
                0x080024e0                        . = ALIGN (0x4)
                0x080024e0                        PROVIDE (__init_array_start = .)
 *(SORT_BY_NAME(.init_array.*))
 *(.init_array*)
 .init_array    0x080024e0        0x4 /home/aarjav/st/stm32cubeide_1.16.1/plugins/com.st.stm32cube.ide.mcu.externaltools.gnu-tools-for-stm32.12.3.rel1.linux64_1.0.200.202406132123/tools/bin/../lib/gcc/arm-none-eabi/12.3.1/thumb/v7-m/nofp/crtbegin.o
                0x080024e4                        PROVIDE (__init_array_end = .)
                0x080024e4                        . = ALIGN (0x4)

.fini_array     0x080024e4        0x4
                0x080024e4                        . = ALIGN (0x4)
                [!provide]                        PROVIDE (__fini_array_start = .)
 *(SORT_BY_NAME(.fini_array.*))
 *(.fini_array*)
 .fini_array    0x080024e4        0x4 /home/aarjav/st/stm32cubeide_1.16.1/plugins/com.st.stm32cube.ide.mcu.externaltools.gnu-tools-for-stm32.12.3.rel1.linux64_1.0.200.202406132123/tools/bin/../lib/gcc/arm-none-eabi/12.3.1/thumb/v7-m/nofp/crtbegin.o
                [!provide]                        PROVIDE (__fini_array_end = .)
                0x080024e8                        . = ALIGN (0x4)
                0x080024e8                        _sidata = LOADADDR (.data)

.rel.dyn        0x080024e8        0x0
 .rel.iplt      0x080024e8        0x0 /home/aarjav/st/stm32cubeide_1.16.1/plugins/com.st.stm32cube.ide.mcu.externaltools.gnu-tools-for-stm32.12.3.rel1.linux64_1.0.200.202406132123/tools/bin/../lib/gcc/arm-none-eabi/12.3.1/thumb/v7-m/nofp/crtbegin.o

.data           0x20000000        0xc load address 0x080024e8
                0x20000000                        . = ALIGN (0x4)
                0x20000000                        _sdata = .
 *(.data)
 *(.data*)
 .data.SystemCoreClock
                0x20000000        0x4 ./Core/Src/system_stm32f1xx.o
                0x20000000                SystemCoreClock
 .data.uwTickPrio
                0x20000004        0x4 ./Drivers/STM32F1xx_HAL_Driver/Src/stm32f1xx_hal.o
                0x20000004                uwTickPrio
 .data.uwTickFreq
                0x20000008        0x1 ./Drivers/STM32F1xx_HAL_Driver/Src/stm32f1xx_hal.o
                0x20000008                uwTickFreq
 *(.RamFunc)
 *(.RamFunc*)
                0x2000000c                        . = ALIGN (0x4)
 *fill*         0x20000009        0x3 
                0x2000000c                        _edata = .

.igot.plt       0x2000000c        0x0 load address 0x080024f4
 .igot.plt      0x2000000c        0x0 /home/aarjav/st/stm32cubeide_1.16.1/plugins/com.st.stm32cube.ide.mcu.externaltools.gnu-tools-for-stm32.12.3.rel1.linux64_1.0.200.202406132123/tools/bin/../lib/gcc/arm-none-eabi/12.3.1/thumb/v7-m/nofp/crtbegin.o
                0x2000000c                        . = ALIGN (0x4)

.bss            0x2000000c      0x4c4 load address 0x080024f4
                0x2000000c                        _sbss = .
                0x2000000c                        __bss_start__ = _sbss
 *(.bss)
 .bss           0x2000000c       0x1c /home/aarjav/st/stm32cubeide_1.16.1/plugins/com.st.stm32cube.ide.mcu.externaltools.gnu-tools-for-stm32.12.3.rel1.linux64_1.0.200.202406132123/tools/bin/../lib/gcc/arm-none-eabi/12.3.1/thumb/v7-m/nofp/crtbegin.o
 *(.bss*)
 .bss.st7565_buffer
                0x20000028      0x400 ./Core/Src/ST7565.o
                0x20000028                st7565_buffer
 .bss.xUpdateMin
                0x20000428        0x1 ./Core/Src/ST7565.o
 .bss.xUpdateMax
                0x20000429        0x1 ./Core/Src/ST7565.o
 .bss.yUpdateMin
                0x2000042a        0x1 ./Core/Src/ST7565.o
 .bss.yUpdateMax
                0x2000042b        0x1 ./Core/Src/ST7565.o
 .bss.hspi2     0x2000042c       0x58 ./Core/Src/spi.o
                0x2000042c                hspi2
 .bss.huart2    0x20000484       0x48 ./Core/Src/usart.o
                0x20000484                huart2
 .bss.uwTick    0x200004cc        0x4 ./Drivers/STM32F1xx_HAL_Driver/Src/stm32f1xx_hal.o
                0x200004cc                uwTick
 *(COMMON)
                0x200004d0                        . = ALIGN (0x4)
                0x200004d0                        _ebss = .
                0x200004d0                        __bss_end__ = _ebss

._user_heap_stack
                0x200004d0      0x600 load address 0x080024f4
                0x200004d0                        . = ALIGN (0x8)
                [!provide]                        PROVIDE (end = .)
                0x200004d0                        PROVIDE (_end = .)
                0x200006d0                        . = (. + _Min_Heap_Size)
 *fill*         0x200004d0      0x200 
                0x20000ad0                        . = (. + _Min_Stack_Size)
 *fill*         0x200006d0      0x400 
                0x20000ad0                        . = ALIGN (0x8)

/DISCARD/
 libc.a(*)
 libm.a(*)
 libgcc.a(*)

.ARM.attributes
                0x00000000       0x29
 *(.ARM.attributes)
 .ARM.attributes
                0x00000000       0x1d /home/aarjav/st/stm32cubeide_1.16.1/plugins/com.st.stm32cube.ide.mcu.externaltools.gnu-tools-for-stm32.12.3.rel1.linux64_1.0.200.202406132123/tools/bin/../lib/gcc/arm-none-eabi/12.3.1/thumb/v7-m/nofp/crti.o
 .ARM.attributes
                0x0000001d       0x2d /home/aarjav/st/stm32cubeide_1.16.1/plugins/com.st.stm32cube.ide.mcu.externaltools.gnu-tools-for-stm32.12.3.rel1.linux64_1.0.200.202406132123/tools/bin/../lib/gcc/arm-none-eabi/12.3.1/thumb/v7-m/nofp/crtbegin.o
 .ARM.attributes
                0x0000004a       0x2d ./Core/Src/ST7565.o
 .ARM.attributes
                0x00000077       0x2d ./Core/Src/glcdfont.o
 .ARM.attributes
                0x000000a4       0x2d ./Core/Src/gpio.o
 .ARM.attributes
                0x000000d1       0x2d ./Core/Src/lcd.o
 .ARM.attributes
                0x000000fe       0x2d ./Core/Src/main.o
 .ARM.attributes
                0x0000012b       0x2d ./Core/Src/spi.o
 .ARM.attributes
                0x00000158       0x2d ./Core/Src/stm32f1xx_hal_msp.o
 .ARM.attributes
                0x00000185       0x2d ./Core/Src/stm32f1xx_it.o
 .ARM.attributes
                0x000001b2       0x2d ./Core/Src/system_stm32f1xx.o
 .ARM.attributes
                0x000001df       0x2d ./Core/Src/usart.o
 .ARM.attributes
                0x0000020c       0x21 ./Core/Startup/startup_stm32f103rbtx.o
 .ARM.attributes
                0x0000022d       0x2d ./Drivers/STM32F1xx_HAL_Driver/Src/stm32f1xx_hal.o
 .ARM.attributes
                0x0000025a       0x2d ./Drivers/STM32F1xx_HAL_Driver/Src/stm32f1xx_hal_cortex.o
 .ARM.attributes
                0x00000287       0x2d ./Drivers/STM32F1xx_HAL_Driver/Src/stm32f1xx_hal_gpio.o
 .ARM.attributes
                0x000002b4       0x2d ./Drivers/STM32F1xx_HAL_Driver/Src/stm32f1xx_hal_rcc.o
 .ARM.attributes
                0x000002e1       0x2d ./Drivers/STM32F1xx_HAL_Driver/Src/stm32f1xx_hal_spi.o
 .ARM.attributes
                0x0000030e       0x2d ./Drivers/STM32F1xx_HAL_Driver/Src/stm32f1xx_hal_uart.o
 .ARM.attributes
                0x0000033b       0x2d /home/aarjav/st/stm32cubeide_1.16.1/plugins/com.st.stm32cube.ide.mcu.externaltools.gnu-tools-for-stm32.12.3.rel1.linux64_1.0.200.202406132123/tools/bin/../lib/gcc/arm-none-eabi/12.3.1/../../../../arm-none-eabi/lib/thumb/v7-m/nofp/libc_nano.a(libc_a-memset.o)
 .ARM.attributes
                0x00000368       0x2d /home/aarjav/st/stm32cubeide_1.16.1/plugins/com.st.stm32cube.ide.mcu.externaltools.gnu-tools-for-stm32.12.3.rel1.linux64_1.0.200.202406132123/tools/bin/../lib/gcc/arm-none-eabi/12.3.1/../../../../arm-none-eabi/lib/thumb/v7-m/nofp/libc_nano.a(libc_a-init.o)
 .ARM.attributes
                0x00000395       0x1d /home/aarjav/st/stm32cubeide_1.16.1/plugins/com.st.stm32cube.ide.mcu.externaltools.gnu-tools-for-stm32.12.3.rel1.linux64_1.0.200.202406132123/tools/bin/../lib/gcc/arm-none-eabi/12.3.1/thumb/v7-m/nofp/crtn.o
OUTPUT(test_lcd2.elf elf32-littlearm)
LOAD linker stubs
LOAD /home/aarjav/st/stm32cubeide_1.16.1/plugins/com.st.stm32cube.ide.mcu.externaltools.gnu-tools-for-stm32.12.3.rel1.linux64_1.0.200.202406132123/tools/bin/../lib/gcc/arm-none-eabi/12.3.1/../../../../arm-none-eabi/lib/thumb/v7-m/nofp/libc.a
LOAD /home/aarjav/st/stm32cubeide_1.16.1/plugins/com.st.stm32cube.ide.mcu.externaltools.gnu-tools-for-stm32.12.3.rel1.linux64_1.0.200.202406132123/tools/bin/../lib/gcc/arm-none-eabi/12.3.1/../../../../arm-none-eabi/lib/thumb/v7-m/nofp/libm.a
LOAD /home/aarjav/st/stm32cubeide_1.16.1/plugins/com.st.stm32cube.ide.mcu.externaltools.gnu-tools-for-stm32.12.3.rel1.linux64_1.0.200.202406132123/tools/bin/../lib/gcc/arm-none-eabi/12.3.1/thumb/v7-m/nofp/libgcc.a

.debug_info     0x00000000     0x95a1
 .debug_info    0x00000000      0x846 ./Core/Src/ST7565.o
 .debug_info    0x00000846       0xae ./Core/Src/glcdfont.o
 .debug_info    0x000008f4      0x44e ./Core/Src/gpio.o
 .debug_info    0x00000d42      0x76b ./Core/Src/lcd.o
 .debug_info    0x000014ad      0x9ed ./Core/Src/main.o
 .debug_info    0x00001e9a      0x7bc ./Core/Src/spi.o
 .debug_info    0x00002656      0x1f1 ./Core/Src/stm32f1xx_hal_msp.o
 .debug_info    0x00002847      0x14b ./Core/Src/stm32f1xx_it.o
 .debug_info    0x00002992      0x222 ./Core/Src/system_stm32f1xx.o
 .debug_info    0x00002bb4      0x798 ./Core/Src/usart.o
 .debug_info    0x0000334c       0x30 ./Core/Startup/startup_stm32f103rbtx.o
 .debug_info    0x0000337c      0x704 ./Drivers/STM32F1xx_HAL_Driver/Src/stm32f1xx_hal.o
 .debug_info    0x00003a80      0xa87 ./Drivers/STM32F1xx_HAL_Driver/Src/stm32f1xx_hal_cortex.o
 .debug_info    0x00004507      0x5ab ./Drivers/STM32F1xx_HAL_Driver/Src/stm32f1xx_hal_gpio.o
 .debug_info    0x00004ab2      0x7d5 ./Drivers/STM32F1xx_HAL_Driver/Src/stm32f1xx_hal_rcc.o
 .debug_info    0x00005287     0x142d ./Drivers/STM32F1xx_HAL_Driver/Src/stm32f1xx_hal_spi.o
 .debug_info    0x000066b4     0x2eed ./Drivers/STM32F1xx_HAL_Driver/Src/stm32f1xx_hal_uart.o

.debug_abbrev   0x00000000     0x1e8e
 .debug_abbrev  0x00000000      0x242 ./Core/Src/ST7565.o
 .debug_abbrev  0x00000242       0x63 ./Core/Src/glcdfont.o
 .debug_abbrev  0x000002a5      0x161 ./Core/Src/gpio.o
 .debug_abbrev  0x00000406      0x219 ./Core/Src/lcd.o
 .debug_abbrev  0x0000061f      0x2dc ./Core/Src/main.o
 .debug_abbrev  0x000008fb      0x1e7 ./Core/Src/spi.o
 .debug_abbrev  0x00000ae2       0xdb ./Core/Src/stm32f1xx_hal_msp.o
 .debug_abbrev  0x00000bbd       0xa0 ./Core/Src/stm32f1xx_it.o
 .debug_abbrev  0x00000c5d      0x13f ./Core/Src/system_stm32f1xx.o
 .debug_abbrev  0x00000d9c      0x1e6 ./Core/Src/usart.o
 .debug_abbrev  0x00000f82       0x24 ./Core/Startup/startup_stm32f103rbtx.o
 .debug_abbrev  0x00000fa6      0x201 ./Drivers/STM32F1xx_HAL_Driver/Src/stm32f1xx_hal.o
 .debug_abbrev  0x000011a7      0x2f8 ./Drivers/STM32F1xx_HAL_Driver/Src/stm32f1xx_hal_cortex.o
 .debug_abbrev  0x0000149f      0x1ca ./Drivers/STM32F1xx_HAL_Driver/Src/stm32f1xx_hal_gpio.o
 .debug_abbrev  0x00001669      0x2b3 ./Drivers/STM32F1xx_HAL_Driver/Src/stm32f1xx_hal_rcc.o
 .debug_abbrev  0x0000191c      0x27a ./Drivers/STM32F1xx_HAL_Driver/Src/stm32f1xx_hal_spi.o
 .debug_abbrev  0x00001b96      0x2f8 ./Drivers/STM32F1xx_HAL_Driver/Src/stm32f1xx_hal_uart.o

.debug_aranges  0x00000000      0x968
 .debug_aranges
                0x00000000       0xc0 ./Core/Src/ST7565.o
 .debug_aranges
                0x000000c0       0x18 ./Core/Src/glcdfont.o
 .debug_aranges
                0x000000d8       0x20 ./Core/Src/gpio.o
 .debug_aranges
                0x000000f8       0x40 ./Core/Src/lcd.o
 .debug_aranges
                0x00000138       0x58 ./Core/Src/main.o
 .debug_aranges
                0x00000190       0x30 ./Core/Src/spi.o
 .debug_aranges
                0x000001c0       0x20 ./Core/Src/stm32f1xx_hal_msp.o
 .debug_aranges
                0x000001e0       0x68 ./Core/Src/stm32f1xx_it.o
 .debug_aranges
                0x00000248       0x28 ./Core/Src/system_stm32f1xx.o
 .debug_aranges
                0x00000270       0x30 ./Core/Src/usart.o
 .debug_aranges
                0x000002a0       0x28 ./Core/Startup/startup_stm32f103rbtx.o
 .debug_aranges
                0x000002c8       0xe0 ./Drivers/STM32F1xx_HAL_Driver/Src/stm32f1xx_hal.o
 .debug_aranges
                0x000003a8      0x100 ./Drivers/STM32F1xx_HAL_Driver/Src/stm32f1xx_hal_cortex.o
 .debug_aranges
                0x000004a8       0x58 ./Drivers/STM32F1xx_HAL_Driver/Src/stm32f1xx_hal_gpio.o
 .debug_aranges
                0x00000500       0x90 ./Drivers/STM32F1xx_HAL_Driver/Src/stm32f1xx_hal_rcc.o
 .debug_aranges
                0x00000590      0x1d0 ./Drivers/STM32F1xx_HAL_Driver/Src/stm32f1xx_hal_spi.o
 .debug_aranges
                0x00000760      0x208 ./Drivers/STM32F1xx_HAL_Driver/Src/stm32f1xx_hal_uart.o

.debug_rnglists
                0x00000000      0x711
 .debug_rnglists
                0x00000000       0x93 ./Core/Src/ST7565.o
 .debug_rnglists
                0x00000093       0x14 ./Core/Src/gpio.o
 .debug_rnglists
                0x000000a7       0x2b ./Core/Src/lcd.o
 .debug_rnglists
                0x000000d2       0x3e ./Core/Src/main.o
 .debug_rnglists
                0x00000110       0x20 ./Core/Src/spi.o
 .debug_rnglists
                0x00000130       0x13 ./Core/Src/stm32f1xx_hal_msp.o
 .debug_rnglists
                0x00000143       0x49 ./Core/Src/stm32f1xx_it.o
 .debug_rnglists
                0x0000018c       0x1a ./Core/Src/system_stm32f1xx.o
 .debug_rnglists
                0x000001a6       0x1f ./Core/Src/usart.o
 .debug_rnglists
                0x000001c5       0x19 ./Core/Startup/startup_stm32f103rbtx.o
 .debug_rnglists
                0x000001de       0xa3 ./Drivers/STM32F1xx_HAL_Driver/Src/stm32f1xx_hal.o
 .debug_rnglists
                0x00000281       0xbb ./Drivers/STM32F1xx_HAL_Driver/Src/stm32f1xx_hal_cortex.o
 .debug_rnglists
                0x0000033c       0x3f ./Drivers/STM32F1xx_HAL_Driver/Src/stm32f1xx_hal_gpio.o
 .debug_rnglists
                0x0000037b       0x6c ./Drivers/STM32F1xx_HAL_Driver/Src/stm32f1xx_hal_rcc.o
 .debug_rnglists
                0x000003e7      0x16e ./Drivers/STM32F1xx_HAL_Driver/Src/stm32f1xx_hal_spi.o
 .debug_rnglists
                0x00000555      0x1bc ./Drivers/STM32F1xx_HAL_Driver/Src/stm32f1xx_hal_uart.o

.debug_macro    0x00000000    0x17890
 .debug_macro   0x00000000      0x2d3 ./Core/Src/ST7565.o
 .debug_macro   0x000002d3      0xaa8 ./Core/Src/ST7565.o
 .debug_macro   0x00000d7b       0x24 ./Core/Src/ST7565.o
 .debug_macro   0x00000d9f       0x22 ./Core/Src/ST7565.o
 .debug_macro   0x00000dc1       0x5b ./Core/Src/ST7565.o
 .debug_macro   0x00000e1c       0x94 ./Core/Src/ST7565.o
 .debug_macro   0x00000eb0       0x43 ./Core/Src/ST7565.o
 .debug_macro   0x00000ef3       0x34 ./Core/Src/ST7565.o
 .debug_macro   0x00000f27       0x16 ./Core/Src/ST7565.o
 .debug_macro   0x00000f3d      0x11c ./Core/Src/ST7565.o
 .debug_macro   0x00001059       0x94 ./Core/Src/ST7565.o
 .debug_macro   0x000010ed       0x16 ./Core/Src/ST7565.o
 .debug_macro   0x00001103       0x43 ./Core/Src/ST7565.o
 .debug_macro   0x00001146       0x57 ./Core/Src/ST7565.o
 .debug_macro   0x0000119d       0x34 ./Core/Src/ST7565.o
 .debug_macro   0x000011d1       0x10 ./Core/Src/ST7565.o
 .debug_macro   0x000011e1       0x58 ./Core/Src/ST7565.o
 .debug_macro   0x00001239       0x8e ./Core/Src/ST7565.o
 .debug_macro   0x000012c7       0x1c ./Core/Src/ST7565.o
 .debug_macro   0x000012e3      0x177 ./Core/Src/ST7565.o
 .debug_macro   0x0000145a      0x369 ./Core/Src/ST7565.o
 .debug_macro   0x000017c3       0x16 ./Core/Src/ST7565.o
 .debug_macro   0x000017d9       0x29 ./Core/Src/ST7565.o
 .debug_macro   0x00001802      0x103 ./Core/Src/ST7565.o
 .debug_macro   0x00001905       0x6a ./Core/Src/ST7565.o
 .debug_macro   0x0000196f      0x1df ./Core/Src/ST7565.o
 .debug_macro   0x00001b4e       0xe8 ./Core/Src/ST7565.o
 .debug_macro   0x00001c36      0x21b ./Core/Src/ST7565.o
 .debug_macro   0x00001e51       0x2e ./Core/Src/ST7565.o
 .debug_macro   0x00001e7f       0x22 ./Core/Src/ST7565.o
 .debug_macro   0x00001ea1       0x1c ./Core/Src/ST7565.o
 .debug_macro   0x00001ebd       0x22 ./Core/Src/ST7565.o
 .debug_macro   0x00001edf       0xbd ./Core/Src/ST7565.o
 .debug_macro   0x00001f9c      0xd23 ./Core/Src/ST7565.o
 .debug_macro   0x00002cbf     0xe09e ./Core/Src/ST7565.o
 .debug_macro   0x00010d5d       0x6d ./Core/Src/ST7565.o
 .debug_macro   0x00010dca     0x34a2 ./Core/Src/ST7565.o
 .debug_macro   0x0001426c       0x56 ./Core/Src/ST7565.o
 .debug_macro   0x000142c2      0x5bc ./Core/Src/ST7565.o
 .debug_macro   0x0001487e      0x289 ./Core/Src/ST7565.o
 .debug_macro   0x00014b07      0x1cb ./Core/Src/ST7565.o
 .debug_macro   0x00014cd2      0x114 ./Core/Src/ST7565.o
 .debug_macro   0x00014de6      0x1b2 ./Core/Src/ST7565.o
 .debug_macro   0x00014f98       0x27 ./Core/Src/ST7565.o
 .debug_macro   0x00014fbf      0x136 ./Core/Src/ST7565.o
 .debug_macro   0x000150f5      0x1bc ./Core/Src/ST7565.o
 .debug_macro   0x000152b1       0x34 ./Core/Src/ST7565.o
 .debug_macro   0x000152e5       0x3c ./Core/Src/ST7565.o
 .debug_macro   0x00015321       0x57 ./Core/Src/ST7565.o
 .debug_macro   0x00015378       0x87 ./Core/Src/ST7565.o
 .debug_macro   0x000153ff      0x240 ./Core/Src/ST7565.o
 .debug_macro   0x0001563f      0x140 ./Core/Src/ST7565.o
 .debug_macro   0x0001577f      0x217 ./Core/Src/ST7565.o
 .debug_macro   0x00015996      0x28e ./Core/Src/ST7565.o
 .debug_macro   0x00015c24       0x83 ./Core/Src/ST7565.o
 .debug_macro   0x00015ca7       0x76 ./Core/Src/ST7565.o
 .debug_macro   0x00015d1d       0x16 ./Core/Src/ST7565.o
 .debug_macro   0x00015d33       0x35 ./Core/Src/ST7565.o
 .debug_macro   0x00015d68       0x20 ./Core/Src/ST7565.o
 .debug_macro   0x00015d88       0x63 ./Core/Src/glcdfont.o
 .debug_macro   0x00015deb       0x8e ./Core/Src/glcdfont.o
 .debug_macro   0x00015e79       0x51 ./Core/Src/glcdfont.o
 .debug_macro   0x00015eca      0x1b1 ./Core/Src/gpio.o
 .debug_macro   0x0001607b      0x189 ./Core/Src/gpio.o
 .debug_macro   0x00016204       0x5c ./Core/Src/gpio.o
 .debug_macro   0x00016260      0x1c8 ./Core/Src/lcd.o
 .debug_macro   0x00016428      0x1dc ./Core/Src/main.o
 .debug_macro   0x00016604      0x1b1 ./Core/Src/spi.o
 .debug_macro   0x000167b5      0x1a7 ./Core/Src/stm32f1xx_hal_msp.o
 .debug_macro   0x0001695c      0x1b1 ./Core/Src/stm32f1xx_it.o
 .debug_macro   0x00016b0d      0x198 ./Core/Src/system_stm32f1xx.o
 .debug_macro   0x00016ca5      0x1b1 ./Core/Src/usart.o
 .debug_macro   0x00016e56      0x1bc ./Drivers/STM32F1xx_HAL_Driver/Src/stm32f1xx_hal.o
 .debug_macro   0x00017012      0x198 ./Drivers/STM32F1xx_HAL_Driver/Src/stm32f1xx_hal_cortex.o
 .debug_macro   0x000171aa      0x203 ./Drivers/STM32F1xx_HAL_Driver/Src/stm32f1xx_hal_gpio.o
 .debug_macro   0x000173ad      0x1aa ./Drivers/STM32F1xx_HAL_Driver/Src/stm32f1xx_hal_rcc.o
 .debug_macro   0x00017557      0x1a0 ./Drivers/STM32F1xx_HAL_Driver/Src/stm32f1xx_hal_spi.o
 .debug_macro   0x000176f7      0x199 ./Drivers/STM32F1xx_HAL_Driver/Src/stm32f1xx_hal_uart.o

.debug_line     0x00000000     0xb7b1
 .debug_line    0x00000000      0xe3f ./Core/Src/ST7565.o
 .debug_line    0x00000e3f      0x363 ./Core/Src/glcdfont.o
 .debug_line    0x000011a2      0x679 ./Core/Src/gpio.o
 .debug_line    0x0000181b      0x6c5 ./Core/Src/lcd.o
 .debug_line    0x00001ee0      0x82b ./Core/Src/main.o
 .debug_line    0x0000270b      0x6bd ./Core/Src/spi.o
 .debug_line    0x00002dc8      0x651 ./Core/Src/stm32f1xx_hal_msp.o
 .debug_line    0x00003419      0x72a ./Core/Src/stm32f1xx_it.o
 .debug_line    0x00003b43      0x6ce ./Core/Src/system_stm32f1xx.o
 .debug_line    0x00004211      0x6b5 ./Core/Src/usart.o
 .debug_line    0x000048c6       0x78 ./Core/Startup/startup_stm32f103rbtx.o
 .debug_line    0x0000493e      0x8fb ./Drivers/STM32F1xx_HAL_Driver/Src/stm32f1xx_hal.o
 .debug_line    0x00005239      0xae7 ./Drivers/STM32F1xx_HAL_Driver/Src/stm32f1xx_hal_cortex.o
 .debug_line    0x00005d20      0x994 ./Drivers/STM32F1xx_HAL_Driver/Src/stm32f1xx_hal_gpio.o
 .debug_line    0x000066b4      0xd04 ./Drivers/STM32F1xx_HAL_Driver/Src/stm32f1xx_hal_rcc.o
 .debug_line    0x000073b8     0x1c1f ./Drivers/STM32F1xx_HAL_Driver/Src/stm32f1xx_hal_spi.o
 .debug_line    0x00008fd7     0x27da ./Drivers/STM32F1xx_HAL_Driver/Src/stm32f1xx_hal_uart.o

.debug_str      0x00000000    0x83855
 .debug_str     0x00000000    0x8139e ./Core/Src/ST7565.o
                              0x81701 (size before relaxing)
 .debug_str     0x0008139e       0x17 ./Core/Src/glcdfont.o
                               0x3cec (size before relaxing)
 .debug_str     0x000813b5      0x38c ./Core/Src/gpio.o
                              0x7e2f6 (size before relaxing)
 .debug_str     0x00081741      0x3ee ./Core/Src/lcd.o
                              0x7e751 (size before relaxing)
 .debug_str     0x00081b2f      0x1fd ./Core/Src/main.o
                              0x7e8ec (size before relaxing)
 .debug_str     0x00081d2c       0x5b ./Core/Src/spi.o
                              0x7e400 (size before relaxing)
 .debug_str     0x00081d87       0x5a ./Core/Src/stm32f1xx_hal_msp.o
                              0x7df77 (size before relaxing)
 .debug_str     0x00081de1       0xf7 ./Core/Src/stm32f1xx_it.o
                              0x7dfce (size before relaxing)
 .debug_str     0x00081ed8       0x7e ./Core/Src/system_stm32f1xx.o
                              0x7de14 (size before relaxing)
 .debug_str     0x00081f56      0x1e4 ./Core/Src/usart.o
                              0x7e437 (size before relaxing)
 .debug_str     0x0008213a       0x7f ./Core/Startup/startup_stm32f103rbtx.o
 .debug_str     0x000821b9      0x37a ./Drivers/STM32F1xx_HAL_Driver/Src/stm32f1xx_hal.o
                              0x7e547 (size before relaxing)
 .debug_str     0x00082533      0x2a8 ./Drivers/STM32F1xx_HAL_Driver/Src/stm32f1xx_hal_cortex.o
                              0x7e493 (size before relaxing)
 .debug_str     0x000827db      0x2cd ./Drivers/STM32F1xx_HAL_Driver/Src/stm32f1xx_hal_gpio.o
                              0x7e19a (size before relaxing)
 .debug_str     0x00082aa8      0x229 ./Drivers/STM32F1xx_HAL_Driver/Src/stm32f1xx_hal_rcc.o
                              0x7e243 (size before relaxing)
 .debug_str     0x00082cd1      0x55f ./Drivers/STM32F1xx_HAL_Driver/Src/stm32f1xx_hal_spi.o
                              0x7e73a (size before relaxing)
 .debug_str     0x00083230      0x625 ./Drivers/STM32F1xx_HAL_Driver/Src/stm32f1xx_hal_uart.o
                              0x7e8b4 (size before relaxing)

.comment        0x00000000       0x43
 .comment       0x00000000       0x43 ./Core/Src/ST7565.o
                                 0x44 (size before relaxing)
 .comment       0x00000043       0x44 ./Core/Src/glcdfont.o
 .comment       0x00000043       0x44 ./Core/Src/gpio.o
 .comment       0x00000043       0x44 ./Core/Src/lcd.o
 .comment       0x00000043       0x44 ./Core/Src/main.o
 .comment       0x00000043       0x44 ./Core/Src/spi.o
 .comment       0x00000043       0x44 ./Core/Src/stm32f1xx_hal_msp.o
 .comment       0x00000043       0x44 ./Core/Src/stm32f1xx_it.o
 .comment       0x00000043       0x44 ./Core/Src/system_stm32f1xx.o
 .comment       0x00000043       0x44 ./Core/Src/usart.o
 .comment       0x00000043       0x44 ./Drivers/STM32F1xx_HAL_Driver/Src/stm32f1xx_hal.o
 .comment       0x00000043       0x44 ./Drivers/STM32F1xx_HAL_Driver/Src/stm32f1xx_hal_cortex.o
 .comment       0x00000043       0x44 ./Drivers/STM32F1xx_HAL_Driver/Src/stm32f1xx_hal_gpio.o
 .comment       0x00000043       0x44 ./Drivers/STM32F1xx_HAL_Driver/Src/stm32f1xx_hal_rcc.o
 .comment       0x00000043       0x44 ./Drivers/STM32F1xx_HAL_Driver/Src/stm32f1xx_hal_spi.o
 .comment       0x00000043       0x44 ./Drivers/STM32F1xx_HAL_Driver/Src/stm32f1xx_hal_uart.o

.debug_frame    0x00000000     0x241c
 .debug_frame   0x00000000      0x310 ./Core/Src/ST7565.o
 .debug_frame   0x00000310       0x34 ./Core/Src/gpio.o
 .debug_frame   0x00000344       0xb4 ./Core/Src/lcd.o
 .debug_frame   0x000003f8      0x118 ./Core/Src/main.o
 .debug_frame   0x00000510       0x74 ./Core/Src/spi.o
 .debug_frame   0x00000584       0x38 ./Core/Src/stm32f1xx_hal_msp.o
 .debug_frame   0x000005bc      0x120 ./Core/Src/stm32f1xx_it.o
 .debug_frame   0x000006dc       0x58 ./Core/Src/system_stm32f1xx.o
 .debug_frame   0x00000734       0x74 ./Core/Src/usart.o
 .debug_frame   0x000007a8      0x334 ./Drivers/STM32F1xx_HAL_Driver/Src/stm32f1xx_hal.o
 .debug_frame   0x00000adc      0x428 ./Drivers/STM32F1xx_HAL_Driver/Src/stm32f1xx_hal_cortex.o
 .debug_frame   0x00000f04      0x14c ./Drivers/STM32F1xx_HAL_Driver/Src/stm32f1xx_hal_gpio.o
 .debug_frame   0x00001050      0x218 ./Drivers/STM32F1xx_HAL_Driver/Src/stm32f1xx_hal_rcc.o
 .debug_frame   0x00001268      0x824 ./Drivers/STM32F1xx_HAL_Driver/Src/stm32f1xx_hal_spi.o
 .debug_frame   0x00001a8c      0x944 ./Drivers/STM32F1xx_HAL_Driver/Src/stm32f1xx_hal_uart.o
 .debug_frame   0x000023d0       0x20 /home/aarjav/st/stm32cubeide_1.16.1/plugins/com.st.stm32cube.ide.mcu.externaltools.gnu-tools-for-stm32.12.3.rel1.linux64_1.0.200.202406132123/tools/bin/../lib/gcc/arm-none-eabi/12.3.1/../../../../arm-none-eabi/lib/thumb/v7-m/nofp/libc_nano.a(libc_a-memset.o)
 .debug_frame   0x000023f0       0x2c /home/aarjav/st/stm32cubeide_1.16.1/plugins/com.st.stm32cube.ide.mcu.externaltools.gnu-tools-for-stm32.12.3.rel1.linux64_1.0.200.202406132123/tools/bin/../lib/gcc/arm-none-eabi/12.3.1/../../../../arm-none-eabi/lib/thumb/v7-m/nofp/libc_nano.a(libc_a-init.o)

.debug_line_str
                0x00000000       0x63
 .debug_line_str
                0x00000000       0x63 ./Core/Startup/startup_stm32f103rbtx.o
