../Core/Src/fsm.c:47:6:FSM_Init	16	static
../Core/Src/fsm.c:67:6:FSM_run	8	static
../Core/Src/fsm.c:83:6:FSM_reset	8	static
../Core/Src/fsm.c:118:6:BMS_powerup	8	static
../Core/Src/fsm.c:145:6:BMS_ready	8	static
../Core/Src/fsm.c:169:6:HV_Connect	8	static
../Core/Src/fsm.c:217:6:swap_DCDC	8	static
../Core/Src/fsm.c:239:6:disable_MDU_DCH	8	static
../Core/Src/fsm.c:263:6:check_LLIM	8	static
../Core/Src/fsm.c:289:6:PC_wait	8	static
../Core/Src/fsm.c:310:6:LLIM_closed	8	static
../Core/Src/fsm.c:333:6:check_HLIM	8	static
../Core/Src/fsm.c:366:6:TELEM_on	8	static
../Core/Src/fsm.c:385:6:MEM_on	8	static
../Core/Src/fsm.c:405:6:DASH_on	8	static
../Core/Src/fsm.c:425:6:MCB_on	8	static
../Core/Src/fsm.c:445:6:MDU_on	8	static
../Core/Src/fsm.c:470:6:AMB_on	8	static
../Core/Src/fsm.c:492:6:ECU_monitor	8	static
../Core/Src/fsm.c:583:6:fault	8	static
../Core/Src/fsm.c:630:6:FSM_ADC_WindowedAWDGCallback	8	static
../Core/Src/fsm.c:646:6:FSM_ADC_LevelOutOfWindowCallback	4	static
../Core/Src/fsm.c:651:6:FSM_ESTOPActivedCallback	8	static
../Core/Src/fsm.c:666:6:timer_check	24	static
../Core/Src/fsm.c:677:6:check_supp_voltage	8	static
