../Core/Src/fsm.c:47:6:FSM_Init	16	static
../Core/Src/fsm.c:70:6:FSM_run	8	static
../Core/Src/fsm.c:86:6:FSM_reset	8	static
../Core/Src/fsm.c:121:6:BMS_powerup	8	static
../Core/Src/fsm.c:148:6:BMS_ready	8	static
../Core/Src/fsm.c:172:6:HV_Connect	8	static
../Core/Src/fsm.c:220:6:swap_DCDC	8	static
../Core/Src/fsm.c:242:6:disable_MDU_DCH	8	static
../Core/Src/fsm.c:266:6:check_LLIM	8	static
../Core/Src/fsm.c:292:6:PC_wait	8	static
../Core/Src/fsm.c:313:6:LLIM_closed	8	static
../Core/Src/fsm.c:336:6:check_HLIM	8	static
../Core/Src/fsm.c:369:6:TELEM_on	8	static
../Core/Src/fsm.c:388:6:MEM_on	8	static
../Core/Src/fsm.c:408:6:DASH_on	8	static
../Core/Src/fsm.c:428:6:MCB_on	8	static
../Core/Src/fsm.c:448:6:MDU_on	8	static
../Core/Src/fsm.c:473:6:AMB_on	8	static
../Core/Src/fsm.c:495:6:ECU_monitor	8	static
../Core/Src/fsm.c:586:6:fault	8	static
../Core/Src/fsm.c:633:6:FSM_ADC_WindowedAWDGCallback	8	static
../Core/Src/fsm.c:649:6:FSM_ADC_LevelOutOfWindowCallback	4	static
../Core/Src/fsm.c:654:6:FSM_ESTOPActivedCallback	8	static
../Core/Src/fsm.c:669:6:timer_check	24	static
../Core/Src/fsm.c:680:6:check_supp_voltage	8	static
