../Core/Src/fsm.c:47:6:FSM_Init	16	static
../Core/Src/fsm.c:69:6:FSM_run	8	static
../Core/Src/fsm.c:85:6:FSM_reset	8	static
../Core/Src/fsm.c:120:6:BMS_powerup	8	static
../Core/Src/fsm.c:147:6:BMS_ready	8	static
../Core/Src/fsm.c:171:6:HV_Connect	8	static
../Core/Src/fsm.c:219:6:swap_DCDC	8	static
../Core/Src/fsm.c:241:6:disable_MDU_DCH	8	static
../Core/Src/fsm.c:265:6:check_LLIM	8	static
../Core/Src/fsm.c:291:6:PC_wait	8	static
../Core/Src/fsm.c:312:6:LLIM_closed	8	static
../Core/Src/fsm.c:335:6:check_HLIM	8	static
../Core/Src/fsm.c:368:6:TELEM_on	8	static
../Core/Src/fsm.c:387:6:MEM_on	8	static
../Core/Src/fsm.c:407:6:DASH_on	8	static
../Core/Src/fsm.c:427:6:MCB_on	8	static
../Core/Src/fsm.c:447:6:MDU_on	8	static
../Core/Src/fsm.c:472:6:AMB_on	8	static
../Core/Src/fsm.c:494:6:ECU_monitor	8	static
../Core/Src/fsm.c:585:6:fault	8	static
../Core/Src/fsm.c:632:6:FSM_ADC_WindowedAWDGCallback	8	static
../Core/Src/fsm.c:648:6:FSM_ADC_LevelOutOfWindowCallback	4	static
../Core/Src/fsm.c:653:6:FSM_ESTOPActivedCallback	8	static
../Core/Src/fsm.c:668:6:timer_check	24	static
../Core/Src/fsm.c:679:6:check_supp_voltage	8	static
