../Core/Src/main.c:85:6:HAL_ADC_LevelOutOfWindowCallback	16	static
../Core/Src/main.c:90:6:HAL_TIM_PeriodElapsedCallback	16	static
../Core/Src/main.c:97:6:HAL_GPIO_EXTI_Callback	16	static
../Core/Src/main.c:110:5:main	16	static
../Core/Src/main.c:200:6:SystemClock_Config	96	static
../Core/Src/main.c:248:13:MX_ADC1_Init	48	static
../Core/Src/main.c:375:13:MX_CAN_Init	8	static
../Core/Src/main.c:412:13:MX_IWDG_Init	8	static
../Core/Src/main.c:440:13:MX_TIM2_Init	32	static
../Core/Src/main.c:487:13:MX_TIM3_Init	32	static
../Core/Src/main.c:532:13:MX_UART5_Init	8	static
../Core/Src/main.c:563:13:MX_DMA_Init	16	static
../Core/Src/main.c:581:13:MX_GPIO_Init	40	static
../Core/Src/main.c:674:6:HAL_ADC_ConvHalfCpltCallback	16	static
../Core/Src/main.c:681:6:HAL_ADC_ConvCpltCallback	16	static
../Core/Src/main.c:687:6:averageAndSaveValues_ADC1	16	static
../Core/Src/main.c:720:6:Error_Handler	4	static,ignoring_inline_asm
