../Core/Src/main.c:122:6:delay_nop	4	static,ignoring_inline_asm
../Core/Src/main.c:134:6:SPI_Write	24	static
../Core/Src/main.c:152:6:LCD_WriteCommand	16	static
../Core/Src/main.c:162:6:LCD_WriteData	16	static
../Core/Src/main.c:171:6:init_LCD	8	static
../Core/Src/main.c:184:6:ClearLCD	32	static
../Core/Src/main.c:205:6:DispPic	32	static
../Core/Src/main.c:232:5:main	8	static
../Core/Src/main.c:292:6:SystemClock_Config	72	static
../Core/Src/main.c:335:6:Error_Handler	4	static,ignoring_inline_asm
