../Core/Src/ST7565.c:65:13:ST7565_updateBoundingBox	16	static
../Core/Src/ST7565.c:74:6:ST7565_drawstring	16	static
../Core/Src/ST7565.c:89:7:ST7565_drawchar	24	static
../Core/Src/ST7565.c:101:6:ST7565_fillrect	32	static
../Core/Src/ST7565.c:115:6:ST7565_drawrect	32	static
../Core/Src/ST7565.c:131:6:ST7565_drawcircle	32	static
../Core/Src/ST7565.c:168:6:ST7565_begin	8	static
../Core/Src/ST7565.c:174:6:ST7565_st7565_init	8	static
../Core/Src/ST7565.c:199:6:ST7565_display	16	static
../Core/Src/ST7565.c:249:6:ST7565_clear_display	16	static
