../Core/Src/ST7565.c:76:13:ST7565_updateBoundingBox	16	static
../Core/Src/ST7565.c:85:6:ST7565_drawbitmap	32	static
../Core/Src/ST7565.c:98:6:ST7565_drawstring	16	static
../Core/Src/ST7565.c:113:6:ST7565_drawstring_P	24	static
../Core/Src/ST7565.c:130:7:ST7565_drawchar	24	static
../Core/Src/ST7565.c:142:6:ST7565_drawline	40	static
../Core/Src/ST7565.c:185:6:ST7565_fillrect	32	static
../Core/Src/ST7565.c:199:6:ST7565_drawrect	32	static
../Core/Src/ST7565.c:215:6:ST7565_drawcircle	32	static
../Core/Src/ST7565.c:255:6:ST7565_fillcircle	32	static
../Core/Src/ST7565.c:290:6:ST7565_my_setpixel	16	static
../Core/Src/ST7565.c:302:6:ST7565_setpixel	16	static
../Core/Src/ST7565.c:317:9:ST7565_getpixel	16	static
../Core/Src/ST7565.c:324:6:ST7565_begin	8	static
../Core/Src/ST7565.c:331:6:ST7565_st7565_init	8	static
../Core/Src/ST7565.c:357:6:ST7565_st7565_command	16	static
../Core/Src/ST7565.c:361:6:ST7565_st7565_data	16	static
../Core/Src/ST7565.c:365:6:ST7565_st7565_set_brightness	16	static
../Core/Src/ST7565.c:371:6:ST7565_display	16	static
../Core/Src/ST7565.c:435:6:ST7565_clear	8	static
../Core/Src/ST7565.c:442:6:ST7565_clear_display	16	static
