../Core/Src/ST7565.c:66:13:ST7565_updateBoundingBox	16	static
../Core/Src/ST7565.c:75:6:ST7565_drawstring	16	static
../Core/Src/ST7565.c:90:7:ST7565_drawchar	24	static
../Core/Src/ST7565.c:102:6:ST7565_fillrect	32	static
../Core/Src/ST7565.c:116:6:ST7565_drawrect	32	static
../Core/Src/ST7565.c:132:6:ST7565_drawcircle	32	static
../Core/Src/ST7565.c:169:6:ST7565_begin	8	static
../Core/Src/ST7565.c:193:6:ST7565_st7565_init	8	static
../Core/Src/ST7565.c:200:6:ST7565_display	16	static
../Core/Src/ST7565.c:250:6:ST7565_clear_display	16	static
