../Core/Src/ST7565.c:76:13:ST7565_updateBoundingBox	16	static
../Core/Src/ST7565.c:85:6:ST7565_drawstring	16	static
../Core/Src/ST7565.c:100:7:ST7565_drawchar	24	static
../Core/Src/ST7565.c:112:6:ST7565_fillrect	32	static
../Core/Src/ST7565.c:126:6:ST7565_drawrect	32	static
../Core/Src/ST7565.c:142:6:ST7565_drawcircle	32	static
../Core/Src/ST7565.c:179:6:ST7565_begin	8	static
../Core/Src/ST7565.c:185:6:ST7565_st7565_init	8	static
../Core/Src/ST7565.c:210:6:ST7565_display	16	static
../Core/Src/ST7565.c:260:6:ST7565_clear_display	16	static
