2025-03-13 18:10:15,461 [INFO] Activator:176 - 


2025-03-13 18:10:15,467 [INFO] Activator:177 - !SESSION log4j initialized
2025-03-13 18:10:25,252 [INFO] LogOutputStream:77 - [STDOUT_REDIRECT] 
2025-03-13 18:10:34,023 [INFO] ApplicationProperties:184 - Using Application install path: C:\ST\STM32CubeIDE_1.16.1\STM32CubeIDE\plugins\com.st.stm32cube.common.mx_6.14.0.202502271554
2025-03-13 18:10:34,059 [INFO] DbMcusXml:78 - Set database path to: C:\ST\STM32CubeIDE_1.16.1\STM32CubeIDE\plugins\com.st.stm32cube.common.mx_6.14.0.202502271554\\db\/mcu/
2025-03-13 18:10:34,060 [INFO] ApiDb:274 - Set plugin database path to: C:\ST\STM32CubeIDE_1.16.1\STM32CubeIDE\plugins\com.st.stm32cube.common.mx_6.14.0.202502271554\\db\/plugins/boardmanager/
2025-03-13 18:10:34,060 [WARN] ApiDb:259 - Overriding images path with different value:  => C:\ST\STM32CubeIDE_1.16.1\STM32CubeIDE\plugins\com.st.stm32cube.common.mx_6.14.0.202502271554\\db\/plugins/mcufinder/images/
2025-03-13 18:10:34,072 [INFO] ApiDb:250 - Set database path to: C:\Users\mridu\.stmcufinder\plugins\mcufinder//mcu/
2025-03-13 18:10:34,074 [INFO] DbMcusAds:125 - Set database path to: C:\Users\mridu\.stmcufinder\plugins\mcufinder//mcu/
2025-03-13 18:10:34,078 [INFO] CrossReferenceDbSqlite:203 - Set database path to: C:\Users\mridu\.stmcufinder\plugins\mcufinder//mcu/cs/
2025-03-13 18:10:34,279 [INFO] RulesReader:64 - Compatibility file has been processed (301 Rules)
2025-03-13 18:10:34,400 [INFO] DbMcusXml:78 - Set database path to: C:\ST\STM32CubeIDE_1.16.1\STM32CubeIDE\plugins\com.st.stm32cube.common.mx_6.14.0.202502271554\\db\/mcu/
2025-03-13 18:10:34,400 [INFO] ApiDb:274 - Set plugin database path to: C:\ST\STM32CubeIDE_1.16.1\STM32CubeIDE\plugins\com.st.stm32cube.common.mx_6.14.0.202502271554\\db\/plugins/boardmanager/
2025-03-13 18:10:34,401 [INFO] ApiDb:261 - Set plugin images path to: C:\ST\STM32CubeIDE_1.16.1\STM32CubeIDE\plugins\com.st.stm32cube.common.mx_6.14.0.202502271554\\db\/plugins/mcufinder/images/
2025-03-13 18:10:34,401 [WARN] DbFile:41 - Overriding database path with different value: C:\Users\mridu\.stmcufinder\plugins\mcufinder/ => C:\Users\mridu\.stmcufinder\plugins\mcufinder
2025-03-13 18:10:34,401 [INFO] ApiDb:250 - Set database path to: C:\Users\mridu\.stmcufinder\plugins\mcufinder//mcu/
2025-03-13 18:10:34,401 [WARN] DbFile:41 - Overriding database path with different value: C:\Users\mridu\.stmcufinder\plugins\mcufinder/ => C:\Users\mridu\.stmcufinder\plugins\mcufinder
2025-03-13 18:10:34,401 [INFO] DbMcusAds:125 - Set database path to: C:\Users\mridu\.stmcufinder\plugins\mcufinder//mcu/
2025-03-13 18:10:34,402 [WARN] DbFile:41 - Overriding database path with different value: C:\Users\mridu\.stmcufinder\plugins\mcufinder/ => C:\Users\mridu\.stmcufinder\plugins\mcufinder
2025-03-13 18:10:34,402 [WARN] DbFile:41 - Overriding database path with different value: C:\Users\mridu\.stmcufinder\plugins\mcufinder/ => C:\Users\mridu\.stmcufinder\plugins\mcufinder
2025-03-13 18:10:34,402 [INFO] CrossReferenceDbSqlite:203 - Set database path to: C:\Users\mridu\.stmcufinder\plugins\mcufinder//mcu/cs/
2025-03-13 18:10:34,523 [INFO] MainPanel:272 - HeapMemory: 268435456
2025-03-13 18:10:34,680 [INFO] DbMcusXml:78 - Set database path to: C:\ST\STM32CubeIDE_1.16.1\STM32CubeIDE\plugins\com.st.stm32cube.common.mx_6.14.0.202502271554\\db\/mcu/
2025-03-13 18:10:34,680 [INFO] ApiDb:274 - Set plugin database path to: C:\ST\STM32CubeIDE_1.16.1\STM32CubeIDE\plugins\com.st.stm32cube.common.mx_6.14.0.202502271554\\db\/plugins/boardmanager/
2025-03-13 18:10:34,680 [INFO] ApiDb:261 - Set plugin images path to: C:\ST\STM32CubeIDE_1.16.1\STM32CubeIDE\plugins\com.st.stm32cube.common.mx_6.14.0.202502271554\\db\/plugins/mcufinder/images/
2025-03-13 18:10:34,681 [WARN] DbFile:41 - Overriding database path with different value: C:\Users\mridu\.stmcufinder\plugins\mcufinder/ => C:\Users\mridu\.stmcufinder\plugins\mcufinder
2025-03-13 18:10:34,681 [INFO] ApiDb:250 - Set database path to: C:\Users\mridu\.stmcufinder\plugins\mcufinder//mcu/
2025-03-13 18:10:34,681 [WARN] DbFile:41 - Overriding database path with different value: C:\Users\mridu\.stmcufinder\plugins\mcufinder/ => C:\Users\mridu\.stmcufinder\plugins\mcufinder
2025-03-13 18:10:34,681 [INFO] DbMcusAds:125 - Set database path to: C:\Users\mridu\.stmcufinder\plugins\mcufinder//mcu/
2025-03-13 18:10:34,681 [WARN] DbFile:41 - Overriding database path with different value: C:\Users\mridu\.stmcufinder\plugins\mcufinder/ => C:\Users\mridu\.stmcufinder\plugins\mcufinder
2025-03-13 18:10:34,681 [WARN] DbFile:41 - Overriding database path with different value: C:\Users\mridu\.stmcufinder\plugins\mcufinder/ => C:\Users\mridu\.stmcufinder\plugins\mcufinder
2025-03-13 18:10:34,682 [INFO] CrossReferenceDbSqlite:203 - Set database path to: C:\Users\mridu\.stmcufinder\plugins\mcufinder//mcu/cs/
2025-03-13 18:10:34,709 [INFO] ApplicationProperties:184 - Using Application install path: C:\ST\STM32CubeIDE_1.16.1\STM32CubeIDE\plugins\com.st.stm32cube.common.mx_6.14.0.202502271554
2025-03-13 18:10:34,711 [INFO] PluginManage:196 - Search for loadable plugins [exclusion list=, ]
2025-03-13 18:10:34,714 [INFO] PluginManage:310 - Check plugin analytics
2025-03-13 18:10:35,035 [INFO] AnalyticsPlugin:253 - Accepted Software Licenses: 
2025-03-13 18:10:35,035 [INFO] AnalyticsPlugin:255 - Accepted CMSIS Pack Licenses: 
2025-03-13 18:10:35,035 [INFO] AnalyticsPlugin:257 - Accepted Firmware Licenses: 
2025-03-13 18:10:35,041 [INFO] PluginManage:359 - Loaded plugin analytics (category:tool,tabindex:-1)
2025-03-13 18:10:35,041 [INFO] PluginManage:310 - Check plugin cadmodel
2025-03-13 18:10:35,074 [INFO] CADModel:105 - Init CAD model plugin
2025-03-13 18:10:35,074 [INFO] PluginManage:359 - Loaded plugin cadmodel (category:power,tabindex:5)
2025-03-13 18:10:35,074 [INFO] PluginManage:310 - Check plugin clock
2025-03-13 18:10:35,107 [INFO] PluginManage:359 - Loaded plugin clock (category:base,tabindex:2)
2025-03-13 18:10:35,107 [INFO] PluginManage:310 - Check plugin ddr
2025-03-13 18:10:35,112 [INFO] PluginManage:359 - Loaded plugin ddr (category:tool,tabindex:6)
2025-03-13 18:10:35,113 [INFO] PluginManage:310 - Check plugin filemanager
2025-03-13 18:10:35,324 [INFO] PluginManage:359 - Loaded plugin filemanager (category:base,tabindex:10)
2025-03-13 18:10:35,324 [INFO] PluginManage:310 - Check plugin ipmanager
2025-03-13 18:10:35,338 [INFO] PluginManage:359 - Loaded plugin ipmanager (category:base,tabindex:5)
2025-03-13 18:10:35,338 [INFO] PluginManage:310 - Check plugin lpbam
2025-03-13 18:10:35,374 [INFO] PluginManage:359 - Loaded plugin lpbam (category:base,tabindex:0)
2025-03-13 18:10:35,374 [INFO] PluginManage:310 - Check plugin memorymap
2025-03-13 18:10:35,406 [INFO] PluginManage:359 - Loaded plugin memorymap (category:base,tabindex:4)
2025-03-13 18:10:35,406 [INFO] PluginManage:310 - Check plugin pinoutandconfiguration
2025-03-13 18:10:35,437 [INFO] PluginManage:359 - Loaded plugin pinoutandconfiguration (category:base,tabindex:1)
2025-03-13 18:10:35,437 [INFO] PluginManage:310 - Check plugin pinoutconfig
2025-03-13 18:10:35,590 [WARN] SupportedApi:132 - Cannot load RTOS API schema: s4s-elt-must-match.1: The content of 'definitions' must match (annotation?, (simpleType | complexType)?, (unique | key | keyref)*)). A problem was found starting at: attribute.
2025-03-13 18:10:35,809 [INFO] PluginManage:359 - Loaded plugin pinoutconfig (category:base,tabindex:0)
2025-03-13 18:10:35,809 [INFO] PluginManage:310 - Check plugin power
2025-03-13 18:10:35,852 [INFO] PluginManage:359 - Loaded plugin power (category:power,tabindex:4)
2025-03-13 18:10:35,852 [INFO] PluginManage:310 - Check plugin projectmanager
2025-03-13 18:10:35,880 [INFO] PluginManage:359 - Loaded plugin projectmanager (category:projectmanager,tabindex:4)
2025-03-13 18:10:35,881 [INFO] PluginManage:310 - Check plugin rif
2025-03-13 18:10:35,911 [INFO] PluginManage:359 - Loaded plugin rif (category:base,tabindex:3)
2025-03-13 18:10:35,912 [INFO] PluginManage:310 - Check plugin thirdparty
2025-03-13 18:10:36,375 [INFO] PluginManage:359 - Loaded plugin thirdparty (category:base,tabindex:-1)
2025-03-13 18:10:36,375 [WARN] IntegrityCheckThread:84 - waiting for thirdparty lock release [integrity check]
2025-03-13 18:10:36,376 [INFO] PluginManage:310 - Check plugin tools
2025-03-13 18:10:36,376 [INFO] IntegrityCheckThread:86 - entering critical section [integrity check]
2025-03-13 18:10:36,376 [INFO] ThirdPartyUpdaterWithRetryManager:70 - Updater plugin not ready yet. [1/15]
2025-03-13 18:10:36,446 [INFO] PluginManage:359 - Loaded plugin tools (category:base,tabindex:7)
2025-03-13 18:10:36,446 [INFO] PluginManage:310 - Check plugin tutovideos
2025-03-13 18:10:36,771 [INFO] PluginManage:359 - Loaded plugin tutovideos (category:base,tabindex:-1)
2025-03-13 18:10:36,771 [INFO] PluginManage:310 - Check plugin updater
2025-03-13 18:10:36,808 [INFO] PluginManage:359 - Loaded plugin updater (category:base,tabindex:12)
2025-03-13 18:10:36,808 [INFO] PluginManage:310 - Check plugin userauth
2025-03-13 18:10:36,814 [INFO] UserAuth:118 - Init User Auth plugin
2025-03-13 18:10:36,816 [INFO] PluginManage:359 - Loaded plugin userauth (category:base,tabindex:14)
2025-03-13 18:10:36,816 [INFO] PluginManage:283 - PluginManage : Loaded plugins [18]
2025-03-13 18:10:37,131 [INFO] PinOutPanel:1589 - setPackage(No Configuration,No Configuration)
2025-03-13 18:10:37,270 [INFO] CADModel:165 - CPN selected for project level
2025-03-13 18:10:37,271 [INFO] CADModel:114 - Register for checkConnection events
2025-03-13 18:10:37,315 [INFO] IPUIPlugin:80 - create IPUIPlugin
2025-03-13 18:10:37,316 [INFO] PluginManager:220 - loadIPPluginJar : add adc
2025-03-13 18:10:37,389 [INFO] IPUIPlugin:80 - create IPUIPlugin
2025-03-13 18:10:37,389 [INFO] PluginManager:220 - loadIPPluginJar : add aes
2025-03-13 18:10:37,483 [INFO] IPUIPlugin:80 - create IPUIPlugin
2025-03-13 18:10:37,483 [INFO] PluginManager:220 - loadIPPluginJar : add can
2025-03-13 18:10:37,540 [INFO] IPUIPlugin:80 - create IPUIPlugin
2025-03-13 18:10:37,540 [INFO] PluginManager:220 - loadIPPluginJar : add comp
2025-03-13 18:10:37,604 [INFO] IPUIPlugin:80 - create IPUIPlugin
2025-03-13 18:10:37,604 [INFO] PluginManager:220 - loadIPPluginJar : add cryp
2025-03-13 18:10:37,631 [INFO] IPUIPlugin:80 - create IPUIPlugin
2025-03-13 18:10:37,632 [INFO] PluginManager:220 - loadIPPluginJar : add ddr_ctrl_phy
2025-03-13 18:10:37,683 [INFO] IPUIPlugin:80 - create IPUIPlugin
2025-03-13 18:10:37,684 [INFO] PluginManager:220 - loadIPPluginJar : add dfsdm
2025-03-13 18:10:37,711 [INFO] IPUIPlugin:80 - create IPUIPlugin
2025-03-13 18:10:37,712 [INFO] PluginManager:220 - loadIPPluginJar : add dma
2025-03-13 18:10:37,786 [INFO] IPUIPlugin:80 - create IPUIPlugin
2025-03-13 18:10:37,786 [INFO] PluginManager:220 - loadIPPluginJar : add dma3
2025-03-13 18:10:37,890 [INFO] IPUIPlugin:80 - create IPUIPlugin
2025-03-13 18:10:37,891 [INFO] PluginManager:220 - loadIPPluginJar : add extmemmanager
2025-03-13 18:10:37,942 [INFO] IPUIPlugin:80 - create IPUIPlugin
2025-03-13 18:10:37,942 [INFO] PluginManager:220 - loadIPPluginJar : add fatfs
2025-03-13 18:10:38,053 [INFO] IPUIPlugin:80 - create IPUIPlugin
2025-03-13 18:10:38,053 [INFO] PluginManager:220 - loadIPPluginJar : add fmc
2025-03-13 18:10:38,079 [INFO] IPUIPlugin:80 - create IPUIPlugin
2025-03-13 18:10:38,080 [INFO] PluginManager:220 - loadIPPluginJar : add freertos
2025-03-13 18:10:38,113 [INFO] IPUIPlugin:80 - create IPUIPlugin
2025-03-13 18:10:38,113 [INFO] PluginManager:220 - loadIPPluginJar : add genericplugin
2025-03-13 18:10:38,350 [INFO] IPUIPlugin:80 - create IPUIPlugin
2025-03-13 18:10:38,350 [INFO] PluginManager:220 - loadIPPluginJar : add gfxmmu
2025-03-13 18:10:38,687 [INFO] IPUIPlugin:80 - create IPUIPlugin
2025-03-13 18:10:38,687 [INFO] PluginManager:220 - loadIPPluginJar : add gic
2025-03-13 18:10:38,713 [INFO] IPUIPlugin:80 - create IPUIPlugin
2025-03-13 18:10:38,713 [INFO] PluginManager:220 - loadIPPluginJar : add gpio
2025-03-13 18:10:38,908 [INFO] IPUIPlugin:80 - create IPUIPlugin
2025-03-13 18:10:38,908 [INFO] PluginManager:220 - loadIPPluginJar : add gtzc
2025-03-13 18:10:38,999 [INFO] IPUIPlugin:80 - create IPUIPlugin
2025-03-13 18:10:38,999 [INFO] PluginManager:220 - loadIPPluginJar : add hash
2025-03-13 18:10:39,138 [INFO] IPUIPlugin:80 - create IPUIPlugin
2025-03-13 18:10:39,138 [INFO] PluginManager:220 - loadIPPluginJar : add i2c
2025-03-13 18:10:39,213 [INFO] IPUIPlugin:80 - create IPUIPlugin
2025-03-13 18:10:39,214 [INFO] PluginManager:220 - loadIPPluginJar : add i2s
2025-03-13 18:10:39,323 [INFO] IPUIPlugin:80 - create IPUIPlugin
2025-03-13 18:10:39,324 [INFO] PluginManager:220 - loadIPPluginJar : add i3c
2025-03-13 18:10:39,378 [INFO] ThirdPartyUpdaterWithRetryManager:70 - Updater plugin not ready yet. [2/15]
2025-03-13 18:10:39,564 [INFO] IPUIPlugin:80 - create IPUIPlugin
2025-03-13 18:10:39,565 [INFO] PluginManager:220 - loadIPPluginJar : add ipddr
2025-03-13 18:10:39,808 [INFO] IPUIPlugin:80 - create IPUIPlugin
2025-03-13 18:10:39,809 [INFO] PluginManager:220 - loadIPPluginJar : add linkedlist
2025-03-13 18:10:39,877 [INFO] IPUIPlugin:80 - create IPUIPlugin
2025-03-13 18:10:39,877 [INFO] PluginManager:220 - loadIPPluginJar : add lorawan
2025-03-13 18:10:39,968 [INFO] IPUIPlugin:80 - create IPUIPlugin
2025-03-13 18:10:39,968 [INFO] PluginManager:220 - loadIPPluginJar : add ltdc
2025-03-13 18:10:40,001 [INFO] IPUIPlugin:80 - create IPUIPlugin
2025-03-13 18:10:40,002 [INFO] PluginManager:220 - loadIPPluginJar : add mdma
2025-03-13 18:10:40,038 [INFO] IPUIPlugin:80 - create IPUIPlugin
2025-03-13 18:10:40,038 [INFO] PluginManager:220 - loadIPPluginJar : add nvic
2025-03-13 18:10:40,113 [INFO] IPUIPlugin:80 - create IPUIPlugin
2025-03-13 18:10:40,113 [INFO] PluginManager:220 - loadIPPluginJar : add opamp
2025-03-13 18:10:40,261 [INFO] IPUIPlugin:80 - create IPUIPlugin
2025-03-13 18:10:40,262 [INFO] PluginManager:220 - loadIPPluginJar : add openamp
2025-03-13 18:10:40,380 [INFO] IPUIPlugin:80 - create IPUIPlugin
2025-03-13 18:10:40,381 [INFO] PluginManager:220 - loadIPPluginJar : add pdm2pcm
2025-03-13 18:10:40,408 [INFO] IPUIPlugin:80 - create IPUIPlugin
2025-03-13 18:10:40,413 [INFO] PluginManager:220 - loadIPPluginJar : add plateformsettings
2025-03-13 18:10:40,455 [INFO] IPUIPlugin:80 - create IPUIPlugin
2025-03-13 18:10:40,455 [INFO] PluginManager:220 - loadIPPluginJar : add quadspi
2025-03-13 18:10:40,520 [INFO] IPUIPlugin:80 - create IPUIPlugin
2025-03-13 18:10:40,522 [INFO] PluginManager:220 - loadIPPluginJar : add radio
2025-03-13 18:10:40,555 [INFO] IPUIPlugin:80 - create IPUIPlugin
2025-03-13 18:10:40,556 [INFO] PluginManager:220 - loadIPPluginJar : add resmgrutility
2025-03-13 18:10:40,673 [INFO] IPUIPlugin:80 - create IPUIPlugin
2025-03-13 18:10:40,674 [INFO] PluginManager:220 - loadIPPluginJar : add sai
2025-03-13 18:10:40,759 [INFO] IPUIPlugin:80 - create IPUIPlugin
2025-03-13 18:10:40,759 [INFO] PluginManager:220 - loadIPPluginJar : add spi
2025-03-13 18:10:40,943 [INFO] IPUIPlugin:80 - create IPUIPlugin
2025-03-13 18:10:40,944 [INFO] PluginManager:220 - loadIPPluginJar : add stm32_wpan
2025-03-13 18:10:41,035 [INFO] IPUIPlugin:80 - create IPUIPlugin
2025-03-13 18:10:41,035 [INFO] PluginManager:220 - loadIPPluginJar : add tim
2025-03-13 18:10:41,188 [INFO] IPUIPlugin:80 - create IPUIPlugin
2025-03-13 18:10:41,189 [INFO] PluginManager:220 - loadIPPluginJar : add touchsensing
2025-03-13 18:10:41,238 [INFO] IPUIPlugin:80 - create IPUIPlugin
2025-03-13 18:10:41,239 [INFO] PluginManager:220 - loadIPPluginJar : add tracer_emb
2025-03-13 18:10:41,298 [INFO] IPUIPlugin:80 - create IPUIPlugin
2025-03-13 18:10:41,298 [INFO] PluginManager:220 - loadIPPluginJar : add ts
2025-03-13 18:10:41,355 [INFO] IPUIPlugin:80 - create IPUIPlugin
2025-03-13 18:10:41,355 [INFO] PluginManager:220 - loadIPPluginJar : add tsc
2025-03-13 18:10:41,409 [INFO] IPUIPlugin:80 - create IPUIPlugin
2025-03-13 18:10:41,409 [INFO] PluginManager:220 - loadIPPluginJar : add ucpd
2025-03-13 18:10:41,515 [INFO] IPUIPlugin:80 - create IPUIPlugin
2025-03-13 18:10:41,516 [INFO] PluginManager:220 - loadIPPluginJar : add usart
2025-03-13 18:10:41,633 [INFO] IPUIPlugin:80 - create IPUIPlugin
2025-03-13 18:10:41,634 [INFO] PluginManager:220 - loadIPPluginJar : add usbx
2025-03-13 18:10:41,859 [FATAL] Updater:351 - Updater called before beeing initialized
2025-03-13 18:10:41,966 [INFO] RulesReader:64 - Compatibility file has been processed (301 Rules)
2025-03-13 18:10:42,001 [INFO] RulesReader:64 - Compatibility file has been processed (301 Rules)
2025-03-13 18:10:42,037 [INFO] CADModel:165 - CPN selected for project level
2025-03-13 18:10:42,039 [INFO] CADModel:114 - Register for checkConnection events
2025-03-13 18:10:42,039 [FATAL] Updater:351 - Updater called before beeing initialized
2025-03-13 18:10:42,040 [ERROR] CADModel:125 - Updater not yet initialized, retry later 
2025-03-13 18:10:42,465 [INFO] ThirdPartyUpdaterWithRetryManager:70 - Updater plugin not ready yet. [3/15]
2025-03-13 18:10:42,565 [FATAL] Updater:351 - Updater called before beeing initialized
2025-03-13 18:10:42,570 [INFO] CADModel:165 - CPN selected for project level
2025-03-13 18:10:42,570 [INFO] CADModel:114 - Register for checkConnection events
2025-03-13 18:10:42,570 [FATAL] Updater:351 - Updater called before beeing initialized
2025-03-13 18:10:42,570 [ERROR] CADModel:125 - Updater not yet initialized, retry later 
2025-03-13 18:10:42,578 [FATAL] Updater:351 - Updater called before beeing initialized
2025-03-13 18:10:42,839 [FATAL] Updater:351 - Updater called before beeing initialized
2025-03-13 18:10:42,862 [INFO] DbMcusAds:53 - JSON generation date=Wed Sep 29 23:55:09 PDT 2021 (1632984909247)
2025-03-13 18:10:42,862 [FATAL] Updater:351 - Updater called before beeing initialized
2025-03-13 18:10:42,949 [WARN] DetailPanel:346 - Failed to get advertising image, set to default
2025-03-13 18:10:43,455 [FATAL] Updater:351 - Updater called before beeing initialized
2025-03-13 18:10:43,459 [FATAL] Updater:351 - Updater called before beeing initialized
2025-03-13 18:10:43,460 [FATAL] Updater:351 - Updater called before beeing initialized
2025-03-13 18:10:43,460 [WARN] DetailPanel:346 - Failed to get advertising image, set to default
2025-03-13 18:10:43,462 [FATAL] Updater:351 - Updater called before beeing initialized
2025-03-13 18:10:43,621 [ERROR] Updater:1198 - MainUpdater not yet initialized. External WinMGr cannot be set.
2025-03-13 18:10:43,638 [INFO] Updater:1134 - Updater Version found : 6.14.0
2025-03-13 18:10:43,673 [INFO] ApplicationProperties:184 - Using Application install path: C:\ST\STM32CubeIDE_1.16.1\STM32CubeIDE\plugins\com.st.stm32cube.common.mx_6.14.0.202502271554
2025-03-13 18:10:45,293 [ERROR] LogOutputStream:75 - [STDERR_REDIRECT] Mar 13, 2025 6:10:45 PM java.util.prefs.WindowsPreferences <init>
2025-03-13 18:10:45,296 [ERROR] LogOutputStream:75 - [STDERR_REDIRECT] WARNING: Could not open/create prefs root node Software\JavaSoft\Prefs at root 0xffffffff80000002. Windows RegCreateKeyEx(...) returned error code 5.
2025-03-13 18:10:45,296 [ERROR] LogOutputStream:75 - [STDERR_REDIRECT] 
2025-03-13 18:10:45,465 [FATAL] Updater:351 - Updater called before beeing initialized
2025-03-13 18:10:45,466 [ERROR] IntegrityCheckThread:130 - Cannot retrieve database content from updater: error 21
2025-03-13 18:10:45,466 [INFO] ThirdParty:978 - Integrity check success = false
2025-03-13 18:10:45,466 [INFO] IntegrityCheckThread:100 - exiting critical section [integrity check]
2025-03-13 18:10:45,466 [INFO] IntegrityCheckThread:103 - End integrity checks thread
2025-03-13 18:10:46,103 [INFO] MainUpdater:2872 - connection check result : 10
2025-03-13 18:10:46,104 [INFO] MainUpdater:3566 - Updater definition file requires update
2025-03-13 18:10:46,106 [INFO] MainUpdater:289 - Updater Check For Update Now.
2025-03-13 18:10:46,107 [INFO] MicroXplorer:498 - Change Database Version : DB.6.0.140
2025-03-13 18:10:46,145 [INFO] McuFinderGlobals:63 - Set McuFinder mode to 2 (CubeIDE integrated)
2025-03-13 18:10:46,162 [INFO] UserAuth:486 - Internet connection configuration mode: 1
2025-03-13 18:10:46,217 [INFO] ServerAccessManage:473 - Download File updaters.zip
2025-03-13 18:10:46,261 [INFO] JxBrowserEngine:152 - Initiate JxBrowser Engine with user profile folder
2025-03-13 18:10:46,431 [INFO] FileExtend:242 - Unzip File : updaters.zip
2025-03-13 18:10:46,432 [INFO] FileExtend:257 - Standard Zip Deflate
2025-03-13 18:10:47,736 [INFO] ServerAccessManage:473 - Download File PacksControlFlags.xml
2025-03-13 18:10:47,876 [INFO] ServerAccessManage:473 - Download File cubemx.pidx
2025-03-13 18:10:48,551 [INFO] ServerAccessManage:473 - Download File STMicroelectronics.FP-SNS-FLIGHT1.pdsc
2025-03-13 18:10:50,708 [INFO] WebApp:169 - Instantiating new browser for Auth
2025-03-13 18:10:52,380 [WARN] PackLoader:240 - Cannot read IP mode file for STMicroelectronics.FP-SNS-FLIGHT1.5.1.0
2025-03-13 18:10:52,385 [INFO] PopulateThirdPartyThread:66 - Ending populate Thread
2025-03-13 18:10:52,388 [INFO] ThirdParty:1030 - CMSIS Pack Vendor :STMicroelectronics FP-SNS-FLIGHT1 5.1.0
2025-03-13 18:10:52,388 [INFO] LoadServerUpdatesThread:375 - End of LoadServerUpdate Thread
2025-03-13 18:10:52,533 [INFO] CheckServerUpdateThread:120 - End of CheckServer Thread
2025-03-13 18:10:52,726 [INFO] WebApp:463 - Apply proxy settings
2025-03-13 18:10:52,727 [INFO] WebApp:548 - Chromium requires no authentication
2025-03-13 18:10:52,747 [INFO] WebApp:491 - Direct internet connection detected
2025-03-13 18:10:52,808 [INFO] WebApp:894 - Register for checkConnection events
2025-03-13 18:10:52,809 [INFO] WebApp:463 - Apply proxy settings
2025-03-13 18:10:52,809 [INFO] WebApp:548 - Chromium requires no authentication
2025-03-13 18:10:52,811 [INFO] WebApp:491 - Direct internet connection detected
2025-03-13 18:10:53,005 [INFO] WebApp:191 - Connection restablished
2025-03-13 18:10:53,308 [INFO] WebApp:225 - Starting web application
2025-03-13 18:10:53,309 [INFO] WebApp:593 - Web application path used C:\ST\STM32CubeIDE_1.16.1\STM32CubeIDE\plugins\com.st.stm32cube.common.mx_6.14.0.202502271554\db\plugins\mcufinder\reactClient1\index.html
2025-03-13 18:10:53,666 [INFO] UserAuth:486 - Internet connection configuration mode: 1
2025-03-13 18:24:50,461 [INFO] WebApp:194 - Connection lost
2025-03-13 18:24:50,612 [INFO] WebApp:191 - Connection restablished
2025-03-13 18:32:17,791 [INFO] WebApp:194 - Connection lost
2025-03-13 18:32:18,297 [INFO] WebApp:191 - Connection restablished
2025-03-13 18:32:21,645 [INFO] WebApp:194 - Connection lost
2025-03-13 18:32:21,964 [INFO] WebApp:191 - Connection restablished
2025-03-13 19:24:49,946 [INFO] WebApp:194 - Connection lost
2025-03-13 19:24:50,099 [INFO] WebApp:191 - Connection restablished
2025-03-13 20:24:50,551 [INFO] WebApp:194 - Connection lost
2025-03-13 20:24:50,730 [INFO] WebApp:191 - Connection restablished
2025-03-13 20:31:33,437 [ERROR] LogOutputStream:75 - [STDERR_REDIRECT] 
