2025-02-20 10:20:59,474 [INFO] Activator:176 - 


2025-02-20 10:20:59,482 [INFO] Activator:177 - !SESSION log4j initialized
2025-02-20 10:21:10,080 [INFO] LogOutputStream:77 - [STDOUT_REDIRECT] 
2025-02-20 10:21:18,931 [INFO] ApplicationProperties:184 - Using Application install path: C:\ST\STM32CubeIDE_1.16.1\STM32CubeIDE\plugins\com.st.stm32cube.common.mx_6.12.1.202409122256
2025-02-20 10:21:18,957 [INFO] DbMcusXml:78 - Set database path to: C:\ST\STM32CubeIDE_1.16.1\STM32CubeIDE\plugins\com.st.stm32cube.common.mx_6.12.1.202409122256\\db\/mcu/
2025-02-20 10:21:18,958 [INFO] ApiDb:274 - Set plugin database path to: C:\ST\STM32CubeIDE_1.16.1\STM32CubeIDE\plugins\com.st.stm32cube.common.mx_6.12.1.202409122256\\db\/plugins/boardmanager/
2025-02-20 10:21:18,959 [WARN] ApiDb:259 - Overriding images path with different value:  => C:\ST\STM32CubeIDE_1.16.1\STM32CubeIDE\plugins\com.st.stm32cube.common.mx_6.12.1.202409122256\\db\/plugins/mcufinder/images/
2025-02-20 10:21:18,971 [INFO] ApiDb:250 - Set database path to: C:\Users\mridu\.stmcufinder\plugins\mcufinder//mcu/
2025-02-20 10:21:18,973 [INFO] DbMcusAds:125 - Set database path to: C:\Users\mridu\.stmcufinder\plugins\mcufinder//mcu/
2025-02-20 10:21:18,978 [INFO] CrossReferenceDbSqlite:203 - Set database path to: C:\Users\mridu\.stmcufinder\plugins\mcufinder//mcu/cs/
2025-02-20 10:21:19,166 [INFO] RulesReader:64 - Compatibility file has been processed (297 Rules)
2025-02-20 10:21:19,350 [INFO] DbMcusXml:78 - Set database path to: C:\ST\STM32CubeIDE_1.16.1\STM32CubeIDE\plugins\com.st.stm32cube.common.mx_6.12.1.202409122256\\db\/mcu/
2025-02-20 10:21:19,351 [INFO] ApiDb:274 - Set plugin database path to: C:\ST\STM32CubeIDE_1.16.1\STM32CubeIDE\plugins\com.st.stm32cube.common.mx_6.12.1.202409122256\\db\/plugins/boardmanager/
2025-02-20 10:21:19,351 [INFO] ApiDb:261 - Set plugin images path to: C:\ST\STM32CubeIDE_1.16.1\STM32CubeIDE\plugins\com.st.stm32cube.common.mx_6.12.1.202409122256\\db\/plugins/mcufinder/images/
2025-02-20 10:21:19,351 [WARN] DbFile:41 - Overriding database path with different value: C:\Users\mridu\.stmcufinder\plugins\mcufinder/ => C:\Users\mridu\.stmcufinder\plugins\mcufinder
2025-02-20 10:21:19,352 [INFO] ApiDb:250 - Set database path to: C:\Users\mridu\.stmcufinder\plugins\mcufinder//mcu/
2025-02-20 10:21:19,352 [WARN] DbFile:41 - Overriding database path with different value: C:\Users\mridu\.stmcufinder\plugins\mcufinder/ => C:\Users\mridu\.stmcufinder\plugins\mcufinder
2025-02-20 10:21:19,352 [INFO] DbMcusAds:125 - Set database path to: C:\Users\mridu\.stmcufinder\plugins\mcufinder//mcu/
2025-02-20 10:21:19,352 [WARN] DbFile:41 - Overriding database path with different value: C:\Users\mridu\.stmcufinder\plugins\mcufinder/ => C:\Users\mridu\.stmcufinder\plugins\mcufinder
2025-02-20 10:21:19,352 [WARN] DbFile:41 - Overriding database path with different value: C:\Users\mridu\.stmcufinder\plugins\mcufinder/ => C:\Users\mridu\.stmcufinder\plugins\mcufinder
2025-02-20 10:21:19,352 [INFO] CrossReferenceDbSqlite:203 - Set database path to: C:\Users\mridu\.stmcufinder\plugins\mcufinder//mcu/cs/
2025-02-20 10:21:19,611 [INFO] MainPanel:268 - HeapMemory: 268435456
2025-02-20 10:21:19,861 [INFO] DbMcusXml:78 - Set database path to: C:\ST\STM32CubeIDE_1.16.1\STM32CubeIDE\plugins\com.st.stm32cube.common.mx_6.12.1.202409122256\\db\/mcu/
2025-02-20 10:21:19,861 [INFO] ApiDb:274 - Set plugin database path to: C:\ST\STM32CubeIDE_1.16.1\STM32CubeIDE\plugins\com.st.stm32cube.common.mx_6.12.1.202409122256\\db\/plugins/boardmanager/
2025-02-20 10:21:19,861 [INFO] ApiDb:261 - Set plugin images path to: C:\ST\STM32CubeIDE_1.16.1\STM32CubeIDE\plugins\com.st.stm32cube.common.mx_6.12.1.202409122256\\db\/plugins/mcufinder/images/
2025-02-20 10:21:19,862 [WARN] DbFile:41 - Overriding database path with different value: C:\Users\mridu\.stmcufinder\plugins\mcufinder/ => C:\Users\mridu\.stmcufinder\plugins\mcufinder
2025-02-20 10:21:19,862 [INFO] ApiDb:250 - Set database path to: C:\Users\mridu\.stmcufinder\plugins\mcufinder//mcu/
2025-02-20 10:21:19,862 [WARN] DbFile:41 - Overriding database path with different value: C:\Users\mridu\.stmcufinder\plugins\mcufinder/ => C:\Users\mridu\.stmcufinder\plugins\mcufinder
2025-02-20 10:21:19,862 [INFO] DbMcusAds:125 - Set database path to: C:\Users\mridu\.stmcufinder\plugins\mcufinder//mcu/
2025-02-20 10:21:19,862 [WARN] DbFile:41 - Overriding database path with different value: C:\Users\mridu\.stmcufinder\plugins\mcufinder/ => C:\Users\mridu\.stmcufinder\plugins\mcufinder
2025-02-20 10:21:19,862 [WARN] DbFile:41 - Overriding database path with different value: C:\Users\mridu\.stmcufinder\plugins\mcufinder/ => C:\Users\mridu\.stmcufinder\plugins\mcufinder
2025-02-20 10:21:19,863 [INFO] CrossReferenceDbSqlite:203 - Set database path to: C:\Users\mridu\.stmcufinder\plugins\mcufinder//mcu/cs/
2025-02-20 10:21:19,894 [INFO] ApplicationProperties:184 - Using Application install path: C:\ST\STM32CubeIDE_1.16.1\STM32CubeIDE\plugins\com.st.stm32cube.common.mx_6.12.1.202409122256
2025-02-20 10:21:19,897 [INFO] PluginManage:196 - Search for loadable plugins [exclusion list=, ]
2025-02-20 10:21:19,901 [INFO] PluginManage:310 - Check plugin analytics
2025-02-20 10:21:20,214 [INFO] AnalyticsPlugin:253 - Accepted Software Licenses: 
2025-02-20 10:21:20,214 [INFO] AnalyticsPlugin:255 - Accepted CMSIS Pack Licenses: 
2025-02-20 10:21:20,215 [INFO] AnalyticsPlugin:257 - Accepted Firmware Licenses: 
2025-02-20 10:21:20,219 [INFO] PluginManage:359 - Loaded plugin analytics (category:tool,tabindex:-1)
2025-02-20 10:21:20,220 [INFO] PluginManage:310 - Check plugin cadmodel
2025-02-20 10:21:20,256 [INFO] CADModel:105 - Init CAD model plugin
2025-02-20 10:21:20,256 [INFO] PluginManage:359 - Loaded plugin cadmodel (category:power,tabindex:5)
2025-02-20 10:21:20,257 [INFO] PluginManage:310 - Check plugin clock
2025-02-20 10:21:20,296 [INFO] PluginManage:359 - Loaded plugin clock (category:base,tabindex:2)
2025-02-20 10:21:20,296 [INFO] PluginManage:310 - Check plugin ddr
2025-02-20 10:21:20,302 [INFO] PluginManage:359 - Loaded plugin ddr (category:tool,tabindex:6)
2025-02-20 10:21:20,302 [INFO] PluginManage:310 - Check plugin filemanager
2025-02-20 10:21:20,515 [INFO] PluginManage:359 - Loaded plugin filemanager (category:base,tabindex:10)
2025-02-20 10:21:20,515 [INFO] PluginManage:310 - Check plugin ipmanager
2025-02-20 10:21:20,525 [INFO] PluginManage:359 - Loaded plugin ipmanager (category:base,tabindex:5)
2025-02-20 10:21:20,525 [INFO] PluginManage:310 - Check plugin lpbam
2025-02-20 10:21:20,558 [INFO] PluginManage:359 - Loaded plugin lpbam (category:base,tabindex:0)
2025-02-20 10:21:20,558 [INFO] PluginManage:310 - Check plugin memorymap
2025-02-20 10:21:20,596 [INFO] PluginManage:359 - Loaded plugin memorymap (category:base,tabindex:4)
2025-02-20 10:21:20,597 [INFO] PluginManage:310 - Check plugin pinoutandconfiguration
2025-02-20 10:21:20,632 [INFO] PluginManage:359 - Loaded plugin pinoutandconfiguration (category:base,tabindex:1)
2025-02-20 10:21:20,633 [INFO] PluginManage:310 - Check plugin pinoutconfig
2025-02-20 10:21:20,813 [WARN] SupportedApi:132 - Cannot load RTOS API schema: s4s-elt-must-match.1: The content of 'definitions' must match (annotation?, (simpleType | complexType)?, (unique | key | keyref)*)). A problem was found starting at: attribute.
2025-02-20 10:21:21,058 [INFO] PluginManage:359 - Loaded plugin pinoutconfig (category:base,tabindex:0)
2025-02-20 10:21:21,059 [INFO] PluginManage:310 - Check plugin power
2025-02-20 10:21:21,092 [INFO] PluginManage:359 - Loaded plugin power (category:power,tabindex:4)
2025-02-20 10:21:21,093 [INFO] PluginManage:310 - Check plugin projectmanager
2025-02-20 10:21:21,128 [INFO] PluginManage:359 - Loaded plugin projectmanager (category:projectmanager,tabindex:4)
2025-02-20 10:21:21,128 [INFO] PluginManage:310 - Check plugin rif
2025-02-20 10:21:21,155 [INFO] PluginManage:359 - Loaded plugin rif (category:base,tabindex:3)
2025-02-20 10:21:21,156 [INFO] PluginManage:310 - Check plugin thirdparty
2025-02-20 10:21:21,570 [INFO] PluginManage:359 - Loaded plugin thirdparty (category:base,tabindex:-1)
2025-02-20 10:21:21,571 [INFO] PluginManage:310 - Check plugin tools
2025-02-20 10:21:21,570 [WARN] IntegrityCheckThread:84 - waiting for thirdparty lock release [integrity check]
2025-02-20 10:21:21,571 [INFO] IntegrityCheckThread:86 - entering critical section [integrity check]
2025-02-20 10:21:21,572 [INFO] ThirdPartyUpdaterWithRetryManager:70 - Updater plugin not ready yet. [1/15]
2025-02-20 10:21:21,625 [INFO] PluginManage:359 - Loaded plugin tools (category:base,tabindex:7)
2025-02-20 10:21:21,626 [INFO] PluginManage:310 - Check plugin tutovideos
2025-02-20 10:21:21,893 [INFO] PluginManage:359 - Loaded plugin tutovideos (category:base,tabindex:-1)
2025-02-20 10:21:21,894 [INFO] PluginManage:310 - Check plugin updater
2025-02-20 10:21:21,915 [INFO] PluginManage:359 - Loaded plugin updater (category:base,tabindex:12)
2025-02-20 10:21:21,916 [INFO] PluginManage:310 - Check plugin userauth
2025-02-20 10:21:21,923 [INFO] UserAuth:113 - Init User Auth plugin
2025-02-20 10:21:21,923 [INFO] PluginManage:359 - Loaded plugin userauth (category:base,tabindex:14)
2025-02-20 10:21:21,924 [INFO] PluginManage:283 - PluginManage : Loaded plugins [18]
2025-02-20 10:21:22,205 [INFO] PinOutPanel:1561 - setPackage(No Configuration,No Configuration)
2025-02-20 10:21:22,323 [INFO] CADModel:165 - CPN selected for project level
2025-02-20 10:21:22,323 [INFO] CADModel:114 - Register for checkConnection events
2025-02-20 10:21:22,362 [INFO] IPUIPlugin:80 - create IPUIPlugin
2025-02-20 10:21:22,362 [INFO] PluginManager:220 - loadIPPluginJar : add adc
2025-02-20 10:21:22,423 [INFO] IPUIPlugin:80 - create IPUIPlugin
2025-02-20 10:21:22,423 [INFO] PluginManager:220 - loadIPPluginJar : add aes
2025-02-20 10:21:22,487 [INFO] IPUIPlugin:80 - create IPUIPlugin
2025-02-20 10:21:22,487 [INFO] PluginManager:220 - loadIPPluginJar : add can
2025-02-20 10:21:22,527 [INFO] IPUIPlugin:80 - create IPUIPlugin
2025-02-20 10:21:22,527 [INFO] PluginManager:220 - loadIPPluginJar : add comp
2025-02-20 10:21:22,583 [INFO] IPUIPlugin:80 - create IPUIPlugin
2025-02-20 10:21:22,583 [INFO] PluginManager:220 - loadIPPluginJar : add cryp
2025-02-20 10:21:22,600 [INFO] IPUIPlugin:80 - create IPUIPlugin
2025-02-20 10:21:22,601 [INFO] PluginManager:220 - loadIPPluginJar : add ddr_ctrl_phy
2025-02-20 10:21:22,648 [INFO] IPUIPlugin:80 - create IPUIPlugin
2025-02-20 10:21:22,648 [INFO] PluginManager:220 - loadIPPluginJar : add dfsdm
2025-02-20 10:21:22,668 [INFO] IPUIPlugin:80 - create IPUIPlugin
2025-02-20 10:21:22,669 [INFO] PluginManager:220 - loadIPPluginJar : add dma
2025-02-20 10:21:22,749 [INFO] IPUIPlugin:80 - create IPUIPlugin
2025-02-20 10:21:22,749 [INFO] PluginManager:220 - loadIPPluginJar : add dma3
2025-02-20 10:21:22,836 [INFO] IPUIPlugin:80 - create IPUIPlugin
2025-02-20 10:21:22,836 [INFO] PluginManager:220 - loadIPPluginJar : add extmemmanager
2025-02-20 10:21:22,876 [INFO] IPUIPlugin:80 - create IPUIPlugin
2025-02-20 10:21:22,877 [INFO] PluginManager:220 - loadIPPluginJar : add fatfs
2025-02-20 10:21:22,959 [INFO] IPUIPlugin:80 - create IPUIPlugin
2025-02-20 10:21:22,959 [INFO] PluginManager:220 - loadIPPluginJar : add fmc
2025-02-20 10:21:22,985 [INFO] IPUIPlugin:80 - create IPUIPlugin
2025-02-20 10:21:22,985 [INFO] PluginManager:220 - loadIPPluginJar : add freertos
2025-02-20 10:21:23,018 [INFO] IPUIPlugin:80 - create IPUIPlugin
2025-02-20 10:21:23,018 [INFO] PluginManager:220 - loadIPPluginJar : add genericplugin
2025-02-20 10:21:23,170 [INFO] IPUIPlugin:80 - create IPUIPlugin
2025-02-20 10:21:23,170 [INFO] PluginManager:220 - loadIPPluginJar : add gfxmmu
2025-02-20 10:21:23,392 [INFO] IPUIPlugin:80 - create IPUIPlugin
2025-02-20 10:21:23,392 [INFO] PluginManager:220 - loadIPPluginJar : add gic
2025-02-20 10:21:23,425 [INFO] IPUIPlugin:80 - create IPUIPlugin
2025-02-20 10:21:23,425 [INFO] PluginManager:220 - loadIPPluginJar : add gpio
2025-02-20 10:21:23,560 [INFO] IPUIPlugin:80 - create IPUIPlugin
2025-02-20 10:21:23,560 [INFO] PluginManager:220 - loadIPPluginJar : add gtzc
2025-02-20 10:21:23,612 [INFO] IPUIPlugin:80 - create IPUIPlugin
2025-02-20 10:21:23,612 [INFO] PluginManager:220 - loadIPPluginJar : add hash
2025-02-20 10:21:23,691 [INFO] IPUIPlugin:80 - create IPUIPlugin
2025-02-20 10:21:23,692 [INFO] PluginManager:220 - loadIPPluginJar : add i2c
2025-02-20 10:21:23,767 [INFO] IPUIPlugin:80 - create IPUIPlugin
2025-02-20 10:21:23,768 [INFO] PluginManager:220 - loadIPPluginJar : add i2s
2025-02-20 10:21:23,829 [INFO] IPUIPlugin:80 - create IPUIPlugin
2025-02-20 10:21:23,829 [INFO] PluginManager:220 - loadIPPluginJar : add i3c
2025-02-20 10:21:23,974 [INFO] IPUIPlugin:80 - create IPUIPlugin
2025-02-20 10:21:23,974 [INFO] PluginManager:220 - loadIPPluginJar : add ipddr
2025-02-20 10:21:24,108 [INFO] IPUIPlugin:80 - create IPUIPlugin
2025-02-20 10:21:24,108 [INFO] PluginManager:220 - loadIPPluginJar : add linkedlist
2025-02-20 10:21:24,162 [INFO] IPUIPlugin:80 - create IPUIPlugin
2025-02-20 10:21:24,163 [INFO] PluginManager:220 - loadIPPluginJar : add lorawan
2025-02-20 10:21:24,218 [INFO] IPUIPlugin:80 - create IPUIPlugin
2025-02-20 10:21:24,218 [INFO] PluginManager:220 - loadIPPluginJar : add ltdc
2025-02-20 10:21:24,241 [INFO] IPUIPlugin:80 - create IPUIPlugin
2025-02-20 10:21:24,241 [INFO] PluginManager:220 - loadIPPluginJar : add mdma
2025-02-20 10:21:24,265 [INFO] IPUIPlugin:80 - create IPUIPlugin
2025-02-20 10:21:24,265 [INFO] PluginManager:220 - loadIPPluginJar : add nvic
2025-02-20 10:21:24,323 [INFO] IPUIPlugin:80 - create IPUIPlugin
2025-02-20 10:21:24,323 [INFO] PluginManager:220 - loadIPPluginJar : add opamp
2025-02-20 10:21:24,415 [INFO] IPUIPlugin:80 - create IPUIPlugin
2025-02-20 10:21:24,415 [INFO] PluginManager:220 - loadIPPluginJar : add openamp
2025-02-20 10:21:24,482 [INFO] IPUIPlugin:80 - create IPUIPlugin
2025-02-20 10:21:24,482 [INFO] PluginManager:220 - loadIPPluginJar : add pdm2pcm
2025-02-20 10:21:24,503 [INFO] IPUIPlugin:80 - create IPUIPlugin
2025-02-20 10:21:24,506 [INFO] PluginManager:220 - loadIPPluginJar : add plateformsettings
2025-02-20 10:21:24,542 [INFO] IPUIPlugin:80 - create IPUIPlugin
2025-02-20 10:21:24,542 [INFO] PluginManager:220 - loadIPPluginJar : add quadspi
2025-02-20 10:21:24,573 [INFO] ThirdPartyUpdaterWithRetryManager:70 - Updater plugin not ready yet. [2/15]
2025-02-20 10:21:24,584 [INFO] IPUIPlugin:80 - create IPUIPlugin
2025-02-20 10:21:24,585 [INFO] PluginManager:220 - loadIPPluginJar : add radio
2025-02-20 10:21:24,605 [INFO] IPUIPlugin:80 - create IPUIPlugin
2025-02-20 10:21:24,605 [INFO] PluginManager:220 - loadIPPluginJar : add resmgrutility
2025-02-20 10:21:24,672 [INFO] IPUIPlugin:80 - create IPUIPlugin
2025-02-20 10:21:24,672 [INFO] PluginManager:220 - loadIPPluginJar : add sai
2025-02-20 10:21:24,730 [INFO] IPUIPlugin:80 - create IPUIPlugin
2025-02-20 10:21:24,730 [INFO] PluginManager:220 - loadIPPluginJar : add spi
2025-02-20 10:21:24,831 [INFO] IPUIPlugin:80 - create IPUIPlugin
2025-02-20 10:21:24,831 [INFO] PluginManager:220 - loadIPPluginJar : add stm32_wpan
2025-02-20 10:21:24,872 [INFO] IPUIPlugin:80 - create IPUIPlugin
2025-02-20 10:21:24,872 [INFO] PluginManager:220 - loadIPPluginJar : add tim
2025-02-20 10:21:24,958 [INFO] IPUIPlugin:80 - create IPUIPlugin
2025-02-20 10:21:24,958 [INFO] PluginManager:220 - loadIPPluginJar : add touchsensing
2025-02-20 10:21:24,996 [INFO] IPUIPlugin:80 - create IPUIPlugin
2025-02-20 10:21:24,996 [INFO] PluginManager:220 - loadIPPluginJar : add tracer_emb
2025-02-20 10:21:25,033 [INFO] IPUIPlugin:80 - create IPUIPlugin
2025-02-20 10:21:25,033 [INFO] PluginManager:220 - loadIPPluginJar : add ts
2025-02-20 10:21:25,068 [INFO] IPUIPlugin:80 - create IPUIPlugin
2025-02-20 10:21:25,069 [INFO] PluginManager:220 - loadIPPluginJar : add tsc
2025-02-20 10:21:25,103 [INFO] IPUIPlugin:80 - create IPUIPlugin
2025-02-20 10:21:25,103 [INFO] PluginManager:220 - loadIPPluginJar : add ucpd
2025-02-20 10:21:25,167 [INFO] IPUIPlugin:80 - create IPUIPlugin
2025-02-20 10:21:25,168 [INFO] PluginManager:220 - loadIPPluginJar : add usart
2025-02-20 10:21:25,234 [INFO] IPUIPlugin:80 - create IPUIPlugin
2025-02-20 10:21:25,235 [INFO] PluginManager:220 - loadIPPluginJar : add usbx
2025-02-20 10:21:25,389 [INFO] CADModel:165 - CPN selected for project level
2025-02-20 10:21:25,390 [INFO] CADModel:114 - Register for checkConnection events
2025-02-20 10:21:25,390 [FATAL] Updater:334 - Updater called before beeing initialized
2025-02-20 10:21:25,390 [ERROR] CADModel:125 - Updater not yet initialized, retry later 
2025-02-20 10:21:25,572 [INFO] CADModel:165 - CPN selected for project level
2025-02-20 10:21:25,572 [INFO] CADModel:114 - Register for checkConnection events
2025-02-20 10:21:25,572 [FATAL] Updater:334 - Updater called before beeing initialized
2025-02-20 10:21:25,572 [ERROR] CADModel:125 - Updater not yet initialized, retry later 
2025-02-20 10:21:25,577 [FATAL] Updater:334 - Updater called before beeing initialized
2025-02-20 10:21:25,744 [FATAL] Updater:334 - Updater called before beeing initialized
2025-02-20 10:21:25,770 [INFO] DbMcusAds:53 - JSON generation date=Tue Dec 17 08:01:15 PST 2024 (1734451275111)
2025-02-20 10:21:25,770 [FATAL] Updater:334 - Updater called before beeing initialized
2025-02-20 10:21:25,823 [WARN] DetailPanel:346 - Failed to get advertising image, set to default
2025-02-20 10:21:25,936 [FATAL] Updater:334 - Updater called before beeing initialized
2025-02-20 10:21:25,939 [FATAL] Updater:334 - Updater called before beeing initialized
2025-02-20 10:21:25,939 [FATAL] Updater:334 - Updater called before beeing initialized
2025-02-20 10:21:25,939 [WARN] DetailPanel:346 - Failed to get advertising image, set to default
2025-02-20 10:21:25,940 [FATAL] Updater:334 - Updater called before beeing initialized
2025-02-20 10:21:26,051 [ERROR] Updater:1164 - MainUpdater not yet initialized. External WinMGr cannot be set.
2025-02-20 10:21:26,069 [INFO] Updater:1100 - Updater Version found : 6.12.1
2025-02-20 10:21:26,096 [INFO] ApplicationProperties:184 - Using Application install path: C:\ST\STM32CubeIDE_1.16.1\STM32CubeIDE\plugins\com.st.stm32cube.common.mx_6.12.1.202409122256
2025-02-20 10:21:27,576 [INFO] ThirdPartyUpdaterWithRetryManager:70 - Updater plugin not ready yet. [3/15]
2025-02-20 10:21:27,753 [ERROR] LogOutputStream:75 - [STDERR_REDIRECT] Feb 20, 2025 10:21:27 AM java.util.prefs.WindowsPreferences <init>
2025-02-20 10:21:27,756 [ERROR] LogOutputStream:75 - [STDERR_REDIRECT] WARNING: Could not open/create prefs root node Software\JavaSoft\Prefs at root 0xffffffff80000002. Windows RegCreateKeyEx(...) returned error code 5.
2025-02-20 10:21:27,756 [ERROR] LogOutputStream:75 - [STDERR_REDIRECT] 
2025-02-20 10:21:28,201 [INFO] MainUpdater:2873 - connection check result : 10
2025-02-20 10:21:28,202 [INFO] MainUpdater:290 - Updater Check For Update Now.
2025-02-20 10:21:28,202 [INFO] MicroXplorer:498 - Change Database Version : DB.6.0.121
2025-02-20 10:21:28,246 [INFO] McuFinderGlobals:63 - Set McuFinder mode to 2 (CubeIDE integrated)
2025-02-20 10:21:28,260 [INFO] UserAuth:417 - Internet connection configuration mode: 1
2025-02-20 10:21:28,322 [INFO] JxBrowserEngine:152 - Initiate JxBrowser Engine with user profile folder
2025-02-20 10:21:28,554 [INFO] CheckServerUpdateThread:120 - End of CheckServer Thread
2025-02-20 10:21:30,875 [WARN] PackLoader:240 - Cannot read IP mode file for STMicroelectronics.FP-SNS-MOTENVWB1.1.4.0
2025-02-20 10:21:30,903 [WARN] PackLoader:240 - Cannot read IP mode file for STMicroelectronics.FP-ATR-ASTRA1.2.0.1
2025-02-20 10:21:30,928 [WARN] PackLoader:240 - Cannot read IP mode file for STMicroelectronics.X-CUBE-SMBUS.2.1.0
2025-02-20 10:21:30,957 [WARN] PackLoader:240 - Cannot read IP mode file for STMicroelectronics.X-CUBE-WB05N.1.1.0
2025-02-20 10:21:31,064 [WARN] PackLoader:240 - Cannot read IP mode file for STMicroelectronics.X-CUBE-AZRTOS-F7.1.1.0
2025-02-20 10:21:31,325 [WARN] PackLoader:240 - Cannot read IP mode file for STMicroelectronics.X-CUBE-MEMS1.11.0.0
2025-02-20 10:21:31,570 [WARN] PackLoader:240 - Cannot read IP mode file for STMicroelectronics.FP-SNS-FLIGHT1.5.0.2
2025-02-20 10:21:31,599 [WARN] PackLoader:240 - Cannot read IP mode file for STMicroelectronics.X-CUBE-DISPLAY.3.0.0
2025-02-20 10:21:31,626 [WARN] PackLoader:240 - Cannot read IP mode file for STMicroelectronics.X-CUBE-BLE1.7.0.0
2025-02-20 10:21:31,656 [WARN] PackLoader:240 - Cannot read IP mode file for STMicroelectronics.X-CUBE-BLEMGR.4.0.0
2025-02-20 10:21:31,689 [WARN] PackLoader:240 - Cannot read IP mode file for emotas.I-CUBE-CANOPEN.1.3.0
2025-02-20 10:21:31,718 [WARN] PackLoader:240 - Cannot read IP mode file for STMicroelectronics.X-CUBE-BLEMGR.3.1.0
2025-02-20 10:21:31,746 [WARN] PackLoader:240 - Cannot read IP mode file for STMicroelectronics.X-CUBE-AI.10.0.0
2025-02-20 10:21:31,773 [WARN] PackLoader:240 - Cannot read IP mode file for STMicroelectronics.FP-SNS-SMARTAG2.1.2.0
2025-02-20 10:21:31,871 [WARN] PackLoader:240 - Cannot read IP mode file for STMicroelectronics.X-CUBE-MEMS1.11.1.0
2025-02-20 10:21:32,097 [INFO] LogOutputStream:77 - [STDOUT_REDIRECT] 1 : Invalid condition id : UX_CORESTACK_Condition cause : null
2025-02-20 10:21:32,098 [INFO] LogOutputStream:77 - [STDOUT_REDIRECT] 1 : Invalid condition id : UX_CORESTACK_Condition cause : null
2025-02-20 10:21:32,100 [INFO] LogOutputStream:77 - [STDOUT_REDIRECT] 1 : Invalid condition id : UX_CORESTACK_Condition cause : null
2025-02-20 10:21:32,101 [INFO] LogOutputStream:77 - [STDOUT_REDIRECT] 1 : Invalid condition id : UX_CORESTACK_Condition cause : null
2025-02-20 10:21:32,102 [INFO] LogOutputStream:77 - [STDOUT_REDIRECT] 1 : Invalid condition id : UX_CORESTACK_Condition cause : null
2025-02-20 10:21:32,105 [WARN] PackLoader:240 - Cannot read IP mode file for STMicroelectronics.X-CUBE-AZRTOS-WL.2.0.0
2025-02-20 10:21:32,134 [WARN] PackLoader:240 - Cannot read IP mode file for STMicroelectronics.FP-SNS-MOTENV1.5.0.0
2025-02-20 10:21:32,156 [WARN] PackLoader:240 - Cannot read IP mode file for wolfSSL.I-CUBE-wolfMQTT.1.19.0
2025-02-20 10:21:32,186 [WARN] PackLoader:240 - Cannot read IP mode file for WES.I-CUBE-Cesium.1.3.0
2025-02-20 10:21:32,213 [WARN] PackLoader:240 - Cannot read IP mode file for STMicroelectronics.X-CUBE-BLE2.3.3.0
2025-02-20 10:21:32,233 [WARN] PackLoader:240 - Cannot read IP mode file for STMicroelectronics.X-CUBE-TCPP.4.1.0
2025-02-20 10:21:32,276 [WARN] PackLoader:240 - Cannot read IP mode file for STMicroelectronics.X-CUBE-AZRTOS-G0.1.1.0
2025-02-20 10:21:32,307 [WARN] PackLoader:240 - Cannot read IP mode file for STMicroelectronics.X-CUBE-SAFEA1.1.2.2
2025-02-20 10:21:32,333 [WARN] PackLoader:240 - Cannot read IP mode file for STMicroelectronics.X-CUBE-NFC4.3.0.0
2025-02-20 10:21:32,364 [WARN] PackLoader:240 - Cannot read IP mode file for EmbeddedOffice.I-CUBE-FS-RTOS.1.0.1
2025-02-20 10:21:32,365 [ERROR] ConditionMgr:805 - Attr not supported : Dmpu
2025-02-20 10:21:32,365 [ERROR] ConditionMgr:805 - Attr not supported : Dmpu
2025-02-20 10:21:32,365 [ERROR] ConditionMgr:805 - Attr not supported : Dmpu
2025-02-20 10:21:32,365 [ERROR] ConditionMgr:805 - Attr not supported : Dmpu
2025-02-20 10:21:32,365 [ERROR] ConditionMgr:805 - Attr not supported : Dmpu
2025-02-20 10:21:32,365 [ERROR] ConditionMgr:805 - Attr not supported : Dmpu
2025-02-20 10:21:32,365 [ERROR] ConditionMgr:805 - Attr not supported : Dmpu
2025-02-20 10:21:32,365 [ERROR] ConditionMgr:805 - Attr not supported : Dmpu
2025-02-20 10:21:32,365 [ERROR] ConditionMgr:805 - Attr not supported : Dmpu
2025-02-20 10:21:32,365 [ERROR] ConditionMgr:805 - Attr not supported : Dmpu
2025-02-20 10:21:32,365 [ERROR] ConditionMgr:805 - Attr not supported : Dmpu
2025-02-20 10:21:32,366 [ERROR] ConditionMgr:805 - Attr not supported : Dmpu
2025-02-20 10:21:32,366 [ERROR] ConditionMgr:805 - Attr not supported : Dmpu
2025-02-20 10:21:32,366 [ERROR] ConditionMgr:805 - Attr not supported : Dmpu
2025-02-20 10:21:32,366 [ERROR] ConditionMgr:805 - Attr not supported : Dmpu
2025-02-20 10:21:32,366 [ERROR] ConditionMgr:805 - Attr not supported : Dmpu
2025-02-20 10:21:32,366 [ERROR] ConditionMgr:805 - Attr not supported : Dmpu
2025-02-20 10:21:32,366 [ERROR] ConditionMgr:805 - Attr not supported : Dmpu
2025-02-20 10:21:32,366 [ERROR] ConditionMgr:805 - Attr not supported : Dmpu
2025-02-20 10:21:32,366 [ERROR] ConditionMgr:805 - Attr not supported : Dmpu
2025-02-20 10:21:32,366 [ERROR] ConditionMgr:805 - Attr not supported : Dmpu
2025-02-20 10:21:32,366 [ERROR] ConditionMgr:805 - Attr not supported : Dmpu
2025-02-20 10:21:32,366 [ERROR] ConditionMgr:805 - Attr not supported : Dmpu
2025-02-20 10:21:32,366 [ERROR] ConditionMgr:805 - Attr not supported : Dmpu
2025-02-20 10:21:32,367 [ERROR] ConditionMgr:805 - Attr not supported : Dmpu
2025-02-20 10:21:32,367 [ERROR] ConditionMgr:805 - Attr not supported : Dmpu
2025-02-20 10:21:32,367 [ERROR] ConditionMgr:805 - Attr not supported : Dmpu
2025-02-20 10:21:32,367 [ERROR] ConditionMgr:805 - Attr not supported : Dmpu
2025-02-20 10:21:32,367 [ERROR] ConditionMgr:805 - Attr not supported : Dmpu
2025-02-20 10:21:32,367 [ERROR] ConditionMgr:805 - Attr not supported : Dmpu
2025-02-20 10:21:32,367 [ERROR] ConditionMgr:805 - Attr not supported : Dmpu
2025-02-20 10:21:32,367 [ERROR] ConditionMgr:805 - Attr not supported : Dmpu
2025-02-20 10:21:32,368 [ERROR] ConditionMgr:805 - Attr not supported : Dmpu
2025-02-20 10:21:32,368 [ERROR] ConditionMgr:805 - Attr not supported : Dmpu
2025-02-20 10:21:32,368 [ERROR] ConditionMgr:805 - Attr not supported : Dmpu
2025-02-20 10:21:32,368 [ERROR] ConditionMgr:805 - Attr not supported : Dmpu
2025-02-20 10:21:32,368 [ERROR] ConditionMgr:805 - Attr not supported : Dmpu
2025-02-20 10:21:32,368 [ERROR] ConditionMgr:805 - Attr not supported : Dmpu
2025-02-20 10:21:32,368 [ERROR] ConditionMgr:805 - Attr not supported : Dmpu
2025-02-20 10:21:32,368 [ERROR] ConditionMgr:805 - Attr not supported : Dmpu
2025-02-20 10:21:32,368 [ERROR] ConditionMgr:805 - Attr not supported : Dmpu
2025-02-20 10:21:32,368 [ERROR] ConditionMgr:805 - Attr not supported : Dmpu
2025-02-20 10:21:32,368 [ERROR] ConditionMgr:805 - Attr not supported : Dmpu
2025-02-20 10:21:32,368 [ERROR] ConditionMgr:805 - Attr not supported : Dmpu
2025-02-20 10:21:32,369 [ERROR] ConditionMgr:805 - Attr not supported : Dmpu
2025-02-20 10:21:32,369 [ERROR] ConditionMgr:805 - Attr not supported : Dmpu
2025-02-20 10:21:32,369 [ERROR] ConditionMgr:805 - Attr not supported : Dmpu
2025-02-20 10:21:32,369 [ERROR] ConditionMgr:805 - Attr not supported : Dmpu
2025-02-20 10:21:32,369 [ERROR] ConditionMgr:805 - Attr not supported : Dmpu
2025-02-20 10:21:32,369 [ERROR] ConditionMgr:805 - Attr not supported : Dmpu
2025-02-20 10:21:32,369 [ERROR] ConditionMgr:805 - Attr not supported : Dmpu
2025-02-20 10:21:32,369 [ERROR] ConditionMgr:805 - Attr not supported : Dmpu
2025-02-20 10:21:32,369 [ERROR] ConditionMgr:805 - Attr not supported : Dmpu
2025-02-20 10:21:32,369 [ERROR] ConditionMgr:805 - Attr not supported : Dmpu
2025-02-20 10:21:32,370 [ERROR] ConditionMgr:805 - Attr not supported : Dmpu
2025-02-20 10:21:32,370 [ERROR] ConditionMgr:805 - Attr not supported : Dmpu
2025-02-20 10:21:32,370 [ERROR] ConditionMgr:805 - Attr not supported : Dmpu
2025-02-20 10:21:32,370 [ERROR] ConditionMgr:805 - Attr not supported : Dmpu
2025-02-20 10:21:32,370 [ERROR] ConditionMgr:805 - Attr not supported : Dmpu
2025-02-20 10:21:32,370 [ERROR] ConditionMgr:805 - Attr not supported : Dmpu
2025-02-20 10:21:32,370 [ERROR] ConditionMgr:805 - Attr not supported : Dmpu
2025-02-20 10:21:32,370 [ERROR] ConditionMgr:805 - Attr not supported : Dmpu
2025-02-20 10:21:32,370 [ERROR] ConditionMgr:805 - Attr not supported : Dmpu
2025-02-20 10:21:32,370 [ERROR] ConditionMgr:805 - Attr not supported : Dmpu
2025-02-20 10:21:32,397 [ERROR] Engine:466 - C:\Users\mridu\.stm32cubemx\thirdparties\pdsc\STMicroelectronics.X-CUBE-TCPP.4.2.0.pdsc: PDSC version is not supported
2025-02-20 10:21:32,488 [WARN] PackLoader:240 - Cannot read IP mode file for RealThread.X-CUBE-RT-Thread_Nano.4.1.1
2025-02-20 10:21:32,512 [WARN] PackLoader:240 - Cannot read IP mode file for STMicroelectronics.FP-ATR-SIGFOX1.3.2.0
2025-02-20 10:21:32,537 [WARN] ConditionMgr:438 - getConditionDescription Invalid condition id : Cortex-A Device cause : null
2025-02-20 10:21:32,578 [WARN] ConditionMgr:1039 - genDependencies : Invalid condition id : Cortex-A Device cause : null
2025-02-20 10:21:32,578 [WARN] ConditionMgr:1039 - genDependencies : Invalid condition id : Cortex-A Device cause : null
2025-02-20 10:21:32,579 [WARN] ConditionMgr:1039 - genDependencies : Invalid condition id : Cortex-A Device cause : null
2025-02-20 10:21:32,609 [WARN] PackLoader:240 - Cannot read IP mode file for STMicroelectronics.X-CUBE-EEPRMA1.5.1.0
2025-02-20 10:21:32,678 [WARN] PackLoader:240 - Cannot read IP mode file for wolfSSL.I-CUBE-wolfSSL.5.7.4
2025-02-20 10:21:33,000 [WARN] PackLoader:240 - Cannot read IP mode file for ITTIA_DB.I-CUBE-ITTIADB.8.9.0
2025-02-20 10:21:33,071 [WARN] PackLoader:240 - Cannot read IP mode file for SEGGER.I-CUBE-embOS.1.3.1
2025-02-20 10:21:33,170 [WARN] PackLoader:240 - Cannot read IP mode file for STMicroelectronics.X-CUBE-ALGOBUILD.1.4.0
2025-02-20 10:21:33,218 [WARN] PackLoader:240 - Cannot read IP mode file for STMicroelectronics.X-CUBE-AZRTOS-F4.1.1.0
2025-02-20 10:21:33,248 [WARN] PackLoader:240 - Cannot read IP mode file for STMicroelectronics.X-CUBE-FREERTOS.1.2.0
2025-02-20 10:21:33,300 [WARN] PackLoader:240 - Cannot read IP mode file for STMicroelectronics.X-CUBE-AZRTOS-L5.2.0.0
2025-02-20 10:21:33,335 [WARN] PackLoader:240 - Cannot read IP mode file for STMicroelectronics.X-CUBE-NFC6.3.1.0
2025-02-20 10:21:33,365 [WARN] PackLoader:240 - Cannot read IP mode file for STMicroelectronics.X-CUBE-FREERTOS.1.3.0
2025-02-20 10:21:33,392 [WARN] PackLoader:240 - Cannot read IP mode file for STMicroelectronics.X-CUBE-NFC7.1.0.1
2025-02-20 10:21:33,464 [WARN] ConditionMgr:438 - getConditionDescription Invalid condition id : LAN8742 Phy interface Condition cause : null
2025-02-20 10:21:33,465 [WARN] PackLoader:240 - Cannot read IP mode file for STMicroelectronics.X-CUBE-AZRTOS-L4.2.0.0
2025-02-20 10:21:33,467 [WARN] ConditionMgr:1039 - genDependencies : Invalid condition id : LAN8742 Phy interface Condition cause : null
2025-02-20 10:21:33,468 [WARN] ConditionMgr:1039 - genDependencies : Invalid condition id : LAN8742 Phy interface Condition cause : null
2025-02-20 10:21:33,469 [WARN] ConditionMgr:1039 - genDependencies : Invalid condition id : LAN8742 Phy interface Condition cause : null
2025-02-20 10:21:33,506 [WARN] PackLoader:240 - Cannot read IP mode file for STMicroelectronics.X-CUBE-SFXS2LP1.4.0.0
2025-02-20 10:21:33,575 [WARN] PackLoader:240 - Cannot read IP mode file for STMicroelectronics.X-CUBE-AZRTOS-H7.3.3.0
2025-02-20 10:21:33,629 [WARN] PackLoader:240 - Cannot read IP mode file for STMicroelectronics.X-CUBE-IPS.3.0.0
2025-02-20 10:21:33,687 [WARN] ConditionMgr:438 - getConditionDescription Invalid condition id : UX DEVICE CLASS RTOS Condition cause : null
2025-02-20 10:21:33,687 [WARN] ConditionMgr:438 - getConditionDescription Invalid condition id : UX DEVICE CLASS RTOS Condition cause : null
2025-02-20 10:21:33,690 [WARN] PackLoader:240 - Cannot read IP mode file for STMicroelectronics.X-CUBE-AZRTOS-WB.2.0.0
2025-02-20 10:21:33,691 [WARN] ConditionMgr:1039 - genDependencies : Invalid condition id : UX DEVICE CLASS RTOS Condition cause : null
2025-02-20 10:21:33,692 [WARN] ConditionMgr:1039 - genDependencies : Invalid condition id : UX DEVICE CLASS RTOS Condition cause : null
2025-02-20 10:21:33,693 [WARN] ConditionMgr:1039 - genDependencies : Invalid condition id : UX DEVICE CLASS RTOS Condition cause : null
2025-02-20 10:21:33,693 [WARN] ConditionMgr:1039 - genDependencies : Invalid condition id : UX DEVICE CLASS RTOS Condition cause : null
2025-02-20 10:21:33,694 [WARN] ConditionMgr:1039 - genDependencies : Invalid condition id : UX DEVICE CLASS RTOS Condition cause : null
2025-02-20 10:21:33,726 [WARN] PackLoader:240 - Cannot read IP mode file for STMicroelectronics.X-CUBE-GNSS1.7.0.0
2025-02-20 10:21:33,753 [WARN] PackLoader:240 - Cannot read IP mode file for STMicroelectronics.X-CUBE-GNSS1.7.0.1
2025-02-20 10:21:33,788 [WARN] PackLoader:240 - Cannot read IP mode file for STMicroelectronics.X-CUBE-SUBG2.5.0.0
2025-02-20 10:21:33,819 [WARN] PackLoader:240 - Cannot read IP mode file for Cesanta.I-CUBE-Mongoose.7.13.0
2025-02-20 10:21:33,863 [WARN] PackLoader:240 - Cannot read IP mode file for STMicroelectronics.X-CUBE-AZRTOS-G4.2.0.0
2025-02-20 10:21:33,886 [ERROR] Engine:466 - C:\Users\mridu\.stm32cubemx\thirdparties\pdsc\STMicroelectronics.X-CUBE-IPS.3.1.0.pdsc: PDSC version is not supported
2025-02-20 10:21:33,906 [WARN] PackLoader:240 - Cannot read IP mode file for STMicroelectronics.X-CUBE-ALS.1.0.2
2025-02-20 10:21:33,930 [WARN] PackLoader:240 - Cannot read IP mode file for STMicroelectronics.X-CUBE-TOUCHGFX.4.24.2
2025-02-20 10:21:33,947 [WARN] PackLoader:240 - Cannot read IP mode file for STMicroelectronics.X-CUBE-TOUCHGFX.4.24.1
2025-02-20 10:21:33,966 [WARN] PackLoader:240 - Cannot read IP mode file for wolfSSL.I-CUBE-wolfTPM.3.4.0
2025-02-20 10:21:33,989 [WARN] PackLoader:240 - Cannot read IP mode file for portGmbH.I-Cube-SoM-uGOAL.1.1.0
2025-02-20 10:21:34,030 [WARN] PackLoader:240 - Cannot read IP mode file for STMicroelectronics.X-CUBE-AZRTOS-H7RS.1.0.0
2025-02-20 10:21:34,043 [INFO] WebApp:167 - Instantiating new browser for Auth
2025-02-20 10:21:34,050 [WARN] PackLoader:240 - Cannot read IP mode file for STMicroelectronics.FP-ATR-ASTRA1.2.0.0
2025-02-20 10:21:34,222 [WARN] PackLoader:240 - Cannot read IP mode file for Infineon.AIROC-Wi-Fi-Bluetooth-STM32.1.6.1
2025-02-20 10:21:34,253 [WARN] PackLoader:240 - Cannot read IP mode file for wolfSSL.I-CUBE-wolfSSH.1.4.17
2025-02-20 10:21:34,254 [INFO] ThirdParty:978 - Integrity check success = true
2025-02-20 10:21:34,255 [INFO] IntegrityCheckThread:100 - exiting critical section [integrity check]
2025-02-20 10:21:34,255 [INFO] IntegrityCheckThread:103 - End integrity checks thread
2025-02-20 10:21:35,827 [INFO] WebApp:448 - Apply proxy settings
2025-02-20 10:21:35,828 [INFO] WebApp:533 - Chromium requires no authentication
2025-02-20 10:21:35,855 [INFO] WebApp:476 - Direct internet connection detected
2025-02-20 10:21:35,942 [INFO] WebApp:869 - Register for checkConnection events
2025-02-20 10:21:35,943 [INFO] WebApp:448 - Apply proxy settings
2025-02-20 10:21:35,943 [INFO] WebApp:533 - Chromium requires no authentication
2025-02-20 10:21:35,945 [INFO] WebApp:476 - Direct internet connection detected
2025-02-20 10:21:36,273 [INFO] WebApp:186 - Connection restablished
2025-02-20 10:21:36,365 [INFO] WebApp:220 - Starting web application
2025-02-20 10:21:36,367 [INFO] WebApp:578 - Web application path used C:\ST\STM32CubeIDE_1.16.1\STM32CubeIDE\plugins\com.st.stm32cube.common.mx_6.12.1.202409122256\db\plugins\mcufinder\reactClient1\index.html
2025-02-20 10:21:36,750 [INFO] UserAuth:417 - Internet connection configuration mode: 1
2025-02-20 10:52:34,405 [INFO] WebApp:189 - Connection lost
2025-02-20 10:52:55,270 [INFO] WebApp:186 - Connection restablished
2025-02-20 10:53:02,321 [INFO] WebApp:189 - Connection lost
2025-02-20 10:53:02,828 [INFO] WebApp:186 - Connection restablished
2025-02-20 10:53:22,028 [INFO] WebApp:189 - Connection lost
2025-02-20 10:53:22,464 [INFO] WebApp:186 - Connection restablished
2025-02-20 11:34:03,369 [INFO] WebApp:189 - Connection lost
2025-02-20 11:34:03,611 [INFO] WebApp:186 - Connection restablished
2025-02-20 12:15:21,202 [INFO] WebApp:189 - Connection lost
2025-02-20 12:15:37,336 [INFO] WebApp:186 - Connection restablished
2025-02-20 12:15:37,385 [INFO] WebApp:189 - Connection lost
2025-02-20 12:15:37,554 [INFO] WebApp:186 - Connection restablished
2025-02-20 12:46:02,652 [ERROR] LogOutputStream:75 - [STDERR_REDIRECT] 
