2024-11-14 19:39:06,001 [INFO] Activator:176 - 


2024-11-14 19:39:06,004 [INFO] Activator:177 - !SESSION log4j initialized
2024-11-14 19:39:09,222 [INFO] LogOutputStream:77 - [STDOUT_REDIRECT] 
2024-11-14 19:39:11,668 [INFO] ApplicationProperties:184 - Using Application install path: C:\ST\STM32CubeIDE_1.16.1\STM32CubeIDE\plugins\com.st.stm32cube.common.mx_6.12.1.202409122256
2024-11-14 19:39:11,694 [INFO] DbMcusXml:78 - Set database path to: C:\ST\STM32CubeIDE_1.16.1\STM32CubeIDE\plugins\com.st.stm32cube.common.mx_6.12.1.202409122256\\db\/mcu/
2024-11-14 19:39:11,695 [INFO] ApiDb:274 - Set plugin database path to: C:\ST\STM32CubeIDE_1.16.1\STM32CubeIDE\plugins\com.st.stm32cube.common.mx_6.12.1.202409122256\\db\/plugins/boardmanager/
2024-11-14 19:39:11,697 [WARN] ApiDb:259 - Overriding images path with different value:  => C:\ST\STM32CubeIDE_1.16.1\STM32CubeIDE\plugins\com.st.stm32cube.common.mx_6.12.1.202409122256\\db\/plugins/mcufinder/images/
2024-11-14 19:39:11,704 [INFO] ApiDb:250 - Set database path to: C:\Users\mridu\.stmcufinder\plugins\mcufinder//mcu/
2024-11-14 19:39:11,706 [INFO] DbMcusAds:125 - Set database path to: C:\Users\mridu\.stmcufinder\plugins\mcufinder//mcu/
2024-11-14 19:39:11,708 [INFO] CrossReferenceDbSqlite:203 - Set database path to: C:\Users\mridu\.stmcufinder\plugins\mcufinder//mcu/cs/
2024-11-14 19:39:11,873 [INFO] RulesReader:64 - Compatibility file has been processed (297 Rules)
2024-11-14 19:39:12,000 [INFO] DbMcusXml:78 - Set database path to: C:\ST\STM32CubeIDE_1.16.1\STM32CubeIDE\plugins\com.st.stm32cube.common.mx_6.12.1.202409122256\\db\/mcu/
2024-11-14 19:39:12,000 [INFO] ApiDb:274 - Set plugin database path to: C:\ST\STM32CubeIDE_1.16.1\STM32CubeIDE\plugins\com.st.stm32cube.common.mx_6.12.1.202409122256\\db\/plugins/boardmanager/
2024-11-14 19:39:12,000 [INFO] ApiDb:261 - Set plugin images path to: C:\ST\STM32CubeIDE_1.16.1\STM32CubeIDE\plugins\com.st.stm32cube.common.mx_6.12.1.202409122256\\db\/plugins/mcufinder/images/
2024-11-14 19:39:12,001 [WARN] DbFile:41 - Overriding database path with different value: C:\Users\mridu\.stmcufinder\plugins\mcufinder/ => C:\Users\mridu\.stmcufinder\plugins\mcufinder
2024-11-14 19:39:12,001 [INFO] ApiDb:250 - Set database path to: C:\Users\mridu\.stmcufinder\plugins\mcufinder//mcu/
2024-11-14 19:39:12,001 [WARN] DbFile:41 - Overriding database path with different value: C:\Users\mridu\.stmcufinder\plugins\mcufinder/ => C:\Users\mridu\.stmcufinder\plugins\mcufinder
2024-11-14 19:39:12,002 [INFO] DbMcusAds:125 - Set database path to: C:\Users\mridu\.stmcufinder\plugins\mcufinder//mcu/
2024-11-14 19:39:12,003 [WARN] DbFile:41 - Overriding database path with different value: C:\Users\mridu\.stmcufinder\plugins\mcufinder/ => C:\Users\mridu\.stmcufinder\plugins\mcufinder
2024-11-14 19:39:12,003 [WARN] DbFile:41 - Overriding database path with different value: C:\Users\mridu\.stmcufinder\plugins\mcufinder/ => C:\Users\mridu\.stmcufinder\plugins\mcufinder
2024-11-14 19:39:12,003 [INFO] CrossReferenceDbSqlite:203 - Set database path to: C:\Users\mridu\.stmcufinder\plugins\mcufinder//mcu/cs/
2024-11-14 19:39:12,136 [INFO] MainPanel:268 - HeapMemory: 268435456
2024-11-14 19:39:12,276 [INFO] DbMcusXml:78 - Set database path to: C:\ST\STM32CubeIDE_1.16.1\STM32CubeIDE\plugins\com.st.stm32cube.common.mx_6.12.1.202409122256\\db\/mcu/
2024-11-14 19:39:12,276 [INFO] ApiDb:274 - Set plugin database path to: C:\ST\STM32CubeIDE_1.16.1\STM32CubeIDE\plugins\com.st.stm32cube.common.mx_6.12.1.202409122256\\db\/plugins/boardmanager/
2024-11-14 19:39:12,276 [INFO] ApiDb:261 - Set plugin images path to: C:\ST\STM32CubeIDE_1.16.1\STM32CubeIDE\plugins\com.st.stm32cube.common.mx_6.12.1.202409122256\\db\/plugins/mcufinder/images/
2024-11-14 19:39:12,276 [WARN] DbFile:41 - Overriding database path with different value: C:\Users\mridu\.stmcufinder\plugins\mcufinder/ => C:\Users\mridu\.stmcufinder\plugins\mcufinder
2024-11-14 19:39:12,276 [INFO] ApiDb:250 - Set database path to: C:\Users\mridu\.stmcufinder\plugins\mcufinder//mcu/
2024-11-14 19:39:12,276 [WARN] DbFile:41 - Overriding database path with different value: C:\Users\mridu\.stmcufinder\plugins\mcufinder/ => C:\Users\mridu\.stmcufinder\plugins\mcufinder
2024-11-14 19:39:12,288 [INFO] DbMcusAds:125 - Set database path to: C:\Users\mridu\.stmcufinder\plugins\mcufinder//mcu/
2024-11-14 19:39:12,288 [WARN] DbFile:41 - Overriding database path with different value: C:\Users\mridu\.stmcufinder\plugins\mcufinder/ => C:\Users\mridu\.stmcufinder\plugins\mcufinder
2024-11-14 19:39:12,288 [WARN] DbFile:41 - Overriding database path with different value: C:\Users\mridu\.stmcufinder\plugins\mcufinder/ => C:\Users\mridu\.stmcufinder\plugins\mcufinder
2024-11-14 19:39:12,288 [INFO] CrossReferenceDbSqlite:203 - Set database path to: C:\Users\mridu\.stmcufinder\plugins\mcufinder//mcu/cs/
2024-11-14 19:39:12,319 [INFO] ApplicationProperties:184 - Using Application install path: C:\ST\STM32CubeIDE_1.16.1\STM32CubeIDE\plugins\com.st.stm32cube.common.mx_6.12.1.202409122256
2024-11-14 19:39:12,322 [INFO] PluginManage:196 - Search for loadable plugins [exclusion list=, ]
2024-11-14 19:39:12,324 [INFO] PluginManage:310 - Check plugin analytics
2024-11-14 19:39:12,636 [INFO] AnalyticsPlugin:253 - Accepted Software Licenses: 
2024-11-14 19:39:12,637 [INFO] AnalyticsPlugin:255 - Accepted CMSIS Pack Licenses: 
2024-11-14 19:39:12,637 [INFO] AnalyticsPlugin:257 - Accepted Firmware Licenses: 
2024-11-14 19:39:12,642 [INFO] PluginManage:359 - Loaded plugin analytics (category:tool,tabindex:-1)
2024-11-14 19:39:12,643 [INFO] PluginManage:310 - Check plugin cadmodel
2024-11-14 19:39:12,651 [INFO] CADModel:105 - Init CAD model plugin
2024-11-14 19:39:12,652 [INFO] PluginManage:359 - Loaded plugin cadmodel (category:power,tabindex:5)
2024-11-14 19:39:12,652 [INFO] PluginManage:310 - Check plugin clock
2024-11-14 19:39:12,671 [INFO] PluginManage:359 - Loaded plugin clock (category:base,tabindex:2)
2024-11-14 19:39:12,672 [INFO] PluginManage:310 - Check plugin ddr
2024-11-14 19:39:12,676 [INFO] PluginManage:359 - Loaded plugin ddr (category:tool,tabindex:6)
2024-11-14 19:39:12,677 [INFO] PluginManage:310 - Check plugin filemanager
2024-11-14 19:39:13,049 [INFO] PluginManage:359 - Loaded plugin filemanager (category:base,tabindex:10)
2024-11-14 19:39:13,050 [INFO] PluginManage:310 - Check plugin ipmanager
2024-11-14 19:39:13,066 [INFO] PluginManage:359 - Loaded plugin ipmanager (category:base,tabindex:5)
2024-11-14 19:39:13,067 [INFO] PluginManage:310 - Check plugin lpbam
2024-11-14 19:39:13,082 [INFO] PluginManage:359 - Loaded plugin lpbam (category:base,tabindex:0)
2024-11-14 19:39:13,082 [INFO] PluginManage:310 - Check plugin memorymap
2024-11-14 19:39:13,107 [INFO] PluginManage:359 - Loaded plugin memorymap (category:base,tabindex:4)
2024-11-14 19:39:13,107 [INFO] PluginManage:310 - Check plugin pinoutandconfiguration
2024-11-14 19:39:13,123 [INFO] PluginManage:359 - Loaded plugin pinoutandconfiguration (category:base,tabindex:1)
2024-11-14 19:39:13,123 [INFO] PluginManage:310 - Check plugin pinoutconfig
2024-11-14 19:39:13,304 [WARN] SupportedApi:132 - Cannot load RTOS API schema: s4s-elt-must-match.1: The content of 'definitions' must match (annotation?, (simpleType | complexType)?, (unique | key | keyref)*)). A problem was found starting at: attribute.
2024-11-14 19:39:13,562 [INFO] PluginManage:359 - Loaded plugin pinoutconfig (category:base,tabindex:0)
2024-11-14 19:39:13,562 [INFO] PluginManage:310 - Check plugin power
2024-11-14 19:39:13,581 [INFO] PluginManage:359 - Loaded plugin power (category:power,tabindex:4)
2024-11-14 19:39:13,582 [INFO] PluginManage:310 - Check plugin projectmanager
2024-11-14 19:39:13,606 [INFO] PluginManage:359 - Loaded plugin projectmanager (category:projectmanager,tabindex:4)
2024-11-14 19:39:13,606 [INFO] PluginManage:310 - Check plugin rif
2024-11-14 19:39:13,614 [INFO] PluginManage:359 - Loaded plugin rif (category:base,tabindex:3)
2024-11-14 19:39:13,615 [INFO] PluginManage:310 - Check plugin thirdparty
2024-11-14 19:39:13,833 [INFO] PluginManage:359 - Loaded plugin thirdparty (category:base,tabindex:-1)
2024-11-14 19:39:13,831 [WARN] IntegrityCheckThread:84 - waiting for thirdparty lock release [integrity check]
2024-11-14 19:39:13,834 [INFO] IntegrityCheckThread:86 - entering critical section [integrity check]
2024-11-14 19:39:13,835 [INFO] PluginManage:310 - Check plugin tools
2024-11-14 19:39:13,837 [INFO] ThirdPartyUpdaterWithRetryManager:70 - Updater plugin not ready yet. [1/15]
2024-11-14 19:39:13,843 [INFO] PluginManage:359 - Loaded plugin tools (category:base,tabindex:7)
2024-11-14 19:39:13,844 [INFO] PluginManage:310 - Check plugin tutovideos
2024-11-14 19:39:14,141 [INFO] PluginManage:359 - Loaded plugin tutovideos (category:base,tabindex:-1)
2024-11-14 19:39:14,141 [INFO] PluginManage:310 - Check plugin updater
2024-11-14 19:39:14,169 [INFO] PluginManage:359 - Loaded plugin updater (category:base,tabindex:12)
2024-11-14 19:39:14,169 [INFO] PluginManage:310 - Check plugin userauth
2024-11-14 19:39:14,176 [INFO] UserAuth:113 - Init User Auth plugin
2024-11-14 19:39:14,176 [INFO] PluginManage:359 - Loaded plugin userauth (category:base,tabindex:14)
2024-11-14 19:39:14,177 [INFO] PluginManage:283 - PluginManage : Loaded plugins [18]
2024-11-14 19:39:14,529 [INFO] PinOutPanel:1561 - setPackage(No Configuration,No Configuration)
2024-11-14 19:39:14,672 [INFO] CADModel:165 - CPN selected for project level
2024-11-14 19:39:14,672 [INFO] CADModel:114 - Register for checkConnection events
2024-11-14 19:39:14,695 [INFO] IPUIPlugin:80 - create IPUIPlugin
2024-11-14 19:39:14,695 [INFO] PluginManager:220 - loadIPPluginJar : add adc
2024-11-14 19:39:14,699 [INFO] IPUIPlugin:80 - create IPUIPlugin
2024-11-14 19:39:14,699 [INFO] PluginManager:220 - loadIPPluginJar : add aes
2024-11-14 19:39:14,703 [INFO] IPUIPlugin:80 - create IPUIPlugin
2024-11-14 19:39:14,703 [INFO] PluginManager:220 - loadIPPluginJar : add can
2024-11-14 19:39:14,705 [INFO] IPUIPlugin:80 - create IPUIPlugin
2024-11-14 19:39:14,705 [INFO] PluginManager:220 - loadIPPluginJar : add comp
2024-11-14 19:39:14,708 [INFO] IPUIPlugin:80 - create IPUIPlugin
2024-11-14 19:39:14,708 [INFO] PluginManager:220 - loadIPPluginJar : add cryp
2024-11-14 19:39:14,711 [INFO] IPUIPlugin:80 - create IPUIPlugin
2024-11-14 19:39:14,711 [INFO] PluginManager:220 - loadIPPluginJar : add ddr_ctrl_phy
2024-11-14 19:39:14,715 [INFO] IPUIPlugin:80 - create IPUIPlugin
2024-11-14 19:39:14,715 [INFO] PluginManager:220 - loadIPPluginJar : add dfsdm
2024-11-14 19:39:14,724 [INFO] IPUIPlugin:80 - create IPUIPlugin
2024-11-14 19:39:14,725 [INFO] PluginManager:220 - loadIPPluginJar : add dma
2024-11-14 19:39:14,731 [INFO] IPUIPlugin:80 - create IPUIPlugin
2024-11-14 19:39:14,731 [INFO] PluginManager:220 - loadIPPluginJar : add dma3
2024-11-14 19:39:14,736 [INFO] IPUIPlugin:80 - create IPUIPlugin
2024-11-14 19:39:14,736 [INFO] PluginManager:220 - loadIPPluginJar : add extmemmanager
2024-11-14 19:39:14,739 [INFO] IPUIPlugin:80 - create IPUIPlugin
2024-11-14 19:39:14,739 [INFO] PluginManager:220 - loadIPPluginJar : add fatfs
2024-11-14 19:39:14,746 [INFO] IPUIPlugin:80 - create IPUIPlugin
2024-11-14 19:39:14,747 [INFO] PluginManager:220 - loadIPPluginJar : add fmc
2024-11-14 19:39:14,755 [INFO] IPUIPlugin:80 - create IPUIPlugin
2024-11-14 19:39:14,756 [INFO] PluginManager:220 - loadIPPluginJar : add freertos
2024-11-14 19:39:14,759 [INFO] IPUIPlugin:80 - create IPUIPlugin
2024-11-14 19:39:14,759 [INFO] PluginManager:220 - loadIPPluginJar : add genericplugin
2024-11-14 19:39:14,763 [INFO] IPUIPlugin:80 - create IPUIPlugin
2024-11-14 19:39:14,763 [INFO] PluginManager:220 - loadIPPluginJar : add gfxmmu
2024-11-14 19:39:14,772 [INFO] IPUIPlugin:80 - create IPUIPlugin
2024-11-14 19:39:14,772 [INFO] PluginManager:220 - loadIPPluginJar : add gic
2024-11-14 19:39:14,778 [INFO] IPUIPlugin:80 - create IPUIPlugin
2024-11-14 19:39:14,778 [INFO] PluginManager:220 - loadIPPluginJar : add gpio
2024-11-14 19:39:14,782 [INFO] IPUIPlugin:80 - create IPUIPlugin
2024-11-14 19:39:14,782 [INFO] PluginManager:220 - loadIPPluginJar : add gtzc
2024-11-14 19:39:14,786 [INFO] IPUIPlugin:80 - create IPUIPlugin
2024-11-14 19:39:14,786 [INFO] PluginManager:220 - loadIPPluginJar : add hash
2024-11-14 19:39:14,790 [INFO] IPUIPlugin:80 - create IPUIPlugin
2024-11-14 19:39:14,790 [INFO] PluginManager:220 - loadIPPluginJar : add i2c
2024-11-14 19:39:14,794 [INFO] IPUIPlugin:80 - create IPUIPlugin
2024-11-14 19:39:14,795 [INFO] PluginManager:220 - loadIPPluginJar : add i2s
2024-11-14 19:39:14,800 [INFO] IPUIPlugin:80 - create IPUIPlugin
2024-11-14 19:39:14,800 [INFO] PluginManager:220 - loadIPPluginJar : add i3c
2024-11-14 19:39:14,804 [INFO] IPUIPlugin:80 - create IPUIPlugin
2024-11-14 19:39:14,805 [INFO] PluginManager:220 - loadIPPluginJar : add ipddr
2024-11-14 19:39:14,814 [INFO] IPUIPlugin:80 - create IPUIPlugin
2024-11-14 19:39:14,815 [INFO] PluginManager:220 - loadIPPluginJar : add linkedlist
2024-11-14 19:39:14,818 [INFO] IPUIPlugin:80 - create IPUIPlugin
2024-11-14 19:39:14,818 [INFO] PluginManager:220 - loadIPPluginJar : add lorawan
2024-11-14 19:39:14,820 [INFO] IPUIPlugin:80 - create IPUIPlugin
2024-11-14 19:39:14,820 [INFO] PluginManager:220 - loadIPPluginJar : add ltdc
2024-11-14 19:39:14,829 [INFO] IPUIPlugin:80 - create IPUIPlugin
2024-11-14 19:39:14,830 [INFO] PluginManager:220 - loadIPPluginJar : add mdma
2024-11-14 19:39:14,834 [INFO] IPUIPlugin:80 - create IPUIPlugin
2024-11-14 19:39:14,834 [INFO] PluginManager:220 - loadIPPluginJar : add nvic
2024-11-14 19:39:14,839 [INFO] IPUIPlugin:80 - create IPUIPlugin
2024-11-14 19:39:14,840 [INFO] PluginManager:220 - loadIPPluginJar : add opamp
2024-11-14 19:39:14,844 [INFO] IPUIPlugin:80 - create IPUIPlugin
2024-11-14 19:39:14,844 [INFO] PluginManager:220 - loadIPPluginJar : add openamp
2024-11-14 19:39:14,849 [INFO] IPUIPlugin:80 - create IPUIPlugin
2024-11-14 19:39:14,849 [INFO] PluginManager:220 - loadIPPluginJar : add pdm2pcm
2024-11-14 19:39:14,858 [INFO] IPUIPlugin:80 - create IPUIPlugin
2024-11-14 19:39:14,861 [INFO] PluginManager:220 - loadIPPluginJar : add plateformsettings
2024-11-14 19:39:14,865 [INFO] IPUIPlugin:80 - create IPUIPlugin
2024-11-14 19:39:14,865 [INFO] PluginManager:220 - loadIPPluginJar : add quadspi
2024-11-14 19:39:14,868 [INFO] IPUIPlugin:80 - create IPUIPlugin
2024-11-14 19:39:14,869 [INFO] PluginManager:220 - loadIPPluginJar : add radio
2024-11-14 19:39:14,874 [INFO] IPUIPlugin:80 - create IPUIPlugin
2024-11-14 19:39:14,874 [INFO] PluginManager:220 - loadIPPluginJar : add resmgrutility
2024-11-14 19:39:14,879 [INFO] IPUIPlugin:80 - create IPUIPlugin
2024-11-14 19:39:14,879 [INFO] PluginManager:220 - loadIPPluginJar : add sai
2024-11-14 19:39:14,882 [INFO] IPUIPlugin:80 - create IPUIPlugin
2024-11-14 19:39:14,882 [INFO] PluginManager:220 - loadIPPluginJar : add spi
2024-11-14 19:39:14,891 [INFO] IPUIPlugin:80 - create IPUIPlugin
2024-11-14 19:39:14,891 [INFO] PluginManager:220 - loadIPPluginJar : add stm32_wpan
2024-11-14 19:39:14,893 [INFO] IPUIPlugin:80 - create IPUIPlugin
2024-11-14 19:39:14,893 [INFO] PluginManager:220 - loadIPPluginJar : add tim
2024-11-14 19:39:14,898 [INFO] IPUIPlugin:80 - create IPUIPlugin
2024-11-14 19:39:14,898 [INFO] PluginManager:220 - loadIPPluginJar : add touchsensing
2024-11-14 19:39:14,901 [INFO] IPUIPlugin:80 - create IPUIPlugin
2024-11-14 19:39:14,901 [INFO] PluginManager:220 - loadIPPluginJar : add tracer_emb
2024-11-14 19:39:14,904 [INFO] IPUIPlugin:80 - create IPUIPlugin
2024-11-14 19:39:14,904 [INFO] PluginManager:220 - loadIPPluginJar : add ts
2024-11-14 19:39:14,907 [INFO] IPUIPlugin:80 - create IPUIPlugin
2024-11-14 19:39:14,907 [INFO] PluginManager:220 - loadIPPluginJar : add tsc
2024-11-14 19:39:14,911 [INFO] IPUIPlugin:80 - create IPUIPlugin
2024-11-14 19:39:14,911 [INFO] PluginManager:220 - loadIPPluginJar : add ucpd
2024-11-14 19:39:14,914 [INFO] IPUIPlugin:80 - create IPUIPlugin
2024-11-14 19:39:14,914 [INFO] PluginManager:220 - loadIPPluginJar : add usart
2024-11-14 19:39:14,919 [INFO] IPUIPlugin:80 - create IPUIPlugin
2024-11-14 19:39:14,919 [INFO] PluginManager:220 - loadIPPluginJar : add usbx
2024-11-14 19:39:15,081 [INFO] CADModel:165 - CPN selected for project level
2024-11-14 19:39:15,081 [INFO] CADModel:114 - Register for checkConnection events
2024-11-14 19:39:15,082 [FATAL] Updater:334 - Updater called before beeing initialized
2024-11-14 19:39:15,082 [ERROR] CADModel:125 - Updater not yet initialized, retry later 
2024-11-14 19:39:15,267 [INFO] CADModel:165 - CPN selected for project level
2024-11-14 19:39:15,267 [INFO] CADModel:114 - Register for checkConnection events
2024-11-14 19:39:15,269 [FATAL] Updater:334 - Updater called before beeing initialized
2024-11-14 19:39:15,269 [ERROR] CADModel:125 - Updater not yet initialized, retry later 
2024-11-14 19:39:15,274 [FATAL] Updater:334 - Updater called before beeing initialized
2024-11-14 19:39:15,458 [FATAL] Updater:334 - Updater called before beeing initialized
2024-11-14 19:39:15,463 [INFO] DbMcusAds:53 - JSON generation date=Fri Sep 20 06:04:38 PDT 2024 (1726837478367)
2024-11-14 19:39:15,463 [FATAL] Updater:334 - Updater called before beeing initialized
2024-11-14 19:39:15,503 [WARN] DetailPanel:346 - Failed to get advertising image, set to default
2024-11-14 19:39:15,648 [FATAL] Updater:334 - Updater called before beeing initialized
2024-11-14 19:39:15,650 [FATAL] Updater:334 - Updater called before beeing initialized
2024-11-14 19:39:15,650 [FATAL] Updater:334 - Updater called before beeing initialized
2024-11-14 19:39:15,650 [WARN] DetailPanel:346 - Failed to get advertising image, set to default
2024-11-14 19:39:15,651 [FATAL] Updater:334 - Updater called before beeing initialized
2024-11-14 19:39:15,717 [ERROR] Updater:1164 - MainUpdater not yet initialized. External WinMGr cannot be set.
2024-11-14 19:39:15,719 [INFO] Updater:1100 - Updater Version found : 6.12.1
2024-11-14 19:39:15,744 [INFO] ApplicationProperties:184 - Using Application install path: C:\ST\STM32CubeIDE_1.16.1\STM32CubeIDE\plugins\com.st.stm32cube.common.mx_6.12.1.202409122256
2024-11-14 19:39:16,838 [INFO] ThirdPartyUpdaterWithRetryManager:70 - Updater plugin not ready yet. [2/15]
2024-11-14 19:39:17,329 [ERROR] LogOutputStream:75 - [STDERR_REDIRECT] Nov 14, 2024 7:39:17 PM java.util.prefs.WindowsPreferences <init>
2024-11-14 19:39:17,331 [ERROR] LogOutputStream:75 - [STDERR_REDIRECT] WARNING: Could not open/create prefs root node Software\JavaSoft\Prefs at root 0xffffffff80000002. Windows RegCreateKeyEx(...) returned error code 5.
2024-11-14 19:39:17,332 [ERROR] LogOutputStream:75 - [STDERR_REDIRECT] 
2024-11-14 19:39:17,756 [INFO] MainUpdater:2873 - connection check result : 10
2024-11-14 19:39:17,757 [INFO] MainUpdater:290 - Updater Check For Update Now.
2024-11-14 19:39:17,757 [INFO] MicroXplorer:498 - Change Database Version : DB.6.0.121
2024-11-14 19:39:17,763 [INFO] McuFinderGlobals:63 - Set McuFinder mode to 2 (CubeIDE integrated)
2024-11-14 19:39:17,764 [INFO] UserAuth:417 - Internet connection configuration mode: 1
2024-11-14 19:39:17,802 [INFO] JxBrowserEngine:152 - Initiate JxBrowser Engine with user profile folder
2024-11-14 19:39:17,996 [INFO] CheckServerUpdateThread:120 - End of CheckServer Thread
2024-11-14 19:39:18,781 [INFO] WebApp:167 - Instantiating new browser for Auth
2024-11-14 19:39:20,345 [WARN] PackLoader:240 - Cannot read IP mode file for STMicroelectronics.FP-SNS-MOTENVWB1.1.4.0
2024-11-14 19:39:20,347 [INFO] WebApp:448 - Apply proxy settings
2024-11-14 19:39:20,347 [INFO] WebApp:533 - Chromium requires no authentication
2024-11-14 19:39:20,365 [WARN] PackLoader:240 - Cannot read IP mode file for STMicroelectronics.FP-ATR-ASTRA1.2.0.1
2024-11-14 19:39:20,367 [INFO] WebApp:476 - Direct internet connection detected
2024-11-14 19:39:20,385 [WARN] PackLoader:240 - Cannot read IP mode file for STMicroelectronics.X-CUBE-SMBUS.2.1.0
2024-11-14 19:39:20,401 [WARN] PackLoader:240 - Cannot read IP mode file for STMicroelectronics.X-CUBE-WB05N.1.1.0
2024-11-14 19:39:20,463 [INFO] WebApp:869 - Register for checkConnection events
2024-11-14 19:39:20,464 [INFO] WebApp:448 - Apply proxy settings
2024-11-14 19:39:20,464 [INFO] WebApp:533 - Chromium requires no authentication
2024-11-14 19:39:20,466 [INFO] WebApp:476 - Direct internet connection detected
2024-11-14 19:39:20,473 [WARN] PackLoader:240 - Cannot read IP mode file for STMicroelectronics.X-CUBE-AZRTOS-F7.1.1.0
2024-11-14 19:39:20,491 [WARN] PackLoader:240 - Cannot read IP mode file for STMicroelectronics.FP-SNS-FLIGHT1.5.0.2
2024-11-14 19:39:20,506 [WARN] PackLoader:240 - Cannot read IP mode file for STMicroelectronics.X-CUBE-DISPLAY.3.0.0
2024-11-14 19:39:20,521 [WARN] PackLoader:240 - Cannot read IP mode file for STMicroelectronics.X-CUBE-BLE1.7.0.0
2024-11-14 19:39:20,531 [WARN] PackLoader:240 - Cannot read IP mode file for emotas.I-CUBE-CANOPEN.1.3.0
2024-11-14 19:39:20,545 [WARN] PackLoader:240 - Cannot read IP mode file for STMicroelectronics.X-CUBE-BLEMGR.3.1.0
2024-11-14 19:39:20,556 [WARN] PackLoader:240 - Cannot read IP mode file for STMicroelectronics.FP-SNS-SMARTAG2.1.2.0
2024-11-14 19:39:20,571 [INFO] LogOutputStream:77 - [STDOUT_REDIRECT] 1 : Invalid condition id : UX_CORESTACK_Condition cause : null
2024-11-14 19:39:20,571 [INFO] LogOutputStream:77 - [STDOUT_REDIRECT] 1 : Invalid condition id : UX_CORESTACK_Condition cause : null
2024-11-14 19:39:20,573 [INFO] LogOutputStream:77 - [STDOUT_REDIRECT] 1 : Invalid condition id : UX_CORESTACK_Condition cause : null
2024-11-14 19:39:20,575 [INFO] LogOutputStream:77 - [STDOUT_REDIRECT] 1 : Invalid condition id : UX_CORESTACK_Condition cause : null
2024-11-14 19:39:20,576 [INFO] LogOutputStream:77 - [STDOUT_REDIRECT] 1 : Invalid condition id : UX_CORESTACK_Condition cause : null
2024-11-14 19:39:20,585 [WARN] PackLoader:240 - Cannot read IP mode file for STMicroelectronics.X-CUBE-AZRTOS-WL.2.0.0
2024-11-14 19:39:20,593 [WARN] PackLoader:240 - Cannot read IP mode file for STMicroelectronics.FP-SNS-MOTENV1.5.0.0
2024-11-14 19:39:20,602 [WARN] PackLoader:240 - Cannot read IP mode file for wolfSSL.I-CUBE-wolfMQTT.1.19.0
2024-11-14 19:39:20,617 [WARN] PackLoader:240 - Cannot read IP mode file for WES.I-CUBE-Cesium.1.3.0
2024-11-14 19:39:20,626 [WARN] PackLoader:240 - Cannot read IP mode file for STMicroelectronics.X-CUBE-BLE2.3.3.0
2024-11-14 19:39:20,639 [WARN] PackLoader:240 - Cannot read IP mode file for STMicroelectronics.X-CUBE-TCPP.4.1.0
2024-11-14 19:39:20,663 [WARN] PackLoader:240 - Cannot read IP mode file for STMicroelectronics.X-CUBE-AZRTOS-G0.1.1.0
2024-11-14 19:39:20,682 [WARN] PackLoader:240 - Cannot read IP mode file for STMicroelectronics.X-CUBE-SAFEA1.1.2.2
2024-11-14 19:39:20,698 [WARN] PackLoader:240 - Cannot read IP mode file for STMicroelectronics.X-CUBE-NFC4.3.0.0
2024-11-14 19:39:20,730 [WARN] PackLoader:240 - Cannot read IP mode file for EmbeddedOffice.I-CUBE-FS-RTOS.1.0.1
2024-11-14 19:39:20,731 [ERROR] ConditionMgr:805 - Attr not supported : Dmpu
2024-11-14 19:39:20,731 [ERROR] ConditionMgr:805 - Attr not supported : Dmpu
2024-11-14 19:39:20,731 [ERROR] ConditionMgr:805 - Attr not supported : Dmpu
2024-11-14 19:39:20,731 [ERROR] ConditionMgr:805 - Attr not supported : Dmpu
2024-11-14 19:39:20,731 [ERROR] ConditionMgr:805 - Attr not supported : Dmpu
2024-11-14 19:39:20,731 [ERROR] ConditionMgr:805 - Attr not supported : Dmpu
2024-11-14 19:39:20,732 [ERROR] ConditionMgr:805 - Attr not supported : Dmpu
2024-11-14 19:39:20,732 [ERROR] ConditionMgr:805 - Attr not supported : Dmpu
2024-11-14 19:39:20,732 [ERROR] ConditionMgr:805 - Attr not supported : Dmpu
2024-11-14 19:39:20,732 [ERROR] ConditionMgr:805 - Attr not supported : Dmpu
2024-11-14 19:39:20,732 [ERROR] ConditionMgr:805 - Attr not supported : Dmpu
2024-11-14 19:39:20,732 [ERROR] ConditionMgr:805 - Attr not supported : Dmpu
2024-11-14 19:39:20,732 [ERROR] ConditionMgr:805 - Attr not supported : Dmpu
2024-11-14 19:39:20,732 [ERROR] ConditionMgr:805 - Attr not supported : Dmpu
2024-11-14 19:39:20,733 [ERROR] ConditionMgr:805 - Attr not supported : Dmpu
2024-11-14 19:39:20,733 [ERROR] ConditionMgr:805 - Attr not supported : Dmpu
2024-11-14 19:39:20,733 [ERROR] ConditionMgr:805 - Attr not supported : Dmpu
2024-11-14 19:39:20,733 [ERROR] ConditionMgr:805 - Attr not supported : Dmpu
2024-11-14 19:39:20,734 [ERROR] ConditionMgr:805 - Attr not supported : Dmpu
2024-11-14 19:39:20,734 [ERROR] ConditionMgr:805 - Attr not supported : Dmpu
2024-11-14 19:39:20,734 [ERROR] ConditionMgr:805 - Attr not supported : Dmpu
2024-11-14 19:39:20,734 [ERROR] ConditionMgr:805 - Attr not supported : Dmpu
2024-11-14 19:39:20,734 [ERROR] ConditionMgr:805 - Attr not supported : Dmpu
2024-11-14 19:39:20,734 [ERROR] ConditionMgr:805 - Attr not supported : Dmpu
2024-11-14 19:39:20,735 [ERROR] ConditionMgr:805 - Attr not supported : Dmpu
2024-11-14 19:39:20,735 [ERROR] ConditionMgr:805 - Attr not supported : Dmpu
2024-11-14 19:39:20,735 [ERROR] ConditionMgr:805 - Attr not supported : Dmpu
2024-11-14 19:39:20,735 [ERROR] ConditionMgr:805 - Attr not supported : Dmpu
2024-11-14 19:39:20,735 [ERROR] ConditionMgr:805 - Attr not supported : Dmpu
2024-11-14 19:39:20,735 [ERROR] ConditionMgr:805 - Attr not supported : Dmpu
2024-11-14 19:39:20,736 [ERROR] ConditionMgr:805 - Attr not supported : Dmpu
2024-11-14 19:39:20,736 [ERROR] ConditionMgr:805 - Attr not supported : Dmpu
2024-11-14 19:39:20,736 [ERROR] ConditionMgr:805 - Attr not supported : Dmpu
2024-11-14 19:39:20,736 [ERROR] ConditionMgr:805 - Attr not supported : Dmpu
2024-11-14 19:39:20,736 [ERROR] ConditionMgr:805 - Attr not supported : Dmpu
2024-11-14 19:39:20,736 [ERROR] ConditionMgr:805 - Attr not supported : Dmpu
2024-11-14 19:39:20,736 [ERROR] ConditionMgr:805 - Attr not supported : Dmpu
2024-11-14 19:39:20,736 [ERROR] ConditionMgr:805 - Attr not supported : Dmpu
2024-11-14 19:39:20,737 [ERROR] ConditionMgr:805 - Attr not supported : Dmpu
2024-11-14 19:39:20,737 [ERROR] ConditionMgr:805 - Attr not supported : Dmpu
2024-11-14 19:39:20,737 [ERROR] ConditionMgr:805 - Attr not supported : Dmpu
2024-11-14 19:39:20,737 [ERROR] ConditionMgr:805 - Attr not supported : Dmpu
2024-11-14 19:39:20,738 [ERROR] ConditionMgr:805 - Attr not supported : Dmpu
2024-11-14 19:39:20,738 [ERROR] ConditionMgr:805 - Attr not supported : Dmpu
2024-11-14 19:39:20,739 [ERROR] ConditionMgr:805 - Attr not supported : Dmpu
2024-11-14 19:39:20,739 [ERROR] ConditionMgr:805 - Attr not supported : Dmpu
2024-11-14 19:39:20,739 [ERROR] ConditionMgr:805 - Attr not supported : Dmpu
2024-11-14 19:39:20,739 [ERROR] ConditionMgr:805 - Attr not supported : Dmpu
2024-11-14 19:39:20,739 [ERROR] ConditionMgr:805 - Attr not supported : Dmpu
2024-11-14 19:39:20,740 [ERROR] ConditionMgr:805 - Attr not supported : Dmpu
2024-11-14 19:39:20,740 [ERROR] ConditionMgr:805 - Attr not supported : Dmpu
2024-11-14 19:39:20,740 [ERROR] ConditionMgr:805 - Attr not supported : Dmpu
2024-11-14 19:39:20,740 [ERROR] ConditionMgr:805 - Attr not supported : Dmpu
2024-11-14 19:39:20,740 [ERROR] ConditionMgr:805 - Attr not supported : Dmpu
2024-11-14 19:39:20,741 [ERROR] ConditionMgr:805 - Attr not supported : Dmpu
2024-11-14 19:39:20,741 [ERROR] ConditionMgr:805 - Attr not supported : Dmpu
2024-11-14 19:39:20,741 [ERROR] ConditionMgr:805 - Attr not supported : Dmpu
2024-11-14 19:39:20,741 [ERROR] ConditionMgr:805 - Attr not supported : Dmpu
2024-11-14 19:39:20,741 [ERROR] ConditionMgr:805 - Attr not supported : Dmpu
2024-11-14 19:39:20,742 [ERROR] ConditionMgr:805 - Attr not supported : Dmpu
2024-11-14 19:39:20,742 [ERROR] ConditionMgr:805 - Attr not supported : Dmpu
2024-11-14 19:39:20,742 [ERROR] ConditionMgr:805 - Attr not supported : Dmpu
2024-11-14 19:39:20,742 [ERROR] ConditionMgr:805 - Attr not supported : Dmpu
2024-11-14 19:39:20,742 [ERROR] ConditionMgr:805 - Attr not supported : Dmpu
2024-11-14 19:39:20,753 [WARN] PackLoader:240 - Cannot read IP mode file for RealThread.X-CUBE-RT-Thread_Nano.4.1.1
2024-11-14 19:39:20,761 [INFO] WebApp:186 - Connection restablished
2024-11-14 19:39:20,763 [WARN] PackLoader:240 - Cannot read IP mode file for STMicroelectronics.FP-ATR-SIGFOX1.3.2.0
2024-11-14 19:39:20,777 [WARN] ConditionMgr:438 - getConditionDescription Invalid condition id : Cortex-A Device cause : null
2024-11-14 19:39:20,833 [WARN] ConditionMgr:1039 - genDependencies : Invalid condition id : Cortex-A Device cause : null
2024-11-14 19:39:20,833 [WARN] ConditionMgr:1039 - genDependencies : Invalid condition id : Cortex-A Device cause : null
2024-11-14 19:39:20,833 [WARN] ConditionMgr:1039 - genDependencies : Invalid condition id : Cortex-A Device cause : null
2024-11-14 19:39:20,845 [WARN] PackLoader:240 - Cannot read IP mode file for STMicroelectronics.X-CUBE-EEPRMA1.5.1.0
2024-11-14 19:39:20,858 [WARN] PackLoader:240 - Cannot read IP mode file for wolfSSL.I-CUBE-wolfSSL.5.7.4
2024-11-14 19:39:20,867 [WARN] PackLoader:240 - Cannot read IP mode file for ITTIA_DB.I-CUBE-ITTIADB.8.9.0
2024-11-14 19:39:20,940 [WARN] PackLoader:240 - Cannot read IP mode file for SEGGER.I-CUBE-embOS.1.3.1
2024-11-14 19:39:21,083 [WARN] PackLoader:240 - Cannot read IP mode file for STMicroelectronics.X-CUBE-ALGOBUILD.1.4.0
2024-11-14 19:39:21,115 [WARN] PackLoader:240 - Cannot read IP mode file for STMicroelectronics.X-CUBE-AZRTOS-F4.1.1.0
2024-11-14 19:39:21,133 [WARN] PackLoader:240 - Cannot read IP mode file for STMicroelectronics.X-CUBE-FREERTOS.1.2.0
2024-11-14 19:39:21,164 [WARN] PackLoader:240 - Cannot read IP mode file for STMicroelectronics.X-CUBE-AZRTOS-L5.2.0.0
2024-11-14 19:39:21,179 [WARN] PackLoader:240 - Cannot read IP mode file for STMicroelectronics.X-CUBE-NFC6.3.1.0
2024-11-14 19:39:21,180 [INFO] WebApp:220 - Starting web application
2024-11-14 19:39:21,180 [INFO] WebApp:578 - Web application path used C:\ST\STM32CubeIDE_1.16.1\STM32CubeIDE\plugins\com.st.stm32cube.common.mx_6.12.1.202409122256\db\plugins\mcufinder\reactClient1\index.html
2024-11-14 19:39:21,191 [WARN] PackLoader:240 - Cannot read IP mode file for STMicroelectronics.X-CUBE-NFC7.1.0.1
2024-11-14 19:39:21,220 [WARN] ConditionMgr:438 - getConditionDescription Invalid condition id : LAN8742 Phy interface Condition cause : null
2024-11-14 19:39:21,222 [WARN] PackLoader:240 - Cannot read IP mode file for STMicroelectronics.X-CUBE-AZRTOS-L4.2.0.0
2024-11-14 19:39:21,225 [WARN] ConditionMgr:1039 - genDependencies : Invalid condition id : LAN8742 Phy interface Condition cause : null
2024-11-14 19:39:21,227 [WARN] ConditionMgr:1039 - genDependencies : Invalid condition id : LAN8742 Phy interface Condition cause : null
2024-11-14 19:39:21,228 [WARN] ConditionMgr:1039 - genDependencies : Invalid condition id : LAN8742 Phy interface Condition cause : null
2024-11-14 19:39:21,242 [WARN] PackLoader:240 - Cannot read IP mode file for STMicroelectronics.X-CUBE-SFXS2LP1.4.0.0
2024-11-14 19:39:21,280 [WARN] PackLoader:240 - Cannot read IP mode file for STMicroelectronics.X-CUBE-AZRTOS-H7.3.3.0
2024-11-14 19:39:21,299 [WARN] ConditionMgr:438 - getConditionDescription Invalid condition id : UX DEVICE CLASS RTOS Condition cause : null
2024-11-14 19:39:21,299 [WARN] ConditionMgr:438 - getConditionDescription Invalid condition id : UX DEVICE CLASS RTOS Condition cause : null
2024-11-14 19:39:21,302 [WARN] PackLoader:240 - Cannot read IP mode file for STMicroelectronics.X-CUBE-AZRTOS-WB.2.0.0
2024-11-14 19:39:21,302 [WARN] ConditionMgr:1039 - genDependencies : Invalid condition id : UX DEVICE CLASS RTOS Condition cause : null
2024-11-14 19:39:21,303 [WARN] ConditionMgr:1039 - genDependencies : Invalid condition id : UX DEVICE CLASS RTOS Condition cause : null
2024-11-14 19:39:21,303 [WARN] ConditionMgr:1039 - genDependencies : Invalid condition id : UX DEVICE CLASS RTOS Condition cause : null
2024-11-14 19:39:21,303 [WARN] ConditionMgr:1039 - genDependencies : Invalid condition id : UX DEVICE CLASS RTOS Condition cause : null
2024-11-14 19:39:21,303 [WARN] ConditionMgr:1039 - genDependencies : Invalid condition id : UX DEVICE CLASS RTOS Condition cause : null
2024-11-14 19:39:21,318 [WARN] PackLoader:240 - Cannot read IP mode file for STMicroelectronics.X-CUBE-SUBG2.5.0.0
2024-11-14 19:39:21,329 [WARN] PackLoader:240 - Cannot read IP mode file for Cesanta.I-CUBE-Mongoose.7.13.0
2024-11-14 19:39:21,351 [WARN] PackLoader:240 - Cannot read IP mode file for STMicroelectronics.X-CUBE-AZRTOS-G4.2.0.0
2024-11-14 19:39:21,361 [WARN] PackLoader:240 - Cannot read IP mode file for STMicroelectronics.X-CUBE-ALS.1.0.2
2024-11-14 19:39:21,370 [WARN] PackLoader:240 - Cannot read IP mode file for STMicroelectronics.X-CUBE-TOUCHGFX.4.24.1
2024-11-14 19:39:21,377 [WARN] PackLoader:240 - Cannot read IP mode file for wolfSSL.I-CUBE-wolfTPM.3.4.0
2024-11-14 19:39:21,386 [WARN] PackLoader:240 - Cannot read IP mode file for portGmbH.I-Cube-SoM-uGOAL.1.1.0
2024-11-14 19:39:21,433 [WARN] PackLoader:240 - Cannot read IP mode file for STMicroelectronics.X-CUBE-AZRTOS-H7RS.1.0.0
2024-11-14 19:39:21,442 [WARN] PackLoader:240 - Cannot read IP mode file for STMicroelectronics.FP-ATR-ASTRA1.2.0.0
2024-11-14 19:39:21,454 [INFO] UserAuth:417 - Internet connection configuration mode: 1
2024-11-14 19:39:21,484 [WARN] PackLoader:240 - Cannot read IP mode file for Infineon.AIROC-Wi-Fi-Bluetooth-STM32.1.6.1
2024-11-14 19:39:21,504 [WARN] PackLoader:240 - Cannot read IP mode file for wolfSSL.I-CUBE-wolfSSH.1.4.17
2024-11-14 19:39:21,505 [INFO] ThirdParty:978 - Integrity check success = true
2024-11-14 19:39:21,506 [INFO] IntegrityCheckThread:100 - exiting critical section [integrity check]
2024-11-14 19:39:21,506 [INFO] IntegrityCheckThread:103 - End integrity checks thread
2024-11-14 20:38:21,668 [INFO] WebApp:189 - Connection lost
2024-11-14 20:38:21,962 [INFO] WebApp:186 - Connection restablished
2024-11-14 21:20:58,676 [ERROR] LogOutputStream:75 - [STDERR_REDIRECT] 
