2025-03-22 11:33:12,075 [INFO] Activator:176 - 


2025-03-22 11:33:12,081 [INFO] Activator:177 - !SESSION log4j initialized
2025-03-22 11:33:19,769 [INFO] LogOutputStream:77 - [STDOUT_REDIRECT] 
2025-03-22 11:33:26,592 [INFO] ApplicationProperties:184 - Using Application install path: C:\ST\STM32CubeIDE_1.16.1\STM32CubeIDE\plugins\com.st.stm32cube.common.mx_6.14.0.202502271554
2025-03-22 11:33:26,618 [INFO] DbMcusXml:78 - Set database path to: C:\ST\STM32CubeIDE_1.16.1\STM32CubeIDE\plugins\com.st.stm32cube.common.mx_6.14.0.202502271554\\db\/mcu/
2025-03-22 11:33:26,619 [INFO] ApiDb:274 - Set plugin database path to: C:\ST\STM32CubeIDE_1.16.1\STM32CubeIDE\plugins\com.st.stm32cube.common.mx_6.14.0.202502271554\\db\/plugins/boardmanager/
2025-03-22 11:33:26,620 [WARN] ApiDb:259 - Overriding images path with different value:  => C:\ST\STM32CubeIDE_1.16.1\STM32CubeIDE\plugins\com.st.stm32cube.common.mx_6.14.0.202502271554\\db\/plugins/mcufinder/images/
2025-03-22 11:33:26,633 [INFO] ApiDb:250 - Set database path to: C:\Users\mridu\.stmcufinder\plugins\mcufinder//mcu/
2025-03-22 11:33:26,635 [INFO] DbMcusAds:125 - Set database path to: C:\Users\mridu\.stmcufinder\plugins\mcufinder//mcu/
2025-03-22 11:33:26,637 [INFO] CrossReferenceDbSqlite:203 - Set database path to: C:\Users\mridu\.stmcufinder\plugins\mcufinder//mcu/cs/
2025-03-22 11:33:26,781 [INFO] RulesReader:64 - Compatibility file has been processed (301 Rules)
2025-03-22 11:33:26,909 [INFO] DbMcusXml:78 - Set database path to: C:\ST\STM32CubeIDE_1.16.1\STM32CubeIDE\plugins\com.st.stm32cube.common.mx_6.14.0.202502271554\\db\/mcu/
2025-03-22 11:33:26,910 [INFO] ApiDb:274 - Set plugin database path to: C:\ST\STM32CubeIDE_1.16.1\STM32CubeIDE\plugins\com.st.stm32cube.common.mx_6.14.0.202502271554\\db\/plugins/boardmanager/
2025-03-22 11:33:26,910 [INFO] ApiDb:261 - Set plugin images path to: C:\ST\STM32CubeIDE_1.16.1\STM32CubeIDE\plugins\com.st.stm32cube.common.mx_6.14.0.202502271554\\db\/plugins/mcufinder/images/
2025-03-22 11:33:26,910 [WARN] DbFile:41 - Overriding database path with different value: C:\Users\mridu\.stmcufinder\plugins\mcufinder/ => C:\Users\mridu\.stmcufinder\plugins\mcufinder
2025-03-22 11:33:26,910 [INFO] ApiDb:250 - Set database path to: C:\Users\mridu\.stmcufinder\plugins\mcufinder//mcu/
2025-03-22 11:33:26,910 [WARN] DbFile:41 - Overriding database path with different value: C:\Users\mridu\.stmcufinder\plugins\mcufinder/ => C:\Users\mridu\.stmcufinder\plugins\mcufinder
2025-03-22 11:33:26,910 [INFO] DbMcusAds:125 - Set database path to: C:\Users\mridu\.stmcufinder\plugins\mcufinder//mcu/
2025-03-22 11:33:26,910 [WARN] DbFile:41 - Overriding database path with different value: C:\Users\mridu\.stmcufinder\plugins\mcufinder/ => C:\Users\mridu\.stmcufinder\plugins\mcufinder
2025-03-22 11:33:26,910 [WARN] DbFile:41 - Overriding database path with different value: C:\Users\mridu\.stmcufinder\plugins\mcufinder/ => C:\Users\mridu\.stmcufinder\plugins\mcufinder
2025-03-22 11:33:26,910 [INFO] CrossReferenceDbSqlite:203 - Set database path to: C:\Users\mridu\.stmcufinder\plugins\mcufinder//mcu/cs/
2025-03-22 11:33:27,013 [INFO] MainPanel:272 - HeapMemory: 268435456
2025-03-22 11:33:27,173 [INFO] DbMcusXml:78 - Set database path to: C:\ST\STM32CubeIDE_1.16.1\STM32CubeIDE\plugins\com.st.stm32cube.common.mx_6.14.0.202502271554\\db\/mcu/
2025-03-22 11:33:27,174 [INFO] ApiDb:274 - Set plugin database path to: C:\ST\STM32CubeIDE_1.16.1\STM32CubeIDE\plugins\com.st.stm32cube.common.mx_6.14.0.202502271554\\db\/plugins/boardmanager/
2025-03-22 11:33:27,174 [INFO] ApiDb:261 - Set plugin images path to: C:\ST\STM32CubeIDE_1.16.1\STM32CubeIDE\plugins\com.st.stm32cube.common.mx_6.14.0.202502271554\\db\/plugins/mcufinder/images/
2025-03-22 11:33:27,174 [WARN] DbFile:41 - Overriding database path with different value: C:\Users\mridu\.stmcufinder\plugins\mcufinder/ => C:\Users\mridu\.stmcufinder\plugins\mcufinder
2025-03-22 11:33:27,174 [INFO] ApiDb:250 - Set database path to: C:\Users\mridu\.stmcufinder\plugins\mcufinder//mcu/
2025-03-22 11:33:27,175 [WARN] DbFile:41 - Overriding database path with different value: C:\Users\mridu\.stmcufinder\plugins\mcufinder/ => C:\Users\mridu\.stmcufinder\plugins\mcufinder
2025-03-22 11:33:27,175 [INFO] DbMcusAds:125 - Set database path to: C:\Users\mridu\.stmcufinder\plugins\mcufinder//mcu/
2025-03-22 11:33:27,175 [WARN] DbFile:41 - Overriding database path with different value: C:\Users\mridu\.stmcufinder\plugins\mcufinder/ => C:\Users\mridu\.stmcufinder\plugins\mcufinder
2025-03-22 11:33:27,175 [WARN] DbFile:41 - Overriding database path with different value: C:\Users\mridu\.stmcufinder\plugins\mcufinder/ => C:\Users\mridu\.stmcufinder\plugins\mcufinder
2025-03-22 11:33:27,175 [INFO] CrossReferenceDbSqlite:203 - Set database path to: C:\Users\mridu\.stmcufinder\plugins\mcufinder//mcu/cs/
2025-03-22 11:33:27,202 [INFO] ApplicationProperties:184 - Using Application install path: C:\ST\STM32CubeIDE_1.16.1\STM32CubeIDE\plugins\com.st.stm32cube.common.mx_6.14.0.202502271554
2025-03-22 11:33:27,204 [INFO] PluginManage:196 - Search for loadable plugins [exclusion list=, ]
2025-03-22 11:33:27,206 [INFO] PluginManage:310 - Check plugin analytics
2025-03-22 11:33:27,470 [INFO] AnalyticsPlugin:253 - Accepted Software Licenses: 
2025-03-22 11:33:27,471 [INFO] AnalyticsPlugin:255 - Accepted CMSIS Pack Licenses: 
2025-03-22 11:33:27,471 [INFO] AnalyticsPlugin:257 - Accepted Firmware Licenses: 
2025-03-22 11:33:27,477 [INFO] PluginManage:359 - Loaded plugin analytics (category:tool,tabindex:-1)
2025-03-22 11:33:27,478 [INFO] PluginManage:310 - Check plugin cadmodel
2025-03-22 11:33:27,502 [INFO] CADModel:105 - Init CAD model plugin
2025-03-22 11:33:27,502 [INFO] PluginManage:359 - Loaded plugin cadmodel (category:power,tabindex:5)
2025-03-22 11:33:27,503 [INFO] PluginManage:310 - Check plugin clock
2025-03-22 11:33:27,530 [INFO] PluginManage:359 - Loaded plugin clock (category:base,tabindex:2)
2025-03-22 11:33:27,530 [INFO] PluginManage:310 - Check plugin ddr
2025-03-22 11:33:27,534 [INFO] PluginManage:359 - Loaded plugin ddr (category:tool,tabindex:6)
2025-03-22 11:33:27,535 [INFO] PluginManage:310 - Check plugin filemanager
2025-03-22 11:33:27,721 [INFO] PluginManage:359 - Loaded plugin filemanager (category:base,tabindex:10)
2025-03-22 11:33:27,721 [INFO] PluginManage:310 - Check plugin ipmanager
2025-03-22 11:33:27,729 [INFO] PluginManage:359 - Loaded plugin ipmanager (category:base,tabindex:5)
2025-03-22 11:33:27,729 [INFO] PluginManage:310 - Check plugin lpbam
2025-03-22 11:33:27,749 [INFO] PluginManage:359 - Loaded plugin lpbam (category:base,tabindex:0)
2025-03-22 11:33:27,749 [INFO] PluginManage:310 - Check plugin memorymap
2025-03-22 11:33:27,777 [INFO] PluginManage:359 - Loaded plugin memorymap (category:base,tabindex:4)
2025-03-22 11:33:27,777 [INFO] PluginManage:310 - Check plugin pinoutandconfiguration
2025-03-22 11:33:27,797 [INFO] PluginManage:359 - Loaded plugin pinoutandconfiguration (category:base,tabindex:1)
2025-03-22 11:33:27,798 [INFO] PluginManage:310 - Check plugin pinoutconfig
2025-03-22 11:33:27,896 [WARN] SupportedApi:132 - Cannot load RTOS API schema: s4s-elt-must-match.1: The content of 'definitions' must match (annotation?, (simpleType | complexType)?, (unique | key | keyref)*)). A problem was found starting at: attribute.
2025-03-22 11:33:28,086 [INFO] PluginManage:359 - Loaded plugin pinoutconfig (category:base,tabindex:0)
2025-03-22 11:33:28,086 [INFO] PluginManage:310 - Check plugin power
2025-03-22 11:33:28,109 [INFO] PluginManage:359 - Loaded plugin power (category:power,tabindex:4)
2025-03-22 11:33:28,109 [INFO] PluginManage:310 - Check plugin projectmanager
2025-03-22 11:33:28,125 [INFO] PluginManage:359 - Loaded plugin projectmanager (category:projectmanager,tabindex:4)
2025-03-22 11:33:28,126 [INFO] PluginManage:310 - Check plugin rif
2025-03-22 11:33:28,147 [INFO] PluginManage:359 - Loaded plugin rif (category:base,tabindex:3)
2025-03-22 11:33:28,147 [INFO] PluginManage:310 - Check plugin thirdparty
2025-03-22 11:33:28,526 [INFO] PluginManage:359 - Loaded plugin thirdparty (category:base,tabindex:-1)
2025-03-22 11:33:28,526 [WARN] IntegrityCheckThread:84 - waiting for thirdparty lock release [integrity check]
2025-03-22 11:33:28,526 [INFO] PluginManage:310 - Check plugin tools
2025-03-22 11:33:28,526 [INFO] IntegrityCheckThread:86 - entering critical section [integrity check]
2025-03-22 11:33:28,527 [INFO] ThirdPartyUpdaterWithRetryManager:70 - Updater plugin not ready yet. [1/15]
2025-03-22 11:33:28,578 [INFO] PluginManage:359 - Loaded plugin tools (category:base,tabindex:7)
2025-03-22 11:33:28,579 [INFO] PluginManage:310 - Check plugin tutovideos
2025-03-22 11:33:28,840 [INFO] PluginManage:359 - Loaded plugin tutovideos (category:base,tabindex:-1)
2025-03-22 11:33:28,840 [INFO] PluginManage:310 - Check plugin updater
2025-03-22 11:33:28,873 [INFO] PluginManage:359 - Loaded plugin updater (category:base,tabindex:12)
2025-03-22 11:33:28,873 [INFO] PluginManage:310 - Check plugin userauth
2025-03-22 11:33:28,880 [INFO] UserAuth:118 - Init User Auth plugin
2025-03-22 11:33:28,881 [INFO] PluginManage:359 - Loaded plugin userauth (category:base,tabindex:14)
2025-03-22 11:33:28,882 [INFO] PluginManage:283 - PluginManage : Loaded plugins [18]
2025-03-22 11:33:29,183 [INFO] PinOutPanel:1589 - setPackage(No Configuration,No Configuration)
2025-03-22 11:33:29,291 [INFO] CADModel:165 - CPN selected for project level
2025-03-22 11:33:29,291 [INFO] CADModel:114 - Register for checkConnection events
2025-03-22 11:33:29,338 [INFO] IPUIPlugin:80 - create IPUIPlugin
2025-03-22 11:33:29,339 [INFO] PluginManager:220 - loadIPPluginJar : add adc
2025-03-22 11:33:29,388 [INFO] IPUIPlugin:80 - create IPUIPlugin
2025-03-22 11:33:29,388 [INFO] PluginManager:220 - loadIPPluginJar : add aes
2025-03-22 11:33:29,437 [INFO] IPUIPlugin:80 - create IPUIPlugin
2025-03-22 11:33:29,437 [INFO] PluginManager:220 - loadIPPluginJar : add can
2025-03-22 11:33:29,464 [INFO] IPUIPlugin:80 - create IPUIPlugin
2025-03-22 11:33:29,464 [INFO] PluginManager:220 - loadIPPluginJar : add comp
2025-03-22 11:33:29,503 [INFO] IPUIPlugin:80 - create IPUIPlugin
2025-03-22 11:33:29,504 [INFO] PluginManager:220 - loadIPPluginJar : add cryp
2025-03-22 11:33:29,518 [INFO] IPUIPlugin:80 - create IPUIPlugin
2025-03-22 11:33:29,519 [INFO] PluginManager:220 - loadIPPluginJar : add ddr_ctrl_phy
2025-03-22 11:33:29,558 [INFO] IPUIPlugin:80 - create IPUIPlugin
2025-03-22 11:33:29,558 [INFO] PluginManager:220 - loadIPPluginJar : add dfsdm
2025-03-22 11:33:29,575 [INFO] IPUIPlugin:80 - create IPUIPlugin
2025-03-22 11:33:29,576 [INFO] PluginManager:220 - loadIPPluginJar : add dma
2025-03-22 11:33:29,624 [INFO] IPUIPlugin:80 - create IPUIPlugin
2025-03-22 11:33:29,624 [INFO] PluginManager:220 - loadIPPluginJar : add dma3
2025-03-22 11:33:29,677 [INFO] IPUIPlugin:80 - create IPUIPlugin
2025-03-22 11:33:29,678 [INFO] PluginManager:220 - loadIPPluginJar : add extmemmanager
2025-03-22 11:33:29,707 [INFO] IPUIPlugin:80 - create IPUIPlugin
2025-03-22 11:33:29,707 [INFO] PluginManager:220 - loadIPPluginJar : add fatfs
2025-03-22 11:33:29,771 [INFO] IPUIPlugin:80 - create IPUIPlugin
2025-03-22 11:33:29,771 [INFO] PluginManager:220 - loadIPPluginJar : add fmc
2025-03-22 11:33:29,790 [INFO] IPUIPlugin:80 - create IPUIPlugin
2025-03-22 11:33:29,791 [INFO] PluginManager:220 - loadIPPluginJar : add freertos
2025-03-22 11:33:29,819 [INFO] IPUIPlugin:80 - create IPUIPlugin
2025-03-22 11:33:29,819 [INFO] PluginManager:220 - loadIPPluginJar : add genericplugin
2025-03-22 11:33:29,929 [INFO] IPUIPlugin:80 - create IPUIPlugin
2025-03-22 11:33:29,929 [INFO] PluginManager:220 - loadIPPluginJar : add gfxmmu
2025-03-22 11:33:30,122 [INFO] IPUIPlugin:80 - create IPUIPlugin
2025-03-22 11:33:30,122 [INFO] PluginManager:220 - loadIPPluginJar : add gic
2025-03-22 11:33:30,138 [INFO] IPUIPlugin:80 - create IPUIPlugin
2025-03-22 11:33:30,138 [INFO] PluginManager:220 - loadIPPluginJar : add gpio
2025-03-22 11:33:30,288 [INFO] IPUIPlugin:80 - create IPUIPlugin
2025-03-22 11:33:30,289 [INFO] PluginManager:220 - loadIPPluginJar : add gtzc
2025-03-22 11:33:30,340 [INFO] IPUIPlugin:80 - create IPUIPlugin
2025-03-22 11:33:30,340 [INFO] PluginManager:220 - loadIPPluginJar : add hash
2025-03-22 11:33:30,425 [INFO] IPUIPlugin:80 - create IPUIPlugin
2025-03-22 11:33:30,425 [INFO] PluginManager:220 - loadIPPluginJar : add i2c
2025-03-22 11:33:30,476 [INFO] IPUIPlugin:80 - create IPUIPlugin
2025-03-22 11:33:30,476 [INFO] PluginManager:220 - loadIPPluginJar : add i2s
2025-03-22 11:33:30,546 [INFO] IPUIPlugin:80 - create IPUIPlugin
2025-03-22 11:33:30,546 [INFO] PluginManager:220 - loadIPPluginJar : add i3c
2025-03-22 11:33:30,679 [INFO] IPUIPlugin:80 - create IPUIPlugin
2025-03-22 11:33:30,679 [INFO] PluginManager:220 - loadIPPluginJar : add ipddr
2025-03-22 11:33:30,858 [INFO] IPUIPlugin:80 - create IPUIPlugin
2025-03-22 11:33:30,858 [INFO] PluginManager:220 - loadIPPluginJar : add linkedlist
2025-03-22 11:33:30,911 [INFO] IPUIPlugin:80 - create IPUIPlugin
2025-03-22 11:33:30,912 [INFO] PluginManager:220 - loadIPPluginJar : add lorawan
2025-03-22 11:33:30,964 [INFO] IPUIPlugin:80 - create IPUIPlugin
2025-03-22 11:33:30,964 [INFO] PluginManager:220 - loadIPPluginJar : add ltdc
2025-03-22 11:33:30,985 [INFO] IPUIPlugin:80 - create IPUIPlugin
2025-03-22 11:33:30,985 [INFO] PluginManager:220 - loadIPPluginJar : add mdma
2025-03-22 11:33:31,002 [INFO] IPUIPlugin:80 - create IPUIPlugin
2025-03-22 11:33:31,002 [INFO] PluginManager:220 - loadIPPluginJar : add nvic
2025-03-22 11:33:31,054 [INFO] IPUIPlugin:80 - create IPUIPlugin
2025-03-22 11:33:31,054 [INFO] PluginManager:220 - loadIPPluginJar : add opamp
2025-03-22 11:33:31,126 [INFO] IPUIPlugin:80 - create IPUIPlugin
2025-03-22 11:33:31,126 [INFO] PluginManager:220 - loadIPPluginJar : add openamp
2025-03-22 11:33:31,185 [INFO] IPUIPlugin:80 - create IPUIPlugin
2025-03-22 11:33:31,185 [INFO] PluginManager:220 - loadIPPluginJar : add pdm2pcm
2025-03-22 11:33:31,201 [INFO] IPUIPlugin:80 - create IPUIPlugin
2025-03-22 11:33:31,203 [INFO] PluginManager:220 - loadIPPluginJar : add plateformsettings
2025-03-22 11:33:31,231 [INFO] IPUIPlugin:80 - create IPUIPlugin
2025-03-22 11:33:31,231 [INFO] PluginManager:220 - loadIPPluginJar : add quadspi
2025-03-22 11:33:31,260 [INFO] IPUIPlugin:80 - create IPUIPlugin
2025-03-22 11:33:31,261 [INFO] PluginManager:220 - loadIPPluginJar : add radio
2025-03-22 11:33:31,275 [INFO] IPUIPlugin:80 - create IPUIPlugin
2025-03-22 11:33:31,275 [INFO] PluginManager:220 - loadIPPluginJar : add resmgrutility
2025-03-22 11:33:31,326 [INFO] IPUIPlugin:80 - create IPUIPlugin
2025-03-22 11:33:31,327 [INFO] PluginManager:220 - loadIPPluginJar : add sai
2025-03-22 11:33:31,368 [INFO] IPUIPlugin:80 - create IPUIPlugin
2025-03-22 11:33:31,368 [INFO] PluginManager:220 - loadIPPluginJar : add spi
2025-03-22 11:33:31,450 [INFO] IPUIPlugin:80 - create IPUIPlugin
2025-03-22 11:33:31,450 [INFO] PluginManager:220 - loadIPPluginJar : add stm32_wpan
2025-03-22 11:33:31,477 [INFO] IPUIPlugin:80 - create IPUIPlugin
2025-03-22 11:33:31,477 [INFO] PluginManager:220 - loadIPPluginJar : add tim
2025-03-22 11:33:31,527 [INFO] ThirdPartyUpdaterWithRetryManager:70 - Updater plugin not ready yet. [2/15]
2025-03-22 11:33:31,552 [INFO] IPUIPlugin:80 - create IPUIPlugin
2025-03-22 11:33:31,552 [INFO] PluginManager:220 - loadIPPluginJar : add touchsensing
2025-03-22 11:33:31,586 [INFO] IPUIPlugin:80 - create IPUIPlugin
2025-03-22 11:33:31,586 [INFO] PluginManager:220 - loadIPPluginJar : add tracer_emb
2025-03-22 11:33:31,617 [INFO] IPUIPlugin:80 - create IPUIPlugin
2025-03-22 11:33:31,617 [INFO] PluginManager:220 - loadIPPluginJar : add ts
2025-03-22 11:33:31,644 [INFO] IPUIPlugin:80 - create IPUIPlugin
2025-03-22 11:33:31,644 [INFO] PluginManager:220 - loadIPPluginJar : add tsc
2025-03-22 11:33:31,669 [INFO] IPUIPlugin:80 - create IPUIPlugin
2025-03-22 11:33:31,669 [INFO] PluginManager:220 - loadIPPluginJar : add ucpd
2025-03-22 11:33:31,719 [INFO] IPUIPlugin:80 - create IPUIPlugin
2025-03-22 11:33:31,719 [INFO] PluginManager:220 - loadIPPluginJar : add usart
2025-03-22 11:33:31,770 [INFO] IPUIPlugin:80 - create IPUIPlugin
2025-03-22 11:33:31,770 [INFO] PluginManager:220 - loadIPPluginJar : add usbx
2025-03-22 11:33:31,896 [FATAL] Updater:351 - Updater called before beeing initialized
2025-03-22 11:33:31,917 [INFO] RulesReader:64 - Compatibility file has been processed (301 Rules)
2025-03-22 11:33:31,927 [INFO] RulesReader:64 - Compatibility file has been processed (301 Rules)
2025-03-22 11:33:31,939 [INFO] CADModel:165 - CPN selected for project level
2025-03-22 11:33:31,939 [INFO] CADModel:114 - Register for checkConnection events
2025-03-22 11:33:31,939 [FATAL] Updater:351 - Updater called before beeing initialized
2025-03-22 11:33:31,939 [ERROR] CADModel:125 - Updater not yet initialized, retry later 
2025-03-22 11:33:32,120 [FATAL] Updater:351 - Updater called before beeing initialized
2025-03-22 11:33:32,124 [INFO] CADModel:165 - CPN selected for project level
2025-03-22 11:33:32,124 [INFO] CADModel:114 - Register for checkConnection events
2025-03-22 11:33:32,124 [FATAL] Updater:351 - Updater called before beeing initialized
2025-03-22 11:33:32,124 [ERROR] CADModel:125 - Updater not yet initialized, retry later 
2025-03-22 11:33:32,149 [FATAL] Updater:351 - Updater called before beeing initialized
2025-03-22 11:33:32,280 [FATAL] Updater:351 - Updater called before beeing initialized
2025-03-22 11:33:32,289 [INFO] DbMcusAds:53 - JSON generation date=Wed Sep 29 23:55:09 PDT 2021 (1632984909247)
2025-03-22 11:33:32,289 [FATAL] Updater:351 - Updater called before beeing initialized
2025-03-22 11:33:32,323 [WARN] DetailPanel:346 - Failed to get advertising image, set to default
2025-03-22 11:33:32,530 [FATAL] Updater:351 - Updater called before beeing initialized
2025-03-22 11:33:32,531 [FATAL] Updater:351 - Updater called before beeing initialized
2025-03-22 11:33:32,532 [FATAL] Updater:351 - Updater called before beeing initialized
2025-03-22 11:33:32,532 [WARN] DetailPanel:346 - Failed to get advertising image, set to default
2025-03-22 11:33:32,532 [FATAL] Updater:351 - Updater called before beeing initialized
2025-03-22 11:33:32,594 [ERROR] Updater:1198 - MainUpdater not yet initialized. External WinMGr cannot be set.
2025-03-22 11:33:32,604 [INFO] Updater:1134 - Updater Version found : 6.14.0
2025-03-22 11:33:32,621 [INFO] ApplicationProperties:184 - Using Application install path: C:\ST\STM32CubeIDE_1.16.1\STM32CubeIDE\plugins\com.st.stm32cube.common.mx_6.14.0.202502271554
2025-03-22 11:33:34,207 [ERROR] LogOutputStream:75 - [STDERR_REDIRECT] Mar 22, 2025 11:33:34 AM java.util.prefs.WindowsPreferences <init>
2025-03-22 11:33:34,208 [ERROR] LogOutputStream:75 - [STDERR_REDIRECT] WARNING: Could not open/create prefs root node Software\JavaSoft\Prefs at root 0xffffffff80000002. Windows RegCreateKeyEx(...) returned error code 5.
2025-03-22 11:33:34,208 [ERROR] LogOutputStream:75 - [STDERR_REDIRECT] 
2025-03-22 11:33:34,529 [INFO] ThirdPartyUpdaterWithRetryManager:70 - Updater plugin not ready yet. [3/15]
2025-03-22 11:33:34,555 [INFO] MainUpdater:2872 - connection check result : 10
2025-03-22 11:33:34,556 [INFO] MainUpdater:289 - Updater Check For Update Now.
2025-03-22 11:33:34,556 [INFO] MicroXplorer:498 - Change Database Version : DB.6.0.140
2025-03-22 11:33:34,585 [INFO] McuFinderGlobals:63 - Set McuFinder mode to 2 (CubeIDE integrated)
2025-03-22 11:33:34,595 [INFO] UserAuth:486 - Internet connection configuration mode: 1
2025-03-22 11:33:34,645 [INFO] JxBrowserEngine:152 - Initiate JxBrowser Engine with user profile folder
2025-03-22 11:33:34,791 [INFO] CheckServerUpdateThread:120 - End of CheckServer Thread
2025-03-22 11:33:36,578 [INFO] WebApp:169 - Instantiating new browser for Auth
2025-03-22 11:33:37,467 [INFO] WebApp:463 - Apply proxy settings
2025-03-22 11:33:37,468 [INFO] WebApp:548 - Chromium requires no authentication
2025-03-22 11:33:37,483 [INFO] WebApp:491 - Direct internet connection detected
2025-03-22 11:33:37,517 [INFO] WebApp:894 - Register for checkConnection events
2025-03-22 11:33:37,518 [INFO] WebApp:463 - Apply proxy settings
2025-03-22 11:33:37,518 [INFO] WebApp:548 - Chromium requires no authentication
2025-03-22 11:33:37,518 [INFO] WebApp:491 - Direct internet connection detected
2025-03-22 11:33:37,718 [INFO] WebApp:191 - Connection restablished
2025-03-22 11:33:37,933 [INFO] WebApp:225 - Starting web application
2025-03-22 11:33:37,935 [INFO] WebApp:593 - Web application path used C:\ST\STM32CubeIDE_1.16.1\STM32CubeIDE\plugins\com.st.stm32cube.common.mx_6.14.0.202502271554\db\plugins\mcufinder\reactClient1\index.html
2025-03-22 11:33:38,113 [WARN] PackLoader:240 - Cannot read IP mode file for STMicroelectronics.FP-SNS-MOTENVWB1.1.4.0
2025-03-22 11:33:38,140 [WARN] PackLoader:240 - Cannot read IP mode file for STMicroelectronics.FP-ATR-ASTRA1.2.0.2
2025-03-22 11:33:38,158 [WARN] PackLoader:240 - Cannot read IP mode file for STMicroelectronics.FP-ATR-ASTRA1.2.0.1
2025-03-22 11:33:38,181 [WARN] PackLoader:240 - Cannot read IP mode file for STMicroelectronics.X-CUBE-SMBUS.2.1.0
2025-03-22 11:33:38,203 [WARN] PackLoader:240 - Cannot read IP mode file for STMicroelectronics.X-CUBE-WB05N.1.1.0
2025-03-22 11:33:38,218 [INFO] UserAuth:486 - Internet connection configuration mode: 1
2025-03-22 11:33:38,266 [WARN] PackLoader:240 - Cannot read IP mode file for STMicroelectronics.X-CUBE-AZRTOS-F7.1.1.0
2025-03-22 11:33:38,382 [WARN] PackLoader:240 - Cannot read IP mode file for STMicroelectronics.X-CUBE-MEMS1.11.0.0
2025-03-22 11:33:38,596 [WARN] PackLoader:240 - Cannot read IP mode file for STMicroelectronics.FP-SNS-FLIGHT1.5.0.2
2025-03-22 11:33:38,634 [WARN] PackLoader:240 - Cannot read IP mode file for STMicroelectronics.X-CUBE-DISPLAY.3.0.0
2025-03-22 11:33:38,661 [WARN] PackLoader:240 - Cannot read IP mode file for STMicroelectronics.X-CUBE-BLE1.7.0.0
2025-03-22 11:33:38,687 [WARN] PackLoader:240 - Cannot read IP mode file for STMicroelectronics.X-CUBE-BLEMGR.4.0.0
2025-03-22 11:33:38,712 [WARN] PackLoader:240 - Cannot read IP mode file for emotas.I-CUBE-CANOPEN.1.3.0
2025-03-22 11:33:38,730 [WARN] PackLoader:240 - Cannot read IP mode file for STMicroelectronics.X-CUBE-BLEMGR.3.1.0
2025-03-22 11:33:38,747 [WARN] PackLoader:240 - Cannot read IP mode file for STMicroelectronics.X-CUBE-AI.10.0.0
2025-03-22 11:33:38,763 [WARN] PackLoader:240 - Cannot read IP mode file for STMicroelectronics.FP-SNS-SMARTAG2.1.2.0
2025-03-22 11:33:38,778 [WARN] PackLoader:240 - Cannot read IP mode file for STMicroelectronics.FP-SNS-FLIGHT1.5.1.0
2025-03-22 11:33:38,868 [WARN] PackLoader:240 - Cannot read IP mode file for STMicroelectronics.X-CUBE-MEMS1.11.1.0
2025-03-22 11:33:39,051 [INFO] LogOutputStream:77 - [STDOUT_REDIRECT] 1 : Invalid condition id : UX_CORESTACK_Condition cause : null
2025-03-22 11:33:39,053 [INFO] LogOutputStream:77 - [STDOUT_REDIRECT] 1 : Invalid condition id : UX_CORESTACK_Condition cause : null
2025-03-22 11:33:39,053 [INFO] LogOutputStream:77 - [STDOUT_REDIRECT] 1 : Invalid condition id : UX_CORESTACK_Condition cause : null
2025-03-22 11:33:39,054 [INFO] LogOutputStream:77 - [STDOUT_REDIRECT] 1 : Invalid condition id : UX_CORESTACK_Condition cause : null
2025-03-22 11:33:39,057 [INFO] LogOutputStream:77 - [STDOUT_REDIRECT] 1 : Invalid condition id : UX_CORESTACK_Condition cause : null
2025-03-22 11:33:39,063 [WARN] PackLoader:240 - Cannot read IP mode file for STMicroelectronics.X-CUBE-AZRTOS-WL.2.0.0
2025-03-22 11:33:39,078 [WARN] PackLoader:240 - Cannot read IP mode file for STMicroelectronics.FP-SNS-MOTENV1.5.0.0
2025-03-22 11:33:39,090 [WARN] PackLoader:240 - Cannot read IP mode file for wolfSSL.I-CUBE-wolfMQTT.1.19.0
2025-03-22 11:33:39,106 [WARN] PackLoader:240 - Cannot read IP mode file for WES.I-CUBE-Cesium.1.3.0
2025-03-22 11:33:39,122 [WARN] PackLoader:240 - Cannot read IP mode file for STMicroelectronics.X-CUBE-BLE2.3.3.0
2025-03-22 11:33:39,142 [WARN] PackLoader:240 - Cannot read IP mode file for STMicroelectronics.X-CUBE-BLE1.7.1.0
2025-03-22 11:33:39,167 [WARN] PackLoader:240 - Cannot read IP mode file for STMicroelectronics.X-CUBE-TCPP.4.1.0
2025-03-22 11:33:39,204 [WARN] PackLoader:240 - Cannot read IP mode file for STMicroelectronics.X-CUBE-AZRTOS-G0.1.1.0
2025-03-22 11:33:39,227 [WARN] PackLoader:240 - Cannot read IP mode file for STMicroelectronics.X-CUBE-SAFEA1.1.2.2
2025-03-22 11:33:39,247 [WARN] PackLoader:240 - Cannot read IP mode file for STMicroelectronics.X-CUBE-NFC4.3.0.0
2025-03-22 11:33:39,276 [WARN] PackLoader:240 - Cannot read IP mode file for EmbeddedOffice.I-CUBE-FS-RTOS.1.0.1
2025-03-22 11:33:39,293 [WARN] PackLoader:240 - Cannot read IP mode file for STMicroelectronics.X-CUBE-TCPP.4.2.0
2025-03-22 11:33:39,312 [WARN] PackLoader:240 - Cannot read IP mode file for RealThread.X-CUBE-RT-Thread_Nano.4.1.1
2025-03-22 11:33:39,329 [WARN] PackLoader:240 - Cannot read IP mode file for STMicroelectronics.FP-ATR-SIGFOX1.3.2.0
2025-03-22 11:33:39,346 [WARN] ConditionMgr:438 - getConditionDescription Invalid condition id : Cortex-A Device cause : null
2025-03-22 11:33:39,373 [WARN] ConditionMgr:1044 - genDependencies : Invalid condition id : Cortex-A Device cause : null
2025-03-22 11:33:39,374 [WARN] ConditionMgr:1044 - genDependencies : Invalid condition id : Cortex-A Device cause : null
2025-03-22 11:33:39,374 [WARN] ConditionMgr:1044 - genDependencies : Invalid condition id : Cortex-A Device cause : null
2025-03-22 11:33:39,393 [WARN] PackLoader:240 - Cannot read IP mode file for STMicroelectronics.X-CUBE-EEPRMA1.5.1.0
2025-03-22 11:33:39,409 [WARN] PackLoader:240 - Cannot read IP mode file for wolfSSL.I-CUBE-wolfSSL.5.7.4
2025-03-22 11:33:39,422 [WARN] PackLoader:240 - Cannot read IP mode file for ITTIA_DB.I-CUBE-ITTIADB.8.9.0
2025-03-22 11:33:39,448 [WARN] PackLoader:240 - Cannot read IP mode file for SEGGER.I-CUBE-embOS.1.3.1
2025-03-22 11:33:39,482 [WARN] PackLoader:240 - Cannot read IP mode file for STMicroelectronics.X-CUBE-ALGOBUILD.1.4.0
2025-03-22 11:33:39,514 [WARN] PackLoader:240 - Cannot read IP mode file for STMicroelectronics.X-CUBE-AZRTOS-F4.1.1.0
2025-03-22 11:33:39,534 [WARN] PackLoader:240 - Cannot read IP mode file for STMicroelectronics.X-CUBE-FREERTOS.1.2.0
2025-03-22 11:33:39,565 [WARN] PackLoader:240 - Cannot read IP mode file for STMicroelectronics.X-CUBE-AZRTOS-L5.2.0.0
2025-03-22 11:33:39,588 [WARN] PackLoader:240 - Cannot read IP mode file for STMicroelectronics.X-CUBE-NFC6.3.1.0
2025-03-22 11:33:39,601 [WARN] PackLoader:240 - Cannot read IP mode file for STMicroelectronics.X-CUBE-FREERTOS.1.3.0
2025-03-22 11:33:39,617 [WARN] PackLoader:240 - Cannot read IP mode file for STMicroelectronics.X-CUBE-NFC7.1.0.1
2025-03-22 11:33:39,652 [WARN] ConditionMgr:438 - getConditionDescription Invalid condition id : LAN8742 Phy interface Condition cause : null
2025-03-22 11:33:39,653 [WARN] PackLoader:240 - Cannot read IP mode file for STMicroelectronics.X-CUBE-AZRTOS-L4.2.0.0
2025-03-22 11:33:39,653 [WARN] ConditionMgr:1044 - genDependencies : Invalid condition id : LAN8742 Phy interface Condition cause : null
2025-03-22 11:33:39,654 [WARN] ConditionMgr:1044 - genDependencies : Invalid condition id : LAN8742 Phy interface Condition cause : null
2025-03-22 11:33:39,654 [WARN] ConditionMgr:1044 - genDependencies : Invalid condition id : LAN8742 Phy interface Condition cause : null
2025-03-22 11:33:39,669 [WARN] PackLoader:240 - Cannot read IP mode file for STMicroelectronics.X-CUBE-SFXS2LP1.4.0.0
2025-03-22 11:33:39,702 [WARN] PackLoader:240 - Cannot read IP mode file for STMicroelectronics.X-CUBE-AZRTOS-H7.3.3.0
2025-03-22 11:33:39,725 [WARN] PackLoader:240 - Cannot read IP mode file for STMicroelectronics.X-CUBE-IPS.3.0.0
2025-03-22 11:33:39,755 [WARN] ConditionMgr:438 - getConditionDescription Invalid condition id : UX DEVICE CLASS RTOS Condition cause : null
2025-03-22 11:33:39,755 [WARN] ConditionMgr:438 - getConditionDescription Invalid condition id : UX DEVICE CLASS RTOS Condition cause : null
2025-03-22 11:33:39,756 [WARN] PackLoader:240 - Cannot read IP mode file for STMicroelectronics.X-CUBE-AZRTOS-WB.2.0.0
2025-03-22 11:33:39,756 [WARN] ConditionMgr:1044 - genDependencies : Invalid condition id : UX DEVICE CLASS RTOS Condition cause : null
2025-03-22 11:33:39,756 [WARN] ConditionMgr:1044 - genDependencies : Invalid condition id : UX DEVICE CLASS RTOS Condition cause : null
2025-03-22 11:33:39,757 [WARN] ConditionMgr:1044 - genDependencies : Invalid condition id : UX DEVICE CLASS RTOS Condition cause : null
2025-03-22 11:33:39,757 [WARN] ConditionMgr:1044 - genDependencies : Invalid condition id : UX DEVICE CLASS RTOS Condition cause : null
2025-03-22 11:33:39,757 [WARN] ConditionMgr:1044 - genDependencies : Invalid condition id : UX DEVICE CLASS RTOS Condition cause : null
2025-03-22 11:33:39,778 [WARN] PackLoader:240 - Cannot read IP mode file for STMicroelectronics.X-CUBE-GNSS1.7.0.0
2025-03-22 11:33:39,793 [WARN] PackLoader:240 - Cannot read IP mode file for STMicroelectronics.X-CUBE-GNSS1.7.0.1
2025-03-22 11:33:39,819 [WARN] PackLoader:240 - Cannot read IP mode file for STMicroelectronics.X-CUBE-TOUCHGFX.4.25.0
2025-03-22 11:33:39,839 [WARN] PackLoader:240 - Cannot read IP mode file for STMicroelectronics.X-CUBE-SUBG2.5.0.0
2025-03-22 11:33:39,876 [WARN] PackLoader:240 - Cannot read IP mode file for STMicroelectronics.X-CUBE-AZRTOS-H7RS.1.1.0
2025-03-22 11:33:39,890 [WARN] PackLoader:240 - Cannot read IP mode file for Cesanta.I-CUBE-Mongoose.7.13.0
2025-03-22 11:33:39,919 [WARN] PackLoader:240 - Cannot read IP mode file for STMicroelectronics.X-CUBE-AZRTOS-G4.2.0.0
2025-03-22 11:33:39,938 [WARN] PackLoader:240 - Cannot read IP mode file for STMicroelectronics.X-CUBE-IPS.3.1.0
2025-03-22 11:33:39,961 [WARN] PackLoader:240 - Cannot read IP mode file for STMicroelectronics.X-CUBE-ALS.1.0.2
2025-03-22 11:33:39,979 [WARN] PackLoader:240 - Cannot read IP mode file for STMicroelectronics.X-CUBE-TOUCHGFX.4.24.2
2025-03-22 11:33:39,996 [WARN] PackLoader:240 - Cannot read IP mode file for STMicroelectronics.X-CUBE-TOUCHGFX.4.24.1
2025-03-22 11:33:40,018 [WARN] PackLoader:240 - Cannot read IP mode file for wolfSSL.I-CUBE-wolfTPM.3.4.0
2025-03-22 11:33:40,037 [WARN] PackLoader:240 - Cannot read IP mode file for portGmbH.I-Cube-SoM-uGOAL.1.1.0
2025-03-22 11:33:40,071 [WARN] PackLoader:240 - Cannot read IP mode file for STMicroelectronics.X-CUBE-AZRTOS-H7RS.1.0.0
2025-03-22 11:33:40,089 [WARN] PackLoader:240 - Cannot read IP mode file for STMicroelectronics.FP-ATR-ASTRA1.2.0.0
2025-03-22 11:33:40,121 [WARN] PackLoader:240 - Cannot read IP mode file for Infineon.AIROC-Wi-Fi-Bluetooth-STM32.1.6.1
2025-03-22 11:33:40,141 [WARN] PackLoader:240 - Cannot read IP mode file for wolfSSL.I-CUBE-wolfSSH.1.4.17
2025-03-22 11:33:40,141 [INFO] ThirdParty:978 - Integrity check success = true
2025-03-22 11:33:40,141 [INFO] IntegrityCheckThread:100 - exiting critical section [integrity check]
2025-03-22 11:33:40,141 [INFO] IntegrityCheckThread:103 - End integrity checks thread
2025-03-22 12:04:41,194 [INFO] WebApp:194 - Connection lost
2025-03-22 12:04:41,370 [INFO] WebApp:191 - Connection restablished
2025-03-22 13:04:41,687 [INFO] WebApp:194 - Connection lost
2025-03-22 13:04:41,857 [INFO] WebApp:191 - Connection restablished
2025-03-22 14:04:43,167 [INFO] WebApp:194 - Connection lost
2025-03-22 14:04:43,341 [INFO] WebApp:191 - Connection restablished
2025-03-22 15:04:44,639 [INFO] WebApp:194 - Connection lost
2025-03-22 15:04:44,815 [INFO] WebApp:191 - Connection restablished
2025-03-22 17:14:58,497 [INFO] WebApp:194 - Connection lost
2025-03-22 19:58:44,969 [INFO] WebApp:191 - Connection restablished
2025-03-22 19:58:48,198 [INFO] WebApp:194 - Connection lost
2025-03-22 19:58:48,327 [INFO] WebApp:191 - Connection restablished
