2025-02-22 10:38:28,642 [INFO] Activator:176 - 


2025-02-22 10:38:28,652 [INFO] Activator:177 - !SESSION log4j initialized
2025-02-22 10:38:39,530 [INFO] LogOutputStream:77 - [STDOUT_REDIRECT] 
2025-02-22 10:38:48,286 [INFO] ApplicationProperties:184 - Using Application install path: C:\ST\STM32CubeIDE_1.16.1\STM32CubeIDE\plugins\com.st.stm32cube.common.mx_6.12.1.202409122256
2025-02-22 10:38:48,325 [INFO] DbMcusXml:78 - Set database path to: C:\ST\STM32CubeIDE_1.16.1\STM32CubeIDE\plugins\com.st.stm32cube.common.mx_6.12.1.202409122256\\db\/mcu/
2025-02-22 10:38:48,326 [INFO] ApiDb:274 - Set plugin database path to: C:\ST\STM32CubeIDE_1.16.1\STM32CubeIDE\plugins\com.st.stm32cube.common.mx_6.12.1.202409122256\\db\/plugins/boardmanager/
2025-02-22 10:38:48,326 [WARN] ApiDb:259 - Overriding images path with different value:  => C:\ST\STM32CubeIDE_1.16.1\STM32CubeIDE\plugins\com.st.stm32cube.common.mx_6.12.1.202409122256\\db\/plugins/mcufinder/images/
2025-02-22 10:38:48,340 [INFO] ApiDb:250 - Set database path to: C:\Users\mridu\.stmcufinder\plugins\mcufinder//mcu/
2025-02-22 10:38:48,341 [INFO] DbMcusAds:125 - Set database path to: C:\Users\mridu\.stmcufinder\plugins\mcufinder//mcu/
2025-02-22 10:38:48,351 [INFO] CrossReferenceDbSqlite:203 - Set database path to: C:\Users\mridu\.stmcufinder\plugins\mcufinder//mcu/cs/
2025-02-22 10:38:48,592 [INFO] RulesReader:64 - Compatibility file has been processed (297 Rules)
2025-02-22 10:38:48,759 [INFO] DbMcusXml:78 - Set database path to: C:\ST\STM32CubeIDE_1.16.1\STM32CubeIDE\plugins\com.st.stm32cube.common.mx_6.12.1.202409122256\\db\/mcu/
2025-02-22 10:38:48,759 [INFO] ApiDb:274 - Set plugin database path to: C:\ST\STM32CubeIDE_1.16.1\STM32CubeIDE\plugins\com.st.stm32cube.common.mx_6.12.1.202409122256\\db\/plugins/boardmanager/
2025-02-22 10:38:48,759 [INFO] ApiDb:261 - Set plugin images path to: C:\ST\STM32CubeIDE_1.16.1\STM32CubeIDE\plugins\com.st.stm32cube.common.mx_6.12.1.202409122256\\db\/plugins/mcufinder/images/
2025-02-22 10:38:48,760 [WARN] DbFile:41 - Overriding database path with different value: C:\Users\mridu\.stmcufinder\plugins\mcufinder/ => C:\Users\mridu\.stmcufinder\plugins\mcufinder
2025-02-22 10:38:48,760 [INFO] ApiDb:250 - Set database path to: C:\Users\mridu\.stmcufinder\plugins\mcufinder//mcu/
2025-02-22 10:38:48,760 [WARN] DbFile:41 - Overriding database path with different value: C:\Users\mridu\.stmcufinder\plugins\mcufinder/ => C:\Users\mridu\.stmcufinder\plugins\mcufinder
2025-02-22 10:38:48,760 [INFO] DbMcusAds:125 - Set database path to: C:\Users\mridu\.stmcufinder\plugins\mcufinder//mcu/
2025-02-22 10:38:48,760 [WARN] DbFile:41 - Overriding database path with different value: C:\Users\mridu\.stmcufinder\plugins\mcufinder/ => C:\Users\mridu\.stmcufinder\plugins\mcufinder
2025-02-22 10:38:48,760 [WARN] DbFile:41 - Overriding database path with different value: C:\Users\mridu\.stmcufinder\plugins\mcufinder/ => C:\Users\mridu\.stmcufinder\plugins\mcufinder
2025-02-22 10:38:48,760 [INFO] CrossReferenceDbSqlite:203 - Set database path to: C:\Users\mridu\.stmcufinder\plugins\mcufinder//mcu/cs/
2025-02-22 10:38:48,947 [INFO] MainPanel:268 - HeapMemory: 268435456
2025-02-22 10:38:49,178 [INFO] DbMcusXml:78 - Set database path to: C:\ST\STM32CubeIDE_1.16.1\STM32CubeIDE\plugins\com.st.stm32cube.common.mx_6.12.1.202409122256\\db\/mcu/
2025-02-22 10:38:49,178 [INFO] ApiDb:274 - Set plugin database path to: C:\ST\STM32CubeIDE_1.16.1\STM32CubeIDE\plugins\com.st.stm32cube.common.mx_6.12.1.202409122256\\db\/plugins/boardmanager/
2025-02-22 10:38:49,179 [INFO] ApiDb:261 - Set plugin images path to: C:\ST\STM32CubeIDE_1.16.1\STM32CubeIDE\plugins\com.st.stm32cube.common.mx_6.12.1.202409122256\\db\/plugins/mcufinder/images/
2025-02-22 10:38:49,180 [WARN] DbFile:41 - Overriding database path with different value: C:\Users\mridu\.stmcufinder\plugins\mcufinder/ => C:\Users\mridu\.stmcufinder\plugins\mcufinder
2025-02-22 10:38:49,180 [INFO] ApiDb:250 - Set database path to: C:\Users\mridu\.stmcufinder\plugins\mcufinder//mcu/
2025-02-22 10:38:49,180 [WARN] DbFile:41 - Overriding database path with different value: C:\Users\mridu\.stmcufinder\plugins\mcufinder/ => C:\Users\mridu\.stmcufinder\plugins\mcufinder
2025-02-22 10:38:49,181 [INFO] DbMcusAds:125 - Set database path to: C:\Users\mridu\.stmcufinder\plugins\mcufinder//mcu/
2025-02-22 10:38:49,181 [WARN] DbFile:41 - Overriding database path with different value: C:\Users\mridu\.stmcufinder\plugins\mcufinder/ => C:\Users\mridu\.stmcufinder\plugins\mcufinder
2025-02-22 10:38:49,181 [WARN] DbFile:41 - Overriding database path with different value: C:\Users\mridu\.stmcufinder\plugins\mcufinder/ => C:\Users\mridu\.stmcufinder\plugins\mcufinder
2025-02-22 10:38:49,181 [INFO] CrossReferenceDbSqlite:203 - Set database path to: C:\Users\mridu\.stmcufinder\plugins\mcufinder//mcu/cs/
2025-02-22 10:38:49,211 [INFO] ApplicationProperties:184 - Using Application install path: C:\ST\STM32CubeIDE_1.16.1\STM32CubeIDE\plugins\com.st.stm32cube.common.mx_6.12.1.202409122256
2025-02-22 10:38:49,214 [INFO] PluginManage:196 - Search for loadable plugins [exclusion list=, ]
2025-02-22 10:38:49,217 [INFO] PluginManage:310 - Check plugin analytics
2025-02-22 10:38:49,593 [INFO] AnalyticsPlugin:253 - Accepted Software Licenses: 
2025-02-22 10:38:49,594 [INFO] AnalyticsPlugin:255 - Accepted CMSIS Pack Licenses: 
2025-02-22 10:38:49,594 [INFO] AnalyticsPlugin:257 - Accepted Firmware Licenses: 
2025-02-22 10:38:49,599 [INFO] PluginManage:359 - Loaded plugin analytics (category:tool,tabindex:-1)
2025-02-22 10:38:49,599 [INFO] PluginManage:310 - Check plugin cadmodel
2025-02-22 10:38:49,633 [INFO] CADModel:105 - Init CAD model plugin
2025-02-22 10:38:49,634 [INFO] PluginManage:359 - Loaded plugin cadmodel (category:power,tabindex:5)
2025-02-22 10:38:49,634 [INFO] PluginManage:310 - Check plugin clock
2025-02-22 10:38:49,664 [INFO] PluginManage:359 - Loaded plugin clock (category:base,tabindex:2)
2025-02-22 10:38:49,664 [INFO] PluginManage:310 - Check plugin ddr
2025-02-22 10:38:49,668 [INFO] PluginManage:359 - Loaded plugin ddr (category:tool,tabindex:6)
2025-02-22 10:38:49,668 [INFO] PluginManage:310 - Check plugin filemanager
2025-02-22 10:38:49,885 [INFO] PluginManage:359 - Loaded plugin filemanager (category:base,tabindex:10)
2025-02-22 10:38:49,885 [INFO] PluginManage:310 - Check plugin ipmanager
2025-02-22 10:38:49,895 [INFO] PluginManage:359 - Loaded plugin ipmanager (category:base,tabindex:5)
2025-02-22 10:38:49,896 [INFO] PluginManage:310 - Check plugin lpbam
2025-02-22 10:38:49,920 [INFO] PluginManage:359 - Loaded plugin lpbam (category:base,tabindex:0)
2025-02-22 10:38:49,921 [INFO] PluginManage:310 - Check plugin memorymap
2025-02-22 10:38:49,953 [INFO] PluginManage:359 - Loaded plugin memorymap (category:base,tabindex:4)
2025-02-22 10:38:49,954 [INFO] PluginManage:310 - Check plugin pinoutandconfiguration
2025-02-22 10:38:49,983 [INFO] PluginManage:359 - Loaded plugin pinoutandconfiguration (category:base,tabindex:1)
2025-02-22 10:38:49,983 [INFO] PluginManage:310 - Check plugin pinoutconfig
2025-02-22 10:38:50,126 [WARN] SupportedApi:132 - Cannot load RTOS API schema: s4s-elt-must-match.1: The content of 'definitions' must match (annotation?, (simpleType | complexType)?, (unique | key | keyref)*)). A problem was found starting at: attribute.
2025-02-22 10:38:50,356 [INFO] PluginManage:359 - Loaded plugin pinoutconfig (category:base,tabindex:0)
2025-02-22 10:38:50,356 [INFO] PluginManage:310 - Check plugin power
2025-02-22 10:38:50,409 [INFO] PluginManage:359 - Loaded plugin power (category:power,tabindex:4)
2025-02-22 10:38:50,410 [INFO] PluginManage:310 - Check plugin projectmanager
2025-02-22 10:38:50,438 [INFO] PluginManage:359 - Loaded plugin projectmanager (category:projectmanager,tabindex:4)
2025-02-22 10:38:50,439 [INFO] PluginManage:310 - Check plugin rif
2025-02-22 10:38:50,473 [INFO] PluginManage:359 - Loaded plugin rif (category:base,tabindex:3)
2025-02-22 10:38:50,474 [INFO] PluginManage:310 - Check plugin thirdparty
2025-02-22 10:38:50,965 [INFO] PluginManage:359 - Loaded plugin thirdparty (category:base,tabindex:-1)
2025-02-22 10:38:50,965 [WARN] IntegrityCheckThread:84 - waiting for thirdparty lock release [integrity check]
2025-02-22 10:38:50,966 [INFO] IntegrityCheckThread:86 - entering critical section [integrity check]
2025-02-22 10:38:50,966 [INFO] PluginManage:310 - Check plugin tools
2025-02-22 10:38:50,966 [INFO] ThirdPartyUpdaterWithRetryManager:70 - Updater plugin not ready yet. [1/15]
2025-02-22 10:38:51,038 [INFO] PluginManage:359 - Loaded plugin tools (category:base,tabindex:7)
2025-02-22 10:38:51,039 [INFO] PluginManage:310 - Check plugin tutovideos
2025-02-22 10:38:51,294 [INFO] PluginManage:359 - Loaded plugin tutovideos (category:base,tabindex:-1)
2025-02-22 10:38:51,295 [INFO] PluginManage:310 - Check plugin updater
2025-02-22 10:38:51,320 [INFO] PluginManage:359 - Loaded plugin updater (category:base,tabindex:12)
2025-02-22 10:38:51,320 [INFO] PluginManage:310 - Check plugin userauth
2025-02-22 10:38:51,329 [INFO] UserAuth:113 - Init User Auth plugin
2025-02-22 10:38:51,330 [INFO] PluginManage:359 - Loaded plugin userauth (category:base,tabindex:14)
2025-02-22 10:38:51,330 [INFO] PluginManage:283 - PluginManage : Loaded plugins [18]
2025-02-22 10:38:51,665 [INFO] PinOutPanel:1561 - setPackage(No Configuration,No Configuration)
2025-02-22 10:38:51,781 [INFO] CADModel:165 - CPN selected for project level
2025-02-22 10:38:51,781 [INFO] CADModel:114 - Register for checkConnection events
2025-02-22 10:38:51,817 [INFO] IPUIPlugin:80 - create IPUIPlugin
2025-02-22 10:38:51,817 [INFO] PluginManager:220 - loadIPPluginJar : add adc
2025-02-22 10:38:51,878 [INFO] IPUIPlugin:80 - create IPUIPlugin
2025-02-22 10:38:51,879 [INFO] PluginManager:220 - loadIPPluginJar : add aes
2025-02-22 10:38:51,952 [INFO] IPUIPlugin:80 - create IPUIPlugin
2025-02-22 10:38:51,952 [INFO] PluginManager:220 - loadIPPluginJar : add can
2025-02-22 10:38:51,999 [INFO] IPUIPlugin:80 - create IPUIPlugin
2025-02-22 10:38:51,999 [INFO] PluginManager:220 - loadIPPluginJar : add comp
2025-02-22 10:38:52,056 [INFO] IPUIPlugin:80 - create IPUIPlugin
2025-02-22 10:38:52,057 [INFO] PluginManager:220 - loadIPPluginJar : add cryp
2025-02-22 10:38:52,075 [INFO] IPUIPlugin:80 - create IPUIPlugin
2025-02-22 10:38:52,075 [INFO] PluginManager:220 - loadIPPluginJar : add ddr_ctrl_phy
2025-02-22 10:38:52,124 [INFO] IPUIPlugin:80 - create IPUIPlugin
2025-02-22 10:38:52,124 [INFO] PluginManager:220 - loadIPPluginJar : add dfsdm
2025-02-22 10:38:52,145 [INFO] IPUIPlugin:80 - create IPUIPlugin
2025-02-22 10:38:52,145 [INFO] PluginManager:220 - loadIPPluginJar : add dma
2025-02-22 10:38:52,216 [INFO] IPUIPlugin:80 - create IPUIPlugin
2025-02-22 10:38:52,216 [INFO] PluginManager:220 - loadIPPluginJar : add dma3
2025-02-22 10:38:52,281 [INFO] IPUIPlugin:80 - create IPUIPlugin
2025-02-22 10:38:52,281 [INFO] PluginManager:220 - loadIPPluginJar : add extmemmanager
2025-02-22 10:38:52,316 [INFO] IPUIPlugin:80 - create IPUIPlugin
2025-02-22 10:38:52,317 [INFO] PluginManager:220 - loadIPPluginJar : add fatfs
2025-02-22 10:38:52,384 [INFO] IPUIPlugin:80 - create IPUIPlugin
2025-02-22 10:38:52,384 [INFO] PluginManager:220 - loadIPPluginJar : add fmc
2025-02-22 10:38:52,428 [INFO] IPUIPlugin:80 - create IPUIPlugin
2025-02-22 10:38:52,429 [INFO] PluginManager:220 - loadIPPluginJar : add freertos
2025-02-22 10:38:52,466 [INFO] IPUIPlugin:80 - create IPUIPlugin
2025-02-22 10:38:52,466 [INFO] PluginManager:220 - loadIPPluginJar : add genericplugin
2025-02-22 10:38:52,644 [INFO] IPUIPlugin:80 - create IPUIPlugin
2025-02-22 10:38:52,644 [INFO] PluginManager:220 - loadIPPluginJar : add gfxmmu
2025-02-22 10:38:52,888 [INFO] IPUIPlugin:80 - create IPUIPlugin
2025-02-22 10:38:52,888 [INFO] PluginManager:220 - loadIPPluginJar : add gic
2025-02-22 10:38:52,908 [INFO] IPUIPlugin:80 - create IPUIPlugin
2025-02-22 10:38:52,908 [INFO] PluginManager:220 - loadIPPluginJar : add gpio
2025-02-22 10:38:53,109 [INFO] IPUIPlugin:80 - create IPUIPlugin
2025-02-22 10:38:53,109 [INFO] PluginManager:220 - loadIPPluginJar : add gtzc
2025-02-22 10:38:53,173 [INFO] IPUIPlugin:80 - create IPUIPlugin
2025-02-22 10:38:53,173 [INFO] PluginManager:220 - loadIPPluginJar : add hash
2025-02-22 10:38:53,273 [INFO] IPUIPlugin:80 - create IPUIPlugin
2025-02-22 10:38:53,273 [INFO] PluginManager:220 - loadIPPluginJar : add i2c
2025-02-22 10:38:53,342 [INFO] IPUIPlugin:80 - create IPUIPlugin
2025-02-22 10:38:53,342 [INFO] PluginManager:220 - loadIPPluginJar : add i2s
2025-02-22 10:38:53,413 [INFO] IPUIPlugin:80 - create IPUIPlugin
2025-02-22 10:38:53,413 [INFO] PluginManager:220 - loadIPPluginJar : add i3c
2025-02-22 10:38:53,581 [INFO] IPUIPlugin:80 - create IPUIPlugin
2025-02-22 10:38:53,581 [INFO] PluginManager:220 - loadIPPluginJar : add ipddr
2025-02-22 10:38:53,735 [INFO] IPUIPlugin:80 - create IPUIPlugin
2025-02-22 10:38:53,735 [INFO] PluginManager:220 - loadIPPluginJar : add linkedlist
2025-02-22 10:38:53,801 [INFO] IPUIPlugin:80 - create IPUIPlugin
2025-02-22 10:38:53,801 [INFO] PluginManager:220 - loadIPPluginJar : add lorawan
2025-02-22 10:38:53,864 [INFO] IPUIPlugin:80 - create IPUIPlugin
2025-02-22 10:38:53,864 [INFO] PluginManager:220 - loadIPPluginJar : add ltdc
2025-02-22 10:38:53,884 [INFO] IPUIPlugin:80 - create IPUIPlugin
2025-02-22 10:38:53,884 [INFO] PluginManager:220 - loadIPPluginJar : add mdma
2025-02-22 10:38:53,908 [INFO] IPUIPlugin:80 - create IPUIPlugin
2025-02-22 10:38:53,908 [INFO] PluginManager:220 - loadIPPluginJar : add nvic
2025-02-22 10:38:53,967 [INFO] ThirdPartyUpdaterWithRetryManager:70 - Updater plugin not ready yet. [2/15]
2025-02-22 10:38:53,978 [INFO] IPUIPlugin:80 - create IPUIPlugin
2025-02-22 10:38:53,978 [INFO] PluginManager:220 - loadIPPluginJar : add opamp
2025-02-22 10:38:54,097 [INFO] IPUIPlugin:80 - create IPUIPlugin
2025-02-22 10:38:54,098 [INFO] PluginManager:220 - loadIPPluginJar : add openamp
2025-02-22 10:38:54,176 [INFO] IPUIPlugin:80 - create IPUIPlugin
2025-02-22 10:38:54,176 [INFO] PluginManager:220 - loadIPPluginJar : add pdm2pcm
2025-02-22 10:38:54,199 [INFO] IPUIPlugin:80 - create IPUIPlugin
2025-02-22 10:38:54,202 [INFO] PluginManager:220 - loadIPPluginJar : add plateformsettings
2025-02-22 10:38:54,245 [INFO] IPUIPlugin:80 - create IPUIPlugin
2025-02-22 10:38:54,246 [INFO] PluginManager:220 - loadIPPluginJar : add quadspi
2025-02-22 10:38:54,293 [INFO] IPUIPlugin:80 - create IPUIPlugin
2025-02-22 10:38:54,294 [INFO] PluginManager:220 - loadIPPluginJar : add radio
2025-02-22 10:38:54,315 [INFO] IPUIPlugin:80 - create IPUIPlugin
2025-02-22 10:38:54,315 [INFO] PluginManager:220 - loadIPPluginJar : add resmgrutility
2025-02-22 10:38:54,385 [INFO] IPUIPlugin:80 - create IPUIPlugin
2025-02-22 10:38:54,385 [INFO] PluginManager:220 - loadIPPluginJar : add sai
2025-02-22 10:38:54,444 [INFO] IPUIPlugin:80 - create IPUIPlugin
2025-02-22 10:38:54,444 [INFO] PluginManager:220 - loadIPPluginJar : add spi
2025-02-22 10:38:54,537 [INFO] IPUIPlugin:80 - create IPUIPlugin
2025-02-22 10:38:54,537 [INFO] PluginManager:220 - loadIPPluginJar : add stm32_wpan
2025-02-22 10:38:54,572 [INFO] IPUIPlugin:80 - create IPUIPlugin
2025-02-22 10:38:54,573 [INFO] PluginManager:220 - loadIPPluginJar : add tim
2025-02-22 10:38:54,656 [INFO] IPUIPlugin:80 - create IPUIPlugin
2025-02-22 10:38:54,656 [INFO] PluginManager:220 - loadIPPluginJar : add touchsensing
2025-02-22 10:38:54,696 [INFO] IPUIPlugin:80 - create IPUIPlugin
2025-02-22 10:38:54,697 [INFO] PluginManager:220 - loadIPPluginJar : add tracer_emb
2025-02-22 10:38:54,735 [INFO] IPUIPlugin:80 - create IPUIPlugin
2025-02-22 10:38:54,735 [INFO] PluginManager:220 - loadIPPluginJar : add ts
2025-02-22 10:38:54,772 [INFO] IPUIPlugin:80 - create IPUIPlugin
2025-02-22 10:38:54,772 [INFO] PluginManager:220 - loadIPPluginJar : add tsc
2025-02-22 10:38:54,810 [INFO] IPUIPlugin:80 - create IPUIPlugin
2025-02-22 10:38:54,810 [INFO] PluginManager:220 - loadIPPluginJar : add ucpd
2025-02-22 10:38:54,886 [INFO] IPUIPlugin:80 - create IPUIPlugin
2025-02-22 10:38:54,886 [INFO] PluginManager:220 - loadIPPluginJar : add usart
2025-02-22 10:38:54,955 [INFO] IPUIPlugin:80 - create IPUIPlugin
2025-02-22 10:38:54,955 [INFO] PluginManager:220 - loadIPPluginJar : add usbx
2025-02-22 10:38:55,111 [INFO] CADModel:165 - CPN selected for project level
2025-02-22 10:38:55,111 [INFO] CADModel:114 - Register for checkConnection events
2025-02-22 10:38:55,112 [FATAL] Updater:334 - Updater called before beeing initialized
2025-02-22 10:38:55,112 [ERROR] CADModel:125 - Updater not yet initialized, retry later 
2025-02-22 10:38:55,303 [INFO] CADModel:165 - CPN selected for project level
2025-02-22 10:38:55,304 [INFO] CADModel:114 - Register for checkConnection events
2025-02-22 10:38:55,304 [FATAL] Updater:334 - Updater called before beeing initialized
2025-02-22 10:38:55,304 [ERROR] CADModel:125 - Updater not yet initialized, retry later 
2025-02-22 10:38:55,307 [FATAL] Updater:334 - Updater called before beeing initialized
2025-02-22 10:38:55,531 [FATAL] Updater:334 - Updater called before beeing initialized
2025-02-22 10:38:55,549 [INFO] DbMcusAds:53 - JSON generation date=Tue Dec 17 08:01:15 PST 2024 (1734451275111)
2025-02-22 10:38:55,549 [FATAL] Updater:334 - Updater called before beeing initialized
2025-02-22 10:38:55,602 [WARN] DetailPanel:346 - Failed to get advertising image, set to default
2025-02-22 10:38:55,719 [FATAL] Updater:334 - Updater called before beeing initialized
2025-02-22 10:38:55,723 [FATAL] Updater:334 - Updater called before beeing initialized
2025-02-22 10:38:55,723 [FATAL] Updater:334 - Updater called before beeing initialized
2025-02-22 10:38:55,723 [WARN] DetailPanel:346 - Failed to get advertising image, set to default
2025-02-22 10:38:55,724 [FATAL] Updater:334 - Updater called before beeing initialized
2025-02-22 10:38:55,826 [ERROR] Updater:1164 - MainUpdater not yet initialized. External WinMGr cannot be set.
2025-02-22 10:38:55,843 [INFO] Updater:1100 - Updater Version found : 6.12.1
2025-02-22 10:38:55,871 [INFO] ApplicationProperties:184 - Using Application install path: C:\ST\STM32CubeIDE_1.16.1\STM32CubeIDE\plugins\com.st.stm32cube.common.mx_6.12.1.202409122256
2025-02-22 10:38:56,969 [INFO] ThirdPartyUpdaterWithRetryManager:70 - Updater plugin not ready yet. [3/15]
2025-02-22 10:38:57,468 [ERROR] LogOutputStream:75 - [STDERR_REDIRECT] Feb 22, 2025 10:38:57 AM java.util.prefs.WindowsPreferences <init>
2025-02-22 10:38:57,471 [ERROR] LogOutputStream:75 - [STDERR_REDIRECT] WARNING: Could not open/create prefs root node Software\JavaSoft\Prefs at root 0xffffffff80000002. Windows RegCreateKeyEx(...) returned error code 5.
2025-02-22 10:38:57,471 [ERROR] LogOutputStream:75 - [STDERR_REDIRECT] 
2025-02-22 10:38:57,943 [INFO] MainUpdater:2873 - connection check result : 10
2025-02-22 10:38:57,944 [INFO] MainUpdater:3567 - Updater definition file requires update
2025-02-22 10:38:57,945 [INFO] MainUpdater:290 - Updater Check For Update Now.
2025-02-22 10:38:57,945 [INFO] MicroXplorer:498 - Change Database Version : DB.6.0.121
2025-02-22 10:38:57,976 [INFO] McuFinderGlobals:63 - Set McuFinder mode to 2 (CubeIDE integrated)
2025-02-22 10:38:57,989 [INFO] UserAuth:417 - Internet connection configuration mode: 1
2025-02-22 10:38:58,009 [INFO] ServerAccessManage:473 - Download File updaters.zip
2025-02-22 10:38:58,044 [INFO] JxBrowserEngine:152 - Initiate JxBrowser Engine with user profile folder
2025-02-22 10:38:58,158 [INFO] FileExtend:240 - Unzip File : updaters.zip
2025-02-22 10:38:58,158 [INFO] FileExtend:255 - Standard Zip Deflate
2025-02-22 10:38:59,067 [INFO] ServerAccessManage:473 - Download File PacksControlFlags.xml
2025-02-22 10:38:59,235 [INFO] ServerAccessManage:473 - Download File cubemx.pidx
2025-02-22 10:38:59,450 [INFO] LoadServerUpdatesThread:375 - End of LoadServerUpdate Thread
2025-02-22 10:38:59,678 [INFO] CheckServerUpdateThread:120 - End of CheckServer Thread
2025-02-22 10:39:00,274 [WARN] PackLoader:240 - Cannot read IP mode file for STMicroelectronics.FP-SNS-MOTENVWB1.1.4.0
2025-02-22 10:39:00,313 [WARN] PackLoader:240 - Cannot read IP mode file for STMicroelectronics.FP-ATR-ASTRA1.2.0.1
2025-02-22 10:39:00,347 [WARN] PackLoader:240 - Cannot read IP mode file for STMicroelectronics.X-CUBE-SMBUS.2.1.0
2025-02-22 10:39:00,376 [WARN] PackLoader:240 - Cannot read IP mode file for STMicroelectronics.X-CUBE-WB05N.1.1.0
2025-02-22 10:39:00,444 [WARN] PackLoader:240 - Cannot read IP mode file for STMicroelectronics.X-CUBE-AZRTOS-F7.1.1.0
2025-02-22 10:39:00,569 [WARN] PackLoader:240 - Cannot read IP mode file for STMicroelectronics.X-CUBE-MEMS1.11.0.0
2025-02-22 10:39:00,783 [WARN] PackLoader:240 - Cannot read IP mode file for STMicroelectronics.FP-SNS-FLIGHT1.5.0.2
2025-02-22 10:39:00,811 [WARN] PackLoader:240 - Cannot read IP mode file for STMicroelectronics.X-CUBE-DISPLAY.3.0.0
2025-02-22 10:39:00,839 [WARN] PackLoader:240 - Cannot read IP mode file for STMicroelectronics.X-CUBE-BLE1.7.0.0
2025-02-22 10:39:00,871 [WARN] PackLoader:240 - Cannot read IP mode file for STMicroelectronics.X-CUBE-BLEMGR.4.0.0
2025-02-22 10:39:00,902 [WARN] PackLoader:240 - Cannot read IP mode file for emotas.I-CUBE-CANOPEN.1.3.0
2025-02-22 10:39:00,934 [WARN] PackLoader:240 - Cannot read IP mode file for STMicroelectronics.X-CUBE-BLEMGR.3.1.0
2025-02-22 10:39:00,958 [WARN] PackLoader:240 - Cannot read IP mode file for STMicroelectronics.X-CUBE-AI.10.0.0
2025-02-22 10:39:00,983 [WARN] PackLoader:240 - Cannot read IP mode file for STMicroelectronics.FP-SNS-SMARTAG2.1.2.0
2025-02-22 10:39:01,074 [WARN] PackLoader:240 - Cannot read IP mode file for STMicroelectronics.X-CUBE-MEMS1.11.1.0
2025-02-22 10:39:01,253 [INFO] LogOutputStream:77 - [STDOUT_REDIRECT] 1 : Invalid condition id : UX_CORESTACK_Condition cause : null
2025-02-22 10:39:01,254 [INFO] LogOutputStream:77 - [STDOUT_REDIRECT] 1 : Invalid condition id : UX_CORESTACK_Condition cause : null
2025-02-22 10:39:01,255 [INFO] LogOutputStream:77 - [STDOUT_REDIRECT] 1 : Invalid condition id : UX_CORESTACK_Condition cause : null
2025-02-22 10:39:01,256 [INFO] LogOutputStream:77 - [STDOUT_REDIRECT] 1 : Invalid condition id : UX_CORESTACK_Condition cause : null
2025-02-22 10:39:01,257 [INFO] LogOutputStream:77 - [STDOUT_REDIRECT] 1 : Invalid condition id : UX_CORESTACK_Condition cause : null
2025-02-22 10:39:01,261 [WARN] PackLoader:240 - Cannot read IP mode file for STMicroelectronics.X-CUBE-AZRTOS-WL.2.0.0
2025-02-22 10:39:01,292 [WARN] PackLoader:240 - Cannot read IP mode file for STMicroelectronics.FP-SNS-MOTENV1.5.0.0
2025-02-22 10:39:01,319 [WARN] PackLoader:240 - Cannot read IP mode file for wolfSSL.I-CUBE-wolfMQTT.1.19.0
2025-02-22 10:39:01,345 [WARN] PackLoader:240 - Cannot read IP mode file for WES.I-CUBE-Cesium.1.3.0
2025-02-22 10:39:01,366 [WARN] PackLoader:240 - Cannot read IP mode file for STMicroelectronics.X-CUBE-BLE2.3.3.0
2025-02-22 10:39:01,391 [WARN] PackLoader:240 - Cannot read IP mode file for STMicroelectronics.X-CUBE-TCPP.4.1.0
2025-02-22 10:39:01,436 [WARN] PackLoader:240 - Cannot read IP mode file for STMicroelectronics.X-CUBE-AZRTOS-G0.1.1.0
2025-02-22 10:39:01,460 [WARN] PackLoader:240 - Cannot read IP mode file for STMicroelectronics.X-CUBE-SAFEA1.1.2.2
2025-02-22 10:39:01,486 [WARN] PackLoader:240 - Cannot read IP mode file for STMicroelectronics.X-CUBE-NFC4.3.0.0
2025-02-22 10:39:01,514 [WARN] PackLoader:240 - Cannot read IP mode file for EmbeddedOffice.I-CUBE-FS-RTOS.1.0.1
2025-02-22 10:39:01,514 [ERROR] ConditionMgr:805 - Attr not supported : Dmpu
2025-02-22 10:39:01,514 [ERROR] ConditionMgr:805 - Attr not supported : Dmpu
2025-02-22 10:39:01,514 [ERROR] ConditionMgr:805 - Attr not supported : Dmpu
2025-02-22 10:39:01,514 [ERROR] ConditionMgr:805 - Attr not supported : Dmpu
2025-02-22 10:39:01,515 [ERROR] ConditionMgr:805 - Attr not supported : Dmpu
2025-02-22 10:39:01,515 [ERROR] ConditionMgr:805 - Attr not supported : Dmpu
2025-02-22 10:39:01,515 [ERROR] ConditionMgr:805 - Attr not supported : Dmpu
2025-02-22 10:39:01,515 [ERROR] ConditionMgr:805 - Attr not supported : Dmpu
2025-02-22 10:39:01,515 [ERROR] ConditionMgr:805 - Attr not supported : Dmpu
2025-02-22 10:39:01,515 [ERROR] ConditionMgr:805 - Attr not supported : Dmpu
2025-02-22 10:39:01,515 [ERROR] ConditionMgr:805 - Attr not supported : Dmpu
2025-02-22 10:39:01,515 [ERROR] ConditionMgr:805 - Attr not supported : Dmpu
2025-02-22 10:39:01,515 [ERROR] ConditionMgr:805 - Attr not supported : Dmpu
2025-02-22 10:39:01,515 [ERROR] ConditionMgr:805 - Attr not supported : Dmpu
2025-02-22 10:39:01,515 [ERROR] ConditionMgr:805 - Attr not supported : Dmpu
2025-02-22 10:39:01,515 [ERROR] ConditionMgr:805 - Attr not supported : Dmpu
2025-02-22 10:39:01,515 [ERROR] ConditionMgr:805 - Attr not supported : Dmpu
2025-02-22 10:39:01,515 [ERROR] ConditionMgr:805 - Attr not supported : Dmpu
2025-02-22 10:39:01,515 [ERROR] ConditionMgr:805 - Attr not supported : Dmpu
2025-02-22 10:39:01,516 [ERROR] ConditionMgr:805 - Attr not supported : Dmpu
2025-02-22 10:39:01,516 [ERROR] ConditionMgr:805 - Attr not supported : Dmpu
2025-02-22 10:39:01,516 [ERROR] ConditionMgr:805 - Attr not supported : Dmpu
2025-02-22 10:39:01,516 [ERROR] ConditionMgr:805 - Attr not supported : Dmpu
2025-02-22 10:39:01,516 [ERROR] ConditionMgr:805 - Attr not supported : Dmpu
2025-02-22 10:39:01,516 [ERROR] ConditionMgr:805 - Attr not supported : Dmpu
2025-02-22 10:39:01,516 [ERROR] ConditionMgr:805 - Attr not supported : Dmpu
2025-02-22 10:39:01,516 [ERROR] ConditionMgr:805 - Attr not supported : Dmpu
2025-02-22 10:39:01,516 [ERROR] ConditionMgr:805 - Attr not supported : Dmpu
2025-02-22 10:39:01,516 [ERROR] ConditionMgr:805 - Attr not supported : Dmpu
2025-02-22 10:39:01,516 [ERROR] ConditionMgr:805 - Attr not supported : Dmpu
2025-02-22 10:39:01,516 [ERROR] ConditionMgr:805 - Attr not supported : Dmpu
2025-02-22 10:39:01,516 [ERROR] ConditionMgr:805 - Attr not supported : Dmpu
2025-02-22 10:39:01,516 [ERROR] ConditionMgr:805 - Attr not supported : Dmpu
2025-02-22 10:39:01,516 [ERROR] ConditionMgr:805 - Attr not supported : Dmpu
2025-02-22 10:39:01,517 [ERROR] ConditionMgr:805 - Attr not supported : Dmpu
2025-02-22 10:39:01,517 [ERROR] ConditionMgr:805 - Attr not supported : Dmpu
2025-02-22 10:39:01,517 [ERROR] ConditionMgr:805 - Attr not supported : Dmpu
2025-02-22 10:39:01,517 [ERROR] ConditionMgr:805 - Attr not supported : Dmpu
2025-02-22 10:39:01,517 [ERROR] ConditionMgr:805 - Attr not supported : Dmpu
2025-02-22 10:39:01,517 [ERROR] ConditionMgr:805 - Attr not supported : Dmpu
2025-02-22 10:39:01,517 [ERROR] ConditionMgr:805 - Attr not supported : Dmpu
2025-02-22 10:39:01,517 [ERROR] ConditionMgr:805 - Attr not supported : Dmpu
2025-02-22 10:39:01,517 [ERROR] ConditionMgr:805 - Attr not supported : Dmpu
2025-02-22 10:39:01,517 [ERROR] ConditionMgr:805 - Attr not supported : Dmpu
2025-02-22 10:39:01,517 [ERROR] ConditionMgr:805 - Attr not supported : Dmpu
2025-02-22 10:39:01,517 [ERROR] ConditionMgr:805 - Attr not supported : Dmpu
2025-02-22 10:39:01,517 [ERROR] ConditionMgr:805 - Attr not supported : Dmpu
2025-02-22 10:39:01,518 [ERROR] ConditionMgr:805 - Attr not supported : Dmpu
2025-02-22 10:39:01,518 [ERROR] ConditionMgr:805 - Attr not supported : Dmpu
2025-02-22 10:39:01,518 [ERROR] ConditionMgr:805 - Attr not supported : Dmpu
2025-02-22 10:39:01,518 [ERROR] ConditionMgr:805 - Attr not supported : Dmpu
2025-02-22 10:39:01,518 [ERROR] ConditionMgr:805 - Attr not supported : Dmpu
2025-02-22 10:39:01,518 [ERROR] ConditionMgr:805 - Attr not supported : Dmpu
2025-02-22 10:39:01,518 [ERROR] ConditionMgr:805 - Attr not supported : Dmpu
2025-02-22 10:39:01,518 [ERROR] ConditionMgr:805 - Attr not supported : Dmpu
2025-02-22 10:39:01,518 [ERROR] ConditionMgr:805 - Attr not supported : Dmpu
2025-02-22 10:39:01,518 [ERROR] ConditionMgr:805 - Attr not supported : Dmpu
2025-02-22 10:39:01,518 [ERROR] ConditionMgr:805 - Attr not supported : Dmpu
2025-02-22 10:39:01,518 [ERROR] ConditionMgr:805 - Attr not supported : Dmpu
2025-02-22 10:39:01,518 [ERROR] ConditionMgr:805 - Attr not supported : Dmpu
2025-02-22 10:39:01,518 [ERROR] ConditionMgr:805 - Attr not supported : Dmpu
2025-02-22 10:39:01,519 [ERROR] ConditionMgr:805 - Attr not supported : Dmpu
2025-02-22 10:39:01,519 [ERROR] ConditionMgr:805 - Attr not supported : Dmpu
2025-02-22 10:39:01,519 [ERROR] ConditionMgr:805 - Attr not supported : Dmpu
2025-02-22 10:39:01,542 [ERROR] Engine:466 - C:\Users\mridu\.stm32cubemx\thirdparties\pdsc\STMicroelectronics.X-CUBE-TCPP.4.2.0.pdsc: PDSC version is not supported
2025-02-22 10:39:01,570 [WARN] PackLoader:240 - Cannot read IP mode file for RealThread.X-CUBE-RT-Thread_Nano.4.1.1
2025-02-22 10:39:01,597 [WARN] PackLoader:240 - Cannot read IP mode file for STMicroelectronics.FP-ATR-SIGFOX1.3.2.0
2025-02-22 10:39:01,618 [WARN] ConditionMgr:438 - getConditionDescription Invalid condition id : Cortex-A Device cause : null
2025-02-22 10:39:01,649 [WARN] ConditionMgr:1039 - genDependencies : Invalid condition id : Cortex-A Device cause : null
2025-02-22 10:39:01,649 [WARN] ConditionMgr:1039 - genDependencies : Invalid condition id : Cortex-A Device cause : null
2025-02-22 10:39:01,649 [WARN] ConditionMgr:1039 - genDependencies : Invalid condition id : Cortex-A Device cause : null
2025-02-22 10:39:01,672 [WARN] PackLoader:240 - Cannot read IP mode file for STMicroelectronics.X-CUBE-EEPRMA1.5.1.0
2025-02-22 10:39:01,697 [WARN] PackLoader:240 - Cannot read IP mode file for wolfSSL.I-CUBE-wolfSSL.5.7.4
2025-02-22 10:39:01,720 [WARN] PackLoader:240 - Cannot read IP mode file for ITTIA_DB.I-CUBE-ITTIADB.8.9.0
2025-02-22 10:39:01,779 [WARN] PackLoader:240 - Cannot read IP mode file for SEGGER.I-CUBE-embOS.1.3.1
2025-02-22 10:39:01,844 [WARN] PackLoader:240 - Cannot read IP mode file for STMicroelectronics.X-CUBE-ALGOBUILD.1.4.0
2025-02-22 10:39:01,879 [WARN] PackLoader:240 - Cannot read IP mode file for STMicroelectronics.X-CUBE-AZRTOS-F4.1.1.0
2025-02-22 10:39:01,905 [WARN] PackLoader:240 - Cannot read IP mode file for STMicroelectronics.X-CUBE-FREERTOS.1.2.0
2025-02-22 10:39:01,951 [WARN] PackLoader:240 - Cannot read IP mode file for STMicroelectronics.X-CUBE-AZRTOS-L5.2.0.0
2025-02-22 10:39:01,978 [WARN] PackLoader:240 - Cannot read IP mode file for STMicroelectronics.X-CUBE-NFC6.3.1.0
2025-02-22 10:39:02,004 [WARN] PackLoader:240 - Cannot read IP mode file for STMicroelectronics.X-CUBE-FREERTOS.1.3.0
2025-02-22 10:39:02,030 [WARN] PackLoader:240 - Cannot read IP mode file for STMicroelectronics.X-CUBE-NFC7.1.0.1
2025-02-22 10:39:02,078 [WARN] ConditionMgr:438 - getConditionDescription Invalid condition id : LAN8742 Phy interface Condition cause : null
2025-02-22 10:39:02,079 [WARN] PackLoader:240 - Cannot read IP mode file for STMicroelectronics.X-CUBE-AZRTOS-L4.2.0.0
2025-02-22 10:39:02,080 [WARN] ConditionMgr:1039 - genDependencies : Invalid condition id : LAN8742 Phy interface Condition cause : null
2025-02-22 10:39:02,081 [WARN] ConditionMgr:1039 - genDependencies : Invalid condition id : LAN8742 Phy interface Condition cause : null
2025-02-22 10:39:02,081 [WARN] ConditionMgr:1039 - genDependencies : Invalid condition id : LAN8742 Phy interface Condition cause : null
2025-02-22 10:39:02,109 [WARN] PackLoader:240 - Cannot read IP mode file for STMicroelectronics.X-CUBE-SFXS2LP1.4.0.0
2025-02-22 10:39:02,158 [WARN] PackLoader:240 - Cannot read IP mode file for STMicroelectronics.X-CUBE-AZRTOS-H7.3.3.0
2025-02-22 10:39:02,191 [WARN] PackLoader:240 - Cannot read IP mode file for STMicroelectronics.X-CUBE-IPS.3.0.0
2025-02-22 10:39:02,234 [WARN] ConditionMgr:438 - getConditionDescription Invalid condition id : UX DEVICE CLASS RTOS Condition cause : null
2025-02-22 10:39:02,234 [WARN] ConditionMgr:438 - getConditionDescription Invalid condition id : UX DEVICE CLASS RTOS Condition cause : null
2025-02-22 10:39:02,237 [WARN] PackLoader:240 - Cannot read IP mode file for STMicroelectronics.X-CUBE-AZRTOS-WB.2.0.0
2025-02-22 10:39:02,238 [WARN] ConditionMgr:1039 - genDependencies : Invalid condition id : UX DEVICE CLASS RTOS Condition cause : null
2025-02-22 10:39:02,238 [WARN] ConditionMgr:1039 - genDependencies : Invalid condition id : UX DEVICE CLASS RTOS Condition cause : null
2025-02-22 10:39:02,239 [WARN] ConditionMgr:1039 - genDependencies : Invalid condition id : UX DEVICE CLASS RTOS Condition cause : null
2025-02-22 10:39:02,239 [WARN] ConditionMgr:1039 - genDependencies : Invalid condition id : UX DEVICE CLASS RTOS Condition cause : null
2025-02-22 10:39:02,239 [WARN] ConditionMgr:1039 - genDependencies : Invalid condition id : UX DEVICE CLASS RTOS Condition cause : null
2025-02-22 10:39:02,264 [WARN] PackLoader:240 - Cannot read IP mode file for STMicroelectronics.X-CUBE-GNSS1.7.0.0
2025-02-22 10:39:02,288 [WARN] PackLoader:240 - Cannot read IP mode file for STMicroelectronics.X-CUBE-GNSS1.7.0.1
2025-02-22 10:39:02,317 [WARN] PackLoader:240 - Cannot read IP mode file for STMicroelectronics.X-CUBE-SUBG2.5.0.0
2025-02-22 10:39:02,344 [WARN] PackLoader:240 - Cannot read IP mode file for Cesanta.I-CUBE-Mongoose.7.13.0
2025-02-22 10:39:02,385 [WARN] PackLoader:240 - Cannot read IP mode file for STMicroelectronics.X-CUBE-AZRTOS-G4.2.0.0
2025-02-22 10:39:02,419 [ERROR] Engine:466 - C:\Users\mridu\.stm32cubemx\thirdparties\pdsc\STMicroelectronics.X-CUBE-IPS.3.1.0.pdsc: PDSC version is not supported
2025-02-22 10:39:02,443 [WARN] PackLoader:240 - Cannot read IP mode file for STMicroelectronics.X-CUBE-ALS.1.0.2
2025-02-22 10:39:02,468 [WARN] PackLoader:240 - Cannot read IP mode file for STMicroelectronics.X-CUBE-TOUCHGFX.4.24.2
2025-02-22 10:39:02,491 [WARN] PackLoader:240 - Cannot read IP mode file for STMicroelectronics.X-CUBE-TOUCHGFX.4.24.1
2025-02-22 10:39:02,513 [WARN] PackLoader:240 - Cannot read IP mode file for wolfSSL.I-CUBE-wolfTPM.3.4.0
2025-02-22 10:39:02,536 [WARN] PackLoader:240 - Cannot read IP mode file for portGmbH.I-Cube-SoM-uGOAL.1.1.0
2025-02-22 10:39:02,581 [WARN] PackLoader:240 - Cannot read IP mode file for STMicroelectronics.X-CUBE-AZRTOS-H7RS.1.0.0
2025-02-22 10:39:02,603 [WARN] PackLoader:240 - Cannot read IP mode file for STMicroelectronics.FP-ATR-ASTRA1.2.0.0
2025-02-22 10:39:02,642 [WARN] PackLoader:240 - Cannot read IP mode file for Infineon.AIROC-Wi-Fi-Bluetooth-STM32.1.6.1
2025-02-22 10:39:02,668 [WARN] PackLoader:240 - Cannot read IP mode file for wolfSSL.I-CUBE-wolfSSH.1.4.17
2025-02-22 10:39:02,668 [INFO] ThirdParty:978 - Integrity check success = true
2025-02-22 10:39:02,668 [INFO] IntegrityCheckThread:100 - exiting critical section [integrity check]
2025-02-22 10:39:02,668 [INFO] IntegrityCheckThread:103 - End integrity checks thread
2025-02-22 10:39:03,969 [INFO] WebApp:167 - Instantiating new browser for Auth
2025-02-22 10:39:05,378 [INFO] WebApp:448 - Apply proxy settings
2025-02-22 10:39:05,378 [INFO] WebApp:533 - Chromium requires no authentication
2025-02-22 10:39:05,396 [INFO] WebApp:476 - Direct internet connection detected
2025-02-22 10:39:05,466 [INFO] WebApp:869 - Register for checkConnection events
2025-02-22 10:39:05,466 [INFO] WebApp:448 - Apply proxy settings
2025-02-22 10:39:05,466 [INFO] WebApp:533 - Chromium requires no authentication
2025-02-22 10:39:05,467 [INFO] WebApp:476 - Direct internet connection detected
2025-02-22 10:39:05,685 [INFO] WebApp:186 - Connection restablished
2025-02-22 10:39:05,813 [INFO] WebApp:220 - Starting web application
2025-02-22 10:39:05,813 [INFO] WebApp:578 - Web application path used C:\ST\STM32CubeIDE_1.16.1\STM32CubeIDE\plugins\com.st.stm32cube.common.mx_6.12.1.202409122256\db\plugins\mcufinder\reactClient1\index.html
2025-02-22 10:39:06,183 [INFO] UserAuth:417 - Internet connection configuration mode: 1
2025-02-22 11:08:05,288 [INFO] WebApp:189 - Connection lost
2025-02-22 11:08:05,433 [INFO] WebApp:186 - Connection restablished
2025-02-22 11:08:07,444 [INFO] WebApp:189 - Connection lost
2025-02-22 11:08:07,564 [INFO] WebApp:186 - Connection restablished
2025-02-22 11:13:59,940 [INFO] WebApp:189 - Connection lost
2025-02-22 11:14:00,062 [INFO] WebApp:186 - Connection restablished
2025-02-22 12:14:00,967 [INFO] WebApp:189 - Connection lost
2025-02-22 12:14:01,149 [INFO] WebApp:186 - Connection restablished
2025-02-22 13:24:36,050 [INFO] WebApp:189 - Connection lost
2025-02-22 13:24:36,273 [INFO] WebApp:186 - Connection restablished
2025-02-22 14:04:38,758 [INFO] WebApp:189 - Connection lost
2025-02-22 14:04:38,915 [INFO] WebApp:186 - Connection restablished
2025-02-22 14:07:32,067 [INFO] WebApp:189 - Connection lost
2025-02-22 14:07:48,594 [INFO] WebApp:186 - Connection restablished
2025-02-22 14:07:51,492 [INFO] WebApp:189 - Connection lost
2025-02-22 14:07:51,646 [INFO] WebApp:186 - Connection restablished
2025-02-22 14:09:48,472 [INFO] WebApp:189 - Connection lost
2025-02-22 14:09:48,694 [INFO] WebApp:186 - Connection restablished
2025-02-22 14:16:15,976 [INFO] WebApp:189 - Connection lost
2025-02-22 14:16:16,205 [INFO] WebApp:186 - Connection restablished
2025-02-22 14:19:23,976 [INFO] WebApp:189 - Connection lost
2025-02-22 14:19:24,138 [INFO] WebApp:186 - Connection restablished
2025-02-22 14:59:35,256 [INFO] WebApp:189 - Connection lost
2025-02-22 14:59:52,519 [INFO] WebApp:186 - Connection restablished
2025-02-22 15:01:01,963 [INFO] WebApp:189 - Connection lost
2025-02-22 15:01:02,300 [INFO] WebApp:186 - Connection restablished
2025-02-22 15:01:35,238 [INFO] WebApp:189 - Connection lost
2025-02-22 15:01:46,230 [ERROR] LogOutputStream:75 - [STDERR_REDIRECT] 15:01:46.162 ERROR Chromium process exit code: -2,147,483,645
2025-02-22 15:01:46,236 [ERROR] LogOutputStream:75 - [STDERR_REDIRECT] 
2025-02-22 15:01:46,241 [ERROR] LogOutputStream:75 - [STDERR_REDIRECT] 15:01:46.237 ERROR Crash dump dir: C:\Users\mridu\AppData\Local\JxBrowser\7.38.2\CrashReports
2025-02-22 15:01:46,242 [ERROR] LogOutputStream:75 - [STDERR_REDIRECT] 
2025-02-22 15:01:46,257 [ERROR] WebApp:397 - JxBrowser engine crashed! Exit code: -2147483645
2025-02-22 16:06:36,431 [ERROR] LogOutputStream:75 - [STDERR_REDIRECT] 
2025-02-22 16:06:36,442 [ERROR] LogOutputStream:75 - [STDERR_REDIRECT] 
