2025-06-17 19:03:13,969 [INFO] Activator:176 - 


2025-06-17 19:03:13,976 [INFO] Activator:177 - !SESSION log4j initialized
2025-06-17 19:03:20,978 [INFO] LogOutputStream:77 - [STDOUT_REDIRECT] 
2025-06-17 19:03:23,545 [INFO] ApplicationProperties:184 - Using Application install path: C:\ST\STM32CubeIDE_1.16.1\STM32CubeIDE\plugins\com.st.stm32cube.common.mx_6.14.1.202504091515
2025-06-17 19:03:23,565 [INFO] DbMcusXml:78 - Set database path to: C:\ST\STM32CubeIDE_1.16.1\STM32CubeIDE\plugins\com.st.stm32cube.common.mx_6.14.1.202504091515\\db\/mcu/
2025-06-17 19:03:23,566 [INFO] ApiDb:274 - Set plugin database path to: C:\ST\STM32CubeIDE_1.16.1\STM32CubeIDE\plugins\com.st.stm32cube.common.mx_6.14.1.202504091515\\db\/plugins/boardmanager/
2025-06-17 19:03:23,567 [WARN] ApiDb:259 - Overriding images path with different value:  => C:\ST\STM32CubeIDE_1.16.1\STM32CubeIDE\plugins\com.st.stm32cube.common.mx_6.14.1.202504091515\\db\/plugins/mcufinder/images/
2025-06-17 19:03:23,579 [INFO] ApiDb:250 - Set database path to: C:\Users\mridu\.stmcufinder\plugins\mcufinder//mcu/
2025-06-17 19:03:23,581 [INFO] DbMcusAds:125 - Set database path to: C:\Users\mridu\.stmcufinder\plugins\mcufinder//mcu/
2025-06-17 19:03:23,584 [INFO] CrossReferenceDbSqlite:203 - Set database path to: C:\Users\mridu\.stmcufinder\plugins\mcufinder//mcu/cs/
2025-06-17 19:03:23,771 [INFO] RulesReader:64 - Compatibility file has been processed (302 Rules)
2025-06-17 19:03:23,887 [INFO] DbMcusXml:78 - Set database path to: C:\ST\STM32CubeIDE_1.16.1\STM32CubeIDE\plugins\com.st.stm32cube.common.mx_6.14.1.202504091515\\db\/mcu/
2025-06-17 19:03:23,887 [INFO] ApiDb:274 - Set plugin database path to: C:\ST\STM32CubeIDE_1.16.1\STM32CubeIDE\plugins\com.st.stm32cube.common.mx_6.14.1.202504091515\\db\/plugins/boardmanager/
2025-06-17 19:03:23,887 [INFO] ApiDb:261 - Set plugin images path to: C:\ST\STM32CubeIDE_1.16.1\STM32CubeIDE\plugins\com.st.stm32cube.common.mx_6.14.1.202504091515\\db\/plugins/mcufinder/images/
2025-06-17 19:03:23,888 [WARN] DbFile:41 - Overriding database path with different value: C:\Users\mridu\.stmcufinder\plugins\mcufinder/ => C:\Users\mridu\.stmcufinder\plugins\mcufinder
2025-06-17 19:03:23,888 [INFO] ApiDb:250 - Set database path to: C:\Users\mridu\.stmcufinder\plugins\mcufinder//mcu/
2025-06-17 19:03:23,888 [WARN] DbFile:41 - Overriding database path with different value: C:\Users\mridu\.stmcufinder\plugins\mcufinder/ => C:\Users\mridu\.stmcufinder\plugins\mcufinder
2025-06-17 19:03:23,888 [INFO] DbMcusAds:125 - Set database path to: C:\Users\mridu\.stmcufinder\plugins\mcufinder//mcu/
2025-06-17 19:03:23,888 [WARN] DbFile:41 - Overriding database path with different value: C:\Users\mridu\.stmcufinder\plugins\mcufinder/ => C:\Users\mridu\.stmcufinder\plugins\mcufinder
2025-06-17 19:03:23,888 [WARN] DbFile:41 - Overriding database path with different value: C:\Users\mridu\.stmcufinder\plugins\mcufinder/ => C:\Users\mridu\.stmcufinder\plugins\mcufinder
2025-06-17 19:03:23,888 [INFO] CrossReferenceDbSqlite:203 - Set database path to: C:\Users\mridu\.stmcufinder\plugins\mcufinder//mcu/cs/
2025-06-17 19:03:23,988 [INFO] MainPanel:272 - HeapMemory: 268435456
2025-06-17 19:03:24,182 [INFO] DbMcusXml:78 - Set database path to: C:\ST\STM32CubeIDE_1.16.1\STM32CubeIDE\plugins\com.st.stm32cube.common.mx_6.14.1.202504091515\\db\/mcu/
2025-06-17 19:03:24,182 [INFO] ApiDb:274 - Set plugin database path to: C:\ST\STM32CubeIDE_1.16.1\STM32CubeIDE\plugins\com.st.stm32cube.common.mx_6.14.1.202504091515\\db\/plugins/boardmanager/
2025-06-17 19:03:24,182 [INFO] ApiDb:261 - Set plugin images path to: C:\ST\STM32CubeIDE_1.16.1\STM32CubeIDE\plugins\com.st.stm32cube.common.mx_6.14.1.202504091515\\db\/plugins/mcufinder/images/
2025-06-17 19:03:24,182 [WARN] DbFile:41 - Overriding database path with different value: C:\Users\mridu\.stmcufinder\plugins\mcufinder/ => C:\Users\mridu\.stmcufinder\plugins\mcufinder
2025-06-17 19:03:24,183 [INFO] ApiDb:250 - Set database path to: C:\Users\mridu\.stmcufinder\plugins\mcufinder//mcu/
2025-06-17 19:03:24,183 [WARN] DbFile:41 - Overriding database path with different value: C:\Users\mridu\.stmcufinder\plugins\mcufinder/ => C:\Users\mridu\.stmcufinder\plugins\mcufinder
2025-06-17 19:03:24,183 [INFO] DbMcusAds:125 - Set database path to: C:\Users\mridu\.stmcufinder\plugins\mcufinder//mcu/
2025-06-17 19:03:24,183 [WARN] DbFile:41 - Overriding database path with different value: C:\Users\mridu\.stmcufinder\plugins\mcufinder/ => C:\Users\mridu\.stmcufinder\plugins\mcufinder
2025-06-17 19:03:24,183 [WARN] DbFile:41 - Overriding database path with different value: C:\Users\mridu\.stmcufinder\plugins\mcufinder/ => C:\Users\mridu\.stmcufinder\plugins\mcufinder
2025-06-17 19:03:24,183 [INFO] CrossReferenceDbSqlite:203 - Set database path to: C:\Users\mridu\.stmcufinder\plugins\mcufinder//mcu/cs/
2025-06-17 19:03:24,203 [INFO] ApplicationProperties:184 - Using Application install path: C:\ST\STM32CubeIDE_1.16.1\STM32CubeIDE\plugins\com.st.stm32cube.common.mx_6.14.1.202504091515
2025-06-17 19:03:24,205 [INFO] PluginManage:196 - Search for loadable plugins [exclusion list=, ]
2025-06-17 19:03:24,206 [INFO] PluginManage:310 - Check plugin analytics
2025-06-17 19:03:24,533 [INFO] AnalyticsPlugin:253 - Accepted Software Licenses: 
2025-06-17 19:03:24,534 [INFO] AnalyticsPlugin:255 - Accepted CMSIS Pack Licenses: 
2025-06-17 19:03:24,534 [INFO] AnalyticsPlugin:257 - Accepted Firmware Licenses: 
2025-06-17 19:03:24,539 [INFO] PluginManage:359 - Loaded plugin analytics (category:tool,tabindex:-1)
2025-06-17 19:03:24,540 [INFO] PluginManage:310 - Check plugin cadmodel
2025-06-17 19:03:24,565 [INFO] CADModel:105 - Init CAD model plugin
2025-06-17 19:03:24,565 [INFO] PluginManage:359 - Loaded plugin cadmodel (category:power,tabindex:5)
2025-06-17 19:03:24,565 [INFO] PluginManage:310 - Check plugin clock
2025-06-17 19:03:24,588 [INFO] PluginManage:359 - Loaded plugin clock (category:base,tabindex:2)
2025-06-17 19:03:24,588 [INFO] PluginManage:310 - Check plugin ddr
2025-06-17 19:03:24,592 [INFO] PluginManage:359 - Loaded plugin ddr (category:tool,tabindex:6)
2025-06-17 19:03:24,592 [INFO] PluginManage:310 - Check plugin filemanager
2025-06-17 19:03:24,760 [INFO] PluginManage:359 - Loaded plugin filemanager (category:base,tabindex:10)
2025-06-17 19:03:24,761 [INFO] PluginManage:310 - Check plugin ipmanager
2025-06-17 19:03:24,769 [INFO] PluginManage:359 - Loaded plugin ipmanager (category:base,tabindex:5)
2025-06-17 19:03:24,769 [INFO] PluginManage:310 - Check plugin lpbam
2025-06-17 19:03:24,790 [INFO] PluginManage:359 - Loaded plugin lpbam (category:base,tabindex:0)
2025-06-17 19:03:24,790 [INFO] PluginManage:310 - Check plugin memorymap
2025-06-17 19:03:24,827 [INFO] PluginManage:359 - Loaded plugin memorymap (category:base,tabindex:4)
2025-06-17 19:03:24,828 [INFO] PluginManage:310 - Check plugin pinoutandconfiguration
2025-06-17 19:03:24,856 [INFO] PluginManage:359 - Loaded plugin pinoutandconfiguration (category:base,tabindex:1)
2025-06-17 19:03:24,856 [INFO] PluginManage:310 - Check plugin pinoutconfig
2025-06-17 19:03:25,020 [WARN] SupportedApi:132 - Cannot load RTOS API schema: s4s-elt-must-match.1: The content of 'definitions' must match (annotation?, (simpleType | complexType)?, (unique | key | keyref)*)). A problem was found starting at: attribute.
2025-06-17 19:03:25,209 [INFO] PluginManage:359 - Loaded plugin pinoutconfig (category:base,tabindex:0)
2025-06-17 19:03:25,209 [INFO] PluginManage:310 - Check plugin power
2025-06-17 19:03:25,238 [INFO] PluginManage:359 - Loaded plugin power (category:power,tabindex:4)
2025-06-17 19:03:25,238 [INFO] PluginManage:310 - Check plugin projectmanager
2025-06-17 19:03:25,264 [INFO] PluginManage:359 - Loaded plugin projectmanager (category:projectmanager,tabindex:4)
2025-06-17 19:03:25,264 [INFO] PluginManage:310 - Check plugin rif
2025-06-17 19:03:25,297 [INFO] PluginManage:359 - Loaded plugin rif (category:base,tabindex:3)
2025-06-17 19:03:25,298 [INFO] PluginManage:310 - Check plugin thirdparty
2025-06-17 19:03:25,706 [INFO] PluginManage:359 - Loaded plugin thirdparty (category:base,tabindex:-1)
2025-06-17 19:03:25,706 [WARN] IntegrityCheckThread:84 - waiting for thirdparty lock release [integrity check]
2025-06-17 19:03:25,707 [INFO] PluginManage:310 - Check plugin tools
2025-06-17 19:03:25,707 [INFO] IntegrityCheckThread:86 - entering critical section [integrity check]
2025-06-17 19:03:25,707 [INFO] ThirdPartyUpdaterWithRetryManager:70 - Updater plugin not ready yet. [1/15]
2025-06-17 19:03:25,753 [INFO] PluginManage:359 - Loaded plugin tools (category:base,tabindex:7)
2025-06-17 19:03:25,753 [INFO] PluginManage:310 - Check plugin tutovideos
2025-06-17 19:03:26,008 [INFO] PluginManage:359 - Loaded plugin tutovideos (category:base,tabindex:-1)
2025-06-17 19:03:26,009 [INFO] PluginManage:310 - Check plugin updater
2025-06-17 19:03:26,045 [INFO] PluginManage:359 - Loaded plugin updater (category:base,tabindex:12)
2025-06-17 19:03:26,045 [INFO] PluginManage:310 - Check plugin userauth
2025-06-17 19:03:26,053 [INFO] UserAuth:118 - Init User Auth plugin
2025-06-17 19:03:26,056 [INFO] PluginManage:359 - Loaded plugin userauth (category:base,tabindex:14)
2025-06-17 19:03:26,057 [INFO] PluginManage:283 - PluginManage : Loaded plugins [18]
2025-06-17 19:03:26,456 [INFO] PinOutPanel:1589 - setPackage(No Configuration,No Configuration)
2025-06-17 19:03:26,559 [INFO] CADModel:165 - CPN selected for project level
2025-06-17 19:03:26,559 [INFO] CADModel:114 - Register for checkConnection events
2025-06-17 19:03:26,627 [INFO] IPUIPlugin:80 - create IPUIPlugin
2025-06-17 19:03:26,628 [INFO] PluginManager:220 - loadIPPluginJar : add adc
2025-06-17 19:03:26,710 [INFO] IPUIPlugin:80 - create IPUIPlugin
2025-06-17 19:03:26,710 [INFO] PluginManager:220 - loadIPPluginJar : add aes
2025-06-17 19:03:26,771 [INFO] IPUIPlugin:80 - create IPUIPlugin
2025-06-17 19:03:26,772 [INFO] PluginManager:220 - loadIPPluginJar : add can
2025-06-17 19:03:26,808 [INFO] IPUIPlugin:80 - create IPUIPlugin
2025-06-17 19:03:26,808 [INFO] PluginManager:220 - loadIPPluginJar : add comp
2025-06-17 19:03:26,854 [INFO] IPUIPlugin:80 - create IPUIPlugin
2025-06-17 19:03:26,854 [INFO] PluginManager:220 - loadIPPluginJar : add cryp
2025-06-17 19:03:26,869 [INFO] IPUIPlugin:80 - create IPUIPlugin
2025-06-17 19:03:26,870 [INFO] PluginManager:220 - loadIPPluginJar : add ddr_ctrl_phy
2025-06-17 19:03:26,916 [INFO] IPUIPlugin:80 - create IPUIPlugin
2025-06-17 19:03:26,916 [INFO] PluginManager:220 - loadIPPluginJar : add dfsdm
2025-06-17 19:03:26,934 [INFO] IPUIPlugin:80 - create IPUIPlugin
2025-06-17 19:03:26,935 [INFO] PluginManager:220 - loadIPPluginJar : add dma
2025-06-17 19:03:26,987 [INFO] IPUIPlugin:80 - create IPUIPlugin
2025-06-17 19:03:26,987 [INFO] PluginManager:220 - loadIPPluginJar : add dma3
2025-06-17 19:03:27,047 [INFO] IPUIPlugin:80 - create IPUIPlugin
2025-06-17 19:03:27,047 [INFO] PluginManager:220 - loadIPPluginJar : add extmemmanager
2025-06-17 19:03:27,077 [INFO] IPUIPlugin:80 - create IPUIPlugin
2025-06-17 19:03:27,077 [INFO] PluginManager:220 - loadIPPluginJar : add fatfs
2025-06-17 19:03:27,134 [INFO] IPUIPlugin:80 - create IPUIPlugin
2025-06-17 19:03:27,134 [INFO] PluginManager:220 - loadIPPluginJar : add fmc
2025-06-17 19:03:27,152 [INFO] IPUIPlugin:80 - create IPUIPlugin
2025-06-17 19:03:27,153 [INFO] PluginManager:220 - loadIPPluginJar : add freertos
2025-06-17 19:03:27,179 [INFO] IPUIPlugin:80 - create IPUIPlugin
2025-06-17 19:03:27,180 [INFO] PluginManager:220 - loadIPPluginJar : add genericplugin
2025-06-17 19:03:27,289 [INFO] IPUIPlugin:80 - create IPUIPlugin
2025-06-17 19:03:27,289 [INFO] PluginManager:220 - loadIPPluginJar : add gfxmmu
2025-06-17 19:03:27,445 [INFO] IPUIPlugin:80 - create IPUIPlugin
2025-06-17 19:03:27,445 [INFO] PluginManager:220 - loadIPPluginJar : add gic
2025-06-17 19:03:27,463 [INFO] IPUIPlugin:80 - create IPUIPlugin
2025-06-17 19:03:27,464 [INFO] PluginManager:220 - loadIPPluginJar : add gpio
2025-06-17 19:03:27,591 [INFO] IPUIPlugin:80 - create IPUIPlugin
2025-06-17 19:03:27,591 [INFO] PluginManager:220 - loadIPPluginJar : add gtzc
2025-06-17 19:03:27,630 [INFO] IPUIPlugin:80 - create IPUIPlugin
2025-06-17 19:03:27,631 [INFO] PluginManager:220 - loadIPPluginJar : add hash
2025-06-17 19:03:27,699 [INFO] IPUIPlugin:80 - create IPUIPlugin
2025-06-17 19:03:27,699 [INFO] PluginManager:220 - loadIPPluginJar : add i2c
2025-06-17 19:03:27,745 [INFO] IPUIPlugin:80 - create IPUIPlugin
2025-06-17 19:03:27,745 [INFO] PluginManager:220 - loadIPPluginJar : add i2s
2025-06-17 19:03:27,800 [INFO] IPUIPlugin:80 - create IPUIPlugin
2025-06-17 19:03:27,800 [INFO] PluginManager:220 - loadIPPluginJar : add i3c
2025-06-17 19:03:27,928 [INFO] IPUIPlugin:80 - create IPUIPlugin
2025-06-17 19:03:27,928 [INFO] PluginManager:220 - loadIPPluginJar : add ipddr
2025-06-17 19:03:28,057 [INFO] IPUIPlugin:80 - create IPUIPlugin
2025-06-17 19:03:28,057 [INFO] PluginManager:220 - loadIPPluginJar : add linkedlist
2025-06-17 19:03:28,111 [INFO] IPUIPlugin:80 - create IPUIPlugin
2025-06-17 19:03:28,111 [INFO] PluginManager:220 - loadIPPluginJar : add lorawan
2025-06-17 19:03:28,172 [INFO] IPUIPlugin:80 - create IPUIPlugin
2025-06-17 19:03:28,172 [INFO] PluginManager:220 - loadIPPluginJar : add ltdc
2025-06-17 19:03:28,198 [INFO] IPUIPlugin:80 - create IPUIPlugin
2025-06-17 19:03:28,198 [INFO] PluginManager:220 - loadIPPluginJar : add mdma
2025-06-17 19:03:28,218 [INFO] IPUIPlugin:80 - create IPUIPlugin
2025-06-17 19:03:28,218 [INFO] PluginManager:220 - loadIPPluginJar : add nvic
2025-06-17 19:03:28,293 [INFO] IPUIPlugin:80 - create IPUIPlugin
2025-06-17 19:03:28,294 [INFO] PluginManager:220 - loadIPPluginJar : add opamp
2025-06-17 19:03:28,411 [INFO] IPUIPlugin:80 - create IPUIPlugin
2025-06-17 19:03:28,411 [INFO] PluginManager:220 - loadIPPluginJar : add openamp
2025-06-17 19:03:28,484 [INFO] IPUIPlugin:80 - create IPUIPlugin
2025-06-17 19:03:28,484 [INFO] PluginManager:220 - loadIPPluginJar : add pdm2pcm
2025-06-17 19:03:28,514 [INFO] IPUIPlugin:80 - create IPUIPlugin
2025-06-17 19:03:28,517 [INFO] PluginManager:220 - loadIPPluginJar : add plateformsettings
2025-06-17 19:03:28,551 [INFO] IPUIPlugin:80 - create IPUIPlugin
2025-06-17 19:03:28,551 [INFO] PluginManager:220 - loadIPPluginJar : add quadspi
2025-06-17 19:03:28,596 [INFO] IPUIPlugin:80 - create IPUIPlugin
2025-06-17 19:03:28,601 [INFO] PluginManager:220 - loadIPPluginJar : add radio
2025-06-17 19:03:28,629 [INFO] IPUIPlugin:80 - create IPUIPlugin
2025-06-17 19:03:28,629 [INFO] PluginManager:220 - loadIPPluginJar : add resmgrutility
2025-06-17 19:03:28,694 [INFO] IPUIPlugin:80 - create IPUIPlugin
2025-06-17 19:03:28,694 [INFO] PluginManager:220 - loadIPPluginJar : add sai
2025-06-17 19:03:28,708 [INFO] ThirdPartyUpdaterWithRetryManager:70 - Updater plugin not ready yet. [2/15]
2025-06-17 19:03:28,739 [INFO] IPUIPlugin:80 - create IPUIPlugin
2025-06-17 19:03:28,739 [INFO] PluginManager:220 - loadIPPluginJar : add spi
2025-06-17 19:03:28,841 [INFO] IPUIPlugin:80 - create IPUIPlugin
2025-06-17 19:03:28,841 [INFO] PluginManager:220 - loadIPPluginJar : add stm32_wpan
2025-06-17 19:03:28,875 [INFO] IPUIPlugin:80 - create IPUIPlugin
2025-06-17 19:03:28,875 [INFO] PluginManager:220 - loadIPPluginJar : add tim
2025-06-17 19:03:28,971 [INFO] IPUIPlugin:80 - create IPUIPlugin
2025-06-17 19:03:28,971 [INFO] PluginManager:220 - loadIPPluginJar : add touchsensing
2025-06-17 19:03:29,002 [INFO] IPUIPlugin:80 - create IPUIPlugin
2025-06-17 19:03:29,002 [INFO] PluginManager:220 - loadIPPluginJar : add tracer_emb
2025-06-17 19:03:29,031 [INFO] IPUIPlugin:80 - create IPUIPlugin
2025-06-17 19:03:29,032 [INFO] PluginManager:220 - loadIPPluginJar : add ts
2025-06-17 19:03:29,063 [INFO] IPUIPlugin:80 - create IPUIPlugin
2025-06-17 19:03:29,063 [INFO] PluginManager:220 - loadIPPluginJar : add tsc
2025-06-17 19:03:29,094 [INFO] IPUIPlugin:80 - create IPUIPlugin
2025-06-17 19:03:29,094 [INFO] PluginManager:220 - loadIPPluginJar : add ucpd
2025-06-17 19:03:29,158 [INFO] IPUIPlugin:80 - create IPUIPlugin
2025-06-17 19:03:29,158 [INFO] PluginManager:220 - loadIPPluginJar : add usart
2025-06-17 19:03:29,229 [INFO] IPUIPlugin:80 - create IPUIPlugin
2025-06-17 19:03:29,229 [INFO] PluginManager:220 - loadIPPluginJar : add usbx
2025-06-17 19:03:29,372 [FATAL] Updater:351 - Updater called before beeing initialized
2025-06-17 19:03:29,409 [INFO] RulesReader:64 - Compatibility file has been processed (302 Rules)
2025-06-17 19:03:29,419 [INFO] RulesReader:64 - Compatibility file has been processed (302 Rules)
2025-06-17 19:03:29,430 [INFO] CADModel:165 - CPN selected for project level
2025-06-17 19:03:29,430 [INFO] CADModel:114 - Register for checkConnection events
2025-06-17 19:03:29,430 [FATAL] Updater:351 - Updater called before beeing initialized
2025-06-17 19:03:29,430 [ERROR] CADModel:125 - Updater not yet initialized, retry later 
2025-06-17 19:03:29,664 [FATAL] Updater:351 - Updater called before beeing initialized
2025-06-17 19:03:29,667 [INFO] CADModel:165 - CPN selected for project level
2025-06-17 19:03:29,667 [INFO] CADModel:114 - Register for checkConnection events
2025-06-17 19:03:29,667 [FATAL] Updater:351 - Updater called before beeing initialized
2025-06-17 19:03:29,667 [ERROR] CADModel:125 - Updater not yet initialized, retry later 
2025-06-17 19:03:29,673 [FATAL] Updater:351 - Updater called before beeing initialized
2025-06-17 19:03:29,803 [FATAL] Updater:351 - Updater called before beeing initialized
2025-06-17 19:03:29,815 [INFO] DbMcusAds:53 - JSON generation date=Wed May 07 02:07:55 PDT 2025 (1746608875484)
2025-06-17 19:03:29,816 [FATAL] Updater:351 - Updater called before beeing initialized
2025-06-17 19:03:29,852 [WARN] DetailPanel:346 - Failed to get advertising image, set to default
2025-06-17 19:03:30,078 [FATAL] Updater:351 - Updater called before beeing initialized
2025-06-17 19:03:30,081 [FATAL] Updater:351 - Updater called before beeing initialized
2025-06-17 19:03:30,081 [FATAL] Updater:351 - Updater called before beeing initialized
2025-06-17 19:03:30,081 [WARN] DetailPanel:346 - Failed to get advertising image, set to default
2025-06-17 19:03:30,082 [FATAL] Updater:351 - Updater called before beeing initialized
2025-06-17 19:03:30,153 [ERROR] Updater:1198 - MainUpdater not yet initialized. External WinMGr cannot be set.
2025-06-17 19:03:30,168 [INFO] Updater:1134 - Updater Version found : 6.14.1
2025-06-17 19:03:30,190 [INFO] ApplicationProperties:184 - Using Application install path: C:\ST\STM32CubeIDE_1.16.1\STM32CubeIDE\plugins\com.st.stm32cube.common.mx_6.14.1.202504091515
2025-06-17 19:03:31,709 [INFO] ThirdPartyUpdaterWithRetryManager:70 - Updater plugin not ready yet. [3/15]
2025-06-17 19:03:31,780 [ERROR] LogOutputStream:75 - [STDERR_REDIRECT] Jun 17, 2025 7:03:31 PM java.util.prefs.WindowsPreferences <init>
2025-06-17 19:03:31,781 [ERROR] LogOutputStream:75 - [STDERR_REDIRECT] WARNING: Could not open/create prefs root node Software\JavaSoft\Prefs at root 0xffffffff80000002. Windows RegCreateKeyEx(...) returned error code 5.
2025-06-17 19:03:31,781 [ERROR] LogOutputStream:75 - [STDERR_REDIRECT] 
2025-06-17 19:03:32,283 [INFO] MainUpdater:2872 - connection check result : 10
2025-06-17 19:03:32,285 [INFO] MainUpdater:3566 - Updater definition file requires update
2025-06-17 19:03:32,285 [INFO] MainUpdater:289 - Updater Check For Update Now.
2025-06-17 19:03:32,286 [INFO] MicroXplorer:498 - Change Database Version : DB.6.0.141
2025-06-17 19:03:32,307 [INFO] McuFinderGlobals:63 - Set McuFinder mode to 2 (CubeIDE integrated)
2025-06-17 19:03:32,316 [INFO] UserAuth:484 - Internet connection configuration mode: 1
2025-06-17 19:03:32,355 [INFO] JxBrowserEngine:152 - Initiate JxBrowser Engine with user profile folder
2025-06-17 19:03:33,569 [INFO] ServerAccessManage:473 - Download File updaters.zip
2025-06-17 19:03:33,717 [INFO] FileExtend:242 - Unzip File : updaters.zip
2025-06-17 19:03:33,718 [INFO] FileExtend:257 - Standard Zip Deflate
2025-06-17 19:03:34,712 [WARN] MainUpdater:1193 - Updater busy. Cannot search thirdparties
2025-06-17 19:03:34,713 [INFO] ThirdPartyUpdaterWithRetryManager:96 - Updater plugin is busy. [1/15]
2025-06-17 19:03:34,721 [INFO] WebApp:169 - Instantiating new browser for Auth
2025-06-17 19:03:35,157 [INFO] ServerAccessManage:473 - Download File PacksControlFlags.xml
2025-06-17 19:03:35,328 [INFO] ServerAccessManage:473 - Download File cubemx.pidx
2025-06-17 19:03:36,626 [INFO] WebApp:463 - Apply proxy settings
2025-06-17 19:03:36,627 [INFO] WebApp:548 - Chromium requires no authentication
2025-06-17 19:03:36,658 [INFO] WebApp:491 - Direct internet connection detected
2025-06-17 19:03:36,732 [INFO] WebApp:894 - Register for checkConnection events
2025-06-17 19:03:36,732 [INFO] WebApp:463 - Apply proxy settings
2025-06-17 19:03:36,732 [INFO] WebApp:548 - Chromium requires no authentication
2025-06-17 19:03:36,735 [INFO] WebApp:491 - Direct internet connection detected
2025-06-17 19:03:36,928 [INFO] WebApp:191 - Connection restablished
2025-06-17 19:03:37,184 [INFO] WebApp:225 - Starting web application
2025-06-17 19:03:37,184 [INFO] WebApp:593 - Web application path used C:\ST\STM32CubeIDE_1.16.1\STM32CubeIDE\plugins\com.st.stm32cube.common.mx_6.14.1.202504091515\db\plugins\mcufinder\reactClient1\index.html
2025-06-17 19:03:37,355 [INFO] ServerAccessManage:473 - Download File STMicroelectronics.X-CUBE-PM33A1.pdsc
2025-06-17 19:03:37,462 [INFO] UserAuth:484 - Internet connection configuration mode: 1
2025-06-17 19:03:37,714 [WARN] MainUpdater:1193 - Updater busy. Cannot search thirdparties
2025-06-17 19:03:37,715 [INFO] ThirdPartyUpdaterWithRetryManager:96 - Updater plugin is busy. [2/15]
2025-06-17 19:03:38,871 [WARN] PackLoader:240 - Cannot read IP mode file for STMicroelectronics.X-CUBE-PM33A1.1.0.0
2025-06-17 19:03:38,877 [INFO] PopulateThirdPartyThread:66 - Ending populate Thread
2025-06-17 19:03:38,878 [INFO] ThirdParty:1030 - CMSIS Pack Vendor :STMicroelectronics X-CUBE-PM33A1 1.0.0
2025-06-17 19:03:38,879 [INFO] LoadServerUpdatesThread:375 - End of LoadServerUpdate Thread
2025-06-17 19:03:38,973 [INFO] CheckServerUpdateThread:120 - End of CheckServer Thread
2025-06-17 19:03:41,091 [WARN] PackLoader:240 - Cannot read IP mode file for STMicroelectronics.FP-SNS-MOTENVWB1.1.4.0
2025-06-17 19:03:41,099 [WARN] PackLoader:240 - Cannot read IP mode file for STMicroelectronics.FP-ATR-ASTRA1.2.0.2
2025-06-17 19:03:41,114 [WARN] PackLoader:240 - Cannot read IP mode file for STMicroelectronics.FP-ATR-ASTRA1.2.0.1
2025-06-17 19:03:41,131 [WARN] PackLoader:240 - Cannot read IP mode file for STMicroelectronics.X-CUBE-SMBUS.2.1.0
2025-06-17 19:03:41,147 [WARN] PackLoader:240 - Cannot read IP mode file for STMicroelectronics.X-CUBE-WB05N.1.1.0
2025-06-17 19:03:41,164 [WARN] PackLoader:240 - Cannot read IP mode file for STMicroelectronics.X-CUBE-ST60.1.0.0
2025-06-17 19:03:41,198 [WARN] PackLoader:240 - Cannot read IP mode file for STMicroelectronics.X-CUBE-AZRTOS-F7.1.1.0
2025-06-17 19:03:41,267 [WARN] PackLoader:240 - Cannot read IP mode file for STMicroelectronics.X-CUBE-MEMS1.11.0.0
2025-06-17 19:03:41,373 [WARN] PackLoader:240 - Cannot read IP mode file for STMicroelectronics.FP-SNS-FLIGHT1.5.0.2
2025-06-17 19:03:41,394 [WARN] PackLoader:240 - Cannot read IP mode file for STMicroelectronics.X-CUBE-DISPLAY.3.0.0
2025-06-17 19:03:41,416 [WARN] PackLoader:240 - Cannot read IP mode file for STMicroelectronics.X-CUBE-BLE1.7.0.0
2025-06-17 19:03:41,436 [WARN] PackLoader:240 - Cannot read IP mode file for STMicroelectronics.X-CUBE-BLEMGR.4.0.0
2025-06-17 19:03:41,460 [WARN] PackLoader:240 - Cannot read IP mode file for emotas.I-CUBE-CANOPEN.1.3.0
2025-06-17 19:03:41,481 [WARN] PackLoader:240 - Cannot read IP mode file for STMicroelectronics.X-CUBE-BLEMGR.3.1.0
2025-06-17 19:03:41,494 [WARN] PackLoader:240 - Cannot read IP mode file for STMicroelectronics.X-CUBE-AI.10.0.0
2025-06-17 19:03:41,509 [WARN] PackLoader:240 - Cannot read IP mode file for STMicroelectronics.FP-SNS-SMARTAG2.1.2.0
2025-06-17 19:03:41,516 [WARN] PackLoader:240 - Cannot read IP mode file for STMicroelectronics.FP-SNS-FLIGHT1.5.1.0
2025-06-17 19:03:41,569 [WARN] PackLoader:240 - Cannot read IP mode file for STMicroelectronics.X-CUBE-MEMS1.11.1.0
2025-06-17 19:03:41,664 [INFO] LogOutputStream:77 - [STDOUT_REDIRECT] 1 : Invalid condition id : UX_CORESTACK_Condition cause : null
2025-06-17 19:03:41,665 [INFO] LogOutputStream:77 - [STDOUT_REDIRECT] 1 : Invalid condition id : UX_CORESTACK_Condition cause : null
2025-06-17 19:03:41,665 [INFO] LogOutputStream:77 - [STDOUT_REDIRECT] 1 : Invalid condition id : UX_CORESTACK_Condition cause : null
2025-06-17 19:03:41,666 [INFO] LogOutputStream:77 - [STDOUT_REDIRECT] 1 : Invalid condition id : UX_CORESTACK_Condition cause : null
2025-06-17 19:03:41,666 [INFO] LogOutputStream:77 - [STDOUT_REDIRECT] 1 : Invalid condition id : UX_CORESTACK_Condition cause : null
2025-06-17 19:03:41,668 [WARN] PackLoader:240 - Cannot read IP mode file for STMicroelectronics.X-CUBE-AZRTOS-WL.2.0.0
2025-06-17 19:03:41,684 [WARN] PackLoader:240 - Cannot read IP mode file for STMicroelectronics.FP-SNS-MOTENV1.5.0.0
2025-06-17 19:03:41,690 [WARN] PackLoader:240 - Cannot read IP mode file for wolfSSL.I-CUBE-wolfMQTT.1.19.0
2025-06-17 19:03:41,705 [WARN] PackLoader:240 - Cannot read IP mode file for WES.I-CUBE-Cesium.1.3.0
2025-06-17 19:03:41,720 [WARN] PackLoader:240 - Cannot read IP mode file for STMicroelectronics.X-CUBE-BLE2.3.3.0
2025-06-17 19:03:41,733 [WARN] PackLoader:240 - Cannot read IP mode file for STMicroelectronics.X-CUBE-BLE1.7.1.0
2025-06-17 19:03:41,748 [WARN] PackLoader:240 - Cannot read IP mode file for STMicroelectronics.X-CUBE-TCPP.4.1.0
2025-06-17 19:03:41,764 [WARN] PackLoader:240 - Cannot read IP mode file for STMicroelectronics.X-CUBE-AI.10.1.0
2025-06-17 19:03:41,820 [WARN] PackLoader:240 - Cannot read IP mode file for STMicroelectronics.X-CUBE-MEMS1.11.2.0
2025-06-17 19:03:41,962 [WARN] PackLoader:240 - Cannot read IP mode file for STMicroelectronics.X-CUBE-AZRTOS-G0.1.1.0
2025-06-17 19:03:41,985 [WARN] PackLoader:240 - Cannot read IP mode file for STMicroelectronics.X-CUBE-SAFEA1.1.2.2
2025-06-17 19:03:42,003 [WARN] PackLoader:240 - Cannot read IP mode file for STMicroelectronics.X-CUBE-NFC4.3.0.0
2025-06-17 19:03:42,022 [WARN] PackLoader:240 - Cannot read IP mode file for EmbeddedOffice.I-CUBE-FS-RTOS.1.0.1
2025-06-17 19:03:42,035 [WARN] PackLoader:240 - Cannot read IP mode file for STMicroelectronics.X-CUBE-WB05N.2.0.0
2025-06-17 19:03:42,049 [WARN] PackLoader:240 - Cannot read IP mode file for STMicroelectronics.X-CUBE-TCPP.4.2.0
2025-06-17 19:03:42,067 [WARN] PackLoader:240 - Cannot read IP mode file for RealThread.X-CUBE-RT-Thread_Nano.4.1.1
2025-06-17 19:03:42,071 [WARN] PackLoader:240 - Cannot read IP mode file for STMicroelectronics.FP-ATR-SIGFOX1.3.2.0
2025-06-17 19:03:42,076 [WARN] ConditionMgr:438 - getConditionDescription Invalid condition id : Cortex-A Device cause : null
2025-06-17 19:03:42,103 [WARN] ConditionMgr:1044 - genDependencies : Invalid condition id : Cortex-A Device cause : null
2025-06-17 19:03:42,104 [WARN] ConditionMgr:1044 - genDependencies : Invalid condition id : Cortex-A Device cause : null
2025-06-17 19:03:42,104 [WARN] ConditionMgr:1044 - genDependencies : Invalid condition id : Cortex-A Device cause : null
2025-06-17 19:03:42,123 [WARN] PackLoader:240 - Cannot read IP mode file for STMicroelectronics.X-CUBE-EEPRMA1.5.1.0
2025-06-17 19:03:42,140 [WARN] PackLoader:240 - Cannot read IP mode file for wolfSSL.I-CUBE-wolfSSL.5.7.4
2025-06-17 19:03:42,161 [WARN] PackLoader:240 - Cannot read IP mode file for ITTIA_DB.I-CUBE-ITTIADB.8.9.0
2025-06-17 19:03:42,180 [WARN] PackLoader:240 - Cannot read IP mode file for STMicroelectronics.X-CUBE-ST67W61.1.0.0
2025-06-17 19:03:42,215 [WARN] PackLoader:240 - Cannot read IP mode file for SEGGER.I-CUBE-embOS.1.3.1
2025-06-17 19:03:42,248 [WARN] PackLoader:240 - Cannot read IP mode file for STMicroelectronics.X-CUBE-ALGOBUILD.1.4.0
2025-06-17 19:03:42,300 [WARN] PackLoader:240 - Cannot read IP mode file for STMicroelectronics.X-CUBE-MEMS1.11.3.0
2025-06-17 19:03:42,395 [WARN] PackLoader:240 - Cannot read IP mode file for STMicroelectronics.X-CUBE-AI.9.1.0
2025-06-17 19:03:42,401 [WARN] PackLoader:240 - Cannot read IP mode file for STMicroelectronics.X-CUBE-PM33A1.1.0.0
2025-06-17 19:03:42,437 [WARN] PackLoader:240 - Cannot read IP mode file for STMicroelectronics.X-CUBE-AZRTOS-F4.1.1.0
2025-06-17 19:03:42,446 [WARN] PackLoader:240 - Cannot read IP mode file for Avnet-IotConnect.X-CUBE-IoTC-DA16k-PMOD.1.0.0
2025-06-17 19:03:42,466 [WARN] PackLoader:240 - Cannot read IP mode file for STMicroelectronics.X-CUBE-FREERTOS.1.2.0
2025-06-17 19:03:42,509 [WARN] PackLoader:240 - Cannot read IP mode file for STMicroelectronics.X-CUBE-AZRTOS-L5.2.0.0
2025-06-17 19:03:42,535 [WARN] PackLoader:240 - Cannot read IP mode file for STMicroelectronics.X-CUBE-NFC6.3.1.0
2025-06-17 19:03:42,560 [WARN] PackLoader:240 - Cannot read IP mode file for STMicroelectronics.X-CUBE-DPower.1.2.0
2025-06-17 19:03:42,578 [WARN] PackLoader:240 - Cannot read IP mode file for STMicroelectronics.X-CUBE-FREERTOS.1.3.1
2025-06-17 19:03:42,598 [WARN] PackLoader:240 - Cannot read IP mode file for STMicroelectronics.X-CUBE-FREERTOS.1.3.0
2025-06-17 19:03:42,620 [WARN] PackLoader:240 - Cannot read IP mode file for STMicroelectronics.X-CUBE-NFC7.1.0.1
2025-06-17 19:03:42,636 [WARN] PackLoader:240 - Cannot read IP mode file for STMicroelectronics.X-CUBE-DPower.1.3.0
2025-06-17 19:03:42,668 [WARN] ConditionMgr:438 - getConditionDescription Invalid condition id : LAN8742 Phy interface Condition cause : null
2025-06-17 19:03:42,669 [WARN] PackLoader:240 - Cannot read IP mode file for STMicroelectronics.X-CUBE-AZRTOS-L4.2.0.0
2025-06-17 19:03:42,669 [WARN] ConditionMgr:1044 - genDependencies : Invalid condition id : LAN8742 Phy interface Condition cause : null
2025-06-17 19:03:42,670 [WARN] ConditionMgr:1044 - genDependencies : Invalid condition id : LAN8742 Phy interface Condition cause : null
2025-06-17 19:03:42,670 [WARN] ConditionMgr:1044 - genDependencies : Invalid condition id : LAN8742 Phy interface Condition cause : null
2025-06-17 19:03:42,686 [WARN] PackLoader:240 - Cannot read IP mode file for STMicroelectronics.X-CUBE-SFXS2LP1.4.0.0
2025-06-17 19:03:42,715 [WARN] PackLoader:240 - Cannot read IP mode file for STMicroelectronics.X-CUBE-AZRTOS-H7.3.3.0
2025-06-17 19:03:42,744 [WARN] PackLoader:240 - Cannot read IP mode file for STMicroelectronics.X-CUBE-IPS.3.0.0
2025-06-17 19:03:42,780 [WARN] ConditionMgr:438 - getConditionDescription Invalid condition id : UX DEVICE CLASS RTOS Condition cause : null
2025-06-17 19:03:42,780 [WARN] ConditionMgr:438 - getConditionDescription Invalid condition id : UX DEVICE CLASS RTOS Condition cause : null
2025-06-17 19:03:42,781 [WARN] PackLoader:240 - Cannot read IP mode file for STMicroelectronics.X-CUBE-AZRTOS-WB.2.0.0
2025-06-17 19:03:42,782 [WARN] ConditionMgr:1044 - genDependencies : Invalid condition id : UX DEVICE CLASS RTOS Condition cause : null
2025-06-17 19:03:42,782 [WARN] ConditionMgr:1044 - genDependencies : Invalid condition id : UX DEVICE CLASS RTOS Condition cause : null
2025-06-17 19:03:42,782 [WARN] ConditionMgr:1044 - genDependencies : Invalid condition id : UX DEVICE CLASS RTOS Condition cause : null
2025-06-17 19:03:42,782 [WARN] ConditionMgr:1044 - genDependencies : Invalid condition id : UX DEVICE CLASS RTOS Condition cause : null
2025-06-17 19:03:42,782 [WARN] ConditionMgr:1044 - genDependencies : Invalid condition id : UX DEVICE CLASS RTOS Condition cause : null
2025-06-17 19:03:42,805 [WARN] PackLoader:240 - Cannot read IP mode file for STMicroelectronics.X-CUBE-GNSS1.7.0.0
2025-06-17 19:03:42,831 [WARN] PackLoader:240 - Cannot read IP mode file for STMicroelectronics.X-CUBE-GNSS1.7.0.1
2025-06-17 19:03:42,851 [WARN] PackLoader:240 - Cannot read IP mode file for STMicroelectronics.X-CUBE-TOUCHGFX.4.25.0
2025-06-17 19:03:42,878 [WARN] PackLoader:240 - Cannot read IP mode file for STMicroelectronics.X-CUBE-SUBG2.5.0.0
2025-06-17 19:03:42,927 [WARN] PackLoader:240 - Cannot read IP mode file for STMicroelectronics.X-CUBE-AZRTOS-H7RS.1.1.0
2025-06-17 19:03:42,936 [WARN] PackLoader:240 - Cannot read IP mode file for Cesanta.I-CUBE-Mongoose.7.13.0
2025-06-17 19:03:42,973 [WARN] PackLoader:240 - Cannot read IP mode file for STMicroelectronics.X-CUBE-AZRTOS-G4.2.0.0
2025-06-17 19:03:43,000 [WARN] PackLoader:240 - Cannot read IP mode file for STMicroelectronics.X-CUBE-NFC7.2.0.0
2025-06-17 19:03:43,026 [WARN] PackLoader:240 - Cannot read IP mode file for STMicroelectronics.X-CUBE-IPS.3.1.0
2025-06-17 19:03:43,055 [WARN] PackLoader:240 - Cannot read IP mode file for STMicroelectronics.X-CUBE-ALS.1.0.2
2025-06-17 19:03:43,078 [WARN] PackLoader:240 - Cannot read IP mode file for STMicroelectronics.X-CUBE-TOUCHGFX.4.24.2
2025-06-17 19:03:43,094 [WARN] PackLoader:240 - Cannot read IP mode file for STMicroelectronics.X-CUBE-TOUCHGFX.4.24.1
2025-06-17 19:03:43,100 [WARN] PackLoader:240 - Cannot read IP mode file for wolfSSL.I-CUBE-wolfTPM.3.4.0
2025-06-17 19:03:43,127 [WARN] PackLoader:240 - Cannot read IP mode file for portGmbH.I-Cube-SoM-uGOAL.1.1.0
2025-06-17 19:03:43,167 [WARN] PackLoader:240 - Cannot read IP mode file for STMicroelectronics.X-CUBE-AZRTOS-H7RS.1.0.0
2025-06-17 19:03:43,193 [WARN] PackLoader:240 - Cannot read IP mode file for STMicroelectronics.FP-ATR-ASTRA1.2.0.0
2025-06-17 19:03:43,224 [WARN] PackLoader:240 - Cannot read IP mode file for STMicroelectronics.X-CUBE-TOF1.3.4.2
2025-06-17 19:03:43,253 [WARN] PackLoader:240 - Cannot read IP mode file for STMicroelectronics.X-CUBE-TOF1.3.4.3
2025-06-17 19:03:43,287 [WARN] PackLoader:240 - Cannot read IP mode file for Infineon.AIROC-Wi-Fi-Bluetooth-STM32.1.6.1
2025-06-17 19:03:43,295 [WARN] PackLoader:240 - Cannot read IP mode file for wolfSSL.I-CUBE-wolfSSH.1.4.17
2025-06-17 19:03:43,296 [INFO] ThirdParty:978 - Integrity check success = true
2025-06-17 19:03:43,296 [INFO] IntegrityCheckThread:100 - exiting critical section [integrity check]
2025-06-17 19:03:43,296 [INFO] IntegrityCheckThread:103 - End integrity checks thread
