2025-03-20 19:03:29,785 [INFO] Activator:176 - 


2025-03-20 19:03:29,794 [INFO] Activator:177 - !SESSION log4j initialized
2025-03-20 19:03:43,140 [INFO] LogOutputStream:77 - [STDOUT_REDIRECT] 
2025-03-20 19:03:55,421 [INFO] ApplicationProperties:184 - Using Application install path: C:\ST\STM32CubeIDE_1.16.1\STM32CubeIDE\plugins\com.st.stm32cube.common.mx_6.14.0.202502271554
2025-03-20 19:03:55,463 [INFO] DbMcusXml:78 - Set database path to: C:\ST\STM32CubeIDE_1.16.1\STM32CubeIDE\plugins\com.st.stm32cube.common.mx_6.14.0.202502271554\\db\/mcu/
2025-03-20 19:03:55,464 [INFO] ApiDb:274 - Set plugin database path to: C:\ST\STM32CubeIDE_1.16.1\STM32CubeIDE\plugins\com.st.stm32cube.common.mx_6.14.0.202502271554\\db\/plugins/boardmanager/
2025-03-20 19:03:55,466 [WARN] ApiDb:259 - Overriding images path with different value:  => C:\ST\STM32CubeIDE_1.16.1\STM32CubeIDE\plugins\com.st.stm32cube.common.mx_6.14.0.202502271554\\db\/plugins/mcufinder/images/
2025-03-20 19:03:55,488 [INFO] ApiDb:250 - Set database path to: C:\Users\mridu\.stmcufinder\plugins\mcufinder//mcu/
2025-03-20 19:03:55,491 [INFO] DbMcusAds:125 - Set database path to: C:\Users\mridu\.stmcufinder\plugins\mcufinder//mcu/
2025-03-20 19:03:55,516 [INFO] CrossReferenceDbSqlite:203 - Set database path to: C:\Users\mridu\.stmcufinder\plugins\mcufinder//mcu/cs/
2025-03-20 19:03:55,820 [INFO] RulesReader:64 - Compatibility file has been processed (301 Rules)
2025-03-20 19:03:56,028 [INFO] DbMcusXml:78 - Set database path to: C:\ST\STM32CubeIDE_1.16.1\STM32CubeIDE\plugins\com.st.stm32cube.common.mx_6.14.0.202502271554\\db\/mcu/
2025-03-20 19:03:56,029 [INFO] ApiDb:274 - Set plugin database path to: C:\ST\STM32CubeIDE_1.16.1\STM32CubeIDE\plugins\com.st.stm32cube.common.mx_6.14.0.202502271554\\db\/plugins/boardmanager/
2025-03-20 19:03:56,029 [INFO] ApiDb:261 - Set plugin images path to: C:\ST\STM32CubeIDE_1.16.1\STM32CubeIDE\plugins\com.st.stm32cube.common.mx_6.14.0.202502271554\\db\/plugins/mcufinder/images/
2025-03-20 19:03:56,030 [WARN] DbFile:41 - Overriding database path with different value: C:\Users\mridu\.stmcufinder\plugins\mcufinder/ => C:\Users\mridu\.stmcufinder\plugins\mcufinder
2025-03-20 19:03:56,030 [INFO] ApiDb:250 - Set database path to: C:\Users\mridu\.stmcufinder\plugins\mcufinder//mcu/
2025-03-20 19:03:56,031 [WARN] DbFile:41 - Overriding database path with different value: C:\Users\mridu\.stmcufinder\plugins\mcufinder/ => C:\Users\mridu\.stmcufinder\plugins\mcufinder
2025-03-20 19:03:56,031 [INFO] DbMcusAds:125 - Set database path to: C:\Users\mridu\.stmcufinder\plugins\mcufinder//mcu/
2025-03-20 19:03:56,031 [WARN] DbFile:41 - Overriding database path with different value: C:\Users\mridu\.stmcufinder\plugins\mcufinder/ => C:\Users\mridu\.stmcufinder\plugins\mcufinder
2025-03-20 19:03:56,031 [WARN] DbFile:41 - Overriding database path with different value: C:\Users\mridu\.stmcufinder\plugins\mcufinder/ => C:\Users\mridu\.stmcufinder\plugins\mcufinder
2025-03-20 19:03:56,032 [INFO] CrossReferenceDbSqlite:203 - Set database path to: C:\Users\mridu\.stmcufinder\plugins\mcufinder//mcu/cs/
2025-03-20 19:03:56,211 [INFO] MainPanel:272 - HeapMemory: 268435456
2025-03-20 19:03:56,477 [INFO] DbMcusXml:78 - Set database path to: C:\ST\STM32CubeIDE_1.16.1\STM32CubeIDE\plugins\com.st.stm32cube.common.mx_6.14.0.202502271554\\db\/mcu/
2025-03-20 19:03:56,478 [INFO] ApiDb:274 - Set plugin database path to: C:\ST\STM32CubeIDE_1.16.1\STM32CubeIDE\plugins\com.st.stm32cube.common.mx_6.14.0.202502271554\\db\/plugins/boardmanager/
2025-03-20 19:03:56,478 [INFO] ApiDb:261 - Set plugin images path to: C:\ST\STM32CubeIDE_1.16.1\STM32CubeIDE\plugins\com.st.stm32cube.common.mx_6.14.0.202502271554\\db\/plugins/mcufinder/images/
2025-03-20 19:03:56,479 [WARN] DbFile:41 - Overriding database path with different value: C:\Users\mridu\.stmcufinder\plugins\mcufinder/ => C:\Users\mridu\.stmcufinder\plugins\mcufinder
2025-03-20 19:03:56,479 [INFO] ApiDb:250 - Set database path to: C:\Users\mridu\.stmcufinder\plugins\mcufinder//mcu/
2025-03-20 19:03:56,479 [WARN] DbFile:41 - Overriding database path with different value: C:\Users\mridu\.stmcufinder\plugins\mcufinder/ => C:\Users\mridu\.stmcufinder\plugins\mcufinder
2025-03-20 19:03:56,479 [INFO] DbMcusAds:125 - Set database path to: C:\Users\mridu\.stmcufinder\plugins\mcufinder//mcu/
2025-03-20 19:03:56,479 [WARN] DbFile:41 - Overriding database path with different value: C:\Users\mridu\.stmcufinder\plugins\mcufinder/ => C:\Users\mridu\.stmcufinder\plugins\mcufinder
2025-03-20 19:03:56,480 [WARN] DbFile:41 - Overriding database path with different value: C:\Users\mridu\.stmcufinder\plugins\mcufinder/ => C:\Users\mridu\.stmcufinder\plugins\mcufinder
2025-03-20 19:03:56,480 [INFO] CrossReferenceDbSqlite:203 - Set database path to: C:\Users\mridu\.stmcufinder\plugins\mcufinder//mcu/cs/
2025-03-20 19:03:56,525 [INFO] ApplicationProperties:184 - Using Application install path: C:\ST\STM32CubeIDE_1.16.1\STM32CubeIDE\plugins\com.st.stm32cube.common.mx_6.14.0.202502271554
2025-03-20 19:03:56,528 [INFO] PluginManage:196 - Search for loadable plugins [exclusion list=, ]
2025-03-20 19:03:56,531 [INFO] PluginManage:310 - Check plugin analytics
2025-03-20 19:03:57,169 [INFO] AnalyticsPlugin:253 - Accepted Software Licenses: 
2025-03-20 19:03:57,170 [INFO] AnalyticsPlugin:255 - Accepted CMSIS Pack Licenses: 
2025-03-20 19:03:57,170 [INFO] AnalyticsPlugin:257 - Accepted Firmware Licenses: 
2025-03-20 19:03:57,177 [INFO] PluginManage:359 - Loaded plugin analytics (category:tool,tabindex:-1)
2025-03-20 19:03:57,180 [INFO] PluginManage:310 - Check plugin cadmodel
2025-03-20 19:03:57,214 [INFO] CADModel:105 - Init CAD model plugin
2025-03-20 19:03:57,214 [INFO] PluginManage:359 - Loaded plugin cadmodel (category:power,tabindex:5)
2025-03-20 19:03:57,215 [INFO] PluginManage:310 - Check plugin clock
2025-03-20 19:03:57,262 [INFO] PluginManage:359 - Loaded plugin clock (category:base,tabindex:2)
2025-03-20 19:03:57,262 [INFO] PluginManage:310 - Check plugin ddr
2025-03-20 19:03:57,268 [INFO] PluginManage:359 - Loaded plugin ddr (category:tool,tabindex:6)
2025-03-20 19:03:57,269 [INFO] PluginManage:310 - Check plugin filemanager
2025-03-20 19:03:57,641 [INFO] PluginManage:359 - Loaded plugin filemanager (category:base,tabindex:10)
2025-03-20 19:03:57,642 [INFO] PluginManage:310 - Check plugin ipmanager
2025-03-20 19:03:57,659 [INFO] PluginManage:359 - Loaded plugin ipmanager (category:base,tabindex:5)
2025-03-20 19:03:57,660 [INFO] PluginManage:310 - Check plugin lpbam
2025-03-20 19:03:57,704 [INFO] PluginManage:359 - Loaded plugin lpbam (category:base,tabindex:0)
2025-03-20 19:03:57,705 [INFO] PluginManage:310 - Check plugin memorymap
2025-03-20 19:03:57,751 [INFO] PluginManage:359 - Loaded plugin memorymap (category:base,tabindex:4)
2025-03-20 19:03:57,751 [INFO] PluginManage:310 - Check plugin pinoutandconfiguration
2025-03-20 19:03:57,788 [INFO] PluginManage:359 - Loaded plugin pinoutandconfiguration (category:base,tabindex:1)
2025-03-20 19:03:57,788 [INFO] PluginManage:310 - Check plugin pinoutconfig
2025-03-20 19:03:58,013 [WARN] SupportedApi:132 - Cannot load RTOS API schema: s4s-elt-must-match.1: The content of 'definitions' must match (annotation?, (simpleType | complexType)?, (unique | key | keyref)*)). A problem was found starting at: attribute.
2025-03-20 19:03:58,393 [INFO] PluginManage:359 - Loaded plugin pinoutconfig (category:base,tabindex:0)
2025-03-20 19:03:58,393 [INFO] PluginManage:310 - Check plugin power
2025-03-20 19:03:58,431 [INFO] PluginManage:359 - Loaded plugin power (category:power,tabindex:4)
2025-03-20 19:03:58,431 [INFO] PluginManage:310 - Check plugin projectmanager
2025-03-20 19:03:58,466 [INFO] PluginManage:359 - Loaded plugin projectmanager (category:projectmanager,tabindex:4)
2025-03-20 19:03:58,466 [INFO] PluginManage:310 - Check plugin rif
2025-03-20 19:03:58,499 [INFO] PluginManage:359 - Loaded plugin rif (category:base,tabindex:3)
2025-03-20 19:03:58,499 [INFO] PluginManage:310 - Check plugin thirdparty
2025-03-20 19:03:59,113 [WARN] IntegrityCheckThread:84 - waiting for thirdparty lock release [integrity check]
2025-03-20 19:03:59,113 [INFO] IntegrityCheckThread:86 - entering critical section [integrity check]
2025-03-20 19:03:59,113 [INFO] PluginManage:359 - Loaded plugin thirdparty (category:base,tabindex:-1)
2025-03-20 19:03:59,114 [INFO] PluginManage:310 - Check plugin tools
2025-03-20 19:03:59,114 [INFO] ThirdPartyUpdaterWithRetryManager:70 - Updater plugin not ready yet. [1/15]
2025-03-20 19:03:59,189 [INFO] PluginManage:359 - Loaded plugin tools (category:base,tabindex:7)
2025-03-20 19:03:59,189 [INFO] PluginManage:310 - Check plugin tutovideos
2025-03-20 19:03:59,664 [INFO] PluginManage:359 - Loaded plugin tutovideos (category:base,tabindex:-1)
2025-03-20 19:03:59,664 [INFO] PluginManage:310 - Check plugin updater
2025-03-20 19:03:59,713 [INFO] PluginManage:359 - Loaded plugin updater (category:base,tabindex:12)
2025-03-20 19:03:59,713 [INFO] PluginManage:310 - Check plugin userauth
2025-03-20 19:03:59,724 [INFO] UserAuth:118 - Init User Auth plugin
2025-03-20 19:03:59,726 [INFO] PluginManage:359 - Loaded plugin userauth (category:base,tabindex:14)
2025-03-20 19:03:59,727 [INFO] PluginManage:283 - PluginManage : Loaded plugins [18]
2025-03-20 19:04:00,293 [INFO] PinOutPanel:1589 - setPackage(No Configuration,No Configuration)
2025-03-20 19:04:00,511 [INFO] CADModel:165 - CPN selected for project level
2025-03-20 19:04:00,512 [INFO] CADModel:114 - Register for checkConnection events
2025-03-20 19:04:00,583 [INFO] IPUIPlugin:80 - create IPUIPlugin
2025-03-20 19:04:00,584 [INFO] PluginManager:220 - loadIPPluginJar : add adc
2025-03-20 19:04:00,682 [INFO] IPUIPlugin:80 - create IPUIPlugin
2025-03-20 19:04:00,682 [INFO] PluginManager:220 - loadIPPluginJar : add aes
2025-03-20 19:04:00,780 [INFO] IPUIPlugin:80 - create IPUIPlugin
2025-03-20 19:04:00,780 [INFO] PluginManager:220 - loadIPPluginJar : add can
2025-03-20 19:04:00,844 [INFO] IPUIPlugin:80 - create IPUIPlugin
2025-03-20 19:04:00,844 [INFO] PluginManager:220 - loadIPPluginJar : add comp
2025-03-20 19:04:00,923 [INFO] IPUIPlugin:80 - create IPUIPlugin
2025-03-20 19:04:00,923 [INFO] PluginManager:220 - loadIPPluginJar : add cryp
2025-03-20 19:04:00,957 [INFO] IPUIPlugin:80 - create IPUIPlugin
2025-03-20 19:04:00,958 [INFO] PluginManager:220 - loadIPPluginJar : add ddr_ctrl_phy
2025-03-20 19:04:01,028 [INFO] IPUIPlugin:80 - create IPUIPlugin
2025-03-20 19:04:01,028 [INFO] PluginManager:220 - loadIPPluginJar : add dfsdm
2025-03-20 19:04:01,069 [INFO] IPUIPlugin:80 - create IPUIPlugin
2025-03-20 19:04:01,070 [INFO] PluginManager:220 - loadIPPluginJar : add dma
2025-03-20 19:04:01,180 [INFO] IPUIPlugin:80 - create IPUIPlugin
2025-03-20 19:04:01,180 [INFO] PluginManager:220 - loadIPPluginJar : add dma3
2025-03-20 19:04:01,304 [INFO] IPUIPlugin:80 - create IPUIPlugin
2025-03-20 19:04:01,304 [INFO] PluginManager:220 - loadIPPluginJar : add extmemmanager
2025-03-20 19:04:01,362 [INFO] IPUIPlugin:80 - create IPUIPlugin
2025-03-20 19:04:01,363 [INFO] PluginManager:220 - loadIPPluginJar : add fatfs
2025-03-20 19:04:01,480 [INFO] IPUIPlugin:80 - create IPUIPlugin
2025-03-20 19:04:01,481 [INFO] PluginManager:220 - loadIPPluginJar : add fmc
2025-03-20 19:04:01,508 [INFO] IPUIPlugin:80 - create IPUIPlugin
2025-03-20 19:04:01,511 [INFO] PluginManager:220 - loadIPPluginJar : add freertos
2025-03-20 19:04:01,567 [INFO] IPUIPlugin:80 - create IPUIPlugin
2025-03-20 19:04:01,567 [INFO] PluginManager:220 - loadIPPluginJar : add genericplugin
2025-03-20 19:04:01,833 [INFO] IPUIPlugin:80 - create IPUIPlugin
2025-03-20 19:04:01,834 [INFO] PluginManager:220 - loadIPPluginJar : add gfxmmu
2025-03-20 19:04:02,117 [INFO] ThirdPartyUpdaterWithRetryManager:70 - Updater plugin not ready yet. [2/15]
2025-03-20 19:04:02,209 [INFO] IPUIPlugin:80 - create IPUIPlugin
2025-03-20 19:04:02,209 [INFO] PluginManager:220 - loadIPPluginJar : add gic
2025-03-20 19:04:02,241 [INFO] IPUIPlugin:80 - create IPUIPlugin
2025-03-20 19:04:02,242 [INFO] PluginManager:220 - loadIPPluginJar : add gpio
2025-03-20 19:04:02,494 [INFO] IPUIPlugin:80 - create IPUIPlugin
2025-03-20 19:04:02,494 [INFO] PluginManager:220 - loadIPPluginJar : add gtzc
2025-03-20 19:04:02,581 [INFO] IPUIPlugin:80 - create IPUIPlugin
2025-03-20 19:04:02,581 [INFO] PluginManager:220 - loadIPPluginJar : add hash
2025-03-20 19:04:02,718 [INFO] IPUIPlugin:80 - create IPUIPlugin
2025-03-20 19:04:02,718 [INFO] PluginManager:220 - loadIPPluginJar : add i2c
2025-03-20 19:04:02,824 [INFO] IPUIPlugin:80 - create IPUIPlugin
2025-03-20 19:04:02,825 [INFO] PluginManager:220 - loadIPPluginJar : add i2s
2025-03-20 19:04:02,955 [INFO] IPUIPlugin:80 - create IPUIPlugin
2025-03-20 19:04:02,955 [INFO] PluginManager:220 - loadIPPluginJar : add i3c
2025-03-20 19:04:03,311 [INFO] IPUIPlugin:80 - create IPUIPlugin
2025-03-20 19:04:03,311 [INFO] PluginManager:220 - loadIPPluginJar : add ipddr
2025-03-20 19:04:03,596 [INFO] IPUIPlugin:80 - create IPUIPlugin
2025-03-20 19:04:03,598 [INFO] PluginManager:220 - loadIPPluginJar : add linkedlist
2025-03-20 19:04:03,711 [INFO] IPUIPlugin:80 - create IPUIPlugin
2025-03-20 19:04:03,712 [INFO] PluginManager:220 - loadIPPluginJar : add lorawan
2025-03-20 19:04:03,823 [INFO] IPUIPlugin:80 - create IPUIPlugin
2025-03-20 19:04:03,823 [INFO] PluginManager:220 - loadIPPluginJar : add ltdc
2025-03-20 19:04:03,861 [INFO] IPUIPlugin:80 - create IPUIPlugin
2025-03-20 19:04:03,861 [INFO] PluginManager:220 - loadIPPluginJar : add mdma
2025-03-20 19:04:03,934 [INFO] IPUIPlugin:80 - create IPUIPlugin
2025-03-20 19:04:03,934 [INFO] PluginManager:220 - loadIPPluginJar : add nvic
2025-03-20 19:04:04,143 [INFO] IPUIPlugin:80 - create IPUIPlugin
2025-03-20 19:04:04,143 [INFO] PluginManager:220 - loadIPPluginJar : add opamp
2025-03-20 19:04:04,307 [INFO] IPUIPlugin:80 - create IPUIPlugin
2025-03-20 19:04:04,307 [INFO] PluginManager:220 - loadIPPluginJar : add openamp
2025-03-20 19:04:04,412 [INFO] IPUIPlugin:80 - create IPUIPlugin
2025-03-20 19:04:04,412 [INFO] PluginManager:220 - loadIPPluginJar : add pdm2pcm
2025-03-20 19:04:04,446 [INFO] IPUIPlugin:80 - create IPUIPlugin
2025-03-20 19:04:04,450 [INFO] PluginManager:220 - loadIPPluginJar : add plateformsettings
2025-03-20 19:04:04,502 [INFO] IPUIPlugin:80 - create IPUIPlugin
2025-03-20 19:04:04,502 [INFO] PluginManager:220 - loadIPPluginJar : add quadspi
2025-03-20 19:04:04,566 [INFO] IPUIPlugin:80 - create IPUIPlugin
2025-03-20 19:04:04,567 [INFO] PluginManager:220 - loadIPPluginJar : add radio
2025-03-20 19:04:04,599 [INFO] IPUIPlugin:80 - create IPUIPlugin
2025-03-20 19:04:04,600 [INFO] PluginManager:220 - loadIPPluginJar : add resmgrutility
2025-03-20 19:04:04,758 [INFO] IPUIPlugin:80 - create IPUIPlugin
2025-03-20 19:04:04,758 [INFO] PluginManager:220 - loadIPPluginJar : add sai
2025-03-20 19:04:04,911 [INFO] IPUIPlugin:80 - create IPUIPlugin
2025-03-20 19:04:04,912 [INFO] PluginManager:220 - loadIPPluginJar : add spi
2025-03-20 19:04:05,118 [INFO] ThirdPartyUpdaterWithRetryManager:70 - Updater plugin not ready yet. [3/15]
2025-03-20 19:04:05,153 [INFO] IPUIPlugin:80 - create IPUIPlugin
2025-03-20 19:04:05,154 [INFO] PluginManager:220 - loadIPPluginJar : add stm32_wpan
2025-03-20 19:04:05,240 [INFO] IPUIPlugin:80 - create IPUIPlugin
2025-03-20 19:04:05,241 [INFO] PluginManager:220 - loadIPPluginJar : add tim
2025-03-20 19:04:05,455 [INFO] IPUIPlugin:80 - create IPUIPlugin
2025-03-20 19:04:05,455 [INFO] PluginManager:220 - loadIPPluginJar : add touchsensing
2025-03-20 19:04:05,520 [INFO] IPUIPlugin:80 - create IPUIPlugin
2025-03-20 19:04:05,520 [INFO] PluginManager:220 - loadIPPluginJar : add tracer_emb
2025-03-20 19:04:05,582 [INFO] IPUIPlugin:80 - create IPUIPlugin
2025-03-20 19:04:05,583 [INFO] PluginManager:220 - loadIPPluginJar : add ts
2025-03-20 19:04:05,648 [INFO] IPUIPlugin:80 - create IPUIPlugin
2025-03-20 19:04:05,648 [INFO] PluginManager:220 - loadIPPluginJar : add tsc
2025-03-20 19:04:05,710 [INFO] IPUIPlugin:80 - create IPUIPlugin
2025-03-20 19:04:05,711 [INFO] PluginManager:220 - loadIPPluginJar : add ucpd
2025-03-20 19:04:05,836 [INFO] IPUIPlugin:80 - create IPUIPlugin
2025-03-20 19:04:05,836 [INFO] PluginManager:220 - loadIPPluginJar : add usart
2025-03-20 19:04:05,967 [INFO] IPUIPlugin:80 - create IPUIPlugin
2025-03-20 19:04:05,967 [INFO] PluginManager:220 - loadIPPluginJar : add usbx
2025-03-20 19:04:06,248 [FATAL] Updater:351 - Updater called before beeing initialized
2025-03-20 19:04:06,293 [INFO] RulesReader:64 - Compatibility file has been processed (301 Rules)
2025-03-20 19:04:06,310 [INFO] RulesReader:64 - Compatibility file has been processed (301 Rules)
2025-03-20 19:04:06,323 [INFO] CADModel:165 - CPN selected for project level
2025-03-20 19:04:06,323 [INFO] CADModel:114 - Register for checkConnection events
2025-03-20 19:04:06,324 [FATAL] Updater:351 - Updater called before beeing initialized
2025-03-20 19:04:06,324 [ERROR] CADModel:125 - Updater not yet initialized, retry later 
2025-03-20 19:04:06,615 [FATAL] Updater:351 - Updater called before beeing initialized
2025-03-20 19:04:06,619 [INFO] CADModel:165 - CPN selected for project level
2025-03-20 19:04:06,619 [INFO] CADModel:114 - Register for checkConnection events
2025-03-20 19:04:06,619 [FATAL] Updater:351 - Updater called before beeing initialized
2025-03-20 19:04:06,619 [ERROR] CADModel:125 - Updater not yet initialized, retry later 
2025-03-20 19:04:06,625 [FATAL] Updater:351 - Updater called before beeing initialized
2025-03-20 19:04:06,828 [FATAL] Updater:351 - Updater called before beeing initialized
2025-03-20 19:04:06,842 [INFO] DbMcusAds:53 - JSON generation date=Wed Sep 29 23:55:09 PDT 2021 (1632984909247)
2025-03-20 19:04:06,842 [FATAL] Updater:351 - Updater called before beeing initialized
2025-03-20 19:04:06,900 [WARN] DetailPanel:346 - Failed to get advertising image, set to default
2025-03-20 19:04:07,206 [FATAL] Updater:351 - Updater called before beeing initialized
2025-03-20 19:04:07,208 [FATAL] Updater:351 - Updater called before beeing initialized
2025-03-20 19:04:07,209 [FATAL] Updater:351 - Updater called before beeing initialized
2025-03-20 19:04:07,209 [WARN] DetailPanel:346 - Failed to get advertising image, set to default
2025-03-20 19:04:07,210 [FATAL] Updater:351 - Updater called before beeing initialized
2025-03-20 19:04:07,305 [ERROR] Updater:1198 - MainUpdater not yet initialized. External WinMGr cannot be set.
2025-03-20 19:04:07,320 [INFO] Updater:1134 - Updater Version found : 6.14.0
2025-03-20 19:04:07,349 [INFO] ApplicationProperties:184 - Using Application install path: C:\ST\STM32CubeIDE_1.16.1\STM32CubeIDE\plugins\com.st.stm32cube.common.mx_6.14.0.202502271554
2025-03-20 19:04:08,118 [INFO] ThirdPartyUpdaterWithRetryManager:70 - Updater plugin not ready yet. [4/15]
2025-03-20 19:04:08,949 [ERROR] LogOutputStream:75 - [STDERR_REDIRECT] Mar 20, 2025 7:04:08 PM java.util.prefs.WindowsPreferences <init>
2025-03-20 19:04:08,952 [ERROR] LogOutputStream:75 - [STDERR_REDIRECT] WARNING: Could not open/create prefs root node Software\JavaSoft\Prefs at root 0xffffffff80000002. Windows RegCreateKeyEx(...) returned error code 5.
2025-03-20 19:04:08,952 [ERROR] LogOutputStream:75 - [STDERR_REDIRECT] 
2025-03-20 19:04:09,643 [INFO] MainUpdater:2872 - connection check result : 10
2025-03-20 19:04:09,643 [INFO] MainUpdater:3566 - Updater definition file requires update
2025-03-20 19:04:09,644 [INFO] MainUpdater:289 - Updater Check For Update Now.
2025-03-20 19:04:09,645 [INFO] MicroXplorer:498 - Change Database Version : DB.6.0.140
2025-03-20 19:04:09,671 [INFO] McuFinderGlobals:63 - Set McuFinder mode to 2 (CubeIDE integrated)
2025-03-20 19:04:09,680 [INFO] UserAuth:486 - Internet connection configuration mode: 1
2025-03-20 19:04:09,723 [INFO] JxBrowserEngine:152 - Initiate JxBrowser Engine with user profile folder
2025-03-20 19:04:10,277 [INFO] ServerAccessManage:473 - Download File updaters.zip
2025-03-20 19:04:10,646 [INFO] FileExtend:242 - Unzip File : updaters.zip
2025-03-20 19:04:10,647 [INFO] FileExtend:257 - Standard Zip Deflate
2025-03-20 19:04:11,119 [WARN] MainUpdater:1193 - Updater busy. Cannot search thirdparties
2025-03-20 19:04:11,120 [INFO] ThirdPartyUpdaterWithRetryManager:96 - Updater plugin is busy. [1/15]
2025-03-20 19:04:12,235 [INFO] ServerAccessManage:473 - Download File PacksControlFlags.xml
2025-03-20 19:04:12,431 [INFO] ServerAccessManage:473 - Download File cubemx.pidx
2025-03-20 19:04:13,138 [INFO] WebApp:169 - Instantiating new browser for Auth
2025-03-20 19:04:14,123 [WARN] MainUpdater:1193 - Updater busy. Cannot search thirdparties
2025-03-20 19:04:14,123 [INFO] ThirdPartyUpdaterWithRetryManager:96 - Updater plugin is busy. [2/15]
2025-03-20 19:04:14,653 [INFO] ServerAccessManage:473 - Download File STMicroelectronics.X-CUBE-AZRTOS-H7RS.pdsc
2025-03-20 19:04:15,063 [INFO] WebApp:463 - Apply proxy settings
2025-03-20 19:04:15,063 [INFO] WebApp:548 - Chromium requires no authentication
2025-03-20 19:04:15,080 [INFO] WebApp:491 - Direct internet connection detected
2025-03-20 19:04:15,147 [INFO] WebApp:894 - Register for checkConnection events
2025-03-20 19:04:15,148 [INFO] WebApp:463 - Apply proxy settings
2025-03-20 19:04:15,148 [INFO] WebApp:548 - Chromium requires no authentication
2025-03-20 19:04:15,149 [INFO] WebApp:491 - Direct internet connection detected
2025-03-20 19:04:15,347 [INFO] WebApp:191 - Connection restablished
2025-03-20 19:04:15,756 [INFO] WebApp:225 - Starting web application
2025-03-20 19:04:15,756 [INFO] WebApp:593 - Web application path used C:\ST\STM32CubeIDE_1.16.1\STM32CubeIDE\plugins\com.st.stm32cube.common.mx_6.14.0.202502271554\db\plugins\mcufinder\reactClient1\index.html
2025-03-20 19:04:16,145 [INFO] UserAuth:486 - Internet connection configuration mode: 1
2025-03-20 19:04:16,521 [WARN] PackLoader:240 - Cannot read IP mode file for STMicroelectronics.X-CUBE-AZRTOS-H7RS.1.1.0
2025-03-20 19:04:16,528 [INFO] PopulateThirdPartyThread:66 - Ending populate Thread
2025-03-20 19:04:16,530 [INFO] ThirdParty:1030 - CMSIS Pack Vendor :STMicroelectronics X-CUBE-AZRTOS-H7RS 1.1.0
2025-03-20 19:04:16,531 [INFO] LoadServerUpdatesThread:375 - End of LoadServerUpdate Thread
2025-03-20 19:04:16,596 [INFO] CheckServerUpdateThread:120 - End of CheckServer Thread
2025-03-20 19:04:17,422 [WARN] PackLoader:240 - Cannot read IP mode file for STMicroelectronics.FP-SNS-MOTENVWB1.1.4.0
2025-03-20 19:04:17,433 [WARN] PackLoader:240 - Cannot read IP mode file for STMicroelectronics.FP-ATR-ASTRA1.2.0.2
2025-03-20 19:04:17,454 [WARN] PackLoader:240 - Cannot read IP mode file for STMicroelectronics.FP-ATR-ASTRA1.2.0.1
2025-03-20 19:04:17,478 [WARN] PackLoader:240 - Cannot read IP mode file for STMicroelectronics.X-CUBE-SMBUS.2.1.0
2025-03-20 19:04:17,502 [WARN] PackLoader:240 - Cannot read IP mode file for STMicroelectronics.X-CUBE-WB05N.1.1.0
2025-03-20 19:04:17,551 [WARN] PackLoader:240 - Cannot read IP mode file for STMicroelectronics.X-CUBE-AZRTOS-F7.1.1.0
2025-03-20 19:04:17,639 [WARN] PackLoader:240 - Cannot read IP mode file for STMicroelectronics.X-CUBE-MEMS1.11.0.0
2025-03-20 19:04:17,851 [WARN] PackLoader:240 - Cannot read IP mode file for STMicroelectronics.FP-SNS-FLIGHT1.5.0.2
2025-03-20 19:04:17,880 [WARN] PackLoader:240 - Cannot read IP mode file for STMicroelectronics.X-CUBE-DISPLAY.3.0.0
2025-03-20 19:04:17,913 [WARN] PackLoader:240 - Cannot read IP mode file for STMicroelectronics.X-CUBE-BLE1.7.0.0
2025-03-20 19:04:17,945 [WARN] PackLoader:240 - Cannot read IP mode file for STMicroelectronics.X-CUBE-BLEMGR.4.0.0
2025-03-20 19:04:17,976 [WARN] PackLoader:240 - Cannot read IP mode file for emotas.I-CUBE-CANOPEN.1.3.0
2025-03-20 19:04:18,004 [WARN] PackLoader:240 - Cannot read IP mode file for STMicroelectronics.X-CUBE-BLEMGR.3.1.0
2025-03-20 19:04:18,028 [WARN] PackLoader:240 - Cannot read IP mode file for STMicroelectronics.X-CUBE-AI.10.0.0
2025-03-20 19:04:18,050 [WARN] PackLoader:240 - Cannot read IP mode file for STMicroelectronics.FP-SNS-SMARTAG2.1.2.0
2025-03-20 19:04:18,057 [WARN] PackLoader:240 - Cannot read IP mode file for STMicroelectronics.FP-SNS-FLIGHT1.5.1.0
2025-03-20 19:04:18,142 [WARN] PackLoader:240 - Cannot read IP mode file for STMicroelectronics.X-CUBE-MEMS1.11.1.0
2025-03-20 19:04:18,330 [INFO] LogOutputStream:77 - [STDOUT_REDIRECT] 1 : Invalid condition id : UX_CORESTACK_Condition cause : null
2025-03-20 19:04:18,331 [INFO] LogOutputStream:77 - [STDOUT_REDIRECT] 1 : Invalid condition id : UX_CORESTACK_Condition cause : null
2025-03-20 19:04:18,334 [INFO] LogOutputStream:77 - [STDOUT_REDIRECT] 1 : Invalid condition id : UX_CORESTACK_Condition cause : null
2025-03-20 19:04:18,336 [INFO] LogOutputStream:77 - [STDOUT_REDIRECT] 1 : Invalid condition id : UX_CORESTACK_Condition cause : null
2025-03-20 19:04:18,338 [INFO] LogOutputStream:77 - [STDOUT_REDIRECT] 1 : Invalid condition id : UX_CORESTACK_Condition cause : null
2025-03-20 19:04:18,342 [WARN] PackLoader:240 - Cannot read IP mode file for STMicroelectronics.X-CUBE-AZRTOS-WL.2.0.0
2025-03-20 19:04:18,372 [WARN] PackLoader:240 - Cannot read IP mode file for STMicroelectronics.FP-SNS-MOTENV1.5.0.0
2025-03-20 19:04:18,380 [WARN] PackLoader:240 - Cannot read IP mode file for wolfSSL.I-CUBE-wolfMQTT.1.19.0
2025-03-20 19:04:18,404 [WARN] PackLoader:240 - Cannot read IP mode file for WES.I-CUBE-Cesium.1.3.0
2025-03-20 19:04:18,428 [WARN] PackLoader:240 - Cannot read IP mode file for STMicroelectronics.X-CUBE-BLE2.3.3.0
2025-03-20 19:04:18,456 [WARN] PackLoader:240 - Cannot read IP mode file for STMicroelectronics.X-CUBE-BLE1.7.1.0
2025-03-20 19:04:18,484 [WARN] PackLoader:240 - Cannot read IP mode file for STMicroelectronics.X-CUBE-TCPP.4.1.0
2025-03-20 19:04:18,530 [WARN] PackLoader:240 - Cannot read IP mode file for STMicroelectronics.X-CUBE-AZRTOS-G0.1.1.0
2025-03-20 19:04:18,557 [WARN] PackLoader:240 - Cannot read IP mode file for STMicroelectronics.X-CUBE-SAFEA1.1.2.2
2025-03-20 19:04:18,584 [WARN] PackLoader:240 - Cannot read IP mode file for STMicroelectronics.X-CUBE-NFC4.3.0.0
2025-03-20 19:04:18,612 [WARN] PackLoader:240 - Cannot read IP mode file for EmbeddedOffice.I-CUBE-FS-RTOS.1.0.1
2025-03-20 19:04:18,636 [WARN] PackLoader:240 - Cannot read IP mode file for STMicroelectronics.X-CUBE-TCPP.4.2.0
2025-03-20 19:04:18,661 [WARN] PackLoader:240 - Cannot read IP mode file for RealThread.X-CUBE-RT-Thread_Nano.4.1.1
2025-03-20 19:04:18,669 [WARN] PackLoader:240 - Cannot read IP mode file for STMicroelectronics.FP-ATR-SIGFOX1.3.2.0
2025-03-20 19:04:18,676 [WARN] ConditionMgr:438 - getConditionDescription Invalid condition id : Cortex-A Device cause : null
2025-03-20 19:04:18,714 [WARN] ConditionMgr:1044 - genDependencies : Invalid condition id : Cortex-A Device cause : null
2025-03-20 19:04:18,714 [WARN] ConditionMgr:1044 - genDependencies : Invalid condition id : Cortex-A Device cause : null
2025-03-20 19:04:18,715 [WARN] ConditionMgr:1044 - genDependencies : Invalid condition id : Cortex-A Device cause : null
2025-03-20 19:04:18,741 [WARN] PackLoader:240 - Cannot read IP mode file for STMicroelectronics.X-CUBE-EEPRMA1.5.1.0
2025-03-20 19:04:18,763 [WARN] PackLoader:240 - Cannot read IP mode file for wolfSSL.I-CUBE-wolfSSL.5.7.4
2025-03-20 19:04:18,787 [WARN] PackLoader:240 - Cannot read IP mode file for ITTIA_DB.I-CUBE-ITTIADB.8.9.0
2025-03-20 19:04:18,827 [WARN] PackLoader:240 - Cannot read IP mode file for SEGGER.I-CUBE-embOS.1.3.1
2025-03-20 19:04:18,869 [WARN] PackLoader:240 - Cannot read IP mode file for STMicroelectronics.X-CUBE-ALGOBUILD.1.4.0
2025-03-20 19:04:18,914 [WARN] PackLoader:240 - Cannot read IP mode file for STMicroelectronics.X-CUBE-AZRTOS-F4.1.1.0
2025-03-20 19:04:18,937 [WARN] PackLoader:240 - Cannot read IP mode file for STMicroelectronics.X-CUBE-FREERTOS.1.2.0
2025-03-20 19:04:18,977 [WARN] PackLoader:240 - Cannot read IP mode file for STMicroelectronics.X-CUBE-AZRTOS-L5.2.0.0
2025-03-20 19:04:19,002 [WARN] PackLoader:240 - Cannot read IP mode file for STMicroelectronics.X-CUBE-NFC6.3.1.0
2025-03-20 19:04:19,024 [WARN] PackLoader:240 - Cannot read IP mode file for STMicroelectronics.X-CUBE-FREERTOS.1.3.0
2025-03-20 19:04:19,050 [WARN] PackLoader:240 - Cannot read IP mode file for STMicroelectronics.X-CUBE-NFC7.1.0.1
2025-03-20 19:04:19,097 [WARN] ConditionMgr:438 - getConditionDescription Invalid condition id : LAN8742 Phy interface Condition cause : null
2025-03-20 19:04:19,098 [WARN] PackLoader:240 - Cannot read IP mode file for STMicroelectronics.X-CUBE-AZRTOS-L4.2.0.0
2025-03-20 19:04:19,099 [WARN] ConditionMgr:1044 - genDependencies : Invalid condition id : LAN8742 Phy interface Condition cause : null
2025-03-20 19:04:19,100 [WARN] ConditionMgr:1044 - genDependencies : Invalid condition id : LAN8742 Phy interface Condition cause : null
2025-03-20 19:04:19,100 [WARN] ConditionMgr:1044 - genDependencies : Invalid condition id : LAN8742 Phy interface Condition cause : null
2025-03-20 19:04:19,127 [WARN] PackLoader:240 - Cannot read IP mode file for STMicroelectronics.X-CUBE-SFXS2LP1.4.0.0
2025-03-20 19:04:19,174 [WARN] PackLoader:240 - Cannot read IP mode file for STMicroelectronics.X-CUBE-AZRTOS-H7.3.3.0
2025-03-20 19:04:19,205 [WARN] PackLoader:240 - Cannot read IP mode file for STMicroelectronics.X-CUBE-IPS.3.0.0
2025-03-20 19:04:19,252 [WARN] ConditionMgr:438 - getConditionDescription Invalid condition id : UX DEVICE CLASS RTOS Condition cause : null
2025-03-20 19:04:19,252 [WARN] ConditionMgr:438 - getConditionDescription Invalid condition id : UX DEVICE CLASS RTOS Condition cause : null
2025-03-20 19:04:19,255 [WARN] PackLoader:240 - Cannot read IP mode file for STMicroelectronics.X-CUBE-AZRTOS-WB.2.0.0
2025-03-20 19:04:19,256 [WARN] ConditionMgr:1044 - genDependencies : Invalid condition id : UX DEVICE CLASS RTOS Condition cause : null
2025-03-20 19:04:19,256 [WARN] ConditionMgr:1044 - genDependencies : Invalid condition id : UX DEVICE CLASS RTOS Condition cause : null
2025-03-20 19:04:19,257 [WARN] ConditionMgr:1044 - genDependencies : Invalid condition id : UX DEVICE CLASS RTOS Condition cause : null
2025-03-20 19:04:19,258 [WARN] ConditionMgr:1044 - genDependencies : Invalid condition id : UX DEVICE CLASS RTOS Condition cause : null
2025-03-20 19:04:19,258 [WARN] ConditionMgr:1044 - genDependencies : Invalid condition id : UX DEVICE CLASS RTOS Condition cause : null
2025-03-20 19:04:19,284 [WARN] PackLoader:240 - Cannot read IP mode file for STMicroelectronics.X-CUBE-GNSS1.7.0.0
2025-03-20 19:04:19,310 [WARN] PackLoader:240 - Cannot read IP mode file for STMicroelectronics.X-CUBE-GNSS1.7.0.1
2025-03-20 19:04:19,339 [WARN] PackLoader:240 - Cannot read IP mode file for STMicroelectronics.X-CUBE-TOUCHGFX.4.25.0
2025-03-20 19:04:19,375 [WARN] PackLoader:240 - Cannot read IP mode file for STMicroelectronics.X-CUBE-SUBG2.5.0.0
2025-03-20 19:04:19,403 [WARN] PackLoader:240 - Cannot read IP mode file for STMicroelectronics.X-CUBE-AZRTOS-H7RS.1.1.0
2025-03-20 19:04:19,419 [WARN] PackLoader:240 - Cannot read IP mode file for Cesanta.I-CUBE-Mongoose.7.13.0
2025-03-20 19:04:19,470 [WARN] PackLoader:240 - Cannot read IP mode file for STMicroelectronics.X-CUBE-AZRTOS-G4.2.0.0
2025-03-20 19:04:19,502 [WARN] PackLoader:240 - Cannot read IP mode file for STMicroelectronics.X-CUBE-IPS.3.1.0
2025-03-20 19:04:19,528 [WARN] PackLoader:240 - Cannot read IP mode file for STMicroelectronics.X-CUBE-ALS.1.0.2
2025-03-20 19:04:19,550 [WARN] PackLoader:240 - Cannot read IP mode file for STMicroelectronics.X-CUBE-TOUCHGFX.4.24.2
2025-03-20 19:04:19,574 [WARN] PackLoader:240 - Cannot read IP mode file for STMicroelectronics.X-CUBE-TOUCHGFX.4.24.1
2025-03-20 19:04:19,582 [WARN] PackLoader:240 - Cannot read IP mode file for wolfSSL.I-CUBE-wolfTPM.3.4.0
2025-03-20 19:04:19,603 [WARN] PackLoader:240 - Cannot read IP mode file for portGmbH.I-Cube-SoM-uGOAL.1.1.0
2025-03-20 19:04:19,639 [WARN] PackLoader:240 - Cannot read IP mode file for STMicroelectronics.X-CUBE-AZRTOS-H7RS.1.0.0
2025-03-20 19:04:19,660 [WARN] PackLoader:240 - Cannot read IP mode file for STMicroelectronics.FP-ATR-ASTRA1.2.0.0
2025-03-20 19:04:19,693 [WARN] PackLoader:240 - Cannot read IP mode file for Infineon.AIROC-Wi-Fi-Bluetooth-STM32.1.6.1
2025-03-20 19:04:19,702 [WARN] PackLoader:240 - Cannot read IP mode file for wolfSSL.I-CUBE-wolfSSH.1.4.17
2025-03-20 19:04:19,703 [INFO] ThirdParty:978 - Integrity check success = true
2025-03-20 19:04:19,703 [INFO] IntegrityCheckThread:100 - exiting critical section [integrity check]
2025-03-20 19:04:19,703 [INFO] IntegrityCheckThread:103 - End integrity checks thread
2025-03-20 19:32:54,697 [INFO] WebApp:194 - Connection lost
2025-03-20 19:32:55,009 [INFO] WebApp:191 - Connection restablished
2025-03-20 20:32:54,759 [INFO] WebApp:194 - Connection lost
2025-03-20 20:32:54,906 [INFO] WebApp:191 - Connection restablished
2025-03-20 21:32:57,949 [INFO] WebApp:194 - Connection lost
2025-03-20 21:32:58,629 [INFO] WebApp:191 - Connection restablished
2025-03-20 22:32:59,246 [INFO] WebApp:194 - Connection lost
2025-03-20 22:32:59,671 [INFO] WebApp:191 - Connection restablished
2025-03-20 23:14:35,215 [ERROR] LogOutputStream:75 - [STDERR_REDIRECT] 
