2025-03-08 10:45:22,673 [INFO] Activator:176 - 


2025-03-08 10:45:22,680 [INFO] Activator:177 - !SESSION log4j initialized
2025-03-08 10:45:30,649 [INFO] LogOutputStream:77 - [STDOUT_REDIRECT] 
2025-03-08 10:45:38,758 [INFO] ApplicationProperties:184 - Using Application install path: C:\ST\STM32CubeIDE_1.16.1\STM32CubeIDE\plugins\com.st.stm32cube.common.mx_6.14.0.202502271554
2025-03-08 10:45:38,778 [INFO] DbMcusXml:78 - Set database path to: C:\ST\STM32CubeIDE_1.16.1\STM32CubeIDE\plugins\com.st.stm32cube.common.mx_6.14.0.202502271554\\db\/mcu/
2025-03-08 10:45:38,778 [INFO] ApiDb:274 - Set plugin database path to: C:\ST\STM32CubeIDE_1.16.1\STM32CubeIDE\plugins\com.st.stm32cube.common.mx_6.14.0.202502271554\\db\/plugins/boardmanager/
2025-03-08 10:45:38,779 [WARN] ApiDb:259 - Overriding images path with different value:  => C:\ST\STM32CubeIDE_1.16.1\STM32CubeIDE\plugins\com.st.stm32cube.common.mx_6.14.0.202502271554\\db\/plugins/mcufinder/images/
2025-03-08 10:45:38,787 [INFO] ApiDb:250 - Set database path to: C:\Users\mridu\.stmcufinder\plugins\mcufinder//mcu/
2025-03-08 10:45:38,788 [INFO] DbMcusAds:125 - Set database path to: C:\Users\mridu\.stmcufinder\plugins\mcufinder//mcu/
2025-03-08 10:45:38,790 [INFO] CrossReferenceDbSqlite:203 - Set database path to: C:\Users\mridu\.stmcufinder\plugins\mcufinder//mcu/cs/
2025-03-08 10:45:38,920 [INFO] RulesReader:64 - Compatibility file has been processed (301 Rules)
2025-03-08 10:45:39,071 [INFO] DbMcusXml:78 - Set database path to: C:\ST\STM32CubeIDE_1.16.1\STM32CubeIDE\plugins\com.st.stm32cube.common.mx_6.14.0.202502271554\\db\/mcu/
2025-03-08 10:45:39,072 [INFO] ApiDb:274 - Set plugin database path to: C:\ST\STM32CubeIDE_1.16.1\STM32CubeIDE\plugins\com.st.stm32cube.common.mx_6.14.0.202502271554\\db\/plugins/boardmanager/
2025-03-08 10:45:39,072 [INFO] ApiDb:261 - Set plugin images path to: C:\ST\STM32CubeIDE_1.16.1\STM32CubeIDE\plugins\com.st.stm32cube.common.mx_6.14.0.202502271554\\db\/plugins/mcufinder/images/
2025-03-08 10:45:39,072 [WARN] DbFile:41 - Overriding database path with different value: C:\Users\mridu\.stmcufinder\plugins\mcufinder/ => C:\Users\mridu\.stmcufinder\plugins\mcufinder
2025-03-08 10:45:39,074 [INFO] ApiDb:250 - Set database path to: C:\Users\mridu\.stmcufinder\plugins\mcufinder//mcu/
2025-03-08 10:45:39,074 [WARN] DbFile:41 - Overriding database path with different value: C:\Users\mridu\.stmcufinder\plugins\mcufinder/ => C:\Users\mridu\.stmcufinder\plugins\mcufinder
2025-03-08 10:45:39,074 [INFO] DbMcusAds:125 - Set database path to: C:\Users\mridu\.stmcufinder\plugins\mcufinder//mcu/
2025-03-08 10:45:39,074 [WARN] DbFile:41 - Overriding database path with different value: C:\Users\mridu\.stmcufinder\plugins\mcufinder/ => C:\Users\mridu\.stmcufinder\plugins\mcufinder
2025-03-08 10:45:39,074 [WARN] DbFile:41 - Overriding database path with different value: C:\Users\mridu\.stmcufinder\plugins\mcufinder/ => C:\Users\mridu\.stmcufinder\plugins\mcufinder
2025-03-08 10:45:39,074 [INFO] CrossReferenceDbSqlite:203 - Set database path to: C:\Users\mridu\.stmcufinder\plugins\mcufinder//mcu/cs/
2025-03-08 10:45:39,216 [INFO] MainPanel:272 - HeapMemory: 268435456
2025-03-08 10:45:39,398 [INFO] DbMcusXml:78 - Set database path to: C:\ST\STM32CubeIDE_1.16.1\STM32CubeIDE\plugins\com.st.stm32cube.common.mx_6.14.0.202502271554\\db\/mcu/
2025-03-08 10:45:39,398 [INFO] ApiDb:274 - Set plugin database path to: C:\ST\STM32CubeIDE_1.16.1\STM32CubeIDE\plugins\com.st.stm32cube.common.mx_6.14.0.202502271554\\db\/plugins/boardmanager/
2025-03-08 10:45:39,399 [INFO] ApiDb:261 - Set plugin images path to: C:\ST\STM32CubeIDE_1.16.1\STM32CubeIDE\plugins\com.st.stm32cube.common.mx_6.14.0.202502271554\\db\/plugins/mcufinder/images/
2025-03-08 10:45:39,401 [WARN] DbFile:41 - Overriding database path with different value: C:\Users\mridu\.stmcufinder\plugins\mcufinder/ => C:\Users\mridu\.stmcufinder\plugins\mcufinder
2025-03-08 10:45:39,401 [INFO] ApiDb:250 - Set database path to: C:\Users\mridu\.stmcufinder\plugins\mcufinder//mcu/
2025-03-08 10:45:39,401 [WARN] DbFile:41 - Overriding database path with different value: C:\Users\mridu\.stmcufinder\plugins\mcufinder/ => C:\Users\mridu\.stmcufinder\plugins\mcufinder
2025-03-08 10:45:39,402 [INFO] DbMcusAds:125 - Set database path to: C:\Users\mridu\.stmcufinder\plugins\mcufinder//mcu/
2025-03-08 10:45:39,402 [WARN] DbFile:41 - Overriding database path with different value: C:\Users\mridu\.stmcufinder\plugins\mcufinder/ => C:\Users\mridu\.stmcufinder\plugins\mcufinder
2025-03-08 10:45:39,402 [WARN] DbFile:41 - Overriding database path with different value: C:\Users\mridu\.stmcufinder\plugins\mcufinder/ => C:\Users\mridu\.stmcufinder\plugins\mcufinder
2025-03-08 10:45:39,402 [INFO] CrossReferenceDbSqlite:203 - Set database path to: C:\Users\mridu\.stmcufinder\plugins\mcufinder//mcu/cs/
2025-03-08 10:45:39,443 [INFO] ApplicationProperties:184 - Using Application install path: C:\ST\STM32CubeIDE_1.16.1\STM32CubeIDE\plugins\com.st.stm32cube.common.mx_6.14.0.202502271554
2025-03-08 10:45:39,446 [INFO] PluginManage:196 - Search for loadable plugins [exclusion list=, ]
2025-03-08 10:45:39,450 [INFO] PluginManage:310 - Check plugin analytics
2025-03-08 10:45:39,796 [INFO] AnalyticsPlugin:253 - Accepted Software Licenses: 
2025-03-08 10:45:39,796 [INFO] AnalyticsPlugin:255 - Accepted CMSIS Pack Licenses: 
2025-03-08 10:45:39,797 [INFO] AnalyticsPlugin:257 - Accepted Firmware Licenses: 
2025-03-08 10:45:39,802 [INFO] PluginManage:359 - Loaded plugin analytics (category:tool,tabindex:-1)
2025-03-08 10:45:39,803 [INFO] PluginManage:310 - Check plugin cadmodel
2025-03-08 10:45:39,836 [INFO] CADModel:105 - Init CAD model plugin
2025-03-08 10:45:39,836 [INFO] PluginManage:359 - Loaded plugin cadmodel (category:power,tabindex:5)
2025-03-08 10:45:39,836 [INFO] PluginManage:310 - Check plugin clock
2025-03-08 10:45:39,878 [INFO] PluginManage:359 - Loaded plugin clock (category:base,tabindex:2)
2025-03-08 10:45:39,878 [INFO] PluginManage:310 - Check plugin ddr
2025-03-08 10:45:39,883 [INFO] PluginManage:359 - Loaded plugin ddr (category:tool,tabindex:6)
2025-03-08 10:45:39,884 [INFO] PluginManage:310 - Check plugin filemanager
2025-03-08 10:45:40,129 [INFO] PluginManage:359 - Loaded plugin filemanager (category:base,tabindex:10)
2025-03-08 10:45:40,129 [INFO] PluginManage:310 - Check plugin ipmanager
2025-03-08 10:45:40,142 [INFO] PluginManage:359 - Loaded plugin ipmanager (category:base,tabindex:5)
2025-03-08 10:45:40,143 [INFO] PluginManage:310 - Check plugin lpbam
2025-03-08 10:45:40,172 [INFO] PluginManage:359 - Loaded plugin lpbam (category:base,tabindex:0)
2025-03-08 10:45:40,172 [INFO] PluginManage:310 - Check plugin memorymap
2025-03-08 10:45:40,218 [INFO] PluginManage:359 - Loaded plugin memorymap (category:base,tabindex:4)
2025-03-08 10:45:40,218 [INFO] PluginManage:310 - Check plugin pinoutandconfiguration
2025-03-08 10:45:40,249 [INFO] PluginManage:359 - Loaded plugin pinoutandconfiguration (category:base,tabindex:1)
2025-03-08 10:45:40,250 [INFO] PluginManage:310 - Check plugin pinoutconfig
2025-03-08 10:45:40,396 [WARN] SupportedApi:132 - Cannot load RTOS API schema: s4s-elt-must-match.1: The content of 'definitions' must match (annotation?, (simpleType | complexType)?, (unique | key | keyref)*)). A problem was found starting at: attribute.
2025-03-08 10:45:40,660 [INFO] PluginManage:359 - Loaded plugin pinoutconfig (category:base,tabindex:0)
2025-03-08 10:45:40,661 [INFO] PluginManage:310 - Check plugin power
2025-03-08 10:45:40,688 [INFO] PluginManage:359 - Loaded plugin power (category:power,tabindex:4)
2025-03-08 10:45:40,688 [INFO] PluginManage:310 - Check plugin projectmanager
2025-03-08 10:45:40,712 [INFO] PluginManage:359 - Loaded plugin projectmanager (category:projectmanager,tabindex:4)
2025-03-08 10:45:40,713 [INFO] PluginManage:310 - Check plugin rif
2025-03-08 10:45:40,733 [INFO] PluginManage:359 - Loaded plugin rif (category:base,tabindex:3)
2025-03-08 10:45:40,733 [INFO] PluginManage:310 - Check plugin thirdparty
2025-03-08 10:45:41,200 [WARN] IntegrityCheckThread:84 - waiting for thirdparty lock release [integrity check]
2025-03-08 10:45:41,201 [INFO] IntegrityCheckThread:86 - entering critical section [integrity check]
2025-03-08 10:45:41,201 [INFO] PluginManage:359 - Loaded plugin thirdparty (category:base,tabindex:-1)
2025-03-08 10:45:41,201 [INFO] ThirdPartyUpdaterWithRetryManager:70 - Updater plugin not ready yet. [1/15]
2025-03-08 10:45:41,201 [INFO] PluginManage:310 - Check plugin tools
2025-03-08 10:45:41,268 [INFO] PluginManage:359 - Loaded plugin tools (category:base,tabindex:7)
2025-03-08 10:45:41,269 [INFO] PluginManage:310 - Check plugin tutovideos
2025-03-08 10:45:41,565 [INFO] PluginManage:359 - Loaded plugin tutovideos (category:base,tabindex:-1)
2025-03-08 10:45:41,565 [INFO] PluginManage:310 - Check plugin updater
2025-03-08 10:45:41,606 [INFO] PluginManage:359 - Loaded plugin updater (category:base,tabindex:12)
2025-03-08 10:45:41,606 [INFO] PluginManage:310 - Check plugin userauth
2025-03-08 10:45:41,615 [INFO] UserAuth:118 - Init User Auth plugin
2025-03-08 10:45:41,616 [INFO] PluginManage:359 - Loaded plugin userauth (category:base,tabindex:14)
2025-03-08 10:45:41,617 [INFO] PluginManage:283 - PluginManage : Loaded plugins [18]
2025-03-08 10:45:42,062 [INFO] PinOutPanel:1589 - setPackage(No Configuration,No Configuration)
2025-03-08 10:45:42,208 [INFO] CADModel:165 - CPN selected for project level
2025-03-08 10:45:42,208 [INFO] CADModel:114 - Register for checkConnection events
2025-03-08 10:45:42,253 [INFO] IPUIPlugin:80 - create IPUIPlugin
2025-03-08 10:45:42,254 [INFO] PluginManager:220 - loadIPPluginJar : add adc
2025-03-08 10:45:42,306 [INFO] IPUIPlugin:80 - create IPUIPlugin
2025-03-08 10:45:42,306 [INFO] PluginManager:220 - loadIPPluginJar : add aes
2025-03-08 10:45:42,364 [INFO] IPUIPlugin:80 - create IPUIPlugin
2025-03-08 10:45:42,364 [INFO] PluginManager:220 - loadIPPluginJar : add can
2025-03-08 10:45:42,407 [INFO] IPUIPlugin:80 - create IPUIPlugin
2025-03-08 10:45:42,407 [INFO] PluginManager:220 - loadIPPluginJar : add comp
2025-03-08 10:45:42,454 [INFO] IPUIPlugin:80 - create IPUIPlugin
2025-03-08 10:45:42,454 [INFO] PluginManager:220 - loadIPPluginJar : add cryp
2025-03-08 10:45:42,471 [INFO] IPUIPlugin:80 - create IPUIPlugin
2025-03-08 10:45:42,471 [INFO] PluginManager:220 - loadIPPluginJar : add ddr_ctrl_phy
2025-03-08 10:45:42,521 [INFO] IPUIPlugin:80 - create IPUIPlugin
2025-03-08 10:45:42,521 [INFO] PluginManager:220 - loadIPPluginJar : add dfsdm
2025-03-08 10:45:42,542 [INFO] IPUIPlugin:80 - create IPUIPlugin
2025-03-08 10:45:42,543 [INFO] PluginManager:220 - loadIPPluginJar : add dma
2025-03-08 10:45:42,611 [INFO] IPUIPlugin:80 - create IPUIPlugin
2025-03-08 10:45:42,611 [INFO] PluginManager:220 - loadIPPluginJar : add dma3
2025-03-08 10:45:42,681 [INFO] IPUIPlugin:80 - create IPUIPlugin
2025-03-08 10:45:42,681 [INFO] PluginManager:220 - loadIPPluginJar : add extmemmanager
2025-03-08 10:45:42,712 [INFO] IPUIPlugin:80 - create IPUIPlugin
2025-03-08 10:45:42,712 [INFO] PluginManager:220 - loadIPPluginJar : add fatfs
2025-03-08 10:45:42,781 [INFO] IPUIPlugin:80 - create IPUIPlugin
2025-03-08 10:45:42,781 [INFO] PluginManager:220 - loadIPPluginJar : add fmc
2025-03-08 10:45:42,802 [INFO] IPUIPlugin:80 - create IPUIPlugin
2025-03-08 10:45:42,802 [INFO] PluginManager:220 - loadIPPluginJar : add freertos
2025-03-08 10:45:42,831 [INFO] IPUIPlugin:80 - create IPUIPlugin
2025-03-08 10:45:42,831 [INFO] PluginManager:220 - loadIPPluginJar : add genericplugin
2025-03-08 10:45:42,966 [INFO] IPUIPlugin:80 - create IPUIPlugin
2025-03-08 10:45:42,967 [INFO] PluginManager:220 - loadIPPluginJar : add gfxmmu
2025-03-08 10:45:43,196 [INFO] IPUIPlugin:80 - create IPUIPlugin
2025-03-08 10:45:43,196 [INFO] PluginManager:220 - loadIPPluginJar : add gic
2025-03-08 10:45:43,217 [INFO] IPUIPlugin:80 - create IPUIPlugin
2025-03-08 10:45:43,217 [INFO] PluginManager:220 - loadIPPluginJar : add gpio
2025-03-08 10:45:43,398 [INFO] IPUIPlugin:80 - create IPUIPlugin
2025-03-08 10:45:43,398 [INFO] PluginManager:220 - loadIPPluginJar : add gtzc
2025-03-08 10:45:43,462 [INFO] IPUIPlugin:80 - create IPUIPlugin
2025-03-08 10:45:43,463 [INFO] PluginManager:220 - loadIPPluginJar : add hash
2025-03-08 10:45:43,551 [INFO] IPUIPlugin:80 - create IPUIPlugin
2025-03-08 10:45:43,551 [INFO] PluginManager:220 - loadIPPluginJar : add i2c
2025-03-08 10:45:43,608 [INFO] IPUIPlugin:80 - create IPUIPlugin
2025-03-08 10:45:43,608 [INFO] PluginManager:220 - loadIPPluginJar : add i2s
2025-03-08 10:45:43,679 [INFO] IPUIPlugin:80 - create IPUIPlugin
2025-03-08 10:45:43,679 [INFO] PluginManager:220 - loadIPPluginJar : add i3c
2025-03-08 10:45:43,855 [INFO] IPUIPlugin:80 - create IPUIPlugin
2025-03-08 10:45:43,856 [INFO] PluginManager:220 - loadIPPluginJar : add ipddr
2025-03-08 10:45:44,004 [INFO] IPUIPlugin:80 - create IPUIPlugin
2025-03-08 10:45:44,004 [INFO] PluginManager:220 - loadIPPluginJar : add linkedlist
2025-03-08 10:45:44,061 [INFO] IPUIPlugin:80 - create IPUIPlugin
2025-03-08 10:45:44,062 [INFO] PluginManager:220 - loadIPPluginJar : add lorawan
2025-03-08 10:45:44,129 [INFO] IPUIPlugin:80 - create IPUIPlugin
2025-03-08 10:45:44,129 [INFO] PluginManager:220 - loadIPPluginJar : add ltdc
2025-03-08 10:45:44,152 [INFO] IPUIPlugin:80 - create IPUIPlugin
2025-03-08 10:45:44,152 [INFO] PluginManager:220 - loadIPPluginJar : add mdma
2025-03-08 10:45:44,178 [INFO] IPUIPlugin:80 - create IPUIPlugin
2025-03-08 10:45:44,178 [INFO] PluginManager:220 - loadIPPluginJar : add nvic
2025-03-08 10:45:44,207 [INFO] ThirdPartyUpdaterWithRetryManager:70 - Updater plugin not ready yet. [2/15]
2025-03-08 10:45:44,265 [INFO] IPUIPlugin:80 - create IPUIPlugin
2025-03-08 10:45:44,265 [INFO] PluginManager:220 - loadIPPluginJar : add opamp
2025-03-08 10:45:44,371 [INFO] IPUIPlugin:80 - create IPUIPlugin
2025-03-08 10:45:44,371 [INFO] PluginManager:220 - loadIPPluginJar : add openamp
2025-03-08 10:45:44,426 [INFO] IPUIPlugin:80 - create IPUIPlugin
2025-03-08 10:45:44,427 [INFO] PluginManager:220 - loadIPPluginJar : add pdm2pcm
2025-03-08 10:45:44,447 [INFO] IPUIPlugin:80 - create IPUIPlugin
2025-03-08 10:45:44,449 [INFO] PluginManager:220 - loadIPPluginJar : add plateformsettings
2025-03-08 10:45:44,486 [INFO] IPUIPlugin:80 - create IPUIPlugin
2025-03-08 10:45:44,486 [INFO] PluginManager:220 - loadIPPluginJar : add quadspi
2025-03-08 10:45:44,528 [INFO] IPUIPlugin:80 - create IPUIPlugin
2025-03-08 10:45:44,529 [INFO] PluginManager:220 - loadIPPluginJar : add radio
2025-03-08 10:45:44,551 [INFO] IPUIPlugin:80 - create IPUIPlugin
2025-03-08 10:45:44,551 [INFO] PluginManager:220 - loadIPPluginJar : add resmgrutility
2025-03-08 10:45:44,617 [INFO] IPUIPlugin:80 - create IPUIPlugin
2025-03-08 10:45:44,617 [INFO] PluginManager:220 - loadIPPluginJar : add sai
2025-03-08 10:45:44,675 [INFO] IPUIPlugin:80 - create IPUIPlugin
2025-03-08 10:45:44,675 [INFO] PluginManager:220 - loadIPPluginJar : add spi
2025-03-08 10:45:44,775 [INFO] IPUIPlugin:80 - create IPUIPlugin
2025-03-08 10:45:44,775 [INFO] PluginManager:220 - loadIPPluginJar : add stm32_wpan
2025-03-08 10:45:44,810 [INFO] IPUIPlugin:80 - create IPUIPlugin
2025-03-08 10:45:44,810 [INFO] PluginManager:220 - loadIPPluginJar : add tim
2025-03-08 10:45:44,896 [INFO] IPUIPlugin:80 - create IPUIPlugin
2025-03-08 10:45:44,897 [INFO] PluginManager:220 - loadIPPluginJar : add touchsensing
2025-03-08 10:45:44,937 [INFO] IPUIPlugin:80 - create IPUIPlugin
2025-03-08 10:45:44,937 [INFO] PluginManager:220 - loadIPPluginJar : add tracer_emb
2025-03-08 10:45:44,975 [INFO] IPUIPlugin:80 - create IPUIPlugin
2025-03-08 10:45:44,975 [INFO] PluginManager:220 - loadIPPluginJar : add ts
2025-03-08 10:45:45,015 [INFO] IPUIPlugin:80 - create IPUIPlugin
2025-03-08 10:45:45,015 [INFO] PluginManager:220 - loadIPPluginJar : add tsc
2025-03-08 10:45:45,048 [INFO] IPUIPlugin:80 - create IPUIPlugin
2025-03-08 10:45:45,048 [INFO] PluginManager:220 - loadIPPluginJar : add ucpd
2025-03-08 10:45:45,113 [INFO] IPUIPlugin:80 - create IPUIPlugin
2025-03-08 10:45:45,113 [INFO] PluginManager:220 - loadIPPluginJar : add usart
2025-03-08 10:45:45,172 [INFO] IPUIPlugin:80 - create IPUIPlugin
2025-03-08 10:45:45,172 [INFO] PluginManager:220 - loadIPPluginJar : add usbx
2025-03-08 10:45:45,321 [FATAL] Updater:351 - Updater called before beeing initialized
2025-03-08 10:45:45,344 [INFO] RulesReader:64 - Compatibility file has been processed (301 Rules)
2025-03-08 10:45:45,351 [INFO] RulesReader:64 - Compatibility file has been processed (301 Rules)
2025-03-08 10:45:45,363 [INFO] CADModel:165 - CPN selected for project level
2025-03-08 10:45:45,363 [INFO] CADModel:114 - Register for checkConnection events
2025-03-08 10:45:45,363 [FATAL] Updater:351 - Updater called before beeing initialized
2025-03-08 10:45:45,363 [ERROR] CADModel:125 - Updater not yet initialized, retry later 
2025-03-08 10:45:45,557 [FATAL] Updater:351 - Updater called before beeing initialized
2025-03-08 10:45:45,560 [INFO] CADModel:165 - CPN selected for project level
2025-03-08 10:45:45,560 [INFO] CADModel:114 - Register for checkConnection events
2025-03-08 10:45:45,560 [FATAL] Updater:351 - Updater called before beeing initialized
2025-03-08 10:45:45,560 [ERROR] CADModel:125 - Updater not yet initialized, retry later 
2025-03-08 10:45:45,563 [FATAL] Updater:351 - Updater called before beeing initialized
2025-03-08 10:45:45,702 [FATAL] Updater:351 - Updater called before beeing initialized
2025-03-08 10:45:45,714 [INFO] DbMcusAds:53 - JSON generation date=Wed Sep 29 23:55:09 PDT 2021 (1632984909247)
2025-03-08 10:45:45,714 [FATAL] Updater:351 - Updater called before beeing initialized
2025-03-08 10:45:45,752 [WARN] DetailPanel:346 - Failed to get advertising image, set to default
2025-03-08 10:45:46,068 [FATAL] Updater:351 - Updater called before beeing initialized
2025-03-08 10:45:46,070 [FATAL] Updater:351 - Updater called before beeing initialized
2025-03-08 10:45:46,070 [FATAL] Updater:351 - Updater called before beeing initialized
2025-03-08 10:45:46,070 [WARN] DetailPanel:346 - Failed to get advertising image, set to default
2025-03-08 10:45:46,072 [FATAL] Updater:351 - Updater called before beeing initialized
2025-03-08 10:45:46,136 [ERROR] Updater:1198 - MainUpdater not yet initialized. External WinMGr cannot be set.
2025-03-08 10:45:46,146 [INFO] Updater:1134 - Updater Version found : 6.14.0
2025-03-08 10:45:46,166 [INFO] ApplicationProperties:184 - Using Application install path: C:\ST\STM32CubeIDE_1.16.1\STM32CubeIDE\plugins\com.st.stm32cube.common.mx_6.14.0.202502271554
2025-03-08 10:45:47,219 [INFO] ThirdPartyUpdaterWithRetryManager:70 - Updater plugin not ready yet. [3/15]
2025-03-08 10:45:47,768 [ERROR] LogOutputStream:75 - [STDERR_REDIRECT] Mar 08, 2025 10:45:47 AM java.util.prefs.WindowsPreferences <init>
2025-03-08 10:45:47,770 [ERROR] LogOutputStream:75 - [STDERR_REDIRECT] WARNING: Could not open/create prefs root node Software\JavaSoft\Prefs at root 0xffffffff80000002. Windows RegCreateKeyEx(...) returned error code 5.
2025-03-08 10:45:47,770 [ERROR] LogOutputStream:75 - [STDERR_REDIRECT] 
2025-03-08 10:45:48,180 [INFO] MainUpdater:2872 - connection check result : 10
2025-03-08 10:45:48,180 [INFO] MainUpdater:289 - Updater Check For Update Now.
2025-03-08 10:45:48,180 [INFO] MicroXplorer:498 - Change Database Version : DB.6.0.140
2025-03-08 10:45:48,209 [INFO] McuFinderGlobals:63 - Set McuFinder mode to 2 (CubeIDE integrated)
2025-03-08 10:45:48,218 [INFO] UserAuth:486 - Internet connection configuration mode: 1
2025-03-08 10:45:48,276 [INFO] JxBrowserEngine:152 - Initiate JxBrowser Engine with user profile folder
2025-03-08 10:45:48,429 [INFO] CheckServerUpdateThread:120 - End of CheckServer Thread
2025-03-08 10:45:50,402 [INFO] WebApp:169 - Instantiating new browser for Auth
2025-03-08 10:45:50,616 [WARN] PackLoader:240 - Cannot read IP mode file for STMicroelectronics.FP-SNS-MOTENVWB1.1.4.0
2025-03-08 10:45:50,652 [WARN] PackLoader:240 - Cannot read IP mode file for STMicroelectronics.FP-ATR-ASTRA1.2.0.2
2025-03-08 10:45:50,681 [WARN] PackLoader:240 - Cannot read IP mode file for STMicroelectronics.FP-ATR-ASTRA1.2.0.1
2025-03-08 10:45:50,724 [WARN] PackLoader:240 - Cannot read IP mode file for STMicroelectronics.X-CUBE-SMBUS.2.1.0
2025-03-08 10:45:50,758 [WARN] PackLoader:240 - Cannot read IP mode file for STMicroelectronics.X-CUBE-WB05N.1.1.0
2025-03-08 10:45:50,827 [WARN] PackLoader:240 - Cannot read IP mode file for STMicroelectronics.X-CUBE-AZRTOS-F7.1.1.0
2025-03-08 10:45:50,910 [WARN] PackLoader:240 - Cannot read IP mode file for STMicroelectronics.X-CUBE-MEMS1.11.0.0
2025-03-08 10:45:51,047 [WARN] PackLoader:240 - Cannot read IP mode file for STMicroelectronics.FP-SNS-FLIGHT1.5.0.2
2025-03-08 10:45:51,070 [WARN] PackLoader:240 - Cannot read IP mode file for STMicroelectronics.X-CUBE-DISPLAY.3.0.0
2025-03-08 10:45:51,088 [WARN] PackLoader:240 - Cannot read IP mode file for STMicroelectronics.X-CUBE-BLE1.7.0.0
2025-03-08 10:45:51,111 [WARN] PackLoader:240 - Cannot read IP mode file for STMicroelectronics.X-CUBE-BLEMGR.4.0.0
2025-03-08 10:45:51,134 [WARN] PackLoader:240 - Cannot read IP mode file for emotas.I-CUBE-CANOPEN.1.3.0
2025-03-08 10:45:51,155 [WARN] PackLoader:240 - Cannot read IP mode file for STMicroelectronics.X-CUBE-BLEMGR.3.1.0
2025-03-08 10:45:51,172 [WARN] PackLoader:240 - Cannot read IP mode file for STMicroelectronics.X-CUBE-AI.10.0.0
2025-03-08 10:45:51,189 [WARN] PackLoader:240 - Cannot read IP mode file for STMicroelectronics.FP-SNS-SMARTAG2.1.2.0
2025-03-08 10:45:51,235 [WARN] PackLoader:240 - Cannot read IP mode file for STMicroelectronics.X-CUBE-MEMS1.11.1.0
2025-03-08 10:45:51,431 [INFO] LogOutputStream:77 - [STDOUT_REDIRECT] 1 : Invalid condition id : UX_CORESTACK_Condition cause : null
2025-03-08 10:45:51,431 [INFO] LogOutputStream:77 - [STDOUT_REDIRECT] 1 : Invalid condition id : UX_CORESTACK_Condition cause : null
2025-03-08 10:45:51,433 [INFO] LogOutputStream:77 - [STDOUT_REDIRECT] 1 : Invalid condition id : UX_CORESTACK_Condition cause : null
2025-03-08 10:45:51,435 [INFO] LogOutputStream:77 - [STDOUT_REDIRECT] 1 : Invalid condition id : UX_CORESTACK_Condition cause : null
2025-03-08 10:45:51,437 [INFO] LogOutputStream:77 - [STDOUT_REDIRECT] 1 : Invalid condition id : UX_CORESTACK_Condition cause : null
2025-03-08 10:45:51,440 [WARN] PackLoader:240 - Cannot read IP mode file for STMicroelectronics.X-CUBE-AZRTOS-WL.2.0.0
2025-03-08 10:45:51,463 [WARN] PackLoader:240 - Cannot read IP mode file for STMicroelectronics.FP-SNS-MOTENV1.5.0.0
2025-03-08 10:45:51,482 [WARN] PackLoader:240 - Cannot read IP mode file for wolfSSL.I-CUBE-wolfMQTT.1.19.0
2025-03-08 10:45:51,506 [WARN] PackLoader:240 - Cannot read IP mode file for WES.I-CUBE-Cesium.1.3.0
2025-03-08 10:45:51,523 [WARN] PackLoader:240 - Cannot read IP mode file for STMicroelectronics.X-CUBE-BLE2.3.3.0
2025-03-08 10:45:51,538 [WARN] PackLoader:240 - Cannot read IP mode file for STMicroelectronics.X-CUBE-BLE1.7.1.0
2025-03-08 10:45:51,554 [WARN] PackLoader:240 - Cannot read IP mode file for STMicroelectronics.X-CUBE-TCPP.4.1.0
2025-03-08 10:45:51,583 [WARN] PackLoader:240 - Cannot read IP mode file for STMicroelectronics.X-CUBE-AZRTOS-G0.1.1.0
2025-03-08 10:45:51,608 [WARN] PackLoader:240 - Cannot read IP mode file for STMicroelectronics.X-CUBE-SAFEA1.1.2.2
2025-03-08 10:45:51,626 [WARN] PackLoader:240 - Cannot read IP mode file for STMicroelectronics.X-CUBE-NFC4.3.0.0
2025-03-08 10:45:51,646 [WARN] PackLoader:240 - Cannot read IP mode file for EmbeddedOffice.I-CUBE-FS-RTOS.1.0.1
2025-03-08 10:45:51,661 [WARN] PackLoader:240 - Cannot read IP mode file for STMicroelectronics.X-CUBE-TCPP.4.2.0
2025-03-08 10:45:51,676 [WARN] PackLoader:240 - Cannot read IP mode file for RealThread.X-CUBE-RT-Thread_Nano.4.1.1
2025-03-08 10:45:51,693 [WARN] PackLoader:240 - Cannot read IP mode file for STMicroelectronics.FP-ATR-SIGFOX1.3.2.0
2025-03-08 10:45:51,708 [WARN] ConditionMgr:438 - getConditionDescription Invalid condition id : Cortex-A Device cause : null
2025-03-08 10:45:51,743 [WARN] ConditionMgr:1044 - genDependencies : Invalid condition id : Cortex-A Device cause : null
2025-03-08 10:45:51,743 [WARN] ConditionMgr:1044 - genDependencies : Invalid condition id : Cortex-A Device cause : null
2025-03-08 10:45:51,743 [WARN] ConditionMgr:1044 - genDependencies : Invalid condition id : Cortex-A Device cause : null
2025-03-08 10:45:51,759 [WARN] PackLoader:240 - Cannot read IP mode file for STMicroelectronics.X-CUBE-EEPRMA1.5.1.0
2025-03-08 10:45:51,775 [WARN] PackLoader:240 - Cannot read IP mode file for wolfSSL.I-CUBE-wolfSSL.5.7.4
2025-03-08 10:45:51,794 [WARN] PackLoader:240 - Cannot read IP mode file for ITTIA_DB.I-CUBE-ITTIADB.8.9.0
2025-03-08 10:45:51,837 [WARN] PackLoader:240 - Cannot read IP mode file for SEGGER.I-CUBE-embOS.1.3.1
2025-03-08 10:45:51,907 [WARN] PackLoader:240 - Cannot read IP mode file for STMicroelectronics.X-CUBE-ALGOBUILD.1.4.0
2025-03-08 10:45:51,968 [WARN] PackLoader:240 - Cannot read IP mode file for STMicroelectronics.X-CUBE-AZRTOS-F4.1.1.0
2025-03-08 10:45:51,999 [WARN] PackLoader:240 - Cannot read IP mode file for STMicroelectronics.X-CUBE-FREERTOS.1.2.0
2025-03-08 10:45:52,038 [WARN] PackLoader:240 - Cannot read IP mode file for STMicroelectronics.X-CUBE-AZRTOS-L5.2.0.0
2025-03-08 10:45:52,060 [WARN] PackLoader:240 - Cannot read IP mode file for STMicroelectronics.X-CUBE-NFC6.3.1.0
2025-03-08 10:45:52,091 [WARN] PackLoader:240 - Cannot read IP mode file for STMicroelectronics.X-CUBE-FREERTOS.1.3.0
2025-03-08 10:45:52,119 [WARN] PackLoader:240 - Cannot read IP mode file for STMicroelectronics.X-CUBE-NFC7.1.0.1
2025-03-08 10:45:52,141 [INFO] WebApp:463 - Apply proxy settings
2025-03-08 10:45:52,142 [INFO] WebApp:548 - Chromium requires no authentication
2025-03-08 10:45:52,161 [INFO] WebApp:491 - Direct internet connection detected
2025-03-08 10:45:52,181 [WARN] ConditionMgr:438 - getConditionDescription Invalid condition id : LAN8742 Phy interface Condition cause : null
2025-03-08 10:45:52,182 [WARN] PackLoader:240 - Cannot read IP mode file for STMicroelectronics.X-CUBE-AZRTOS-L4.2.0.0
2025-03-08 10:45:52,183 [WARN] ConditionMgr:1044 - genDependencies : Invalid condition id : LAN8742 Phy interface Condition cause : null
2025-03-08 10:45:52,183 [WARN] ConditionMgr:1044 - genDependencies : Invalid condition id : LAN8742 Phy interface Condition cause : null
2025-03-08 10:45:52,185 [WARN] ConditionMgr:1044 - genDependencies : Invalid condition id : LAN8742 Phy interface Condition cause : null
2025-03-08 10:45:52,216 [WARN] PackLoader:240 - Cannot read IP mode file for STMicroelectronics.X-CUBE-SFXS2LP1.4.0.0
2025-03-08 10:45:52,234 [INFO] WebApp:894 - Register for checkConnection events
2025-03-08 10:45:52,235 [INFO] WebApp:463 - Apply proxy settings
2025-03-08 10:45:52,235 [INFO] WebApp:548 - Chromium requires no authentication
2025-03-08 10:45:52,239 [INFO] WebApp:491 - Direct internet connection detected
2025-03-08 10:45:52,262 [WARN] PackLoader:240 - Cannot read IP mode file for STMicroelectronics.X-CUBE-AZRTOS-H7.3.3.0
2025-03-08 10:45:52,290 [WARN] PackLoader:240 - Cannot read IP mode file for STMicroelectronics.X-CUBE-IPS.3.0.0
2025-03-08 10:45:52,327 [WARN] ConditionMgr:438 - getConditionDescription Invalid condition id : UX DEVICE CLASS RTOS Condition cause : null
2025-03-08 10:45:52,327 [WARN] ConditionMgr:438 - getConditionDescription Invalid condition id : UX DEVICE CLASS RTOS Condition cause : null
2025-03-08 10:45:52,330 [WARN] PackLoader:240 - Cannot read IP mode file for STMicroelectronics.X-CUBE-AZRTOS-WB.2.0.0
2025-03-08 10:45:52,330 [WARN] ConditionMgr:1044 - genDependencies : Invalid condition id : UX DEVICE CLASS RTOS Condition cause : null
2025-03-08 10:45:52,331 [WARN] ConditionMgr:1044 - genDependencies : Invalid condition id : UX DEVICE CLASS RTOS Condition cause : null
2025-03-08 10:45:52,331 [WARN] ConditionMgr:1044 - genDependencies : Invalid condition id : UX DEVICE CLASS RTOS Condition cause : null
2025-03-08 10:45:52,331 [WARN] ConditionMgr:1044 - genDependencies : Invalid condition id : UX DEVICE CLASS RTOS Condition cause : null
2025-03-08 10:45:52,331 [WARN] ConditionMgr:1044 - genDependencies : Invalid condition id : UX DEVICE CLASS RTOS Condition cause : null
2025-03-08 10:45:52,361 [WARN] PackLoader:240 - Cannot read IP mode file for STMicroelectronics.X-CUBE-GNSS1.7.0.0
2025-03-08 10:45:52,388 [WARN] PackLoader:240 - Cannot read IP mode file for STMicroelectronics.X-CUBE-GNSS1.7.0.1
2025-03-08 10:45:52,420 [WARN] PackLoader:240 - Cannot read IP mode file for STMicroelectronics.X-CUBE-TOUCHGFX.4.25.0
2025-03-08 10:45:52,424 [INFO] WebApp:191 - Connection restablished
2025-03-08 10:45:52,454 [WARN] PackLoader:240 - Cannot read IP mode file for STMicroelectronics.X-CUBE-SUBG2.5.0.0
2025-03-08 10:45:52,481 [WARN] PackLoader:240 - Cannot read IP mode file for Cesanta.I-CUBE-Mongoose.7.13.0
2025-03-08 10:45:52,519 [WARN] PackLoader:240 - Cannot read IP mode file for STMicroelectronics.X-CUBE-AZRTOS-G4.2.0.0
2025-03-08 10:45:52,551 [WARN] PackLoader:240 - Cannot read IP mode file for STMicroelectronics.X-CUBE-IPS.3.1.0
2025-03-08 10:45:52,582 [WARN] PackLoader:240 - Cannot read IP mode file for STMicroelectronics.X-CUBE-ALS.1.0.2
2025-03-08 10:45:52,608 [WARN] PackLoader:240 - Cannot read IP mode file for STMicroelectronics.X-CUBE-TOUCHGFX.4.24.2
2025-03-08 10:45:52,634 [WARN] PackLoader:240 - Cannot read IP mode file for STMicroelectronics.X-CUBE-TOUCHGFX.4.24.1
2025-03-08 10:45:52,664 [WARN] PackLoader:240 - Cannot read IP mode file for wolfSSL.I-CUBE-wolfTPM.3.4.0
2025-03-08 10:45:52,694 [WARN] PackLoader:240 - Cannot read IP mode file for portGmbH.I-Cube-SoM-uGOAL.1.1.0
2025-03-08 10:45:52,734 [WARN] PackLoader:240 - Cannot read IP mode file for STMicroelectronics.X-CUBE-AZRTOS-H7RS.1.0.0
2025-03-08 10:45:52,755 [WARN] PackLoader:240 - Cannot read IP mode file for STMicroelectronics.FP-ATR-ASTRA1.2.0.0
2025-03-08 10:45:52,785 [INFO] WebApp:225 - Starting web application
2025-03-08 10:45:52,786 [INFO] WebApp:593 - Web application path used C:\ST\STM32CubeIDE_1.16.1\STM32CubeIDE\plugins\com.st.stm32cube.common.mx_6.14.0.202502271554\db\plugins\mcufinder\reactClient1\index.html
2025-03-08 10:45:52,788 [WARN] PackLoader:240 - Cannot read IP mode file for Infineon.AIROC-Wi-Fi-Bluetooth-STM32.1.6.1
2025-03-08 10:45:52,815 [WARN] PackLoader:240 - Cannot read IP mode file for wolfSSL.I-CUBE-wolfSSH.1.4.17
2025-03-08 10:45:52,816 [INFO] ThirdParty:978 - Integrity check success = true
2025-03-08 10:45:52,816 [INFO] IntegrityCheckThread:100 - exiting critical section [integrity check]
2025-03-08 10:45:52,817 [INFO] IntegrityCheckThread:103 - End integrity checks thread
2025-03-08 10:45:53,068 [INFO] UserAuth:486 - Internet connection configuration mode: 1
2025-03-08 11:43:19,583 [INFO] WebApp:194 - Connection lost
2025-03-08 11:43:19,841 [INFO] WebApp:191 - Connection restablished
2025-03-08 12:38:14,481 [INFO] WebApp:194 - Connection lost
2025-03-08 12:55:24,092 [INFO] WebApp:191 - Connection restablished
2025-03-08 12:55:27,487 [INFO] WebApp:194 - Connection lost
2025-03-08 12:55:37,684 [INFO] WebApp:191 - Connection restablished
2025-03-08 12:57:27,401 [INFO] WebApp:194 - Connection lost
2025-03-08 12:57:27,587 [INFO] WebApp:191 - Connection restablished
2025-03-08 13:43:18,415 [INFO] WebApp:194 - Connection lost
2025-03-08 13:43:18,648 [INFO] WebApp:191 - Connection restablished
2025-03-08 14:45:36,776 [INFO] Activator:176 - 


2025-03-08 14:45:36,778 [INFO] Activator:177 - !SESSION log4j initialized
2025-03-08 14:45:47,079 [INFO] LogOutputStream:77 - [STDOUT_REDIRECT] 
2025-03-08 14:45:54,915 [INFO] ApplicationProperties:184 - Using Application install path: C:\ST\STM32CubeIDE_1.16.1\STM32CubeIDE\plugins\com.st.stm32cube.common.mx_6.14.0.202502271554
2025-03-08 14:45:54,944 [INFO] DbMcusXml:78 - Set database path to: C:\ST\STM32CubeIDE_1.16.1\STM32CubeIDE\plugins\com.st.stm32cube.common.mx_6.14.0.202502271554\\db\/mcu/
2025-03-08 14:45:54,944 [INFO] ApiDb:274 - Set plugin database path to: C:\ST\STM32CubeIDE_1.16.1\STM32CubeIDE\plugins\com.st.stm32cube.common.mx_6.14.0.202502271554\\db\/plugins/boardmanager/
2025-03-08 14:45:54,945 [WARN] ApiDb:259 - Overriding images path with different value:  => C:\ST\STM32CubeIDE_1.16.1\STM32CubeIDE\plugins\com.st.stm32cube.common.mx_6.14.0.202502271554\\db\/plugins/mcufinder/images/
2025-03-08 14:45:54,953 [INFO] ApiDb:250 - Set database path to: C:\Users\mridu\.stmcufinder\plugins\mcufinder//mcu/
2025-03-08 14:45:54,955 [INFO] DbMcusAds:125 - Set database path to: C:\Users\mridu\.stmcufinder\plugins\mcufinder//mcu/
2025-03-08 14:45:54,960 [INFO] CrossReferenceDbSqlite:203 - Set database path to: C:\Users\mridu\.stmcufinder\plugins\mcufinder//mcu/cs/
2025-03-08 14:45:55,162 [INFO] RulesReader:64 - Compatibility file has been processed (301 Rules)
2025-03-08 14:45:55,314 [INFO] DbMcusXml:78 - Set database path to: C:\ST\STM32CubeIDE_1.16.1\STM32CubeIDE\plugins\com.st.stm32cube.common.mx_6.14.0.202502271554\\db\/mcu/
2025-03-08 14:45:55,314 [INFO] ApiDb:274 - Set plugin database path to: C:\ST\STM32CubeIDE_1.16.1\STM32CubeIDE\plugins\com.st.stm32cube.common.mx_6.14.0.202502271554\\db\/plugins/boardmanager/
2025-03-08 14:45:55,315 [INFO] ApiDb:261 - Set plugin images path to: C:\ST\STM32CubeIDE_1.16.1\STM32CubeIDE\plugins\com.st.stm32cube.common.mx_6.14.0.202502271554\\db\/plugins/mcufinder/images/
2025-03-08 14:45:55,315 [WARN] DbFile:41 - Overriding database path with different value: C:\Users\mridu\.stmcufinder\plugins\mcufinder/ => C:\Users\mridu\.stmcufinder\plugins\mcufinder
2025-03-08 14:45:55,315 [INFO] ApiDb:250 - Set database path to: C:\Users\mridu\.stmcufinder\plugins\mcufinder//mcu/
2025-03-08 14:45:55,315 [WARN] DbFile:41 - Overriding database path with different value: C:\Users\mridu\.stmcufinder\plugins\mcufinder/ => C:\Users\mridu\.stmcufinder\plugins\mcufinder
2025-03-08 14:45:55,315 [INFO] DbMcusAds:125 - Set database path to: C:\Users\mridu\.stmcufinder\plugins\mcufinder//mcu/
2025-03-08 14:45:55,316 [WARN] DbFile:41 - Overriding database path with different value: C:\Users\mridu\.stmcufinder\plugins\mcufinder/ => C:\Users\mridu\.stmcufinder\plugins\mcufinder
2025-03-08 14:45:55,316 [WARN] DbFile:41 - Overriding database path with different value: C:\Users\mridu\.stmcufinder\plugins\mcufinder/ => C:\Users\mridu\.stmcufinder\plugins\mcufinder
2025-03-08 14:45:55,316 [INFO] CrossReferenceDbSqlite:203 - Set database path to: C:\Users\mridu\.stmcufinder\plugins\mcufinder//mcu/cs/
2025-03-08 14:45:55,431 [INFO] MainPanel:272 - HeapMemory: 268435456
2025-03-08 14:45:55,602 [INFO] DbMcusXml:78 - Set database path to: C:\ST\STM32CubeIDE_1.16.1\STM32CubeIDE\plugins\com.st.stm32cube.common.mx_6.14.0.202502271554\\db\/mcu/
2025-03-08 14:45:55,602 [INFO] ApiDb:274 - Set plugin database path to: C:\ST\STM32CubeIDE_1.16.1\STM32CubeIDE\plugins\com.st.stm32cube.common.mx_6.14.0.202502271554\\db\/plugins/boardmanager/
2025-03-08 14:45:55,603 [INFO] ApiDb:261 - Set plugin images path to: C:\ST\STM32CubeIDE_1.16.1\STM32CubeIDE\plugins\com.st.stm32cube.common.mx_6.14.0.202502271554\\db\/plugins/mcufinder/images/
2025-03-08 14:45:55,603 [WARN] DbFile:41 - Overriding database path with different value: C:\Users\mridu\.stmcufinder\plugins\mcufinder/ => C:\Users\mridu\.stmcufinder\plugins\mcufinder
2025-03-08 14:45:55,603 [INFO] ApiDb:250 - Set database path to: C:\Users\mridu\.stmcufinder\plugins\mcufinder//mcu/
2025-03-08 14:45:55,603 [WARN] DbFile:41 - Overriding database path with different value: C:\Users\mridu\.stmcufinder\plugins\mcufinder/ => C:\Users\mridu\.stmcufinder\plugins\mcufinder
2025-03-08 14:45:55,604 [INFO] DbMcusAds:125 - Set database path to: C:\Users\mridu\.stmcufinder\plugins\mcufinder//mcu/
2025-03-08 14:45:55,604 [WARN] DbFile:41 - Overriding database path with different value: C:\Users\mridu\.stmcufinder\plugins\mcufinder/ => C:\Users\mridu\.stmcufinder\plugins\mcufinder
2025-03-08 14:45:55,604 [WARN] DbFile:41 - Overriding database path with different value: C:\Users\mridu\.stmcufinder\plugins\mcufinder/ => C:\Users\mridu\.stmcufinder\plugins\mcufinder
2025-03-08 14:45:55,604 [INFO] CrossReferenceDbSqlite:203 - Set database path to: C:\Users\mridu\.stmcufinder\plugins\mcufinder//mcu/cs/
2025-03-08 14:45:55,632 [INFO] ApplicationProperties:184 - Using Application install path: C:\ST\STM32CubeIDE_1.16.1\STM32CubeIDE\plugins\com.st.stm32cube.common.mx_6.14.0.202502271554
2025-03-08 14:45:55,634 [INFO] PluginManage:196 - Search for loadable plugins [exclusion list=, ]
2025-03-08 14:45:55,637 [INFO] PluginManage:310 - Check plugin analytics
2025-03-08 14:45:55,974 [INFO] AnalyticsPlugin:253 - Accepted Software Licenses: 
2025-03-08 14:45:55,974 [INFO] AnalyticsPlugin:255 - Accepted CMSIS Pack Licenses: 
2025-03-08 14:45:55,974 [INFO] AnalyticsPlugin:257 - Accepted Firmware Licenses: 
2025-03-08 14:45:55,975 [INFO] PluginManage:359 - Loaded plugin analytics (category:tool,tabindex:-1)
2025-03-08 14:45:55,976 [INFO] PluginManage:310 - Check plugin cadmodel
2025-03-08 14:45:56,019 [INFO] CADModel:105 - Init CAD model plugin
2025-03-08 14:45:56,019 [INFO] PluginManage:359 - Loaded plugin cadmodel (category:power,tabindex:5)
2025-03-08 14:45:56,019 [INFO] PluginManage:310 - Check plugin clock
2025-03-08 14:45:56,053 [INFO] PluginManage:359 - Loaded plugin clock (category:base,tabindex:2)
2025-03-08 14:45:56,053 [INFO] PluginManage:310 - Check plugin ddr
2025-03-08 14:45:56,057 [INFO] PluginManage:359 - Loaded plugin ddr (category:tool,tabindex:6)
2025-03-08 14:45:56,058 [INFO] PluginManage:310 - Check plugin filemanager
2025-03-08 14:45:56,327 [INFO] PluginManage:359 - Loaded plugin filemanager (category:base,tabindex:10)
2025-03-08 14:45:56,328 [INFO] PluginManage:310 - Check plugin ipmanager
2025-03-08 14:45:56,343 [INFO] PluginManage:359 - Loaded plugin ipmanager (category:base,tabindex:5)
2025-03-08 14:45:56,343 [INFO] PluginManage:310 - Check plugin lpbam
2025-03-08 14:45:56,379 [INFO] PluginManage:359 - Loaded plugin lpbam (category:base,tabindex:0)
2025-03-08 14:45:56,380 [INFO] PluginManage:310 - Check plugin memorymap
2025-03-08 14:45:56,426 [INFO] PluginManage:359 - Loaded plugin memorymap (category:base,tabindex:4)
2025-03-08 14:45:56,427 [INFO] PluginManage:310 - Check plugin pinoutandconfiguration
2025-03-08 14:45:56,459 [INFO] PluginManage:359 - Loaded plugin pinoutandconfiguration (category:base,tabindex:1)
2025-03-08 14:45:56,460 [INFO] PluginManage:310 - Check plugin pinoutconfig
2025-03-08 14:45:56,647 [WARN] SupportedApi:132 - Cannot load RTOS API schema: s4s-elt-must-match.1: The content of 'definitions' must match (annotation?, (simpleType | complexType)?, (unique | key | keyref)*)). A problem was found starting at: attribute.
2025-03-08 14:45:56,966 [INFO] PluginManage:359 - Loaded plugin pinoutconfig (category:base,tabindex:0)
2025-03-08 14:45:56,966 [INFO] PluginManage:310 - Check plugin power
2025-03-08 14:45:57,032 [INFO] PluginManage:359 - Loaded plugin power (category:power,tabindex:4)
2025-03-08 14:45:57,033 [INFO] PluginManage:310 - Check plugin projectmanager
2025-03-08 14:45:57,063 [INFO] PluginManage:359 - Loaded plugin projectmanager (category:projectmanager,tabindex:4)
2025-03-08 14:45:57,064 [INFO] PluginManage:310 - Check plugin rif
2025-03-08 14:45:57,120 [INFO] PluginManage:359 - Loaded plugin rif (category:base,tabindex:3)
2025-03-08 14:45:57,121 [INFO] PluginManage:310 - Check plugin thirdparty
2025-03-08 14:45:57,608 [INFO] PluginManage:359 - Loaded plugin thirdparty (category:base,tabindex:-1)
2025-03-08 14:45:57,608 [WARN] IntegrityCheckThread:84 - waiting for thirdparty lock release [integrity check]
2025-03-08 14:45:57,609 [INFO] PluginManage:310 - Check plugin tools
2025-03-08 14:45:57,609 [INFO] IntegrityCheckThread:86 - entering critical section [integrity check]
2025-03-08 14:45:57,610 [INFO] ThirdPartyUpdaterWithRetryManager:70 - Updater plugin not ready yet. [1/15]
2025-03-08 14:45:57,709 [INFO] PluginManage:359 - Loaded plugin tools (category:base,tabindex:7)
2025-03-08 14:45:57,710 [INFO] PluginManage:310 - Check plugin tutovideos
2025-03-08 14:45:58,088 [INFO] PluginManage:359 - Loaded plugin tutovideos (category:base,tabindex:-1)
2025-03-08 14:45:58,089 [INFO] PluginManage:310 - Check plugin updater
2025-03-08 14:45:58,125 [INFO] PluginManage:359 - Loaded plugin updater (category:base,tabindex:12)
2025-03-08 14:45:58,125 [INFO] PluginManage:310 - Check plugin userauth
2025-03-08 14:45:58,132 [INFO] UserAuth:118 - Init User Auth plugin
2025-03-08 14:45:58,134 [INFO] PluginManage:359 - Loaded plugin userauth (category:base,tabindex:14)
2025-03-08 14:45:58,134 [INFO] PluginManage:283 - PluginManage : Loaded plugins [18]
2025-03-08 14:45:58,452 [INFO] PinOutPanel:1589 - setPackage(No Configuration,No Configuration)
2025-03-08 14:45:58,637 [INFO] CADModel:165 - CPN selected for project level
2025-03-08 14:45:58,638 [INFO] CADModel:114 - Register for checkConnection events
2025-03-08 14:45:58,707 [INFO] IPUIPlugin:80 - create IPUIPlugin
2025-03-08 14:45:58,708 [INFO] PluginManager:220 - loadIPPluginJar : add adc
2025-03-08 14:45:58,798 [INFO] IPUIPlugin:80 - create IPUIPlugin
2025-03-08 14:45:58,798 [INFO] PluginManager:220 - loadIPPluginJar : add aes
2025-03-08 14:45:58,886 [INFO] IPUIPlugin:80 - create IPUIPlugin
2025-03-08 14:45:58,886 [INFO] PluginManager:220 - loadIPPluginJar : add can
2025-03-08 14:45:58,942 [INFO] IPUIPlugin:80 - create IPUIPlugin
2025-03-08 14:45:58,942 [INFO] PluginManager:220 - loadIPPluginJar : add comp
2025-03-08 14:45:59,017 [INFO] IPUIPlugin:80 - create IPUIPlugin
2025-03-08 14:45:59,017 [INFO] PluginManager:220 - loadIPPluginJar : add cryp
2025-03-08 14:45:59,049 [INFO] IPUIPlugin:80 - create IPUIPlugin
2025-03-08 14:45:59,049 [INFO] PluginManager:220 - loadIPPluginJar : add ddr_ctrl_phy
2025-03-08 14:45:59,113 [INFO] IPUIPlugin:80 - create IPUIPlugin
2025-03-08 14:45:59,114 [INFO] PluginManager:220 - loadIPPluginJar : add dfsdm
2025-03-08 14:45:59,150 [INFO] IPUIPlugin:80 - create IPUIPlugin
2025-03-08 14:45:59,151 [INFO] PluginManager:220 - loadIPPluginJar : add dma
2025-03-08 14:45:59,232 [INFO] IPUIPlugin:80 - create IPUIPlugin
2025-03-08 14:45:59,232 [INFO] PluginManager:220 - loadIPPluginJar : add dma3
2025-03-08 14:45:59,299 [INFO] IPUIPlugin:80 - create IPUIPlugin
2025-03-08 14:45:59,300 [INFO] PluginManager:220 - loadIPPluginJar : add extmemmanager
2025-03-08 14:45:59,349 [INFO] IPUIPlugin:80 - create IPUIPlugin
2025-03-08 14:45:59,350 [INFO] PluginManager:220 - loadIPPluginJar : add fatfs
2025-03-08 14:45:59,431 [INFO] IPUIPlugin:80 - create IPUIPlugin
2025-03-08 14:45:59,431 [INFO] PluginManager:220 - loadIPPluginJar : add fmc
2025-03-08 14:45:59,477 [INFO] IPUIPlugin:80 - create IPUIPlugin
2025-03-08 14:45:59,478 [INFO] PluginManager:220 - loadIPPluginJar : add freertos
2025-03-08 14:45:59,536 [INFO] IPUIPlugin:80 - create IPUIPlugin
2025-03-08 14:45:59,537 [INFO] PluginManager:220 - loadIPPluginJar : add genericplugin
2025-03-08 14:45:59,721 [INFO] IPUIPlugin:80 - create IPUIPlugin
2025-03-08 14:45:59,721 [INFO] PluginManager:220 - loadIPPluginJar : add gfxmmu
2025-03-08 14:45:59,937 [INFO] IPUIPlugin:80 - create IPUIPlugin
2025-03-08 14:45:59,937 [INFO] PluginManager:220 - loadIPPluginJar : add gic
2025-03-08 14:45:59,975 [INFO] IPUIPlugin:80 - create IPUIPlugin
2025-03-08 14:45:59,975 [INFO] PluginManager:220 - loadIPPluginJar : add gpio
2025-03-08 14:46:00,201 [INFO] IPUIPlugin:80 - create IPUIPlugin
2025-03-08 14:46:00,201 [INFO] PluginManager:220 - loadIPPluginJar : add gtzc
2025-03-08 14:46:00,266 [INFO] IPUIPlugin:80 - create IPUIPlugin
2025-03-08 14:46:00,267 [INFO] PluginManager:220 - loadIPPluginJar : add hash
2025-03-08 14:46:00,381 [INFO] IPUIPlugin:80 - create IPUIPlugin
2025-03-08 14:46:00,381 [INFO] PluginManager:220 - loadIPPluginJar : add i2c
2025-03-08 14:46:00,458 [INFO] IPUIPlugin:80 - create IPUIPlugin
2025-03-08 14:46:00,458 [INFO] PluginManager:220 - loadIPPluginJar : add i2s
2025-03-08 14:46:00,556 [INFO] IPUIPlugin:80 - create IPUIPlugin
2025-03-08 14:46:00,556 [INFO] PluginManager:220 - loadIPPluginJar : add i3c
2025-03-08 14:46:00,613 [INFO] ThirdPartyUpdaterWithRetryManager:70 - Updater plugin not ready yet. [2/15]
2025-03-08 14:46:00,757 [INFO] IPUIPlugin:80 - create IPUIPlugin
2025-03-08 14:46:00,757 [INFO] PluginManager:220 - loadIPPluginJar : add ipddr
2025-03-08 14:46:00,961 [INFO] IPUIPlugin:80 - create IPUIPlugin
2025-03-08 14:46:00,962 [INFO] PluginManager:220 - loadIPPluginJar : add linkedlist
2025-03-08 14:46:01,033 [INFO] IPUIPlugin:80 - create IPUIPlugin
2025-03-08 14:46:01,033 [INFO] PluginManager:220 - loadIPPluginJar : add lorawan
2025-03-08 14:46:01,106 [INFO] IPUIPlugin:80 - create IPUIPlugin
2025-03-08 14:46:01,106 [INFO] PluginManager:220 - loadIPPluginJar : add ltdc
2025-03-08 14:46:01,139 [INFO] IPUIPlugin:80 - create IPUIPlugin
2025-03-08 14:46:01,139 [INFO] PluginManager:220 - loadIPPluginJar : add mdma
2025-03-08 14:46:01,168 [INFO] IPUIPlugin:80 - create IPUIPlugin
2025-03-08 14:46:01,169 [INFO] PluginManager:220 - loadIPPluginJar : add nvic
2025-03-08 14:46:01,242 [INFO] IPUIPlugin:80 - create IPUIPlugin
2025-03-08 14:46:01,242 [INFO] PluginManager:220 - loadIPPluginJar : add opamp
2025-03-08 14:46:01,362 [INFO] IPUIPlugin:80 - create IPUIPlugin
2025-03-08 14:46:01,363 [INFO] PluginManager:220 - loadIPPluginJar : add openamp
2025-03-08 14:46:01,452 [INFO] IPUIPlugin:80 - create IPUIPlugin
2025-03-08 14:46:01,453 [INFO] PluginManager:220 - loadIPPluginJar : add pdm2pcm
2025-03-08 14:46:01,480 [INFO] IPUIPlugin:80 - create IPUIPlugin
2025-03-08 14:46:01,484 [INFO] PluginManager:220 - loadIPPluginJar : add plateformsettings
2025-03-08 14:46:01,523 [INFO] IPUIPlugin:80 - create IPUIPlugin
2025-03-08 14:46:01,523 [INFO] PluginManager:220 - loadIPPluginJar : add quadspi
2025-03-08 14:46:01,576 [INFO] IPUIPlugin:80 - create IPUIPlugin
2025-03-08 14:46:01,577 [INFO] PluginManager:220 - loadIPPluginJar : add radio
2025-03-08 14:46:01,609 [INFO] IPUIPlugin:80 - create IPUIPlugin
2025-03-08 14:46:01,609 [INFO] PluginManager:220 - loadIPPluginJar : add resmgrutility
2025-03-08 14:46:01,694 [INFO] IPUIPlugin:80 - create IPUIPlugin
2025-03-08 14:46:01,694 [INFO] PluginManager:220 - loadIPPluginJar : add sai
2025-03-08 14:46:01,764 [INFO] IPUIPlugin:80 - create IPUIPlugin
2025-03-08 14:46:01,764 [INFO] PluginManager:220 - loadIPPluginJar : add spi
2025-03-08 14:46:01,935 [INFO] IPUIPlugin:80 - create IPUIPlugin
2025-03-08 14:46:01,935 [INFO] PluginManager:220 - loadIPPluginJar : add stm32_wpan
2025-03-08 14:46:01,996 [INFO] IPUIPlugin:80 - create IPUIPlugin
2025-03-08 14:46:01,996 [INFO] PluginManager:220 - loadIPPluginJar : add tim
2025-03-08 14:46:02,155 [INFO] IPUIPlugin:80 - create IPUIPlugin
2025-03-08 14:46:02,155 [INFO] PluginManager:220 - loadIPPluginJar : add touchsensing
2025-03-08 14:46:02,223 [INFO] IPUIPlugin:80 - create IPUIPlugin
2025-03-08 14:46:02,224 [INFO] PluginManager:220 - loadIPPluginJar : add tracer_emb
2025-03-08 14:46:02,285 [INFO] IPUIPlugin:80 - create IPUIPlugin
2025-03-08 14:46:02,285 [INFO] PluginManager:220 - loadIPPluginJar : add ts
2025-03-08 14:46:02,353 [INFO] IPUIPlugin:80 - create IPUIPlugin
2025-03-08 14:46:02,354 [INFO] PluginManager:220 - loadIPPluginJar : add tsc
2025-03-08 14:46:02,417 [INFO] IPUIPlugin:80 - create IPUIPlugin
2025-03-08 14:46:02,417 [INFO] PluginManager:220 - loadIPPluginJar : add ucpd
2025-03-08 14:46:02,551 [INFO] IPUIPlugin:80 - create IPUIPlugin
2025-03-08 14:46:02,552 [INFO] PluginManager:220 - loadIPPluginJar : add usart
2025-03-08 14:46:02,679 [INFO] IPUIPlugin:80 - create IPUIPlugin
2025-03-08 14:46:02,679 [INFO] PluginManager:220 - loadIPPluginJar : add usbx
2025-03-08 14:46:02,922 [FATAL] Updater:351 - Updater called before beeing initialized
2025-03-08 14:46:02,988 [INFO] RulesReader:64 - Compatibility file has been processed (301 Rules)
2025-03-08 14:46:03,008 [INFO] RulesReader:64 - Compatibility file has been processed (301 Rules)
2025-03-08 14:46:03,024 [INFO] CADModel:165 - CPN selected for project level
2025-03-08 14:46:03,024 [INFO] CADModel:114 - Register for checkConnection events
2025-03-08 14:46:03,024 [FATAL] Updater:351 - Updater called before beeing initialized
2025-03-08 14:46:03,025 [ERROR] CADModel:125 - Updater not yet initialized, retry later 
2025-03-08 14:46:03,366 [FATAL] Updater:351 - Updater called before beeing initialized
2025-03-08 14:46:03,370 [INFO] CADModel:165 - CPN selected for project level
2025-03-08 14:46:03,371 [INFO] CADModel:114 - Register for checkConnection events
2025-03-08 14:46:03,371 [FATAL] Updater:351 - Updater called before beeing initialized
2025-03-08 14:46:03,372 [ERROR] CADModel:125 - Updater not yet initialized, retry later 
2025-03-08 14:46:03,412 [FATAL] Updater:351 - Updater called before beeing initialized
2025-03-08 14:46:03,614 [INFO] ThirdPartyUpdaterWithRetryManager:70 - Updater plugin not ready yet. [3/15]
2025-03-08 14:46:03,689 [FATAL] Updater:351 - Updater called before beeing initialized
2025-03-08 14:46:03,717 [INFO] DbMcusAds:53 - JSON generation date=Wed Sep 29 23:55:09 PDT 2021 (1632984909247)
2025-03-08 14:46:03,717 [FATAL] Updater:351 - Updater called before beeing initialized
2025-03-08 14:46:03,795 [WARN] DetailPanel:346 - Failed to get advertising image, set to default
2025-03-08 14:46:04,256 [FATAL] Updater:351 - Updater called before beeing initialized
2025-03-08 14:46:04,259 [FATAL] Updater:351 - Updater called before beeing initialized
2025-03-08 14:46:04,259 [FATAL] Updater:351 - Updater called before beeing initialized
2025-03-08 14:46:04,259 [WARN] DetailPanel:346 - Failed to get advertising image, set to default
2025-03-08 14:46:04,260 [FATAL] Updater:351 - Updater called before beeing initialized
2025-03-08 14:46:04,389 [ERROR] Updater:1198 - MainUpdater not yet initialized. External WinMGr cannot be set.
2025-03-08 14:46:04,414 [INFO] Updater:1134 - Updater Version found : 6.14.0
2025-03-08 14:46:04,456 [INFO] ApplicationProperties:184 - Using Application install path: C:\ST\STM32CubeIDE_1.16.1\STM32CubeIDE\plugins\com.st.stm32cube.common.mx_6.14.0.202502271554
2025-03-08 14:46:06,074 [ERROR] LogOutputStream:75 - [STDERR_REDIRECT] Mar 08, 2025 2:46:06 PM java.util.prefs.WindowsPreferences <init>
2025-03-08 14:46:06,077 [ERROR] LogOutputStream:75 - [STDERR_REDIRECT] WARNING: Could not open/create prefs root node Software\JavaSoft\Prefs at root 0xffffffff80000002. Windows RegCreateKeyEx(...) returned error code 5.
2025-03-08 14:46:06,078 [ERROR] LogOutputStream:75 - [STDERR_REDIRECT] 
2025-03-08 14:46:06,616 [FATAL] Updater:351 - Updater called before beeing initialized
2025-03-08 14:46:06,617 [ERROR] IntegrityCheckThread:130 - Cannot retrieve database content from updater: error 21
2025-03-08 14:46:06,617 [INFO] ThirdParty:978 - Integrity check success = false
2025-03-08 14:46:06,617 [INFO] IntegrityCheckThread:100 - exiting critical section [integrity check]
2025-03-08 14:46:06,618 [INFO] IntegrityCheckThread:103 - End integrity checks thread
2025-03-08 14:46:06,834 [INFO] MainUpdater:2872 - connection check result : 10
2025-03-08 14:46:06,835 [INFO] MainUpdater:289 - Updater Check For Update Now.
2025-03-08 14:46:06,836 [INFO] MicroXplorer:498 - Change Database Version : DB.6.0.140
2025-03-08 14:46:06,870 [INFO] McuFinderGlobals:63 - Set McuFinder mode to 2 (CubeIDE integrated)
2025-03-08 14:46:06,884 [INFO] UserAuth:486 - Internet connection configuration mode: 1
2025-03-08 14:46:06,949 [INFO] JxBrowserEngine:152 - Initiate JxBrowser Engine with user profile folder
2025-03-08 14:46:07,139 [INFO] CheckServerUpdateThread:120 - End of CheckServer Thread
2025-03-08 14:46:09,238 [INFO] WebApp:169 - Instantiating new browser for Auth
2025-03-08 14:46:10,394 [INFO] WebApp:463 - Apply proxy settings
2025-03-08 14:46:10,395 [INFO] WebApp:548 - Chromium requires no authentication
2025-03-08 14:46:10,406 [INFO] WebApp:491 - Direct internet connection detected
2025-03-08 14:46:10,436 [INFO] WebApp:894 - Register for checkConnection events
2025-03-08 14:46:10,437 [INFO] WebApp:463 - Apply proxy settings
2025-03-08 14:46:10,437 [INFO] WebApp:548 - Chromium requires no authentication
2025-03-08 14:46:10,438 [INFO] WebApp:491 - Direct internet connection detected
2025-03-08 14:46:10,677 [INFO] WebApp:191 - Connection restablished
2025-03-08 14:46:10,684 [INFO] WebApp:225 - Starting web application
2025-03-08 14:46:10,684 [INFO] WebApp:593 - Web application path used C:\ST\STM32CubeIDE_1.16.1\STM32CubeIDE\plugins\com.st.stm32cube.common.mx_6.14.0.202502271554\db\plugins\mcufinder\reactClient1\index.html
2025-03-08 14:46:11,032 [INFO] UserAuth:486 - Internet connection configuration mode: 1
2025-03-08 15:43:20,419 [INFO] WebApp:194 - Connection lost
2025-03-08 15:43:20,969 [INFO] WebApp:191 - Connection restablished
2025-03-08 16:14:46,295 [INFO] WebApp:194 - Connection lost
2025-03-08 16:14:54,604 [INFO] WebApp:191 - Connection restablished
2025-03-08 16:14:55,970 [INFO] WebApp:194 - Connection lost
2025-03-08 16:14:56,092 [INFO] WebApp:191 - Connection restablished
2025-03-08 16:16:40,357 [INFO] WebApp:194 - Connection lost
2025-03-08 16:16:40,476 [INFO] WebApp:191 - Connection restablished
2025-03-08 17:14:58,452 [INFO] WebApp:194 - Connection lost
2025-03-08 17:14:58,687 [INFO] WebApp:191 - Connection restablished
2025-03-08 18:04:46,738 [ERROR] LogOutputStream:75 - [STDERR_REDIRECT] 
2025-03-08 18:04:46,740 [ERROR] LogOutputStream:75 - [STDERR_REDIRECT] 
