2025-01-19 14:47:10,299 [INFO] Activator:176 - 


2025-01-19 14:47:10,309 [INFO] Activator:177 - !SESSION log4j initialized
2025-01-19 14:47:19,461 [INFO] LogOutputStream:77 - [STDOUT_REDIRECT] 
2025-01-19 14:47:22,475 [INFO] ApplicationProperties:184 - Using Application install path: C:\ST\STM32CubeIDE_1.16.1\STM32CubeIDE\plugins\com.st.stm32cube.common.mx_6.12.1.202409122256
2025-01-19 14:47:22,500 [INFO] DbMcusXml:78 - Set database path to: C:\ST\STM32CubeIDE_1.16.1\STM32CubeIDE\plugins\com.st.stm32cube.common.mx_6.12.1.202409122256\\db\/mcu/
2025-01-19 14:47:22,500 [INFO] ApiDb:274 - Set plugin database path to: C:\ST\STM32CubeIDE_1.16.1\STM32CubeIDE\plugins\com.st.stm32cube.common.mx_6.12.1.202409122256\\db\/plugins/boardmanager/
2025-01-19 14:47:22,500 [WARN] ApiDb:259 - Overriding images path with different value:  => C:\ST\STM32CubeIDE_1.16.1\STM32CubeIDE\plugins\com.st.stm32cube.common.mx_6.12.1.202409122256\\db\/plugins/mcufinder/images/
2025-01-19 14:47:22,511 [INFO] ApiDb:250 - Set database path to: C:\Users\mridu\.stmcufinder\plugins\mcufinder//mcu/
2025-01-19 14:47:22,512 [INFO] DbMcusAds:125 - Set database path to: C:\Users\mridu\.stmcufinder\plugins\mcufinder//mcu/
2025-01-19 14:47:22,516 [INFO] CrossReferenceDbSqlite:203 - Set database path to: C:\Users\mridu\.stmcufinder\plugins\mcufinder//mcu/cs/
2025-01-19 14:47:22,687 [INFO] RulesReader:64 - Compatibility file has been processed (297 Rules)
2025-01-19 14:47:22,816 [INFO] DbMcusXml:78 - Set database path to: C:\ST\STM32CubeIDE_1.16.1\STM32CubeIDE\plugins\com.st.stm32cube.common.mx_6.12.1.202409122256\\db\/mcu/
2025-01-19 14:47:22,817 [INFO] ApiDb:274 - Set plugin database path to: C:\ST\STM32CubeIDE_1.16.1\STM32CubeIDE\plugins\com.st.stm32cube.common.mx_6.12.1.202409122256\\db\/plugins/boardmanager/
2025-01-19 14:47:22,817 [INFO] ApiDb:261 - Set plugin images path to: C:\ST\STM32CubeIDE_1.16.1\STM32CubeIDE\plugins\com.st.stm32cube.common.mx_6.12.1.202409122256\\db\/plugins/mcufinder/images/
2025-01-19 14:47:22,817 [WARN] DbFile:41 - Overriding database path with different value: C:\Users\mridu\.stmcufinder\plugins\mcufinder/ => C:\Users\mridu\.stmcufinder\plugins\mcufinder
2025-01-19 14:47:22,817 [INFO] ApiDb:250 - Set database path to: C:\Users\mridu\.stmcufinder\plugins\mcufinder//mcu/
2025-01-19 14:47:22,817 [WARN] DbFile:41 - Overriding database path with different value: C:\Users\mridu\.stmcufinder\plugins\mcufinder/ => C:\Users\mridu\.stmcufinder\plugins\mcufinder
2025-01-19 14:47:22,817 [INFO] DbMcusAds:125 - Set database path to: C:\Users\mridu\.stmcufinder\plugins\mcufinder//mcu/
2025-01-19 14:47:22,818 [WARN] DbFile:41 - Overriding database path with different value: C:\Users\mridu\.stmcufinder\plugins\mcufinder/ => C:\Users\mridu\.stmcufinder\plugins\mcufinder
2025-01-19 14:47:22,818 [WARN] DbFile:41 - Overriding database path with different value: C:\Users\mridu\.stmcufinder\plugins\mcufinder/ => C:\Users\mridu\.stmcufinder\plugins\mcufinder
2025-01-19 14:47:22,818 [INFO] CrossReferenceDbSqlite:203 - Set database path to: C:\Users\mridu\.stmcufinder\plugins\mcufinder//mcu/cs/
2025-01-19 14:47:22,955 [INFO] MainPanel:268 - HeapMemory: 268435456
2025-01-19 14:47:23,142 [INFO] DbMcusXml:78 - Set database path to: C:\ST\STM32CubeIDE_1.16.1\STM32CubeIDE\plugins\com.st.stm32cube.common.mx_6.12.1.202409122256\\db\/mcu/
2025-01-19 14:47:23,143 [INFO] ApiDb:274 - Set plugin database path to: C:\ST\STM32CubeIDE_1.16.1\STM32CubeIDE\plugins\com.st.stm32cube.common.mx_6.12.1.202409122256\\db\/plugins/boardmanager/
2025-01-19 14:47:23,143 [INFO] ApiDb:261 - Set plugin images path to: C:\ST\STM32CubeIDE_1.16.1\STM32CubeIDE\plugins\com.st.stm32cube.common.mx_6.12.1.202409122256\\db\/plugins/mcufinder/images/
2025-01-19 14:47:23,144 [WARN] DbFile:41 - Overriding database path with different value: C:\Users\mridu\.stmcufinder\plugins\mcufinder/ => C:\Users\mridu\.stmcufinder\plugins\mcufinder
2025-01-19 14:47:23,144 [INFO] ApiDb:250 - Set database path to: C:\Users\mridu\.stmcufinder\plugins\mcufinder//mcu/
2025-01-19 14:47:23,144 [WARN] DbFile:41 - Overriding database path with different value: C:\Users\mridu\.stmcufinder\plugins\mcufinder/ => C:\Users\mridu\.stmcufinder\plugins\mcufinder
2025-01-19 14:47:23,144 [INFO] DbMcusAds:125 - Set database path to: C:\Users\mridu\.stmcufinder\plugins\mcufinder//mcu/
2025-01-19 14:47:23,145 [WARN] DbFile:41 - Overriding database path with different value: C:\Users\mridu\.stmcufinder\plugins\mcufinder/ => C:\Users\mridu\.stmcufinder\plugins\mcufinder
2025-01-19 14:47:23,145 [WARN] DbFile:41 - Overriding database path with different value: C:\Users\mridu\.stmcufinder\plugins\mcufinder/ => C:\Users\mridu\.stmcufinder\plugins\mcufinder
2025-01-19 14:47:23,145 [INFO] CrossReferenceDbSqlite:203 - Set database path to: C:\Users\mridu\.stmcufinder\plugins\mcufinder//mcu/cs/
2025-01-19 14:47:23,172 [INFO] ApplicationProperties:184 - Using Application install path: C:\ST\STM32CubeIDE_1.16.1\STM32CubeIDE\plugins\com.st.stm32cube.common.mx_6.12.1.202409122256
2025-01-19 14:47:23,174 [INFO] PluginManage:196 - Search for loadable plugins [exclusion list=, ]
2025-01-19 14:47:23,176 [INFO] PluginManage:310 - Check plugin analytics
2025-01-19 14:47:23,438 [INFO] AnalyticsPlugin:253 - Accepted Software Licenses: 
2025-01-19 14:47:23,438 [INFO] AnalyticsPlugin:255 - Accepted CMSIS Pack Licenses: 
2025-01-19 14:47:23,438 [INFO] AnalyticsPlugin:257 - Accepted Firmware Licenses: 
2025-01-19 14:47:23,442 [INFO] PluginManage:359 - Loaded plugin analytics (category:tool,tabindex:-1)
2025-01-19 14:47:23,444 [INFO] PluginManage:310 - Check plugin cadmodel
2025-01-19 14:47:23,471 [INFO] CADModel:105 - Init CAD model plugin
2025-01-19 14:47:23,472 [INFO] PluginManage:359 - Loaded plugin cadmodel (category:power,tabindex:5)
2025-01-19 14:47:23,472 [INFO] PluginManage:310 - Check plugin clock
2025-01-19 14:47:23,501 [INFO] PluginManage:359 - Loaded plugin clock (category:base,tabindex:2)
2025-01-19 14:47:23,501 [INFO] PluginManage:310 - Check plugin ddr
2025-01-19 14:47:23,504 [INFO] PluginManage:359 - Loaded plugin ddr (category:tool,tabindex:6)
2025-01-19 14:47:23,505 [INFO] PluginManage:310 - Check plugin filemanager
2025-01-19 14:47:23,718 [INFO] PluginManage:359 - Loaded plugin filemanager (category:base,tabindex:10)
2025-01-19 14:47:23,718 [INFO] PluginManage:310 - Check plugin ipmanager
2025-01-19 14:47:23,731 [INFO] PluginManage:359 - Loaded plugin ipmanager (category:base,tabindex:5)
2025-01-19 14:47:23,732 [INFO] PluginManage:310 - Check plugin lpbam
2025-01-19 14:47:23,762 [INFO] PluginManage:359 - Loaded plugin lpbam (category:base,tabindex:0)
2025-01-19 14:47:23,763 [INFO] PluginManage:310 - Check plugin memorymap
2025-01-19 14:47:23,807 [INFO] PluginManage:359 - Loaded plugin memorymap (category:base,tabindex:4)
2025-01-19 14:47:23,808 [INFO] PluginManage:310 - Check plugin pinoutandconfiguration
2025-01-19 14:47:23,837 [INFO] PluginManage:359 - Loaded plugin pinoutandconfiguration (category:base,tabindex:1)
2025-01-19 14:47:23,837 [INFO] PluginManage:310 - Check plugin pinoutconfig
2025-01-19 14:47:24,019 [WARN] SupportedApi:132 - Cannot load RTOS API schema: s4s-elt-must-match.1: The content of 'definitions' must match (annotation?, (simpleType | complexType)?, (unique | key | keyref)*)). A problem was found starting at: attribute.
2025-01-19 14:47:24,280 [INFO] PluginManage:359 - Loaded plugin pinoutconfig (category:base,tabindex:0)
2025-01-19 14:47:24,280 [INFO] PluginManage:310 - Check plugin power
2025-01-19 14:47:24,312 [INFO] PluginManage:359 - Loaded plugin power (category:power,tabindex:4)
2025-01-19 14:47:24,312 [INFO] PluginManage:310 - Check plugin projectmanager
2025-01-19 14:47:24,350 [INFO] PluginManage:359 - Loaded plugin projectmanager (category:projectmanager,tabindex:4)
2025-01-19 14:47:24,350 [INFO] PluginManage:310 - Check plugin rif
2025-01-19 14:47:24,374 [INFO] PluginManage:359 - Loaded plugin rif (category:base,tabindex:3)
2025-01-19 14:47:24,374 [INFO] PluginManage:310 - Check plugin thirdparty
2025-01-19 14:47:24,861 [WARN] IntegrityCheckThread:84 - waiting for thirdparty lock release [integrity check]
2025-01-19 14:47:24,862 [INFO] PluginManage:359 - Loaded plugin thirdparty (category:base,tabindex:-1)
2025-01-19 14:47:24,862 [INFO] IntegrityCheckThread:86 - entering critical section [integrity check]
2025-01-19 14:47:24,862 [INFO] PluginManage:310 - Check plugin tools
2025-01-19 14:47:24,863 [INFO] ThirdPartyUpdaterWithRetryManager:70 - Updater plugin not ready yet. [1/15]
2025-01-19 14:47:24,914 [INFO] PluginManage:359 - Loaded plugin tools (category:base,tabindex:7)
2025-01-19 14:47:24,914 [INFO] PluginManage:310 - Check plugin tutovideos
2025-01-19 14:47:25,271 [INFO] PluginManage:359 - Loaded plugin tutovideos (category:base,tabindex:-1)
2025-01-19 14:47:25,271 [INFO] PluginManage:310 - Check plugin updater
2025-01-19 14:47:25,299 [INFO] PluginManage:359 - Loaded plugin updater (category:base,tabindex:12)
2025-01-19 14:47:25,300 [INFO] PluginManage:310 - Check plugin userauth
2025-01-19 14:47:25,309 [INFO] UserAuth:113 - Init User Auth plugin
2025-01-19 14:47:25,309 [INFO] PluginManage:359 - Loaded plugin userauth (category:base,tabindex:14)
2025-01-19 14:47:25,310 [INFO] PluginManage:283 - PluginManage : Loaded plugins [18]
2025-01-19 14:47:25,679 [INFO] PinOutPanel:1561 - setPackage(No Configuration,No Configuration)
2025-01-19 14:47:25,824 [INFO] CADModel:165 - CPN selected for project level
2025-01-19 14:47:25,825 [INFO] CADModel:114 - Register for checkConnection events
2025-01-19 14:47:25,871 [INFO] IPUIPlugin:80 - create IPUIPlugin
2025-01-19 14:47:25,871 [INFO] PluginManager:220 - loadIPPluginJar : add adc
2025-01-19 14:47:25,938 [INFO] IPUIPlugin:80 - create IPUIPlugin
2025-01-19 14:47:25,939 [INFO] PluginManager:220 - loadIPPluginJar : add aes
2025-01-19 14:47:26,001 [INFO] IPUIPlugin:80 - create IPUIPlugin
2025-01-19 14:47:26,002 [INFO] PluginManager:220 - loadIPPluginJar : add can
2025-01-19 14:47:26,051 [INFO] IPUIPlugin:80 - create IPUIPlugin
2025-01-19 14:47:26,051 [INFO] PluginManager:220 - loadIPPluginJar : add comp
2025-01-19 14:47:26,115 [INFO] IPUIPlugin:80 - create IPUIPlugin
2025-01-19 14:47:26,116 [INFO] PluginManager:220 - loadIPPluginJar : add cryp
2025-01-19 14:47:26,139 [INFO] IPUIPlugin:80 - create IPUIPlugin
2025-01-19 14:47:26,139 [INFO] PluginManager:220 - loadIPPluginJar : add ddr_ctrl_phy
2025-01-19 14:47:26,207 [INFO] IPUIPlugin:80 - create IPUIPlugin
2025-01-19 14:47:26,207 [INFO] PluginManager:220 - loadIPPluginJar : add dfsdm
2025-01-19 14:47:26,235 [INFO] IPUIPlugin:80 - create IPUIPlugin
2025-01-19 14:47:26,236 [INFO] PluginManager:220 - loadIPPluginJar : add dma
2025-01-19 14:47:26,331 [INFO] IPUIPlugin:80 - create IPUIPlugin
2025-01-19 14:47:26,331 [INFO] PluginManager:220 - loadIPPluginJar : add dma3
2025-01-19 14:47:26,418 [INFO] IPUIPlugin:80 - create IPUIPlugin
2025-01-19 14:47:26,418 [INFO] PluginManager:220 - loadIPPluginJar : add extmemmanager
2025-01-19 14:47:26,459 [INFO] IPUIPlugin:80 - create IPUIPlugin
2025-01-19 14:47:26,460 [INFO] PluginManager:220 - loadIPPluginJar : add fatfs
2025-01-19 14:47:26,547 [INFO] IPUIPlugin:80 - create IPUIPlugin
2025-01-19 14:47:26,548 [INFO] PluginManager:220 - loadIPPluginJar : add fmc
2025-01-19 14:47:26,578 [INFO] IPUIPlugin:80 - create IPUIPlugin
2025-01-19 14:47:26,578 [INFO] PluginManager:220 - loadIPPluginJar : add freertos
2025-01-19 14:47:26,620 [INFO] IPUIPlugin:80 - create IPUIPlugin
2025-01-19 14:47:26,620 [INFO] PluginManager:220 - loadIPPluginJar : add genericplugin
2025-01-19 14:47:26,783 [INFO] IPUIPlugin:80 - create IPUIPlugin
2025-01-19 14:47:26,784 [INFO] PluginManager:220 - loadIPPluginJar : add gfxmmu
2025-01-19 14:47:27,097 [INFO] IPUIPlugin:80 - create IPUIPlugin
2025-01-19 14:47:27,097 [INFO] PluginManager:220 - loadIPPluginJar : add gic
2025-01-19 14:47:27,121 [INFO] IPUIPlugin:80 - create IPUIPlugin
2025-01-19 14:47:27,121 [INFO] PluginManager:220 - loadIPPluginJar : add gpio
2025-01-19 14:47:27,285 [INFO] IPUIPlugin:80 - create IPUIPlugin
2025-01-19 14:47:27,285 [INFO] PluginManager:220 - loadIPPluginJar : add gtzc
2025-01-19 14:47:27,351 [INFO] IPUIPlugin:80 - create IPUIPlugin
2025-01-19 14:47:27,351 [INFO] PluginManager:220 - loadIPPluginJar : add hash
2025-01-19 14:47:27,461 [INFO] IPUIPlugin:80 - create IPUIPlugin
2025-01-19 14:47:27,461 [INFO] PluginManager:220 - loadIPPluginJar : add i2c
2025-01-19 14:47:27,532 [INFO] IPUIPlugin:80 - create IPUIPlugin
2025-01-19 14:47:27,533 [INFO] PluginManager:220 - loadIPPluginJar : add i2s
2025-01-19 14:47:27,603 [INFO] IPUIPlugin:80 - create IPUIPlugin
2025-01-19 14:47:27,603 [INFO] PluginManager:220 - loadIPPluginJar : add i3c
2025-01-19 14:47:27,768 [INFO] IPUIPlugin:80 - create IPUIPlugin
2025-01-19 14:47:27,768 [INFO] PluginManager:220 - loadIPPluginJar : add ipddr
2025-01-19 14:47:27,864 [INFO] ThirdPartyUpdaterWithRetryManager:70 - Updater plugin not ready yet. [2/15]
2025-01-19 14:47:27,963 [INFO] IPUIPlugin:80 - create IPUIPlugin
2025-01-19 14:47:27,964 [INFO] PluginManager:220 - loadIPPluginJar : add linkedlist
2025-01-19 14:47:28,023 [INFO] IPUIPlugin:80 - create IPUIPlugin
2025-01-19 14:47:28,024 [INFO] PluginManager:220 - loadIPPluginJar : add lorawan
2025-01-19 14:47:28,100 [INFO] IPUIPlugin:80 - create IPUIPlugin
2025-01-19 14:47:28,100 [INFO] PluginManager:220 - loadIPPluginJar : add ltdc
2025-01-19 14:47:28,132 [INFO] IPUIPlugin:80 - create IPUIPlugin
2025-01-19 14:47:28,132 [INFO] PluginManager:220 - loadIPPluginJar : add mdma
2025-01-19 14:47:28,155 [INFO] IPUIPlugin:80 - create IPUIPlugin
2025-01-19 14:47:28,155 [INFO] PluginManager:220 - loadIPPluginJar : add nvic
2025-01-19 14:47:28,222 [INFO] IPUIPlugin:80 - create IPUIPlugin
2025-01-19 14:47:28,223 [INFO] PluginManager:220 - loadIPPluginJar : add opamp
2025-01-19 14:47:28,329 [INFO] IPUIPlugin:80 - create IPUIPlugin
2025-01-19 14:47:28,329 [INFO] PluginManager:220 - loadIPPluginJar : add openamp
2025-01-19 14:47:28,410 [INFO] IPUIPlugin:80 - create IPUIPlugin
2025-01-19 14:47:28,410 [INFO] PluginManager:220 - loadIPPluginJar : add pdm2pcm
2025-01-19 14:47:28,440 [INFO] IPUIPlugin:80 - create IPUIPlugin
2025-01-19 14:47:28,443 [INFO] PluginManager:220 - loadIPPluginJar : add plateformsettings
2025-01-19 14:47:28,490 [INFO] IPUIPlugin:80 - create IPUIPlugin
2025-01-19 14:47:28,490 [INFO] PluginManager:220 - loadIPPluginJar : add quadspi
2025-01-19 14:47:28,538 [INFO] IPUIPlugin:80 - create IPUIPlugin
2025-01-19 14:47:28,539 [INFO] PluginManager:220 - loadIPPluginJar : add radio
2025-01-19 14:47:28,562 [INFO] IPUIPlugin:80 - create IPUIPlugin
2025-01-19 14:47:28,562 [INFO] PluginManager:220 - loadIPPluginJar : add resmgrutility
2025-01-19 14:47:28,635 [INFO] IPUIPlugin:80 - create IPUIPlugin
2025-01-19 14:47:28,636 [INFO] PluginManager:220 - loadIPPluginJar : add sai
2025-01-19 14:47:28,691 [INFO] IPUIPlugin:80 - create IPUIPlugin
2025-01-19 14:47:28,692 [INFO] PluginManager:220 - loadIPPluginJar : add spi
2025-01-19 14:47:28,802 [INFO] IPUIPlugin:80 - create IPUIPlugin
2025-01-19 14:47:28,802 [INFO] PluginManager:220 - loadIPPluginJar : add stm32_wpan
2025-01-19 14:47:28,837 [INFO] IPUIPlugin:80 - create IPUIPlugin
2025-01-19 14:47:28,837 [INFO] PluginManager:220 - loadIPPluginJar : add tim
2025-01-19 14:47:28,927 [INFO] IPUIPlugin:80 - create IPUIPlugin
2025-01-19 14:47:28,928 [INFO] PluginManager:220 - loadIPPluginJar : add touchsensing
2025-01-19 14:47:28,962 [INFO] IPUIPlugin:80 - create IPUIPlugin
2025-01-19 14:47:28,962 [INFO] PluginManager:220 - loadIPPluginJar : add tracer_emb
2025-01-19 14:47:28,997 [INFO] IPUIPlugin:80 - create IPUIPlugin
2025-01-19 14:47:28,998 [INFO] PluginManager:220 - loadIPPluginJar : add ts
2025-01-19 14:47:29,031 [INFO] IPUIPlugin:80 - create IPUIPlugin
2025-01-19 14:47:29,032 [INFO] PluginManager:220 - loadIPPluginJar : add tsc
2025-01-19 14:47:29,064 [INFO] IPUIPlugin:80 - create IPUIPlugin
2025-01-19 14:47:29,065 [INFO] PluginManager:220 - loadIPPluginJar : add ucpd
2025-01-19 14:47:29,129 [INFO] IPUIPlugin:80 - create IPUIPlugin
2025-01-19 14:47:29,130 [INFO] PluginManager:220 - loadIPPluginJar : add usart
2025-01-19 14:47:29,192 [INFO] IPUIPlugin:80 - create IPUIPlugin
2025-01-19 14:47:29,192 [INFO] PluginManager:220 - loadIPPluginJar : add usbx
2025-01-19 14:47:29,348 [INFO] CADModel:165 - CPN selected for project level
2025-01-19 14:47:29,348 [INFO] CADModel:114 - Register for checkConnection events
2025-01-19 14:47:29,349 [FATAL] Updater:334 - Updater called before beeing initialized
2025-01-19 14:47:29,349 [ERROR] CADModel:125 - Updater not yet initialized, retry later 
2025-01-19 14:47:29,543 [INFO] CADModel:165 - CPN selected for project level
2025-01-19 14:47:29,543 [INFO] CADModel:114 - Register for checkConnection events
2025-01-19 14:47:29,543 [FATAL] Updater:334 - Updater called before beeing initialized
2025-01-19 14:47:29,543 [ERROR] CADModel:125 - Updater not yet initialized, retry later 
2025-01-19 14:47:29,547 [FATAL] Updater:334 - Updater called before beeing initialized
2025-01-19 14:47:29,684 [FATAL] Updater:334 - Updater called before beeing initialized
2025-01-19 14:47:29,699 [INFO] DbMcusAds:53 - JSON generation date=Fri Sep 20 06:04:38 PDT 2024 (1726837478367)
2025-01-19 14:47:29,701 [FATAL] Updater:334 - Updater called before beeing initialized
2025-01-19 14:47:29,757 [WARN] DetailPanel:346 - Failed to get advertising image, set to default
2025-01-19 14:47:29,968 [FATAL] Updater:334 - Updater called before beeing initialized
2025-01-19 14:47:29,976 [FATAL] Updater:334 - Updater called before beeing initialized
2025-01-19 14:47:29,976 [FATAL] Updater:334 - Updater called before beeing initialized
2025-01-19 14:47:29,976 [WARN] DetailPanel:346 - Failed to get advertising image, set to default
2025-01-19 14:47:29,980 [FATAL] Updater:334 - Updater called before beeing initialized
2025-01-19 14:47:30,102 [ERROR] Updater:1164 - MainUpdater not yet initialized. External WinMGr cannot be set.
2025-01-19 14:47:30,121 [INFO] Updater:1100 - Updater Version found : 6.12.1
2025-01-19 14:47:30,144 [INFO] ApplicationProperties:184 - Using Application install path: C:\ST\STM32CubeIDE_1.16.1\STM32CubeIDE\plugins\com.st.stm32cube.common.mx_6.12.1.202409122256
2025-01-19 14:47:30,867 [INFO] ThirdPartyUpdaterWithRetryManager:70 - Updater plugin not ready yet. [3/15]
2025-01-19 14:47:31,748 [ERROR] LogOutputStream:75 - [STDERR_REDIRECT] Jan 19, 2025 2:47:31 PM java.util.prefs.WindowsPreferences <init>
2025-01-19 14:47:31,752 [ERROR] LogOutputStream:75 - [STDERR_REDIRECT] WARNING: Could not open/create prefs root node Software\JavaSoft\Prefs at root 0xffffffff80000002. Windows RegCreateKeyEx(...) returned error code 5.
2025-01-19 14:47:31,752 [ERROR] LogOutputStream:75 - [STDERR_REDIRECT] 
2025-01-19 14:47:32,253 [INFO] MainUpdater:2873 - connection check result : 10
2025-01-19 14:47:32,254 [INFO] MainUpdater:290 - Updater Check For Update Now.
2025-01-19 14:47:32,254 [INFO] MicroXplorer:498 - Change Database Version : DB.6.0.121
2025-01-19 14:47:32,297 [INFO] McuFinderGlobals:63 - Set McuFinder mode to 2 (CubeIDE integrated)
2025-01-19 14:47:32,315 [INFO] UserAuth:417 - Internet connection configuration mode: 1
2025-01-19 14:47:32,371 [INFO] JxBrowserEngine:152 - Initiate JxBrowser Engine with user profile folder
2025-01-19 14:47:32,631 [INFO] CheckServerUpdateThread:120 - End of CheckServer Thread
2025-01-19 14:47:34,264 [WARN] PackLoader:240 - Cannot read IP mode file for STMicroelectronics.FP-SNS-MOTENVWB1.1.4.0
2025-01-19 14:47:34,294 [WARN] PackLoader:240 - Cannot read IP mode file for STMicroelectronics.FP-ATR-ASTRA1.2.0.1
2025-01-19 14:47:34,318 [WARN] PackLoader:240 - Cannot read IP mode file for STMicroelectronics.X-CUBE-SMBUS.2.1.0
2025-01-19 14:47:34,346 [WARN] PackLoader:240 - Cannot read IP mode file for STMicroelectronics.X-CUBE-WB05N.1.1.0
2025-01-19 14:47:34,402 [WARN] PackLoader:240 - Cannot read IP mode file for STMicroelectronics.X-CUBE-AZRTOS-F7.1.1.0
2025-01-19 14:47:34,534 [WARN] PackLoader:240 - Cannot read IP mode file for STMicroelectronics.X-CUBE-MEMS1.11.0.0
2025-01-19 14:47:34,738 [WARN] PackLoader:240 - Cannot read IP mode file for STMicroelectronics.FP-SNS-FLIGHT1.5.0.2
2025-01-19 14:47:34,766 [WARN] PackLoader:240 - Cannot read IP mode file for STMicroelectronics.X-CUBE-DISPLAY.3.0.0
2025-01-19 14:47:34,795 [WARN] PackLoader:240 - Cannot read IP mode file for STMicroelectronics.X-CUBE-BLE1.7.0.0
2025-01-19 14:47:34,823 [WARN] PackLoader:240 - Cannot read IP mode file for STMicroelectronics.X-CUBE-BLEMGR.4.0.0
2025-01-19 14:47:34,851 [WARN] PackLoader:240 - Cannot read IP mode file for emotas.I-CUBE-CANOPEN.1.3.0
2025-01-19 14:47:34,878 [WARN] PackLoader:240 - Cannot read IP mode file for STMicroelectronics.X-CUBE-BLEMGR.3.1.0
2025-01-19 14:47:34,900 [WARN] PackLoader:240 - Cannot read IP mode file for STMicroelectronics.FP-SNS-SMARTAG2.1.2.0
2025-01-19 14:47:35,142 [WARN] PackLoader:240 - Cannot read IP mode file for STMicroelectronics.X-CUBE-MEMS1.11.1.0
2025-01-19 14:47:35,393 [INFO] LogOutputStream:77 - [STDOUT_REDIRECT] 1 : Invalid condition id : UX_CORESTACK_Condition cause : null
2025-01-19 14:47:35,394 [INFO] LogOutputStream:77 - [STDOUT_REDIRECT] 1 : Invalid condition id : UX_CORESTACK_Condition cause : null
2025-01-19 14:47:35,397 [INFO] LogOutputStream:77 - [STDOUT_REDIRECT] 1 : Invalid condition id : UX_CORESTACK_Condition cause : null
2025-01-19 14:47:35,399 [INFO] LogOutputStream:77 - [STDOUT_REDIRECT] 1 : Invalid condition id : UX_CORESTACK_Condition cause : null
2025-01-19 14:47:35,402 [INFO] LogOutputStream:77 - [STDOUT_REDIRECT] 1 : Invalid condition id : UX_CORESTACK_Condition cause : null
2025-01-19 14:47:35,407 [WARN] PackLoader:240 - Cannot read IP mode file for STMicroelectronics.X-CUBE-AZRTOS-WL.2.0.0
2025-01-19 14:47:35,430 [WARN] PackLoader:240 - Cannot read IP mode file for STMicroelectronics.FP-SNS-MOTENV1.5.0.0
2025-01-19 14:47:35,456 [WARN] PackLoader:240 - Cannot read IP mode file for wolfSSL.I-CUBE-wolfMQTT.1.19.0
2025-01-19 14:47:35,484 [WARN] PackLoader:240 - Cannot read IP mode file for WES.I-CUBE-Cesium.1.3.0
2025-01-19 14:47:35,510 [WARN] PackLoader:240 - Cannot read IP mode file for STMicroelectronics.X-CUBE-BLE2.3.3.0
2025-01-19 14:47:35,535 [WARN] PackLoader:240 - Cannot read IP mode file for STMicroelectronics.X-CUBE-TCPP.4.1.0
2025-01-19 14:47:35,573 [WARN] PackLoader:240 - Cannot read IP mode file for STMicroelectronics.X-CUBE-AZRTOS-G0.1.1.0
2025-01-19 14:47:35,603 [WARN] PackLoader:240 - Cannot read IP mode file for STMicroelectronics.X-CUBE-SAFEA1.1.2.2
2025-01-19 14:47:35,632 [WARN] PackLoader:240 - Cannot read IP mode file for STMicroelectronics.X-CUBE-NFC4.3.0.0
2025-01-19 14:47:35,670 [WARN] PackLoader:240 - Cannot read IP mode file for EmbeddedOffice.I-CUBE-FS-RTOS.1.0.1
2025-01-19 14:47:35,671 [ERROR] ConditionMgr:805 - Attr not supported : Dmpu
2025-01-19 14:47:35,671 [ERROR] ConditionMgr:805 - Attr not supported : Dmpu
2025-01-19 14:47:35,671 [ERROR] ConditionMgr:805 - Attr not supported : Dmpu
2025-01-19 14:47:35,671 [ERROR] ConditionMgr:805 - Attr not supported : Dmpu
2025-01-19 14:47:35,672 [ERROR] ConditionMgr:805 - Attr not supported : Dmpu
2025-01-19 14:47:35,672 [ERROR] ConditionMgr:805 - Attr not supported : Dmpu
2025-01-19 14:47:35,672 [ERROR] ConditionMgr:805 - Attr not supported : Dmpu
2025-01-19 14:47:35,672 [ERROR] ConditionMgr:805 - Attr not supported : Dmpu
2025-01-19 14:47:35,672 [ERROR] ConditionMgr:805 - Attr not supported : Dmpu
2025-01-19 14:47:35,672 [ERROR] ConditionMgr:805 - Attr not supported : Dmpu
2025-01-19 14:47:35,672 [ERROR] ConditionMgr:805 - Attr not supported : Dmpu
2025-01-19 14:47:35,672 [ERROR] ConditionMgr:805 - Attr not supported : Dmpu
2025-01-19 14:47:35,672 [ERROR] ConditionMgr:805 - Attr not supported : Dmpu
2025-01-19 14:47:35,673 [ERROR] ConditionMgr:805 - Attr not supported : Dmpu
2025-01-19 14:47:35,673 [ERROR] ConditionMgr:805 - Attr not supported : Dmpu
2025-01-19 14:47:35,673 [ERROR] ConditionMgr:805 - Attr not supported : Dmpu
2025-01-19 14:47:35,673 [ERROR] ConditionMgr:805 - Attr not supported : Dmpu
2025-01-19 14:47:35,673 [ERROR] ConditionMgr:805 - Attr not supported : Dmpu
2025-01-19 14:47:35,673 [ERROR] ConditionMgr:805 - Attr not supported : Dmpu
2025-01-19 14:47:35,673 [ERROR] ConditionMgr:805 - Attr not supported : Dmpu
2025-01-19 14:47:35,673 [ERROR] ConditionMgr:805 - Attr not supported : Dmpu
2025-01-19 14:47:35,673 [ERROR] ConditionMgr:805 - Attr not supported : Dmpu
2025-01-19 14:47:35,674 [ERROR] ConditionMgr:805 - Attr not supported : Dmpu
2025-01-19 14:47:35,674 [ERROR] ConditionMgr:805 - Attr not supported : Dmpu
2025-01-19 14:47:35,674 [ERROR] ConditionMgr:805 - Attr not supported : Dmpu
2025-01-19 14:47:35,674 [ERROR] ConditionMgr:805 - Attr not supported : Dmpu
2025-01-19 14:47:35,674 [ERROR] ConditionMgr:805 - Attr not supported : Dmpu
2025-01-19 14:47:35,675 [ERROR] ConditionMgr:805 - Attr not supported : Dmpu
2025-01-19 14:47:35,675 [ERROR] ConditionMgr:805 - Attr not supported : Dmpu
2025-01-19 14:47:35,675 [ERROR] ConditionMgr:805 - Attr not supported : Dmpu
2025-01-19 14:47:35,675 [ERROR] ConditionMgr:805 - Attr not supported : Dmpu
2025-01-19 14:47:35,675 [ERROR] ConditionMgr:805 - Attr not supported : Dmpu
2025-01-19 14:47:35,675 [ERROR] ConditionMgr:805 - Attr not supported : Dmpu
2025-01-19 14:47:35,675 [ERROR] ConditionMgr:805 - Attr not supported : Dmpu
2025-01-19 14:47:35,675 [ERROR] ConditionMgr:805 - Attr not supported : Dmpu
2025-01-19 14:47:35,675 [ERROR] ConditionMgr:805 - Attr not supported : Dmpu
2025-01-19 14:47:35,676 [ERROR] ConditionMgr:805 - Attr not supported : Dmpu
2025-01-19 14:47:35,676 [ERROR] ConditionMgr:805 - Attr not supported : Dmpu
2025-01-19 14:47:35,676 [ERROR] ConditionMgr:805 - Attr not supported : Dmpu
2025-01-19 14:47:35,676 [ERROR] ConditionMgr:805 - Attr not supported : Dmpu
2025-01-19 14:47:35,676 [ERROR] ConditionMgr:805 - Attr not supported : Dmpu
2025-01-19 14:47:35,676 [ERROR] ConditionMgr:805 - Attr not supported : Dmpu
2025-01-19 14:47:35,677 [ERROR] ConditionMgr:805 - Attr not supported : Dmpu
2025-01-19 14:47:35,677 [ERROR] ConditionMgr:805 - Attr not supported : Dmpu
2025-01-19 14:47:35,677 [ERROR] ConditionMgr:805 - Attr not supported : Dmpu
2025-01-19 14:47:35,677 [ERROR] ConditionMgr:805 - Attr not supported : Dmpu
2025-01-19 14:47:35,677 [ERROR] ConditionMgr:805 - Attr not supported : Dmpu
2025-01-19 14:47:35,677 [ERROR] ConditionMgr:805 - Attr not supported : Dmpu
2025-01-19 14:47:35,677 [ERROR] ConditionMgr:805 - Attr not supported : Dmpu
2025-01-19 14:47:35,677 [ERROR] ConditionMgr:805 - Attr not supported : Dmpu
2025-01-19 14:47:35,677 [ERROR] ConditionMgr:805 - Attr not supported : Dmpu
2025-01-19 14:47:35,678 [ERROR] ConditionMgr:805 - Attr not supported : Dmpu
2025-01-19 14:47:35,678 [ERROR] ConditionMgr:805 - Attr not supported : Dmpu
2025-01-19 14:47:35,678 [ERROR] ConditionMgr:805 - Attr not supported : Dmpu
2025-01-19 14:47:35,678 [ERROR] ConditionMgr:805 - Attr not supported : Dmpu
2025-01-19 14:47:35,678 [ERROR] ConditionMgr:805 - Attr not supported : Dmpu
2025-01-19 14:47:35,678 [ERROR] ConditionMgr:805 - Attr not supported : Dmpu
2025-01-19 14:47:35,678 [ERROR] ConditionMgr:805 - Attr not supported : Dmpu
2025-01-19 14:47:35,678 [ERROR] ConditionMgr:805 - Attr not supported : Dmpu
2025-01-19 14:47:35,679 [ERROR] ConditionMgr:805 - Attr not supported : Dmpu
2025-01-19 14:47:35,679 [ERROR] ConditionMgr:805 - Attr not supported : Dmpu
2025-01-19 14:47:35,679 [ERROR] ConditionMgr:805 - Attr not supported : Dmpu
2025-01-19 14:47:35,679 [ERROR] ConditionMgr:805 - Attr not supported : Dmpu
2025-01-19 14:47:35,679 [ERROR] ConditionMgr:805 - Attr not supported : Dmpu
2025-01-19 14:47:35,704 [ERROR] Engine:466 - C:\Users\mridu\.stm32cubemx\thirdparties\pdsc\STMicroelectronics.X-CUBE-TCPP.4.2.0.pdsc: PDSC version is not supported
2025-01-19 14:47:35,733 [WARN] PackLoader:240 - Cannot read IP mode file for RealThread.X-CUBE-RT-Thread_Nano.4.1.1
2025-01-19 14:47:35,762 [WARN] PackLoader:240 - Cannot read IP mode file for STMicroelectronics.FP-ATR-SIGFOX1.3.2.0
2025-01-19 14:47:35,785 [WARN] ConditionMgr:438 - getConditionDescription Invalid condition id : Cortex-A Device cause : null
2025-01-19 14:47:35,875 [WARN] ConditionMgr:1039 - genDependencies : Invalid condition id : Cortex-A Device cause : null
2025-01-19 14:47:35,875 [WARN] ConditionMgr:1039 - genDependencies : Invalid condition id : Cortex-A Device cause : null
2025-01-19 14:47:35,876 [WARN] ConditionMgr:1039 - genDependencies : Invalid condition id : Cortex-A Device cause : null
2025-01-19 14:47:35,923 [WARN] PackLoader:240 - Cannot read IP mode file for STMicroelectronics.X-CUBE-EEPRMA1.5.1.0
2025-01-19 14:47:35,951 [WARN] PackLoader:240 - Cannot read IP mode file for wolfSSL.I-CUBE-wolfSSL.5.7.4
2025-01-19 14:47:35,980 [WARN] PackLoader:240 - Cannot read IP mode file for ITTIA_DB.I-CUBE-ITTIADB.8.9.0
2025-01-19 14:47:36,053 [WARN] PackLoader:240 - Cannot read IP mode file for SEGGER.I-CUBE-embOS.1.3.1
2025-01-19 14:47:36,170 [WARN] PackLoader:240 - Cannot read IP mode file for STMicroelectronics.X-CUBE-ALGOBUILD.1.4.0
2025-01-19 14:47:36,217 [WARN] PackLoader:240 - Cannot read IP mode file for STMicroelectronics.X-CUBE-AZRTOS-F4.1.1.0
2025-01-19 14:47:36,241 [WARN] PackLoader:240 - Cannot read IP mode file for STMicroelectronics.X-CUBE-FREERTOS.1.2.0
2025-01-19 14:47:36,303 [WARN] PackLoader:240 - Cannot read IP mode file for STMicroelectronics.X-CUBE-AZRTOS-L5.2.0.0
2025-01-19 14:47:36,343 [WARN] PackLoader:240 - Cannot read IP mode file for STMicroelectronics.X-CUBE-NFC6.3.1.0
2025-01-19 14:47:36,374 [WARN] PackLoader:240 - Cannot read IP mode file for STMicroelectronics.X-CUBE-FREERTOS.1.3.0
2025-01-19 14:47:36,403 [WARN] PackLoader:240 - Cannot read IP mode file for STMicroelectronics.X-CUBE-NFC7.1.0.1
2025-01-19 14:47:36,459 [WARN] ConditionMgr:438 - getConditionDescription Invalid condition id : LAN8742 Phy interface Condition cause : null
2025-01-19 14:47:36,461 [WARN] PackLoader:240 - Cannot read IP mode file for STMicroelectronics.X-CUBE-AZRTOS-L4.2.0.0
2025-01-19 14:47:36,463 [WARN] ConditionMgr:1039 - genDependencies : Invalid condition id : LAN8742 Phy interface Condition cause : null
2025-01-19 14:47:36,463 [WARN] ConditionMgr:1039 - genDependencies : Invalid condition id : LAN8742 Phy interface Condition cause : null
2025-01-19 14:47:36,464 [WARN] ConditionMgr:1039 - genDependencies : Invalid condition id : LAN8742 Phy interface Condition cause : null
2025-01-19 14:47:36,500 [WARN] PackLoader:240 - Cannot read IP mode file for STMicroelectronics.X-CUBE-SFXS2LP1.4.0.0
2025-01-19 14:47:36,577 [WARN] PackLoader:240 - Cannot read IP mode file for STMicroelectronics.X-CUBE-AZRTOS-H7.3.3.0
2025-01-19 14:47:36,628 [WARN] PackLoader:240 - Cannot read IP mode file for STMicroelectronics.X-CUBE-IPS.3.0.0
2025-01-19 14:47:36,754 [WARN] ConditionMgr:438 - getConditionDescription Invalid condition id : UX DEVICE CLASS RTOS Condition cause : null
2025-01-19 14:47:36,754 [WARN] ConditionMgr:438 - getConditionDescription Invalid condition id : UX DEVICE CLASS RTOS Condition cause : null
2025-01-19 14:47:36,759 [WARN] PackLoader:240 - Cannot read IP mode file for STMicroelectronics.X-CUBE-AZRTOS-WB.2.0.0
2025-01-19 14:47:36,760 [WARN] ConditionMgr:1039 - genDependencies : Invalid condition id : UX DEVICE CLASS RTOS Condition cause : null
2025-01-19 14:47:36,760 [WARN] ConditionMgr:1039 - genDependencies : Invalid condition id : UX DEVICE CLASS RTOS Condition cause : null
2025-01-19 14:47:36,760 [WARN] ConditionMgr:1039 - genDependencies : Invalid condition id : UX DEVICE CLASS RTOS Condition cause : null
2025-01-19 14:47:36,761 [WARN] ConditionMgr:1039 - genDependencies : Invalid condition id : UX DEVICE CLASS RTOS Condition cause : null
2025-01-19 14:47:36,761 [WARN] ConditionMgr:1039 - genDependencies : Invalid condition id : UX DEVICE CLASS RTOS Condition cause : null
2025-01-19 14:47:36,801 [WARN] PackLoader:240 - Cannot read IP mode file for STMicroelectronics.X-CUBE-GNSS1.7.0.0
2025-01-19 14:47:36,834 [WARN] PackLoader:240 - Cannot read IP mode file for STMicroelectronics.X-CUBE-GNSS1.7.0.1
2025-01-19 14:47:36,879 [WARN] PackLoader:240 - Cannot read IP mode file for STMicroelectronics.X-CUBE-SUBG2.5.0.0
2025-01-19 14:47:36,920 [WARN] PackLoader:240 - Cannot read IP mode file for Cesanta.I-CUBE-Mongoose.7.13.0
2025-01-19 14:47:36,975 [WARN] PackLoader:240 - Cannot read IP mode file for STMicroelectronics.X-CUBE-AZRTOS-G4.2.0.0
2025-01-19 14:47:37,013 [ERROR] Engine:466 - C:\Users\mridu\.stm32cubemx\thirdparties\pdsc\STMicroelectronics.X-CUBE-IPS.3.1.0.pdsc: PDSC version is not supported
2025-01-19 14:47:37,041 [WARN] PackLoader:240 - Cannot read IP mode file for STMicroelectronics.X-CUBE-ALS.1.0.2
2025-01-19 14:47:37,078 [WARN] PackLoader:240 - Cannot read IP mode file for STMicroelectronics.X-CUBE-TOUCHGFX.4.24.2
2025-01-19 14:47:37,103 [WARN] PackLoader:240 - Cannot read IP mode file for STMicroelectronics.X-CUBE-TOUCHGFX.4.24.1
2025-01-19 14:47:37,129 [WARN] PackLoader:240 - Cannot read IP mode file for wolfSSL.I-CUBE-wolfTPM.3.4.0
2025-01-19 14:47:37,156 [WARN] PackLoader:240 - Cannot read IP mode file for portGmbH.I-Cube-SoM-uGOAL.1.1.0
2025-01-19 14:47:37,232 [WARN] PackLoader:240 - Cannot read IP mode file for STMicroelectronics.X-CUBE-AZRTOS-H7RS.1.0.0
2025-01-19 14:47:37,270 [WARN] PackLoader:240 - Cannot read IP mode file for STMicroelectronics.FP-ATR-ASTRA1.2.0.0
2025-01-19 14:47:37,362 [WARN] PackLoader:240 - Cannot read IP mode file for Infineon.AIROC-Wi-Fi-Bluetooth-STM32.1.6.1
2025-01-19 14:47:37,392 [WARN] PackLoader:240 - Cannot read IP mode file for wolfSSL.I-CUBE-wolfSSH.1.4.17
2025-01-19 14:47:37,393 [INFO] ThirdParty:978 - Integrity check success = true
2025-01-19 14:47:37,394 [INFO] IntegrityCheckThread:100 - exiting critical section [integrity check]
2025-01-19 14:47:37,394 [INFO] IntegrityCheckThread:103 - End integrity checks thread
2025-01-19 14:47:44,241 [INFO] WebApp:167 - Instantiating new browser for Auth
2025-01-19 14:47:45,899 [INFO] WebApp:448 - Apply proxy settings
2025-01-19 14:47:45,899 [INFO] WebApp:533 - Chromium requires no authentication
2025-01-19 14:47:45,928 [INFO] WebApp:476 - Direct internet connection detected
2025-01-19 14:47:45,997 [INFO] WebApp:869 - Register for checkConnection events
2025-01-19 14:47:45,997 [INFO] WebApp:448 - Apply proxy settings
2025-01-19 14:47:45,997 [INFO] WebApp:533 - Chromium requires no authentication
2025-01-19 14:47:45,998 [INFO] WebApp:476 - Direct internet connection detected
2025-01-19 14:47:46,479 [INFO] WebApp:186 - Connection restablished
2025-01-19 14:47:46,536 [INFO] WebApp:220 - Starting web application
2025-01-19 14:47:46,536 [INFO] WebApp:578 - Web application path used C:\ST\STM32CubeIDE_1.16.1\STM32CubeIDE\plugins\com.st.stm32cube.common.mx_6.12.1.202409122256\db\plugins\mcufinder\reactClient1\index.html
2025-01-19 14:47:46,980 [INFO] UserAuth:417 - Internet connection configuration mode: 1
2025-01-19 15:51:09,790 [INFO] WebApp:189 - Connection lost
2025-01-19 15:51:09,964 [INFO] WebApp:186 - Connection restablished
2025-01-19 15:59:15,301 [INFO] McuFinderGlobals:63 - Set McuFinder mode to 2 (CubeIDE integrated)
2025-01-19 15:59:15,363 [INFO] MainUpdater:2873 - connection check result : 10
2025-01-19 15:59:15,378 [INFO] MainUpdater:2873 - connection check result : 10
2025-01-19 15:59:15,811 [INFO] RulesReader:64 - Compatibility file has been processed (297 Rules)
2025-01-19 15:59:15,829 [INFO] RulesReader:64 - Compatibility file has been processed (297 Rules)
2025-01-19 15:59:15,836 [INFO] MicroXplorer:468 - Change Database Path : 
2025-01-19 15:59:15,837 [INFO] MicroXplorer:498 - Change Database Version : DB.6.0.121
2025-01-19 15:59:15,853 [WARN] ThirdParty:871 - waiting for thirdparty lock release [close project]
2025-01-19 15:59:15,853 [INFO] ThirdParty:873 - entering critical section [close project]
2025-01-19 15:59:15,855 [INFO] ThirdParty:883 - exiting critical section [close project]
2025-01-19 15:59:15,860 [INFO] PinOutPanel:1561 - setPackage(No Configuration,No Configuration)
2025-01-19 15:59:15,871 [INFO] UtilMem:75 - Begin LoadConfig() Used Memory: 506020448 Bytes (832569344)
2025-01-19 15:59:15,875 [INFO] MicroXplorer:468 - Change Database Path : 
2025-01-19 15:59:15,876 [INFO] MicroXplorer:498 - Change Database Version : DB.6.0.121
2025-01-19 15:59:15,876 [INFO] OpenFileManager:332 - Change cursor
2025-01-19 15:59:15,990 [INFO] Mcu:2032 - Initializing MCU STM32F103R(8-B)Tx STM32F103RBTx STM32F103RBT6
2025-01-19 15:59:18,029 [INFO] Context:742 - Trying to add GPIOservice into a context  which must be forbidden
2025-01-19 15:59:18,684 [INFO] RtosManager:555 - Registered RTOS mode: class=CMSIS, group=RTOS, mode=CMSIS_V1, owner=FREERTOS
2025-01-19 15:59:18,684 [INFO] RtosManager:555 - Registered RTOS mode: class=CMSIS, group=RTOS2, mode=CMSIS_V2, owner=FREERTOS
2025-01-19 15:59:18,684 [INFO] RtosManager:555 - Registered RTOS mode: class=RTOS, group=Core, mode=CMSIS_V1, owner=FREERTOS
2025-01-19 15:59:18,685 [INFO] RtosManager:555 - Registered RTOS mode: class=RTOS, group=Core, mode=CMSIS_V2, owner=FREERTOS
2025-01-19 15:59:18,685 [WARN] ModelIntegratedComponent:184 - Missing modes for component STMicroelectronics:FreeRTOS:0.0.1:STMicroelectronics:RTOS:FreeRTOS:Core:::10.2.0:
2025-01-19 15:59:18,708 [WARN] ModelIntegratedComponent:63 - No mode defined for component null
2025-01-19 15:59:18,709 [WARN] ModelIntegratedComponent:63 - No mode defined for component null
2025-01-19 15:59:18,709 [WARN] ModelIntegratedComponent:63 - No mode defined for component null
2025-01-19 15:59:18,709 [WARN] ModelIntegratedComponent:63 - No mode defined for component null
2025-01-19 15:59:18,709 [WARN] ModelIntegratedComponent:63 - No mode defined for component null
2025-01-19 15:59:18,709 [WARN] ModelIntegratedComponent:63 - No mode defined for component null
2025-01-19 15:59:18,710 [WARN] ModelIntegratedComponent:63 - No mode defined for component null
2025-01-19 15:59:18,710 [WARN] ModelIntegratedComponent:63 - No mode defined for component null
2025-01-19 15:59:18,710 [WARN] ModelIntegratedComponent:63 - No mode defined for component null
2025-01-19 15:59:18,710 [WARN] ModelIntegratedComponent:63 - No mode defined for component null
2025-01-19 15:59:18,710 [WARN] ModelIntegratedComponent:63 - No mode defined for component null
2025-01-19 15:59:18,710 [WARN] ModelIntegratedComponent:63 - No mode defined for component null
2025-01-19 15:59:18,710 [WARN] ModelIntegratedComponent:63 - No mode defined for component null
2025-01-19 15:59:18,710 [WARN] ModelIntegratedComponent:63 - No mode defined for component null
2025-01-19 15:59:18,710 [WARN] ModelIntegratedComponent:63 - No mode defined for component null
2025-01-19 15:59:18,711 [WARN] ModelIntegratedComponent:63 - No mode defined for component null
2025-01-19 15:59:18,711 [WARN] ModelIntegratedComponent:63 - No mode defined for component null
2025-01-19 15:59:18,711 [WARN] ModelIntegratedComponent:63 - No mode defined for component null
2025-01-19 15:59:18,711 [WARN] ModelIntegratedComponent:63 - No mode defined for component null
2025-01-19 15:59:18,711 [WARN] ModelIntegratedComponent:63 - No mode defined for component null
2025-01-19 15:59:18,711 [WARN] ModelIntegratedComponent:63 - No mode defined for component null
2025-01-19 15:59:18,711 [WARN] ModelIntegratedComponent:63 - No mode defined for component null
2025-01-19 15:59:18,711 [WARN] ModelIntegratedComponent:63 - No mode defined for component null
2025-01-19 15:59:18,711 [WARN] ModelIntegratedComponent:63 - No mode defined for component null
2025-01-19 15:59:18,712 [WARN] ModelIntegratedComponent:63 - No mode defined for component null
2025-01-19 15:59:18,712 [WARN] ModelIntegratedComponent:63 - No mode defined for component null
2025-01-19 15:59:18,712 [WARN] ModelIntegratedComponent:63 - No mode defined for component null
2025-01-19 15:59:18,712 [WARN] ModelIntegratedComponent:63 - No mode defined for component null
2025-01-19 15:59:18,712 [WARN] ModelIntegratedComponent:63 - No mode defined for component null
2025-01-19 15:59:18,712 [WARN] ModelIntegratedComponent:63 - No mode defined for component null
2025-01-19 15:59:18,712 [WARN] ModelIntegratedComponent:63 - No mode defined for component null
2025-01-19 15:59:18,712 [WARN] ModelIntegratedComponent:63 - No mode defined for component null
2025-01-19 15:59:18,713 [WARN] ModelIntegratedComponent:63 - No mode defined for component null
2025-01-19 15:59:18,714 [WARN] ModelIntegratedComponent:63 - No mode defined for component null
2025-01-19 15:59:18,714 [WARN] ModelIntegratedComponent:63 - No mode defined for component null
2025-01-19 15:59:18,715 [WARN] ModelPack:524 - Component already loaded: STMicroelectronics:HAL Drivers:0.0.0:STMicroelectronics:Device:STMicro_Driver:XSPI:HAL::0.0.1:HAL_XSPI
2025-01-19 15:59:18,849 [INFO] ThirdPartyModel:298 - Start build external matchings
2025-01-19 15:59:19,301 [INFO] ThirdPartyModel:316 - End build external matchings
2025-01-19 15:59:19,334 [INFO] ImportTextPane:205 - (OptionalMessage_ERROR) IP (DMA) : Parameter (Instance) has Id (I2C1_RX) currently not set
2025-01-19 15:59:19,334 [INFO] ImportTextPane:205 - (OptionalMessage_ERROR) IP (DMA) : Parameter (Direction) has Id (I2C1_RX) currently not set
2025-01-19 15:59:19,334 [INFO] ImportTextPane:205 - (OptionalMessage_ERROR) IP (DMA) : Parameter (PeriphInc) has Id (I2C1_RX) currently not set
2025-01-19 15:59:19,335 [INFO] ImportTextPane:205 - (OptionalMessage_ERROR) IP (DMA) : Parameter (MemInc) has Id (I2C1_RX) currently not set
2025-01-19 15:59:19,335 [INFO] ImportTextPane:205 - (OptionalMessage_ERROR) IP (DMA) : Parameter (PeriphDataAlignment) has Id (I2C1_RX) currently not set
2025-01-19 15:59:19,335 [INFO] ImportTextPane:205 - (OptionalMessage_ERROR) IP (DMA) : Parameter (MemDataAlignment) has Id (I2C1_RX) currently not set
2025-01-19 15:59:19,336 [INFO] ImportTextPane:205 - (OptionalMessage_ERROR) IP (DMA) : Parameter (Mode) has Id (I2C1_RX) currently not set
2025-01-19 15:59:19,336 [INFO] ImportTextPane:205 - (OptionalMessage_ERROR) IP (DMA) : Parameter (Priority) has Id (I2C1_RX) currently not set
2025-01-19 15:59:19,337 [INFO] ImportTextPane:205 - (OptionalMessage_ERROR) IP (RCC) : Parameter (ADCFreqValue) has invalid value (32000000)
2025-01-19 15:59:19,338 [INFO] ImportTextPane:205 - (OptionalMessage_ERROR) IP (RCC) : Invalid parameter (FamilyName)
2025-01-19 15:59:19,338 [INFO] ImportTextPane:205 - (OptionalMessage_ERROR) IP (RCC) : Parameter (MCOFreq_Value) has invalid value (64000000)
2025-01-19 15:59:19,338 [INFO] ImportTextPane:205 - (OptionalMessage_ERROR) IP (RCC) : Parameter (USBFreq_Value) has invalid value (64000000)
2025-01-19 15:59:19,957 [INFO] ApiDb:581 - Connected to CubeFinder SQLite database (C:\Users\mridu\.stmcufinder\plugins\mcufinder\mcu\cube-finder-db.db)
2025-01-19 15:59:20,139 [INFO] ApiDb:668 - CubeFinder database Data Model version=2.1
2025-01-19 15:59:20,139 [INFO] ApiDb:669 - CubeFinder database Configuration version=3.0.39
2025-01-19 15:59:20,141 [INFO] ApiDb:670 - CubeFinder database generation date=2024-10-15 (1729006872)
2025-01-19 15:59:20,141 [INFO] ApiDb:671 - CubeFinder database FW Pack versions=[FP-ATR-ASTRA1_V2.0.0, FP-SNS-FLIGHT1_V5.0.2, FP-SNS-MOTENV1_V5.0.0, FP-SNS-MOTENVWB1_V1.4.0, FP-SNS-SMARTAG2_V1.2.0, FP-SNS-STBOX1_V2.0.0, STM32Cube_FW_C0_V1.2.0, STM32Cube_FW_F4_V1.28.1, STM32Cube_FW_F7_V1.17.2, STM32Cube_FW_G0_V1.6.2, STM32Cube_FW_G4_V1.6.0, STM32Cube_FW_H5_V1.3.0, STM32Cube_FW_H7RS_V1.1.0, STM32Cube_FW_H7_V1.11.2, STM32Cube_FW_L0_V1.12.2, STM32Cube_FW_L5_V1.5.1, STM32Cube_FW_U0_V1.1.0, STM32Cube_FW_U5_V1.6.0, STM32Cube_FW_WB0_V1.0.0, STM32Cube_FW_WBA_V1.4.1, STM32Cube_FW_WB_V1.20.0, STM32Cube_FW_WL_V1.3.0, X-CUBE-ALGOBUILD_V1.4.0, X-CUBE-ALS_V1.0.2, X-CUBE-AZRTOS-F4_V1.1.0, X-CUBE-AZRTOS-F7_V1.1.0, X-CUBE-AZRTOS-G0_V1.1.0, X-CUBE-AZRTOS-G4_V2.0.0, X-CUBE-AZRTOS-H7RS_V1.0.0, X-CUBE-AZRTOS-H7_V3.3.0, X-CUBE-AZRTOS-L4_V2.0.0, X-CUBE-AZRTOS-L5_V2.0.0, X-CUBE-AZRTOS-WB_V2.0.0, X-CUBE-AZRTOS-WL_V2.0.0, X-CUBE-BLE1_V7.0.0, X-CUBE-BLE2_V3.3.0, X-CUBE-BLEMGR_V3.1.0, X-CUBE-EEPRMA1_V5.1.0, X-CUBE-FREERTOS_V1.2.0, X-CUBE-GNSS1_V6.0.0, X-CUBE-MEMS1_V11.0.0, X-CUBE-NFC4_V3.0.0, X-CUBE-NFC7_V1.0.1, X-CUBE-SFXS2LP1_V4.0.0, X-CUBE-SUBG2_V5.0.0, X-CUBE-TOF1_V3.4.2]
2025-01-19 15:59:20,406 [INFO] DbBoardsSqlite:226 - include board P-NUCLEO-WB55-NUCLEO as a kit item of type 'Nucleo-64'
2025-01-19 15:59:20,406 [INFO] DbBoardsSqlite:226 - include board P-NUCLEO-WB55-USBDONGLE as a kit item of type 'Nucleo USB Dongle'
2025-01-19 15:59:20,408 [INFO] DbBoardsSqlite:226 - include board STEVAL-IDP005V1 as a kit item of type 'Evaluation Board'
2025-01-19 15:59:20,408 [INFO] DbBoardsSqlite:226 - include board STEVAL-IDP005V2 as a kit item of type 'Evaluation Board'
2025-01-19 15:59:21,178 [INFO] ApiDb:240 - Found 646 in-development CPN: [B-G473E-ZEST1S, B-WB1M-WPAN1, B-WL5M-SUBG1, NUCLEO-C031C6, NUCLEO-C071RB, NUCLEO-H503RB, NUCLEO-H533RE, NUCLEO-H563ZI, NUCLEO-H7S3L8, NUCLEO-U031R8, NUCLEO-U083RC, NUCLEO-U545RE-Q, NUCLEO-U5A5ZJ-Q, NUCLEO-WB05KZ, NUCLEO-WB07CC, NUCLEO-WB09KE, NUCLEO-WBA52CG, NUCLEO-WBA55CG, STEVAL-PROTEUS1, STEVAL-SMARTAG2, STEVAL-STWINBX1, STM320518-EVAL, STM32C0116-DK, STM32C011D6Y3TR, STM32C011D6Y6TR, STM32C011F4P3, STM32C011F4P6, STM32C011F4U3, STM32C011F4U6TR, STM32C011F6P3, STM32C011F6P6, STM32C011F6U3, STM32C011F6U6TR, STM32C011J4M3, STM32C011J4M6, STM32C011J6M3, STM32C011J6M6, STM32C0316-DK, STM32C031C4T3, STM32C031C4T6, STM32C031C4U3, STM32C031C4U6, STM32C031C6T3, STM32C031C6T6, STM32C031C6U3, STM32C031C6U6, STM32C031F4P3, STM32C031F4P6, STM32C031F6P3, STM32C031F6P6, STM32C031G4U3, STM32C031G4U6, STM32C031G6U3, STM32C031G6U6, STM32C031K4T3, STM32C031K4T6, STM32C031K4U3, STM32C031K4U6, STM32C031K6T3, STM32C031K6T6, STM32C031K6U3, STM32C031K6U6, STM32C071C8T6, STM32C071C8T6N, STM32C071C8U6, STM32C071C8U6N, STM32C071CBT6, STM32C071CBT6N, STM32C071CBU6, STM32C071CBU6N, STM32C071F8P6, STM32C071F8P6N, STM32C071FBP6, STM32C071FBP6N, STM32C071FBY6TR, STM32C071G8U6, STM32C071G8U6N, STM32C071GBU6, STM32C071GBU6N, STM32C071K8T6, STM32C071K8T6N, STM32C071K8U6, STM32C071K8U6N, STM32C071KBT6, STM32C071KBT6N, STM32C071KBU6, STM32C071KBU6N, STM32C071R8T6, STM32C071R8T6N, STM32C071RBI6N, STM32C071RBT6, STM32C071RBT6N, STM32G071K8TXN, STM32G071K8UXN, STM32G081GBU6N, STM32G081KBT6N, STM32G081KBUXN, STM32G0B1CCT6N, STM32G0B1KCT6, STM32G0B1NEY6TR, STM32G0B1RCT6N, STM32G0C1CCT6, STM32G0C1CCT6N, STM32G0C1CCU6N, STM32G0C1CET6N, STM32G0C1CEU6N, STM32G0C1KCT6, STM32G0C1NEY6TR, STM32G0C1RCI6N, STM32G0C1RCT6N, STM32G0C1REI6N, STM32G0C1RET6N, STM32G0C1VCI6, STM32G0C1VEI6, STM32G411C6T3, STM32G411C6T6, STM32G411C6U3, STM32G411C6U6, STM32G411C8T3, STM32G411C8T6, STM32G411C8U3, STM32G411C8U6, STM32G411CBT3, STM32G411CBT6, STM32G411CBU3, STM32G411CBU6, STM32G411K6T3, STM32G411K6T6, STM32G411K6U3, STM32G411K6U6, STM32G411K8T3, STM32G411K8T6, STM32G411K8U3, STM32G411K8U6, STM32G411KBT3, STM32G411KBT6, STM32G411KBU3, STM32G411KBU6, STM32G411M6T3, STM32G411M6T6, STM32G411M8T3, STM32G411M8T6, STM32G411MBT3, STM32G411MBT6, STM32G411R6T3, STM32G411R6T6, STM32G411R8T3, STM32G411R8T6, STM32G411RBT3, STM32G411RBT6, STM32G414CBT3, STM32G414CBT6, STM32G414CBU3, STM32G414CBU6, STM32G414CCT3, STM32G414CCT6, STM32G414CCU3, STM32G414CCU6, STM32G414MBT3, STM32G414MBT6, STM32G414MCT3, STM32G414MCT6, STM32G414RBT3, STM32G414RBT6, STM32G414RCT3, STM32G414RCT6, STM32G414VBT3, STM32G414VBT6, STM32G414VCT3, STM32G414VCT6, STM32G431CBT3Z, STM32G431RBT3Z, STM32G471CCT6, STM32G471CCU6, STM32G471CET3, STM32G471CET6, STM32G471CEU3, STM32G471CEU6, STM32G471MCT6, STM32G471MET3, STM32G471MET6, STM32G471MEY6TR, STM32G471QCT6, STM32G471QET3, STM32G471RCT6, STM32G471RET3, STM32G471RET6, STM32G471VCH6, STM32G471VCI6, STM32G471VCT6, STM32G471VEH3, STM32G471VEH6, STM32G471VEI3, STM32G471VEI6, STM32G471VET3, STM32G471VET6, STM32G473QET3Z, STM32G473RET3Z, STM32G474CCT6, STM32G491RET3Z, STM32H503CBT6, STM32H503CBU6, STM32H503EBY6TR, STM32H503KBU6, STM32H503RBT6, STM32H523CCT6, STM32H523CCU6, STM32H523CET6, STM32H523CEU6, STM32H523HEY6TR, STM32H523RCT6, STM32H523RET6, STM32H523VCI6, STM32H523VCT6, STM32H523VEI6, STM32H523VET6, STM32H523ZCJ6, STM32H523ZCT6, STM32H523ZEJ6, STM32H523ZET6, STM32H533CET6, STM32H533CEU6, STM32H533HEY6TR, STM32H533RET6, STM32H533VEI6, STM32H533VET6, STM32H533ZEJ6, STM32H533ZET6, STM32H562AGI6, STM32H562AII6, STM32H562IGK6, STM32H562IGT6, STM32H562IIK6, STM32H562IIT6, STM32H562RGT6, STM32H562RGV6, STM32H562RIT6, STM32H562RIV6, STM32H562VGT6, STM32H562VIT6, STM32H562ZGT6, STM32H562ZIT6, STM32H563AGI6, STM32H563AII3Q, STM32H563AII6, STM32H563IGK6, STM32H563IGT6, STM32H563IIK3Q, STM32H563IIK6, STM32H563IIT3Q, STM32H563IIT6, STM32H563MIY3QTR, STM32H563RGT6, STM32H563RGV6, STM32H563RIT6, STM32H563RIV6, STM32H563VGT6, STM32H563VIT3Q, STM32H563VIT6, STM32H563ZGT6, STM32H563ZIT3Q, STM32H563ZIT6, STM32H573AII3Q, STM32H573AII6, STM32H573I-DK, STM32H573IIK3Q, STM32H573IIK6, STM32H573IIT3Q, STM32H573IIT6, STM32H573MIY3QTR, STM32H573RIT6, STM32H573RIV6, STM32H573VIT3Q, STM32H573VIT6, STM32H573ZIT3Q, STM32H573ZIT6, STM32H7R3A8I6, STM32H7R3I8K6, STM32H7R3I8T6, STM32H7R3L8H6, STM32H7R3L8H6H, STM32H7R3R8V6, STM32H7R3V8H6, STM32H7R3V8T6, STM32H7R3V8Y6TR, STM32H7R3Z8J6, STM32H7R3Z8T6, STM32H7R7A8I6, STM32H7R7I8K6, STM32H7R7I8T6, STM32H7R7L8H6, STM32H7R7L8H6H, STM32H7R7Z8J6, STM32H7S3A8I6, STM32H7S3I8K6, STM32H7S3I8T6, STM32H7S3L8H6, STM32H7S3L8H6H, STM32H7S3R8V6, STM32H7S3V8H6, STM32H7S3V8T6, STM32H7S3V8Y6TR, STM32H7S3Z8J6, STM32H7S3Z8T6, STM32H7S78-DK, STM32H7S7A8I6, STM32H7S7I8K6, STM32H7S7I8T6, STM32H7S7L8H6, STM32H7S7L8H6H, STM32H7S7Z8J6, STM32L4R5QGI6STR, STM32MP131AAE3, STM32MP131AAF3, STM32MP131AAG3, STM32MP131CAE3, STM32MP131CAF3, STM32MP131CAG3, STM32MP131DAE7, STM32MP131DAF7, STM32MP131DAG7, STM32MP131FAE7, STM32MP131FAF7, STM32MP131FAG7, STM32MP133AAE3, STM32MP133AAF3, STM32MP133AAG3, STM32MP133CAE3, STM32MP133CAF3, STM32MP133CAG3, STM32MP133DAE7, STM32MP133DAF7, STM32MP133DAG7, STM32MP133FAE7, STM32MP133FAF7, STM32MP133FAG7, STM32MP135AAE3, STM32MP135AAF3, STM32MP135AAG3, STM32MP135CAE3, STM32MP135CAF3, STM32MP135CAG3, STM32MP135DAE7, STM32MP135DAF7, STM32MP135DAG7, STM32MP135F-DK, STM32MP135FAE7, STM32MP135FAF7, STM32MP135FAF7T, STM32MP135FAF7U, STM32MP135FAG7, STM32MP251AAI3, STM32MP251AAK3, STM32MP251AAL3, STM32MP251CAI3, STM32MP251CAK3, STM32MP251CAL3, STM32MP251DAI3, STM32MP251DAK3, STM32MP251DAL3, STM32MP251FAI3, STM32MP251FAK3, STM32MP251FAL3, STM32MP253AAI3, STM32MP253AAK3, STM32MP253AAL3, STM32MP253CAI3, STM32MP253CAK3, STM32MP253CAL3, STM32MP253DAI3, STM32MP253DAK3, STM32MP253DAL3, STM32MP253FAI3, STM32MP253FAK3, STM32MP253FAL3, STM32MP255AAI3, STM32MP255AAK3, STM32MP255AAL3, STM32MP255CAI3, STM32MP255CAK3, STM32MP255CAL3, STM32MP255DAI3, STM32MP255DAK3, STM32MP255DAL3, STM32MP255FAI3, STM32MP255FAK3, STM32MP255FAL3, STM32MP257AAI3, STM32MP257AAK3, STM32MP257AAL3, STM32MP257CAI3, STM32MP257CAK3, STM32MP257CAL3, STM32MP257DAI3, STM32MP257DAK3, STM32MP257DAL3, STM32MP257F-DK, STM32MP257F-EV1, STM32MP257FAI3, STM32MP257FAK3, STM32MP257FAL3, STM32U031C6T6, STM32U031C6U6, STM32U031C8T6, STM32U031C8U6, STM32U031F4P6, STM32U031F6P6, STM32U031F8P6, STM32U031G6Y6TR, STM32U031G8Y6TR, STM32U031K4U6, STM32U031K6U6, STM32U031K8U6, STM32U031R6I6, STM32U031R6T6, STM32U031R8I6, STM32U031R8T6, STM32U073C8T6, STM32U073C8U6, STM32U073CBT6, STM32U073CBU6, STM32U073CCT6, STM32U073CCU6, STM32U073H8Y6TR, STM32U073HBY6TR, STM32U073HCY6TR, STM32U073K8U6, STM32U073KBU6, STM32U073KCU6, STM32U073M8I6, STM32U073M8T6, STM32U073MBI6, STM32U073MBT6, STM32U073MCI6, STM32U073MCT6, STM32U073R8I6, STM32U073R8T6, STM32U073RBI6, STM32U073RBT6, STM32U073RCI6, STM32U073RCT6, STM32U083C-DK, STM32U083CCT6, STM32U083CCU6, STM32U083HCY6TR, STM32U083KCU6, STM32U083MCI6, STM32U083MCT6, STM32U083RCI6, STM32U083RCT6, STM32U535CBT6, STM32U535CBT6Q, STM32U535CBU6, STM32U535CBU6Q, STM32U535CCT6, STM32U535CCT6Q, STM32U535CCU6, STM32U535CCU6Q, STM32U535CET6, STM32U535CET6Q, STM32U535CEU6, STM32U535CEU6Q, STM32U535JEY6QTR, STM32U535NCY6QTR, STM32U535NEY6QTR, STM32U535RBI6, STM32U535RBI6Q, STM32U535RBT6, STM32U535RBT6Q, STM32U535RCI6, STM32U535RCI6Q, STM32U535RCT6, STM32U535RCT6Q, STM32U535REI6, STM32U535REI6Q, STM32U535RET6, STM32U535RET6Q, STM32U535VCI6, STM32U535VCI6Q, STM32U535VCT6, STM32U535VCT6Q, STM32U535VEI6, STM32U535VEI6Q, STM32U535VET6, STM32U535VET6Q, STM32U545CET6, STM32U545CET6Q, STM32U545CEU6, STM32U545CEU6Q, STM32U545JEY6QTR, STM32U545NEY6QTR, STM32U545REI6, STM32U545REI6Q, STM32U545RET6, STM32U545RET6Q, STM32U545VEI6, STM32U545VEI6Q, STM32U545VET6, STM32U545VET6Q, STM32U595AIH6, STM32U595AIH6Q, STM32U595AJH6, STM32U595AJH6Q, STM32U595QII6, STM32U595QII6Q, STM32U595QJI6, STM32U595QJI6Q, STM32U595RIT6, STM32U595RIT6Q, STM32U595RJT6, STM32U595RJT6Q, STM32U595VIT6, STM32U595VIT6Q, STM32U595VJT6, STM32U595VJT6Q, STM32U595ZIT6, STM32U595ZIT6Q, STM32U595ZIY6QTR, STM32U595ZJT6, STM32U595ZJT6Q, STM32U595ZJY6QTR, STM32U599BJY6QTR, STM32U599NIH6Q, STM32U599NJH6Q, STM32U599VIT6Q, STM32U599VJT6, STM32U599VJT6Q, STM32U599ZIT6Q, STM32U599ZIY6QTR, STM32U599ZJT6Q, STM32U599ZJY6QTR, STM32U5A5AJH6, STM32U5A5AJH6Q, STM32U5A5QII3Q , STM32U5A5QJI6, STM32U5A5QJI6Q, STM32U5A5RJT6, STM32U5A5RJT6Q, STM32U5A5VJT6, STM32U5A5VJT6Q, STM32U5A5ZJT6, STM32U5A5ZJT6Q, STM32U5A5ZJY6QTR, STM32U5A9BJY6QTR, STM32U5A9J-DK, STM32U5A9NJH6Q, STM32U5A9VJT6Q, STM32U5A9ZJT6Q, STM32U5A9ZJY6QTR, STM32U5F7VIT6, STM32U5F7VIT6Q, STM32U5F7VJT6, STM32U5F7VJT6Q, STM32U5F9BJY6QTR, STM32U5F9NJH6Q, STM32U5F9VIT6Q, STM32U5F9VJT6Q, STM32U5F9ZIJ6QTR, STM32U5F9ZIT6Q, STM32U5F9ZJJ6QTR, STM32U5F9ZJT6Q, STM32U5G7VJT6, STM32U5G7VJT6Q, STM32U5G9BJY6QTR, STM32U5G9J-DK1, STM32U5G9J-DK2, STM32U5G9NJH6Q, STM32U5G9VJT6Q, STM32U5G9ZJJ6QTR, STM32U5G9ZJT6Q, STM32WB05KZV6TR, STM32WB05KZV7TR, STM32WB05TZF6TR, STM32WB05TZF7TR, STM32WB06CCF6TR, STM32WB06CCF7TR, STM32WB06CCV6TR, STM32WB06CCV7TR, STM32WB06KCV6TR, STM32WB06KCV7TR, STM32WB07CCF6TR, STM32WB07CCF7TR, STM32WB07CCV6TR, STM32WB07CCV7TR, STM32WB07KCV6TR, STM32WB07KCV7TR, STM32WB09KEV6TR, STM32WB09KEV7TR, STM32WB09TEF6TR, STM32WB09TEF7TR, STM32WB1MMCH6, STM32WBA50KGU6, STM32WBA50KGU6TR, STM32WBA52CEU6, STM32WBA52CEU6TR, STM32WBA52CEU7, STM32WBA52CEU7TR, STM32WBA52CGU6, STM32WBA52CGU6TR, STM32WBA52CGU6U, STM32WBA52CGU7, STM32WBA52CGU7TR, STM32WBA52KEU6, STM32WBA52KEU6TR, STM32WBA52KGU6, STM32WBA52KGU6TR, STM32WBA54CEU6, STM32WBA54CEU6TR, STM32WBA54CEU7, STM32WBA54CEU7TR, STM32WBA54CGU6, STM32WBA54CGU6TR, STM32WBA54CGU7, STM32WBA54CGU7TR, STM32WBA54KEU6, STM32WBA54KEU6TR, STM32WBA54KEU7, STM32WBA54KEU7TR, STM32WBA54KGU6, STM32WBA54KGU6TR, STM32WBA54KGU7, STM32WBA54KGU7TR, STM32WBA55CEU6, STM32WBA55CEU6TR, STM32WBA55CEU7, STM32WBA55CEU7TR, STM32WBA55CGU6, STM32WBA55CGU6TR, STM32WBA55CGU6U, STM32WBA55CGU7, STM32WBA55CGU7TR, STM32WBA55G-DK1, STM32WBA55HEF6, STM32WBA55HEF7, STM32WBA55HGF6, STM32WBA55HGF7, STM32WBA55UEI6, STM32WBA55UEI6TR, STM32WBA55UEI7, STM32WBA55UEI7TR, STM32WBA55UGI6, STM32WBA55UGI6TR, STM32WBA55UGI7, STM32WBA55UGI7TR, STM32WL5MOCH6, STM32WL5MOCH6TR]
2025-01-19 15:59:21,448 [INFO] BoardInfo:889 - No configuration file found for board P-NUCLEO-WB55
2025-01-19 15:59:21,449 [INFO] DbBoards:161 - Kit is not supported: P-NUCLEO-WB55
2025-01-19 15:59:21,457 [INFO] BoardInfo:889 - No configuration file found for board STEVAL-BFA001V1B
2025-01-19 15:59:21,458 [INFO] DbBoards:161 - Kit is not supported: STEVAL-BFA001V1B
2025-01-19 15:59:21,459 [INFO] BoardInfo:889 - No configuration file found for board STEVAL-BFA001V2B
2025-01-19 15:59:21,460 [INFO] DbBoards:161 - Kit is not supported: STEVAL-BFA001V2B
2025-01-19 15:59:21,839 [INFO] DbBoards:168 - Found 201 boards, 198 are supported
2025-01-19 15:59:21,839 [INFO] DbBoards:169 - Found 201 boards, 25 of them is supported for  Bsp
2025-01-19 15:59:21,843 [INFO] ApiDb:668 - CubeFinder database Data Model version=2.1
2025-01-19 15:59:21,844 [INFO] ApiDb:669 - CubeFinder database Configuration version=3.0.39
2025-01-19 15:59:21,844 [INFO] ApiDb:670 - CubeFinder database generation date=2024-10-15 (1729006872)
2025-01-19 15:59:21,844 [INFO] ApiDb:671 - CubeFinder database FW Pack versions=[FP-ATR-ASTRA1_V2.0.0, FP-SNS-FLIGHT1_V5.0.2, FP-SNS-MOTENV1_V5.0.0, FP-SNS-MOTENVWB1_V1.4.0, FP-SNS-SMARTAG2_V1.2.0, FP-SNS-STBOX1_V2.0.0, STM32Cube_FW_C0_V1.2.0, STM32Cube_FW_F4_V1.28.1, STM32Cube_FW_F7_V1.17.2, STM32Cube_FW_G0_V1.6.2, STM32Cube_FW_G4_V1.6.0, STM32Cube_FW_H5_V1.3.0, STM32Cube_FW_H7RS_V1.1.0, STM32Cube_FW_H7_V1.11.2, STM32Cube_FW_L0_V1.12.2, STM32Cube_FW_L5_V1.5.1, STM32Cube_FW_U0_V1.1.0, STM32Cube_FW_U5_V1.6.0, STM32Cube_FW_WB0_V1.0.0, STM32Cube_FW_WBA_V1.4.1, STM32Cube_FW_WB_V1.20.0, STM32Cube_FW_WL_V1.3.0, X-CUBE-ALGOBUILD_V1.4.0, X-CUBE-ALS_V1.0.2, X-CUBE-AZRTOS-F4_V1.1.0, X-CUBE-AZRTOS-F7_V1.1.0, X-CUBE-AZRTOS-G0_V1.1.0, X-CUBE-AZRTOS-G4_V2.0.0, X-CUBE-AZRTOS-H7RS_V1.0.0, X-CUBE-AZRTOS-H7_V3.3.0, X-CUBE-AZRTOS-L4_V2.0.0, X-CUBE-AZRTOS-L5_V2.0.0, X-CUBE-AZRTOS-WB_V2.0.0, X-CUBE-AZRTOS-WL_V2.0.0, X-CUBE-BLE1_V7.0.0, X-CUBE-BLE2_V3.3.0, X-CUBE-BLEMGR_V3.1.0, X-CUBE-EEPRMA1_V5.1.0, X-CUBE-FREERTOS_V1.2.0, X-CUBE-GNSS1_V6.0.0, X-CUBE-MEMS1_V11.0.0, X-CUBE-NFC4_V3.0.0, X-CUBE-NFC7_V1.0.1, X-CUBE-SFXS2LP1_V4.0.0, X-CUBE-SUBG2_V5.0.0, X-CUBE-TOF1_V3.4.2]
2025-01-19 15:59:24,566 [INFO] ApiDb:240 - Found 646 in-development CPN: [B-G473E-ZEST1S, B-WB1M-WPAN1, B-WL5M-SUBG1, NUCLEO-C031C6, NUCLEO-C071RB, NUCLEO-H503RB, NUCLEO-H533RE, NUCLEO-H563ZI, NUCLEO-H7S3L8, NUCLEO-U031R8, NUCLEO-U083RC, NUCLEO-U545RE-Q, NUCLEO-U5A5ZJ-Q, NUCLEO-WB05KZ, NUCLEO-WB07CC, NUCLEO-WB09KE, NUCLEO-WBA52CG, NUCLEO-WBA55CG, STEVAL-PROTEUS1, STEVAL-SMARTAG2, STEVAL-STWINBX1, STM320518-EVAL, STM32C0116-DK, STM32C011D6Y3TR, STM32C011D6Y6TR, STM32C011F4P3, STM32C011F4P6, STM32C011F4U3, STM32C011F4U6TR, STM32C011F6P3, STM32C011F6P6, STM32C011F6U3, STM32C011F6U6TR, STM32C011J4M3, STM32C011J4M6, STM32C011J6M3, STM32C011J6M6, STM32C0316-DK, STM32C031C4T3, STM32C031C4T6, STM32C031C4U3, STM32C031C4U6, STM32C031C6T3, STM32C031C6T6, STM32C031C6U3, STM32C031C6U6, STM32C031F4P3, STM32C031F4P6, STM32C031F6P3, STM32C031F6P6, STM32C031G4U3, STM32C031G4U6, STM32C031G6U3, STM32C031G6U6, STM32C031K4T3, STM32C031K4T6, STM32C031K4U3, STM32C031K4U6, STM32C031K6T3, STM32C031K6T6, STM32C031K6U3, STM32C031K6U6, STM32C071C8T6, STM32C071C8T6N, STM32C071C8U6, STM32C071C8U6N, STM32C071CBT6, STM32C071CBT6N, STM32C071CBU6, STM32C071CBU6N, STM32C071F8P6, STM32C071F8P6N, STM32C071FBP6, STM32C071FBP6N, STM32C071FBY6TR, STM32C071G8U6, STM32C071G8U6N, STM32C071GBU6, STM32C071GBU6N, STM32C071K8T6, STM32C071K8T6N, STM32C071K8U6, STM32C071K8U6N, STM32C071KBT6, STM32C071KBT6N, STM32C071KBU6, STM32C071KBU6N, STM32C071R8T6, STM32C071R8T6N, STM32C071RBI6N, STM32C071RBT6, STM32C071RBT6N, STM32G071K8TXN, STM32G071K8UXN, STM32G081GBU6N, STM32G081KBT6N, STM32G081KBUXN, STM32G0B1CCT6N, STM32G0B1KCT6, STM32G0B1NEY6TR, STM32G0B1RCT6N, STM32G0C1CCT6, STM32G0C1CCT6N, STM32G0C1CCU6N, STM32G0C1CET6N, STM32G0C1CEU6N, STM32G0C1KCT6, STM32G0C1NEY6TR, STM32G0C1RCI6N, STM32G0C1RCT6N, STM32G0C1REI6N, STM32G0C1RET6N, STM32G0C1VCI6, STM32G0C1VEI6, STM32G411C6T3, STM32G411C6T6, STM32G411C6U3, STM32G411C6U6, STM32G411C8T3, STM32G411C8T6, STM32G411C8U3, STM32G411C8U6, STM32G411CBT3, STM32G411CBT6, STM32G411CBU3, STM32G411CBU6, STM32G411K6T3, STM32G411K6T6, STM32G411K6U3, STM32G411K6U6, STM32G411K8T3, STM32G411K8T6, STM32G411K8U3, STM32G411K8U6, STM32G411KBT3, STM32G411KBT6, STM32G411KBU3, STM32G411KBU6, STM32G411M6T3, STM32G411M6T6, STM32G411M8T3, STM32G411M8T6, STM32G411MBT3, STM32G411MBT6, STM32G411R6T3, STM32G411R6T6, STM32G411R8T3, STM32G411R8T6, STM32G411RBT3, STM32G411RBT6, STM32G414CBT3, STM32G414CBT6, STM32G414CBU3, STM32G414CBU6, STM32G414CCT3, STM32G414CCT6, STM32G414CCU3, STM32G414CCU6, STM32G414MBT3, STM32G414MBT6, STM32G414MCT3, STM32G414MCT6, STM32G414RBT3, STM32G414RBT6, STM32G414RCT3, STM32G414RCT6, STM32G414VBT3, STM32G414VBT6, STM32G414VCT3, STM32G414VCT6, STM32G431CBT3Z, STM32G431RBT3Z, STM32G471CCT6, STM32G471CCU6, STM32G471CET3, STM32G471CET6, STM32G471CEU3, STM32G471CEU6, STM32G471MCT6, STM32G471MET3, STM32G471MET6, STM32G471MEY6TR, STM32G471QCT6, STM32G471QET3, STM32G471RCT6, STM32G471RET3, STM32G471RET6, STM32G471VCH6, STM32G471VCI6, STM32G471VCT6, STM32G471VEH3, STM32G471VEH6, STM32G471VEI3, STM32G471VEI6, STM32G471VET3, STM32G471VET6, STM32G473QET3Z, STM32G473RET3Z, STM32G474CCT6, STM32G491RET3Z, STM32H503CBT6, STM32H503CBU6, STM32H503EBY6TR, STM32H503KBU6, STM32H503RBT6, STM32H523CCT6, STM32H523CCU6, STM32H523CET6, STM32H523CEU6, STM32H523HEY6TR, STM32H523RCT6, STM32H523RET6, STM32H523VCI6, STM32H523VCT6, STM32H523VEI6, STM32H523VET6, STM32H523ZCJ6, STM32H523ZCT6, STM32H523ZEJ6, STM32H523ZET6, STM32H533CET6, STM32H533CEU6, STM32H533HEY6TR, STM32H533RET6, STM32H533VEI6, STM32H533VET6, STM32H533ZEJ6, STM32H533ZET6, STM32H562AGI6, STM32H562AII6, STM32H562IGK6, STM32H562IGT6, STM32H562IIK6, STM32H562IIT6, STM32H562RGT6, STM32H562RGV6, STM32H562RIT6, STM32H562RIV6, STM32H562VGT6, STM32H562VIT6, STM32H562ZGT6, STM32H562ZIT6, STM32H563AGI6, STM32H563AII3Q, STM32H563AII6, STM32H563IGK6, STM32H563IGT6, STM32H563IIK3Q, STM32H563IIK6, STM32H563IIT3Q, STM32H563IIT6, STM32H563MIY3QTR, STM32H563RGT6, STM32H563RGV6, STM32H563RIT6, STM32H563RIV6, STM32H563VGT6, STM32H563VIT3Q, STM32H563VIT6, STM32H563ZGT6, STM32H563ZIT3Q, STM32H563ZIT6, STM32H573AII3Q, STM32H573AII6, STM32H573I-DK, STM32H573IIK3Q, STM32H573IIK6, STM32H573IIT3Q, STM32H573IIT6, STM32H573MIY3QTR, STM32H573RIT6, STM32H573RIV6, STM32H573VIT3Q, STM32H573VIT6, STM32H573ZIT3Q, STM32H573ZIT6, STM32H7R3A8I6, STM32H7R3I8K6, STM32H7R3I8T6, STM32H7R3L8H6, STM32H7R3L8H6H, STM32H7R3R8V6, STM32H7R3V8H6, STM32H7R3V8T6, STM32H7R3V8Y6TR, STM32H7R3Z8J6, STM32H7R3Z8T6, STM32H7R7A8I6, STM32H7R7I8K6, STM32H7R7I8T6, STM32H7R7L8H6, STM32H7R7L8H6H, STM32H7R7Z8J6, STM32H7S3A8I6, STM32H7S3I8K6, STM32H7S3I8T6, STM32H7S3L8H6, STM32H7S3L8H6H, STM32H7S3R8V6, STM32H7S3V8H6, STM32H7S3V8T6, STM32H7S3V8Y6TR, STM32H7S3Z8J6, STM32H7S3Z8T6, STM32H7S78-DK, STM32H7S7A8I6, STM32H7S7I8K6, STM32H7S7I8T6, STM32H7S7L8H6, STM32H7S7L8H6H, STM32H7S7Z8J6, STM32L4R5QGI6STR, STM32MP131AAE3, STM32MP131AAF3, STM32MP131AAG3, STM32MP131CAE3, STM32MP131CAF3, STM32MP131CAG3, STM32MP131DAE7, STM32MP131DAF7, STM32MP131DAG7, STM32MP131FAE7, STM32MP131FAF7, STM32MP131FAG7, STM32MP133AAE3, STM32MP133AAF3, STM32MP133AAG3, STM32MP133CAE3, STM32MP133CAF3, STM32MP133CAG3, STM32MP133DAE7, STM32MP133DAF7, STM32MP133DAG7, STM32MP133FAE7, STM32MP133FAF7, STM32MP133FAG7, STM32MP135AAE3, STM32MP135AAF3, STM32MP135AAG3, STM32MP135CAE3, STM32MP135CAF3, STM32MP135CAG3, STM32MP135DAE7, STM32MP135DAF7, STM32MP135DAG7, STM32MP135F-DK, STM32MP135FAE7, STM32MP135FAF7, STM32MP135FAF7T, STM32MP135FAF7U, STM32MP135FAG7, STM32MP251AAI3, STM32MP251AAK3, STM32MP251AAL3, STM32MP251CAI3, STM32MP251CAK3, STM32MP251CAL3, STM32MP251DAI3, STM32MP251DAK3, STM32MP251DAL3, STM32MP251FAI3, STM32MP251FAK3, STM32MP251FAL3, STM32MP253AAI3, STM32MP253AAK3, STM32MP253AAL3, STM32MP253CAI3, STM32MP253CAK3, STM32MP253CAL3, STM32MP253DAI3, STM32MP253DAK3, STM32MP253DAL3, STM32MP253FAI3, STM32MP253FAK3, STM32MP253FAL3, STM32MP255AAI3, STM32MP255AAK3, STM32MP255AAL3, STM32MP255CAI3, STM32MP255CAK3, STM32MP255CAL3, STM32MP255DAI3, STM32MP255DAK3, STM32MP255DAL3, STM32MP255FAI3, STM32MP255FAK3, STM32MP255FAL3, STM32MP257AAI3, STM32MP257AAK3, STM32MP257AAL3, STM32MP257CAI3, STM32MP257CAK3, STM32MP257CAL3, STM32MP257DAI3, STM32MP257DAK3, STM32MP257DAL3, STM32MP257F-DK, STM32MP257F-EV1, STM32MP257FAI3, STM32MP257FAK3, STM32MP257FAL3, STM32U031C6T6, STM32U031C6U6, STM32U031C8T6, STM32U031C8U6, STM32U031F4P6, STM32U031F6P6, STM32U031F8P6, STM32U031G6Y6TR, STM32U031G8Y6TR, STM32U031K4U6, STM32U031K6U6, STM32U031K8U6, STM32U031R6I6, STM32U031R6T6, STM32U031R8I6, STM32U031R8T6, STM32U073C8T6, STM32U073C8U6, STM32U073CBT6, STM32U073CBU6, STM32U073CCT6, STM32U073CCU6, STM32U073H8Y6TR, STM32U073HBY6TR, STM32U073HCY6TR, STM32U073K8U6, STM32U073KBU6, STM32U073KCU6, STM32U073M8I6, STM32U073M8T6, STM32U073MBI6, STM32U073MBT6, STM32U073MCI6, STM32U073MCT6, STM32U073R8I6, STM32U073R8T6, STM32U073RBI6, STM32U073RBT6, STM32U073RCI6, STM32U073RCT6, STM32U083C-DK, STM32U083CCT6, STM32U083CCU6, STM32U083HCY6TR, STM32U083KCU6, STM32U083MCI6, STM32U083MCT6, STM32U083RCI6, STM32U083RCT6, STM32U535CBT6, STM32U535CBT6Q, STM32U535CBU6, STM32U535CBU6Q, STM32U535CCT6, STM32U535CCT6Q, STM32U535CCU6, STM32U535CCU6Q, STM32U535CET6, STM32U535CET6Q, STM32U535CEU6, STM32U535CEU6Q, STM32U535JEY6QTR, STM32U535NCY6QTR, STM32U535NEY6QTR, STM32U535RBI6, STM32U535RBI6Q, STM32U535RBT6, STM32U535RBT6Q, STM32U535RCI6, STM32U535RCI6Q, STM32U535RCT6, STM32U535RCT6Q, STM32U535REI6, STM32U535REI6Q, STM32U535RET6, STM32U535RET6Q, STM32U535VCI6, STM32U535VCI6Q, STM32U535VCT6, STM32U535VCT6Q, STM32U535VEI6, STM32U535VEI6Q, STM32U535VET6, STM32U535VET6Q, STM32U545CET6, STM32U545CET6Q, STM32U545CEU6, STM32U545CEU6Q, STM32U545JEY6QTR, STM32U545NEY6QTR, STM32U545REI6, STM32U545REI6Q, STM32U545RET6, STM32U545RET6Q, STM32U545VEI6, STM32U545VEI6Q, STM32U545VET6, STM32U545VET6Q, STM32U595AIH6, STM32U595AIH6Q, STM32U595AJH6, STM32U595AJH6Q, STM32U595QII6, STM32U595QII6Q, STM32U595QJI6, STM32U595QJI6Q, STM32U595RIT6, STM32U595RIT6Q, STM32U595RJT6, STM32U595RJT6Q, STM32U595VIT6, STM32U595VIT6Q, STM32U595VJT6, STM32U595VJT6Q, STM32U595ZIT6, STM32U595ZIT6Q, STM32U595ZIY6QTR, STM32U595ZJT6, STM32U595ZJT6Q, STM32U595ZJY6QTR, STM32U599BJY6QTR, STM32U599NIH6Q, STM32U599NJH6Q, STM32U599VIT6Q, STM32U599VJT6, STM32U599VJT6Q, STM32U599ZIT6Q, STM32U599ZIY6QTR, STM32U599ZJT6Q, STM32U599ZJY6QTR, STM32U5A5AJH6, STM32U5A5AJH6Q, STM32U5A5QII3Q , STM32U5A5QJI6, STM32U5A5QJI6Q, STM32U5A5RJT6, STM32U5A5RJT6Q, STM32U5A5VJT6, STM32U5A5VJT6Q, STM32U5A5ZJT6, STM32U5A5ZJT6Q, STM32U5A5ZJY6QTR, STM32U5A9BJY6QTR, STM32U5A9J-DK, STM32U5A9NJH6Q, STM32U5A9VJT6Q, STM32U5A9ZJT6Q, STM32U5A9ZJY6QTR, STM32U5F7VIT6, STM32U5F7VIT6Q, STM32U5F7VJT6, STM32U5F7VJT6Q, STM32U5F9BJY6QTR, STM32U5F9NJH6Q, STM32U5F9VIT6Q, STM32U5F9VJT6Q, STM32U5F9ZIJ6QTR, STM32U5F9ZIT6Q, STM32U5F9ZJJ6QTR, STM32U5F9ZJT6Q, STM32U5G7VJT6, STM32U5G7VJT6Q, STM32U5G9BJY6QTR, STM32U5G9J-DK1, STM32U5G9J-DK2, STM32U5G9NJH6Q, STM32U5G9VJT6Q, STM32U5G9ZJJ6QTR, STM32U5G9ZJT6Q, STM32WB05KZV6TR, STM32WB05KZV7TR, STM32WB05TZF6TR, STM32WB05TZF7TR, STM32WB06CCF6TR, STM32WB06CCF7TR, STM32WB06CCV6TR, STM32WB06CCV7TR, STM32WB06KCV6TR, STM32WB06KCV7TR, STM32WB07CCF6TR, STM32WB07CCF7TR, STM32WB07CCV6TR, STM32WB07CCV7TR, STM32WB07KCV6TR, STM32WB07KCV7TR, STM32WB09KEV6TR, STM32WB09KEV7TR, STM32WB09TEF6TR, STM32WB09TEF7TR, STM32WB1MMCH6, STM32WBA50KGU6, STM32WBA50KGU6TR, STM32WBA52CEU6, STM32WBA52CEU6TR, STM32WBA52CEU7, STM32WBA52CEU7TR, STM32WBA52CGU6, STM32WBA52CGU6TR, STM32WBA52CGU6U, STM32WBA52CGU7, STM32WBA52CGU7TR, STM32WBA52KEU6, STM32WBA52KEU6TR, STM32WBA52KGU6, STM32WBA52KGU6TR, STM32WBA54CEU6, STM32WBA54CEU6TR, STM32WBA54CEU7, STM32WBA54CEU7TR, STM32WBA54CGU6, STM32WBA54CGU6TR, STM32WBA54CGU7, STM32WBA54CGU7TR, STM32WBA54KEU6, STM32WBA54KEU6TR, STM32WBA54KEU7, STM32WBA54KEU7TR, STM32WBA54KGU6, STM32WBA54KGU6TR, STM32WBA54KGU7, STM32WBA54KGU7TR, STM32WBA55CEU6, STM32WBA55CEU6TR, STM32WBA55CEU7, STM32WBA55CEU7TR, STM32WBA55CGU6, STM32WBA55CGU6TR, STM32WBA55CGU6U, STM32WBA55CGU7, STM32WBA55CGU7TR, STM32WBA55G-DK1, STM32WBA55HEF6, STM32WBA55HEF7, STM32WBA55HGF6, STM32WBA55HGF7, STM32WBA55UEI6, STM32WBA55UEI6TR, STM32WBA55UEI7, STM32WBA55UEI7TR, STM32WBA55UGI6, STM32WBA55UGI6TR, STM32WBA55UGI7, STM32WBA55UGI7TR, STM32WL5MOCH6, STM32WL5MOCH6TR]
2025-01-19 15:59:24,570 [INFO] DbMcus:218 - Found 4252 MCUs, 4252 are supported
2025-01-19 15:59:24,572 [INFO] ApiDb:423 - Load user favorites file C:\Users\mridu/.stm32cubeide/favorites.mcus.txt: 0 item(s)
2025-01-19 15:59:24,572 [INFO] ApiDb:427 - User favorites MCUs=[]
2025-01-19 15:59:24,572 [INFO] DbMcus:224 - Set 0 / 0 favorites MCUs
2025-01-19 15:59:25,031 [INFO] ApiDb:423 - Load user favorites file C:\Users\mridu/.stm32cubeide/favorites.boards.txt: 0 item(s)
2025-01-19 15:59:25,031 [INFO] ApiDb:427 - User favorites Boards=[]
2025-01-19 15:59:25,031 [INFO] DbBoards:198 - Set 0 / 0 favorites Boards
2025-01-19 15:59:25,154 [INFO] UtilMem:75 - End LoadConfig() Used Memory: 400231136 Bytes (832569344)
2025-01-19 15:59:25,429 [WARN] ThirdParty:833 - waiting for thirdparty lock release [change project]
2025-01-19 15:59:25,429 [INFO] ThirdParty:835 - entering critical section [change project]
2025-01-19 15:59:25,430 [INFO] ThirdParty:1030 - CMSIS Pack Vendor :STMicroelectronics USBPD 4.1
2025-01-19 15:59:25,430 [INFO] ThirdParty:1030 - CMSIS Pack Vendor :STMicroelectronics X-CUBE-AZRTOS-H7 3.3.0
2025-01-19 15:59:25,430 [INFO] ThirdParty:1030 - CMSIS Pack Vendor :STMicroelectronics USB_HOST 2.0.0
2025-01-19 15:59:25,430 [INFO] ThirdParty:1030 - CMSIS Pack Vendor :STMicroelectronics FP-SNS-MOTENVWB1 1.4.0
2025-01-19 15:59:25,430 [INFO] ThirdParty:1030 - CMSIS Pack Vendor :STMicroelectronics X-CUBE-AZRTOS-F4 1.1.0
2025-01-19 15:59:25,430 [INFO] ThirdParty:1030 - CMSIS Pack Vendor :STMicroelectronics LIBJPEG 8.0.0
2025-01-19 15:59:25,431 [INFO] ThirdParty:1030 - CMSIS Pack Vendor :STMicroelectronics FP-ATR-ASTRA1 2.0.1
2025-01-19 15:59:25,431 [INFO] ThirdParty:1030 - CMSIS Pack Vendor :STMicroelectronics X-CUBE-SMBUS 2.1.0
2025-01-19 15:59:25,431 [INFO] ThirdParty:1030 - CMSIS Pack Vendor :STMicroelectronics X-CUBE-WB05N 1.1.0
2025-01-19 15:59:25,431 [INFO] ThirdParty:1030 - CMSIS Pack Vendor :STMicroelectronics USB_DEVICE 3.0.0
2025-01-19 15:59:25,431 [INFO] ThirdParty:1030 - CMSIS Pack Vendor :STMicroelectronics X-CUBE-TCPP 4.1.0
2025-01-19 15:59:25,431 [INFO] ThirdParty:1030 - CMSIS Pack Vendor :STMicroelectronics X-CUBE-FREERTOS 1.2.0
2025-01-19 15:59:25,431 [INFO] ThirdParty:1030 - CMSIS Pack Vendor :STMicroelectronics X-CUBE-IPS 3.0.0
2025-01-19 15:59:25,431 [INFO] ThirdParty:1030 - CMSIS Pack Vendor :STMicroelectronics X-CUBE-AZRTOS-WB 2.0.0
2025-01-19 15:59:25,431 [INFO] ThirdParty:1030 - CMSIS Pack Vendor :STMicroelectronics X-CUBE-GNSS1 7.0.0
2025-01-19 15:59:25,431 [INFO] ThirdParty:1030 - CMSIS Pack Vendor :STMicroelectronics X-CUBE-GNSS1 7.0.1
2025-01-19 15:59:25,431 [INFO] ThirdParty:1030 - CMSIS Pack Vendor :STMicroelectronics X-CUBE-AZRTOS-F7 1.1.0
2025-01-19 15:59:25,431 [INFO] ThirdParty:1030 - CMSIS Pack Vendor :STMicroelectronics X-CUBE-AZRTOS-L5 2.0.0
2025-01-19 15:59:25,432 [INFO] ThirdParty:1030 - CMSIS Pack Vendor :STMicroelectronics USB_DEVICE 2.0.0
2025-01-19 15:59:25,432 [INFO] ThirdParty:1030 - CMSIS Pack Vendor :STMicroelectronics X-CUBE-NFC6 3.1.0
2025-01-19 15:59:25,432 [INFO] ThirdParty:1030 - CMSIS Pack Vendor :STMicroelectronics X-CUBE-MEMS1 11.0.0
2025-01-19 15:59:25,432 [INFO] ThirdParty:1030 - CMSIS Pack Vendor :STMicroelectronics FreeRTOS 0.0.1
2025-01-19 15:59:25,432 [INFO] ThirdParty:1030 - CMSIS Pack Vendor :STMicroelectronics X-CUBE-AZRTOS-G0 1.1.0
2025-01-19 15:59:25,432 [INFO] ThirdParty:1030 - CMSIS Pack Vendor :STMicroelectronics X-CUBE-SAFEA1 1.2.2
2025-01-19 15:59:25,432 [INFO] ThirdParty:1030 - CMSIS Pack Vendor :STMicroelectronics X-CUBE-NFC4 3.0.0
2025-01-19 15:59:25,432 [INFO] ThirdParty:1030 - CMSIS Pack Vendor :STMicroelectronics X-CUBE-SUBG2 5.0.0
2025-01-19 15:59:25,432 [INFO] ThirdParty:1030 - CMSIS Pack Vendor :STMicroelectronics STM32_WPAN 1.0.0
2025-01-19 15:59:25,432 [INFO] ThirdParty:1030 - CMSIS Pack Vendor :EmbeddedOffice I-CUBE-FS-RTOS 1.0.1
2025-01-19 15:59:25,432 [INFO] ThirdParty:1030 - CMSIS Pack Vendor :STMicroelectronics lwIP 2.0.3
2025-01-19 15:59:25,432 [INFO] ThirdParty:1030 - CMSIS Pack Vendor :STMicroelectronics FP-SNS-FLIGHT1 5.0.2
2025-01-19 15:59:25,432 [INFO] ThirdParty:1030 - CMSIS Pack Vendor :Cesanta I-CUBE-Mongoose 7.13.0
2025-01-19 15:59:25,432 [INFO] ThirdParty:1030 - CMSIS Pack Vendor :STMicroelectronics USB_HOST 1.0.0
2025-01-19 15:59:25,433 [INFO] ThirdParty:1030 - CMSIS Pack Vendor :STMicroelectronics X-CUBE-AZRTOS-G4 2.0.0
2025-01-19 15:59:25,433 [INFO] ThirdParty:1030 - CMSIS Pack Vendor :STMicroelectronics PDM2PCM 3.1.0
2025-01-19 15:59:25,433 [INFO] ThirdParty:1030 - CMSIS Pack Vendor :STMicroelectronics PDM2PCM 3.3.0
2025-01-19 15:59:25,433 [INFO] ThirdParty:1030 - CMSIS Pack Vendor :STMicroelectronics X-CUBE-DISPLAY 3.0.0
2025-01-19 15:59:25,433 [INFO] ThirdParty:1030 - CMSIS Pack Vendor :RealThread X-CUBE-RT-Thread_Nano 4.1.1
2025-01-19 15:59:25,433 [INFO] ThirdParty:1030 - CMSIS Pack Vendor :STMicroelectronics X-CUBE-BLE1 7.0.0
2025-01-19 15:59:25,433 [INFO] ThirdParty:1030 - CMSIS Pack Vendor :STMicroelectronics FP-ATR-SIGFOX1 3.2.0
2025-01-19 15:59:25,433 [INFO] ThirdParty:1030 - CMSIS Pack Vendor :quantropi X-CUBE-qispace-sdk-base 1.9.3
2025-01-19 15:59:25,433 [INFO] ThirdParty:1030 - CMSIS Pack Vendor :STMicroelectronics X-CUBE-BLEMGR 4.0.0
2025-01-19 15:59:25,433 [INFO] ThirdParty:1030 - CMSIS Pack Vendor :STMicroelectronics X-CUBE-EEPRMA1 5.1.0
2025-01-19 15:59:25,433 [INFO] ThirdParty:1030 - CMSIS Pack Vendor :STMicroelectronics HAL Drivers 0.0.0
2025-01-19 15:59:25,433 [INFO] ThirdParty:1030 - CMSIS Pack Vendor :STMicroelectronics MBEDTLS 2.16.2
2025-01-19 15:59:25,433 [INFO] ThirdParty:1030 - CMSIS Pack Vendor :STMicroelectronics X-CUBE-ALS 1.0.2
2025-01-19 15:59:25,433 [INFO] ThirdParty:1030 - CMSIS Pack Vendor :emotas I-CUBE-CANOPEN 1.3.0
2025-01-19 15:59:25,433 [INFO] ThirdParty:1030 - CMSIS Pack Vendor :STMicroelectronics X-CUBE-FREERTOS 1.3.0
2025-01-19 15:59:25,433 [INFO] ThirdParty:1030 - CMSIS Pack Vendor :wolfSSL I-CUBE-wolfSSL 5.7.4
2025-01-19 15:59:25,433 [INFO] ThirdParty:1030 - CMSIS Pack Vendor :STMicroelectronics X-CUBE-NFC7 1.0.1
2025-01-19 15:59:25,433 [INFO] ThirdParty:1030 - CMSIS Pack Vendor :STMicroelectronics MBEDTLS 2.14.1
2025-01-19 15:59:25,434 [INFO] ThirdParty:1030 - CMSIS Pack Vendor :ITTIA_DB I-CUBE-ITTIADB 8.9.0
2025-01-19 15:59:25,434 [INFO] ThirdParty:1030 - CMSIS Pack Vendor :STMicroelectronics X-CUBE-TOUCHGFX 4.24.2
2025-01-19 15:59:25,434 [INFO] ThirdParty:1030 - CMSIS Pack Vendor :STMicroelectronics X-CUBE-TOUCHGFX 4.24.1
2025-01-19 15:59:25,434 [INFO] ThirdParty:1030 - CMSIS Pack Vendor :wolfSSL I-CUBE-wolfTPM 3.4.0
2025-01-19 15:59:25,434 [INFO] ThirdParty:1030 - CMSIS Pack Vendor :portGmbH I-Cube-SoM-uGOAL 1.1.0
2025-01-19 15:59:25,434 [INFO] ThirdParty:1030 - CMSIS Pack Vendor :STMicroelectronics X-CUBE-BLEMGR 3.1.0
2025-01-19 15:59:25,434 [INFO] ThirdParty:1030 - CMSIS Pack Vendor :STMicroelectronics ThreadX 1.0.0
2025-01-19 15:59:25,434 [INFO] ThirdParty:1030 - CMSIS Pack Vendor :STMicroelectronics FP-SNS-SMARTAG2 1.2.0
2025-01-19 15:59:25,435 [INFO] ThirdParty:1030 - CMSIS Pack Vendor :STMicroelectronics X-CUBE-MEMS1 11.1.0
2025-01-19 15:59:25,435 [INFO] ThirdParty:1030 - CMSIS Pack Vendor :STMicroelectronics X-CUBE-AZRTOS-WL 2.0.0
2025-01-19 15:59:25,435 [INFO] ThirdParty:1030 - CMSIS Pack Vendor :SEGGER I-CUBE-embOS 1.3.1
2025-01-19 15:59:25,435 [INFO] ThirdParty:1030 - CMSIS Pack Vendor :STMicroelectronics X-CUBE-ALGOBUILD 1.4.0
2025-01-19 15:59:25,435 [INFO] ThirdParty:1030 - CMSIS Pack Vendor :STMicroelectronics FP-SNS-MOTENV1 5.0.0
2025-01-19 15:59:25,435 [INFO] ThirdParty:1030 - CMSIS Pack Vendor :STMicroelectronics USB_DEVICE 1.0.0
2025-01-19 15:59:25,435 [INFO] ThirdParty:1030 - CMSIS Pack Vendor :STMicroelectronics X-CUBE-AZRTOS-H7RS 1.0.0
2025-01-19 15:59:25,435 [INFO] ThirdParty:1030 - CMSIS Pack Vendor :wolfSSL I-CUBE-wolfMQTT 1.19.0
2025-01-19 15:59:25,435 [INFO] ThirdParty:1030 - CMSIS Pack Vendor :STMicroelectronics X-CUBE-AZRTOS-L4 2.0.0
2025-01-19 15:59:25,435 [INFO] ThirdParty:1030 - CMSIS Pack Vendor :STMicroelectronics ThreadX 0.0.2
2025-01-19 15:59:25,435 [INFO] ThirdParty:1030 - CMSIS Pack Vendor :WES I-CUBE-Cesium 1.3.0
2025-01-19 15:59:25,435 [INFO] ThirdParty:1030 - CMSIS Pack Vendor :STMicroelectronics FP-ATR-ASTRA1 2.0.0
2025-01-19 15:59:25,435 [INFO] ThirdParty:1030 - CMSIS Pack Vendor :STMicroelectronics lwIP 2.1.2
2025-01-19 15:59:25,435 [INFO] ThirdParty:1030 - CMSIS Pack Vendor :STMicroelectronics X-CUBE-SFXS2LP1 4.0.0
2025-01-19 15:59:25,435 [INFO] ThirdParty:1030 - CMSIS Pack Vendor :STMicroelectronics X-CUBE-BLE2 3.3.0
2025-01-19 15:59:25,435 [INFO] ThirdParty:1030 - CMSIS Pack Vendor :Infineon AIROC-Wi-Fi-Bluetooth-STM32 1.6.1
2025-01-19 15:59:25,435 [INFO] ThirdParty:1030 - CMSIS Pack Vendor :STMicroelectronics PDM2PCM 3.2.0
2025-01-19 15:59:25,435 [INFO] ThirdParty:1030 - CMSIS Pack Vendor :wolfSSL I-CUBE-wolfSSH 1.4.17
2025-01-19 15:59:25,435 [INFO] ThirdParty:841 - exiting critical section [change project]
2025-01-19 15:59:25,901 [INFO] PinOutPanel:1561 - setPackage(No Configuration,No Configuration)
2025-01-19 15:59:25,903 [INFO] PinOutPanel:1561 - setPackage(STM32F103RBTx,LQFP64)
2025-01-19 15:59:26,572 [INFO] UtilMem:75 - Before build in PCC Used Memory: 499232288 Bytes (832569344)
2025-01-19 15:59:28,217 [INFO] UtilMem:75 - After build in PCC Used Memory: 564691968 Bytes (832569344)
2025-01-19 15:59:28,271 [INFO] IPUIPlugin:80 - create IPUIPlugin
2025-01-19 15:59:28,271 [INFO] IPUIPlugin:80 - create IPUIPlugin
2025-01-19 15:59:28,271 [INFO] IPUIPlugin:80 - create IPUIPlugin
2025-01-19 15:59:28,271 [INFO] IPUIPlugin:80 - create IPUIPlugin
2025-01-19 15:59:28,271 [INFO] IPUIPlugin:80 - create IPUIPlugin
2025-01-19 15:59:28,271 [INFO] IPUIPlugin:80 - create IPUIPlugin
2025-01-19 15:59:28,271 [INFO] IPUIPlugin:80 - create IPUIPlugin
2025-01-19 15:59:28,271 [INFO] IPUIPlugin:80 - create IPUIPlugin
2025-01-19 15:59:28,271 [INFO] IPUIPlugin:80 - create IPUIPlugin
2025-01-19 15:59:28,272 [INFO] IPUIPlugin:80 - create IPUIPlugin
2025-01-19 15:59:28,272 [INFO] IPUIPlugin:80 - create IPUIPlugin
2025-01-19 15:59:28,272 [INFO] IPUIPlugin:80 - create IPUIPlugin
2025-01-19 15:59:28,272 [INFO] IPUIPlugin:80 - create IPUIPlugin
2025-01-19 15:59:28,272 [INFO] IPUIPlugin:80 - create IPUIPlugin
2025-01-19 15:59:28,272 [INFO] IPUIPlugin:80 - create IPUIPlugin
2025-01-19 15:59:28,272 [INFO] IPUIPlugin:80 - create IPUIPlugin
2025-01-19 15:59:28,272 [INFO] IPUIPlugin:80 - create IPUIPlugin
2025-01-19 15:59:28,273 [INFO] IPUIPlugin:80 - create IPUIPlugin
2025-01-19 15:59:28,273 [INFO] IPUIPlugin:80 - create IPUIPlugin
2025-01-19 15:59:28,273 [INFO] IPUIPlugin:80 - create IPUIPlugin
2025-01-19 15:59:28,274 [INFO] IPUIPlugin:80 - create IPUIPlugin
2025-01-19 15:59:28,274 [INFO] IPUIPlugin:80 - create IPUIPlugin
2025-01-19 15:59:28,274 [INFO] IPUIPlugin:80 - create IPUIPlugin
2025-01-19 15:59:28,276 [INFO] IPUIPlugin:80 - create IPUIPlugin
2025-01-19 15:59:28,276 [INFO] IPUIPlugin:80 - create IPUIPlugin
2025-01-19 15:59:28,276 [INFO] IPUIPlugin:80 - create IPUIPlugin
2025-01-19 15:59:28,277 [INFO] IPUIPlugin:80 - create IPUIPlugin
2025-01-19 15:59:28,308 [WARN] IP:2191 - I2C_Coeff_DF not found: check if there is a RefParameter without a condition.
2025-01-19 15:59:28,308 [WARN] IP:2191 - Analog_Filter not found: check if there is a RefParameter without a condition.
2025-01-19 15:59:28,825 [INFO] CADModel:165 - CPN selected for project levelSTM32F103RBT6
2025-01-19 15:59:28,825 [INFO] CADModel:114 - Register for checkConnection events
2025-01-19 15:59:28,955 [INFO] OpenFileManager:363 - Restore cursor
2025-01-19 15:59:29,248 [WARN] IP:2191 - I2C_Coeff_DF not found: check if there is a RefParameter without a condition.
2025-01-19 15:59:29,248 [WARN] IP:2191 - Analog_Filter not found: check if there is a RefParameter without a condition.
2025-01-19 15:59:29,250 [WARN] IP:2191 - I2C_Coeff_DF not found: check if there is a RefParameter without a condition.
2025-01-19 15:59:29,250 [WARN] IP:2191 - Analog_Filter not found: check if there is a RefParameter without a condition.
2025-01-19 16:16:12,554 [INFO] WebApp:189 - Connection lost
2025-01-19 16:16:13,170 [INFO] WebApp:186 - Connection restablished
2025-01-19 17:16:12,321 [INFO] WebApp:189 - Connection lost
2025-01-19 17:16:12,639 [INFO] WebApp:186 - Connection restablished
2025-01-19 18:16:12,710 [INFO] WebApp:189 - Connection lost
2025-01-19 18:16:13,237 [INFO] WebApp:186 - Connection restablished
2025-01-19 19:01:41,196 [INFO] WebApp:189 - Connection lost
2025-01-19 19:01:41,350 [INFO] WebApp:186 - Connection restablished
2025-01-19 19:01:47,061 [ERROR] LogOutputStream:75 - [STDERR_REDIRECT] 
