14:40:42 **** Incremental Build of configuration Debug for project bms_master ****
make -j12 all 
arm-none-eabi-gcc "../Drivers/STM32F1xx_HAL_Driver/Src/stm32f1xx_hal.c" -mcpu=cortex-m3 -std=gnu11 -g3 -DDEBUG -DUSE_HAL_DRIVER -DSTM32F103xE -c -I../../Core/Inc -I../../Drivers/STM32F1xx_HAL_Driver/Inc -I../../Drivers/STM32F1xx_HAL_Driver/Inc/Legacy -I../../Drivers/CMSIS/Device/ST/STM32F1xx/Include -I../../Drivers/CMSIS/Include -O0 -ffunction-sections -fdata-sections -Wall -fstack-usage -fcyclomatic-complexity -MMD -MP -MF"Drivers/STM32F1xx_HAL_Driver/Src/stm32f1xx_hal.d" -MT"Drivers/STM32F1xx_HAL_Driver/Src/stm32f1xx_hal.o" --specs=nano.specs -mfloat-abi=soft -mthumb -o "Drivers/STM32F1xx_HAL_Driver/Src/stm32f1xx_hal.o"
arm-none-eabi-gcc "../Drivers/STM32F1xx_HAL_Driver/Src/stm32f1xx_hal_adc.c" -mcpu=cortex-m3 -std=gnu11 -g3 -DDEBUG -DUSE_HAL_DRIVER -DSTM32F103xE -c -I../../Core/Inc -I../../Drivers/STM32F1xx_HAL_Driver/Inc -I../../Drivers/STM32F1xx_HAL_Driver/Inc/Legacy -I../../Drivers/CMSIS/Device/ST/STM32F1xx/Include -I../../Drivers/CMSIS/Include -O0 -ffunction-sections -fdata-sections -Wall -fstack-usage -fcyclomatic-complexity -MMD -MP -MF"Drivers/STM32F1xx_HAL_Driver/Src/stm32f1xx_hal_adc.d" -MT"Drivers/STM32F1xx_HAL_Driver/Src/stm32f1xx_hal_adc.o" --specs=nano.specs -mfloat-abi=soft -mthumb -o "Drivers/STM32F1xx_HAL_Driver/Src/stm32f1xx_hal_adc.o"
arm-none-eabi-gcc "../Drivers/STM32F1xx_HAL_Driver/Src/stm32f1xx_hal_adc_ex.c" -mcpu=cortex-m3 -std=gnu11 -g3 -DDEBUG -DUSE_HAL_DRIVER -DSTM32F103xE -c -I../../Core/Inc -I../../Drivers/STM32F1xx_HAL_Driver/Inc -I../../Drivers/STM32F1xx_HAL_Driver/Inc/Legacy -I../../Drivers/CMSIS/Device/ST/STM32F1xx/Include -I../../Drivers/CMSIS/Include -O0 -ffunction-sections -fdata-sections -Wall -fstack-usage -fcyclomatic-complexity -MMD -MP -MF"Drivers/STM32F1xx_HAL_Driver/Src/stm32f1xx_hal_adc_ex.d" -MT"Drivers/STM32F1xx_HAL_Driver/Src/stm32f1xx_hal_adc_ex.o" --specs=nano.specs -mfloat-abi=soft -mthumb -o "Drivers/STM32F1xx_HAL_Driver/Src/stm32f1xx_hal_adc_ex.o"
arm-none-eabi-gcc "../Drivers/STM32F1xx_HAL_Driver/Src/stm32f1xx_hal_can.c" -mcpu=cortex-m3 -std=gnu11 -g3 -DDEBUG -DUSE_HAL_DRIVER -DSTM32F103xE -c -I../../Core/Inc -I../../Drivers/STM32F1xx_HAL_Driver/Inc -I../../Drivers/STM32F1xx_HAL_Driver/Inc/Legacy -I../../Drivers/CMSIS/Device/ST/STM32F1xx/Include -I../../Drivers/CMSIS/Include -O0 -ffunction-sections -fdata-sections -Wall -fstack-usage -fcyclomatic-complexity -MMD -MP -MF"Drivers/STM32F1xx_HAL_Driver/Src/stm32f1xx_hal_can.d" -MT"Drivers/STM32F1xx_HAL_Driver/Src/stm32f1xx_hal_can.o" --specs=nano.specs -mfloat-abi=soft -mthumb -o "Drivers/STM32F1xx_HAL_Driver/Src/stm32f1xx_hal_can.o"
arm-none-eabi-gcc "../Drivers/STM32F1xx_HAL_Driver/Src/stm32f1xx_hal_cortex.c" -mcpu=cortex-m3 -std=gnu11 -g3 -DDEBUG -DUSE_HAL_DRIVER -DSTM32F103xE -c -I../../Core/Inc -I../../Drivers/STM32F1xx_HAL_Driver/Inc -I../../Drivers/STM32F1xx_HAL_Driver/Inc/Legacy -I../../Drivers/CMSIS/Device/ST/STM32F1xx/Include -I../../Drivers/CMSIS/Include -O0 -ffunction-sections -fdata-sections -Wall -fstack-usage -fcyclomatic-complexity -MMD -MP -MF"Drivers/STM32F1xx_HAL_Driver/Src/stm32f1xx_hal_cortex.d" -MT"Drivers/STM32F1xx_HAL_Driver/Src/stm32f1xx_hal_cortex.o" --specs=nano.specs -mfloat-abi=soft -mthumb -o "Drivers/STM32F1xx_HAL_Driver/Src/stm32f1xx_hal_cortex.o"
arm-none-eabi-gcc "../Drivers/STM32F1xx_HAL_Driver/Src/stm32f1xx_hal_dma.c" -mcpu=cortex-m3 -std=gnu11 -g3 -DDEBUG -DUSE_HAL_DRIVER -DSTM32F103xE -c -I../../Core/Inc -I../../Drivers/STM32F1xx_HAL_Driver/Inc -I../../Drivers/STM32F1xx_HAL_Driver/Inc/Legacy -I../../Drivers/CMSIS/Device/ST/STM32F1xx/Include -I../../Drivers/CMSIS/Include -O0 -ffunction-sections -fdata-sections -Wall -fstack-usage -fcyclomatic-complexity -MMD -MP -MF"Drivers/STM32F1xx_HAL_Driver/Src/stm32f1xx_hal_dma.d" -MT"Drivers/STM32F1xx_HAL_Driver/Src/stm32f1xx_hal_dma.o" --specs=nano.specs -mfloat-abi=soft -mthumb -o "Drivers/STM32F1xx_HAL_Driver/Src/stm32f1xx_hal_dma.o"
arm-none-eabi-gcc "../Drivers/STM32F1xx_HAL_Driver/Src/stm32f1xx_hal_exti.c" -mcpu=cortex-m3 -std=gnu11 -g3 -DDEBUG -DUSE_HAL_DRIVER -DSTM32F103xE -c -I../../Core/Inc -I../../Drivers/STM32F1xx_HAL_Driver/Inc -I../../Drivers/STM32F1xx_HAL_Driver/Inc/Legacy -I../../Drivers/CMSIS/Device/ST/STM32F1xx/Include -I../../Drivers/CMSIS/Include -O0 -ffunction-sections -fdata-sections -Wall -fstack-usage -fcyclomatic-complexity -MMD -MP -MF"Drivers/STM32F1xx_HAL_Driver/Src/stm32f1xx_hal_exti.d" -MT"Drivers/STM32F1xx_HAL_Driver/Src/stm32f1xx_hal_exti.o" --specs=nano.specs -mfloat-abi=soft -mthumb -o "Drivers/STM32F1xx_HAL_Driver/Src/stm32f1xx_hal_exti.o"
arm-none-eabi-gcc "../Drivers/STM32F1xx_HAL_Driver/Src/stm32f1xx_hal_flash.c" -mcpu=cortex-m3 -std=gnu11 -g3 -DDEBUG -DUSE_HAL_DRIVER -DSTM32F103xE -c -I../../Core/Inc -I../../Drivers/STM32F1xx_HAL_Driver/Inc -I../../Drivers/STM32F1xx_HAL_Driver/Inc/Legacy -I../../Drivers/CMSIS/Device/ST/STM32F1xx/Include -I../../Drivers/CMSIS/Include -O0 -ffunction-sections -fdata-sections -Wall -fstack-usage -fcyclomatic-complexity -MMD -MP -MF"Drivers/STM32F1xx_HAL_Driver/Src/stm32f1xx_hal_flash.d" -MT"Drivers/STM32F1xx_HAL_Driver/Src/stm32f1xx_hal_flash.o" --specs=nano.specs -mfloat-abi=soft -mthumb -o "Drivers/STM32F1xx_HAL_Driver/Src/stm32f1xx_hal_flash.o"
../Drivers/STM32F1xx_HAL_Driver/Src/stm32f1xx_hal.c:36:10: fatal error: stm32f1xx_hal.h: No such file or directory
arm-none-eabi-gcc "../Drivers/STM32F1xx_HAL_Driver/Src/stm32f1xx_hal_flash_ex.c" -mcpu=cortex-m3 -std=gnu11 -g3 -DDEBUG -DUSE_HAL_DRIVER -DSTM32F103xE -c -I../../Core/Inc -I../../Drivers/STM32F1xx_HAL_Driver/Inc -I../../Drivers/STM32F1xx_HAL_Driver/Inc/Legacy -I../../Drivers/CMSIS/Device/ST/STM32F1xx/Include -I../../Drivers/CMSIS/Include -O0 -ffunction-sections -fdata-sections -Wall -fstack-usage -fcyclomatic-complexity -MMD -MP -MF"Drivers/STM32F1xx_HAL_Driver/Src/stm32f1xx_hal_flash_ex.d" -MT"Drivers/STM32F1xx_HAL_Driver/Src/stm32f1xx_hal_flash_ex.o" --specs=nano.specs -mfloat-abi=soft -mthumb -o "Drivers/STM32F1xx_HAL_Driver/Src/stm32f1xx_hal_flash_ex.o"
   36 | #include "stm32f1xx_hal.h"
      |          ^~~~~~~~~~~~~~~~~
compilation terminated.
arm-none-eabi-gcc "../Drivers/STM32F1xx_HAL_Driver/Src/stm32f1xx_hal_gpio.c" -mcpu=cortex-m3 -std=gnu11 -g3 -DDEBUG -DUSE_HAL_DRIVER -DSTM32F103xE -c -I../../Core/Inc -I../../Drivers/STM32F1xx_HAL_Driver/Inc -I../../Drivers/STM32F1xx_HAL_Driver/Inc/Legacy -I../../Drivers/CMSIS/Device/ST/STM32F1xx/Include -I../../Drivers/CMSIS/Include -O0 -ffunction-sections -fdata-sections -Wall -fstack-usage -fcyclomatic-complexity -MMD -MP -MF"Drivers/STM32F1xx_HAL_Driver/Src/stm32f1xx_hal_gpio.d" -MT"Drivers/STM32F1xx_HAL_Driver/Src/stm32f1xx_hal_gpio.o" --specs=nano.specs -mfloat-abi=soft -mthumb -o "Drivers/STM32F1xx_HAL_Driver/Src/stm32f1xx_hal_gpio.o"
../Drivers/STM32F1xx_HAL_Driver/Src/stm32f1xx_hal_adc.c:325:10: fatal error: stm32f1xx_hal.h: No such file or directory
  325 | #include "stm32f1xx_hal.h"
      |          ^~~~~~~~~~~~~~~~~
compilation terminated.
arm-none-eabi-gcc "../Drivers/STM32F1xx_HAL_Driver/Src/stm32f1xx_hal_gpio_ex.c" -mcpu=cortex-m3 -std=gnu11 -g3 -DDEBUG -DUSE_HAL_DRIVER -DSTM32F103xE -c -I../../Core/Inc -I../../Drivers/STM32F1xx_HAL_Driver/Inc -I../../Drivers/STM32F1xx_HAL_Driver/Inc/Legacy -I../../Drivers/CMSIS/Device/ST/STM32F1xx/Include -I../../Drivers/CMSIS/Include -O0 -ffunction-sections -fdata-sections -Wall -fstack-usage -fcyclomatic-complexity -MMD -MP -MF"Drivers/STM32F1xx_HAL_Driver/Src/stm32f1xx_hal_gpio_ex.d" -MT"Drivers/STM32F1xx_HAL_Driver/Src/stm32f1xx_hal_gpio_ex.o" --specs=nano.specs -mfloat-abi=soft -mthumb -o "Drivers/STM32F1xx_HAL_Driver/Src/stm32f1xx_hal_gpio_ex.o"
../Drivers/STM32F1xx_HAL_Driver/Src/stm32f1xx_hal_adc_ex.c:39:10: fatal error: stm32f1xx_hal.h: No such file or directory
   39 | #include "stm32f1xx_hal.h"
      |          ^~~~~~~~~~~~~~~~~
compilation terminated.
arm-none-eabi-gcc "../Drivers/STM32F1xx_HAL_Driver/Src/stm32f1xx_hal_pwr.c" -mcpu=cortex-m3 -std=gnu11 -g3 -DDEBUG -DUSE_HAL_DRIVER -DSTM32F103xE -c -I../../Core/Inc -I../../Drivers/STM32F1xx_HAL_Driver/Inc -I../../Drivers/STM32F1xx_HAL_Driver/Inc/Legacy -I../../Drivers/CMSIS/Device/ST/STM32F1xx/Include -I../../Drivers/CMSIS/Include -O0 -ffunction-sections -fdata-sections -Wall -fstack-usage -fcyclomatic-complexity -MMD -MP -MF"Drivers/STM32F1xx_HAL_Driver/Src/stm32f1xx_hal_pwr.d" -MT"Drivers/STM32F1xx_HAL_Driver/Src/stm32f1xx_hal_pwr.o" --specs=nano.specs -mfloat-abi=soft -mthumb -o "Drivers/STM32F1xx_HAL_Driver/Src/stm32f1xx_hal_pwr.o"
make: *** [Drivers/STM32F1xx_HAL_Driver/Src/subdir.mk:70: Drivers/STM32F1xx_HAL_Driver/Src/stm32f1xx_hal.o] Error 1
make: *** Waiting for unfinished jobs....
make: *** [Drivers/STM32F1xx_HAL_Driver/Src/subdir.mk:70: Drivers/STM32F1xx_HAL_Driver/Src/stm32f1xx_hal_adc.o] Error 1
../Drivers/STM32F1xx_HAL_Driver/Src/stm32f1xx_hal_can.c:213:10: fatal error: stm32f1xx_hal.h: No such file or directory
  213 | #include "stm32f1xx_hal.h"
      |          ^~~~~~~~~~~~~~~~~
compilation terminated.
make: *** [Drivers/STM32F1xx_HAL_Driver/Src/subdir.mk:70: Drivers/STM32F1xx_HAL_Driver/Src/stm32f1xx_hal_adc_ex.o] Error 1
../Drivers/STM32F1xx_HAL_Driver/Src/stm32f1xx_hal_dma.c:84:10: fatal error: stm32f1xx_hal.h: No such file or directory
   84 | #include "stm32f1xx_hal.h"
      |          ^~~~~~~~~~~~~~~~~
compilation terminated.
../Drivers/STM32F1xx_HAL_Driver/Src/stm32f1xx_hal_exti.c:86:10: fatal error: stm32f1xx_hal.h: No such file or directory
   86 | #include "stm32f1xx_hal.h"
      |          ^~~~~~~~~~~~~~~~~
compilation terminated.
../Drivers/STM32F1xx_HAL_Driver/Src/stm32f1xx_hal_cortex.c:82:10: fatal error: stm32f1xx_hal.h: No such file or directory
   82 | #include "stm32f1xx_hal.h"
      |          ^~~~~~~~~~~~~~~~~
compilation terminated.
make: *** [Drivers/STM32F1xx_HAL_Driver/Src/subdir.mk:70: Drivers/STM32F1xx_HAL_Driver/Src/stm32f1xx_hal_can.o] Error 1
make: *** [Drivers/STM32F1xx_HAL_Driver/Src/subdir.mk:70: Drivers/STM32F1xx_HAL_Driver/Src/stm32f1xx_hal_dma.o] Error 1
make: *** [Drivers/STM32F1xx_HAL_Driver/Src/subdir.mk:70: Drivers/STM32F1xx_HAL_Driver/Src/stm32f1xx_hal_cortex.o] Error 1
make: *** [Drivers/STM32F1xx_HAL_Driver/Src/subdir.mk:70: Drivers/STM32F1xx_HAL_Driver/Src/stm32f1xx_hal_exti.o] Error 1
../Drivers/STM32F1xx_HAL_Driver/Src/stm32f1xx_hal_flash.c:83:10: fatal error: stm32f1xx_hal.h: No such file or directory
   83 | #include "stm32f1xx_hal.h"
      |          ^~~~~~~~~~~~~~~~~
compilation terminated.
../Drivers/STM32F1xx_HAL_Driver/Src/stm32f1xx_hal_flash_ex.c:41:10: fatal error: stm32f1xx_hal.h: No such file or directory
   41 | #include "stm32f1xx_hal.h"
      |          ^~~~~~~~~~~~~~~~~
make: *** [Drivers/STM32F1xx_HAL_Driver/Src/subdir.mk:70: Drivers/STM32F1xx_HAL_Driver/Src/stm32f1xx_hal_flash.o] Error 1
compilation terminated.
../Drivers/STM32F1xx_HAL_Driver/Src/stm32f1xx_hal_gpio.c:105:10: fatal error: stm32f1xx_hal.h: No such file or directory
  105 | #include "stm32f1xx_hal.h"
      |          ^~~~~~~~~~~~~~~~~
compilation terminated.
../Drivers/STM32F1xx_HAL_Driver/Src/stm32f1xx_hal_gpio_ex.c:40:10: fatal error: stm32f1xx_hal.h: No such file or directory
   40 | #include "stm32f1xx_hal.h"
      |          ^~~~~~~~~~~~~~~~~
compilation terminated.
make: *** [Drivers/STM32F1xx_HAL_Driver/Src/subdir.mk:70: Drivers/STM32F1xx_HAL_Driver/Src/stm32f1xx_hal_flash_ex.o] Error 1
make: *** [Drivers/STM32F1xx_HAL_Driver/Src/subdir.mk:70: Drivers/STM32F1xx_HAL_Driver/Src/stm32f1xx_hal_gpio.o] Error 1
../Drivers/STM32F1xx_HAL_Driver/Src/stm32f1xx_hal_pwr.c:26:10: fatal error: stm32f1xx_hal.h: No such file or directory
   26 | #include "stm32f1xx_hal.h"
      |          ^~~~~~~~~~~~~~~~~
compilation terminated.
make: *** [Drivers/STM32F1xx_HAL_Driver/Src/subdir.mk:70: Drivers/STM32F1xx_HAL_Driver/Src/stm32f1xx_hal_gpio_ex.o] Error 1
make: *** [Drivers/STM32F1xx_HAL_Driver/Src/subdir.mk:70: Drivers/STM32F1xx_HAL_Driver/Src/stm32f1xx_hal_pwr.o] Error 1
"make -j12 all" terminated with exit code 2. Build might be incomplete.

14:40:43 Build Failed. 25 errors, 0 warnings. (took 792ms)

