22:34:55 **** Build of configuration Debug for project did ****
make -j12 all 
arm-none-eabi-gcc "../Drivers/STM32F1xx_HAL_Driver/Src/stm32f1xx_hal.c" -mcpu=cortex-m3 -std=gnu11 -g3 -DDEBUG -DUSE_HAL_DRIVER -DSTM32F103xB -c -I../Core/Inc -I../../../libraries/cyclic_data -I../Drivers/STM32F1xx_HAL_Driver/Inc -I../Drivers/STM32F1xx_HAL_Driver/Inc/Legacy -I../Drivers/CMSIS/Device/ST/STM32F1xx/Include -I../Drivers/CMSIS/Include -O0 -ffunction-sections -fdata-sections -Wall -fstack-usage -fcyclomatic-complexity -MMD -MP -MF"Drivers/STM32F1xx_HAL_Driver/Src/stm32f1xx_hal.d" -MT"Drivers/STM32F1xx_HAL_Driver/Src/stm32f1xx_hal.o" --specs=nano.specs -mfloat-abi=soft -mthumb -o "Drivers/STM32F1xx_HAL_Driver/Src/stm32f1xx_hal.o"
arm-none-eabi-gcc "../Drivers/STM32F1xx_HAL_Driver/Src/stm32f1xx_hal_can.c" -mcpu=cortex-m3 -std=gnu11 -g3 -DDEBUG -DUSE_HAL_DRIVER -DSTM32F103xB -c -I../Core/Inc -I../../../libraries/cyclic_data -I../Drivers/STM32F1xx_HAL_Driver/Inc -I../Drivers/STM32F1xx_HAL_Driver/Inc/Legacy -I../Drivers/CMSIS/Device/ST/STM32F1xx/Include -I../Drivers/CMSIS/Include -O0 -ffunction-sections -fdata-sections -Wall -fstack-usage -fcyclomatic-complexity -MMD -MP -MF"Drivers/STM32F1xx_HAL_Driver/Src/stm32f1xx_hal_can.d" -MT"Drivers/STM32F1xx_HAL_Driver/Src/stm32f1xx_hal_can.o" --specs=nano.specs -mfloat-abi=soft -mthumb -o "Drivers/STM32F1xx_HAL_Driver/Src/stm32f1xx_hal_can.o"
arm-none-eabi-gcc "../Drivers/STM32F1xx_HAL_Driver/Src/stm32f1xx_hal_cortex.c" -mcpu=cortex-m3 -std=gnu11 -g3 -DDEBUG -DUSE_HAL_DRIVER -DSTM32F103xB -c -I../Core/Inc -I../../../libraries/cyclic_data -I../Drivers/STM32F1xx_HAL_Driver/Inc -I../Drivers/STM32F1xx_HAL_Driver/Inc/Legacy -I../Drivers/CMSIS/Device/ST/STM32F1xx/Include -I../Drivers/CMSIS/Include -O0 -ffunction-sections -fdata-sections -Wall -fstack-usage -fcyclomatic-complexity -MMD -MP -MF"Drivers/STM32F1xx_HAL_Driver/Src/stm32f1xx_hal_cortex.d" -MT"Drivers/STM32F1xx_HAL_Driver/Src/stm32f1xx_hal_cortex.o" --specs=nano.specs -mfloat-abi=soft -mthumb -o "Drivers/STM32F1xx_HAL_Driver/Src/stm32f1xx_hal_cortex.o"
arm-none-eabi-gcc "../Drivers/STM32F1xx_HAL_Driver/Src/stm32f1xx_hal_dma.c" -mcpu=cortex-m3 -std=gnu11 -g3 -DDEBUG -DUSE_HAL_DRIVER -DSTM32F103xB -c -I../Core/Inc -I../../../libraries/cyclic_data -I../Drivers/STM32F1xx_HAL_Driver/Inc -I../Drivers/STM32F1xx_HAL_Driver/Inc/Legacy -I../Drivers/CMSIS/Device/ST/STM32F1xx/Include -I../Drivers/CMSIS/Include -O0 -ffunction-sections -fdata-sections -Wall -fstack-usage -fcyclomatic-complexity -MMD -MP -MF"Drivers/STM32F1xx_HAL_Driver/Src/stm32f1xx_hal_dma.d" -MT"Drivers/STM32F1xx_HAL_Driver/Src/stm32f1xx_hal_dma.o" --specs=nano.specs -mfloat-abi=soft -mthumb -o "Drivers/STM32F1xx_HAL_Driver/Src/stm32f1xx_hal_dma.o"
arm-none-eabi-gcc "../Drivers/STM32F1xx_HAL_Driver/Src/stm32f1xx_hal_exti.c" -mcpu=cortex-m3 -std=gnu11 -g3 -DDEBUG -DUSE_HAL_DRIVER -DSTM32F103xB -c -I../Core/Inc -I../../../libraries/cyclic_data -I../Drivers/STM32F1xx_HAL_Driver/Inc -I../Drivers/STM32F1xx_HAL_Driver/Inc/Legacy -I../Drivers/CMSIS/Device/ST/STM32F1xx/Include -I../Drivers/CMSIS/Include -O0 -ffunction-sections -fdata-sections -Wall -fstack-usage -fcyclomatic-complexity -MMD -MP -MF"Drivers/STM32F1xx_HAL_Driver/Src/stm32f1xx_hal_exti.d" -MT"Drivers/STM32F1xx_HAL_Driver/Src/stm32f1xx_hal_exti.o" --specs=nano.specs -mfloat-abi=soft -mthumb -o "Drivers/STM32F1xx_HAL_Driver/Src/stm32f1xx_hal_exti.o"
arm-none-eabi-gcc "../Drivers/STM32F1xx_HAL_Driver/Src/stm32f1xx_hal_flash.c" -mcpu=cortex-m3 -std=gnu11 -g3 -DDEBUG -DUSE_HAL_DRIVER -DSTM32F103xB -c -I../Core/Inc -I../../../libraries/cyclic_data -I../Drivers/STM32F1xx_HAL_Driver/Inc -I../Drivers/STM32F1xx_HAL_Driver/Inc/Legacy -I../Drivers/CMSIS/Device/ST/STM32F1xx/Include -I../Drivers/CMSIS/Include -O0 -ffunction-sections -fdata-sections -Wall -fstack-usage -fcyclomatic-complexity -MMD -MP -MF"Drivers/STM32F1xx_HAL_Driver/Src/stm32f1xx_hal_flash.d" -MT"Drivers/STM32F1xx_HAL_Driver/Src/stm32f1xx_hal_flash.o" --specs=nano.specs -mfloat-abi=soft -mthumb -o "Drivers/STM32F1xx_HAL_Driver/Src/stm32f1xx_hal_flash.o"
arm-none-eabi-gcc "../Drivers/STM32F1xx_HAL_Driver/Src/stm32f1xx_hal_flash_ex.c" -mcpu=cortex-m3 -std=gnu11 -g3 -DDEBUG -DUSE_HAL_DRIVER -DSTM32F103xB -c -I../Core/Inc -I../../../libraries/cyclic_data -I../Drivers/STM32F1xx_HAL_Driver/Inc -I../Drivers/STM32F1xx_HAL_Driver/Inc/Legacy -I../Drivers/CMSIS/Device/ST/STM32F1xx/Include -I../Drivers/CMSIS/Include -O0 -ffunction-sections -fdata-sections -Wall -fstack-usage -fcyclomatic-complexity -MMD -MP -MF"Drivers/STM32F1xx_HAL_Driver/Src/stm32f1xx_hal_flash_ex.d" -MT"Drivers/STM32F1xx_HAL_Driver/Src/stm32f1xx_hal_flash_ex.o" --specs=nano.specs -mfloat-abi=soft -mthumb -o "Drivers/STM32F1xx_HAL_Driver/Src/stm32f1xx_hal_flash_ex.o"
arm-none-eabi-gcc "../Drivers/STM32F1xx_HAL_Driver/Src/stm32f1xx_hal_gpio.c" -mcpu=cortex-m3 -std=gnu11 -g3 -DDEBUG -DUSE_HAL_DRIVER -DSTM32F103xB -c -I../Core/Inc -I../../../libraries/cyclic_data -I../Drivers/STM32F1xx_HAL_Driver/Inc -I../Drivers/STM32F1xx_HAL_Driver/Inc/Legacy -I../Drivers/CMSIS/Device/ST/STM32F1xx/Include -I../Drivers/CMSIS/Include -O0 -ffunction-sections -fdata-sections -Wall -fstack-usage -fcyclomatic-complexity -MMD -MP -MF"Drivers/STM32F1xx_HAL_Driver/Src/stm32f1xx_hal_gpio.d" -MT"Drivers/STM32F1xx_HAL_Driver/Src/stm32f1xx_hal_gpio.o" --specs=nano.specs -mfloat-abi=soft -mthumb -o "Drivers/STM32F1xx_HAL_Driver/Src/stm32f1xx_hal_gpio.o"
arm-none-eabi-gcc "../Drivers/STM32F1xx_HAL_Driver/Src/stm32f1xx_hal_gpio_ex.c" -mcpu=cortex-m3 -std=gnu11 -g3 -DDEBUG -DUSE_HAL_DRIVER -DSTM32F103xB -c -I../Core/Inc -I../../../libraries/cyclic_data -I../Drivers/STM32F1xx_HAL_Driver/Inc -I../Drivers/STM32F1xx_HAL_Driver/Inc/Legacy -I../Drivers/CMSIS/Device/ST/STM32F1xx/Include -I../Drivers/CMSIS/Include -O0 -ffunction-sections -fdata-sections -Wall -fstack-usage -fcyclomatic-complexity -MMD -MP -MF"Drivers/STM32F1xx_HAL_Driver/Src/stm32f1xx_hal_gpio_ex.d" -MT"Drivers/STM32F1xx_HAL_Driver/Src/stm32f1xx_hal_gpio_ex.o" --specs=nano.specs -mfloat-abi=soft -mthumb -o "Drivers/STM32F1xx_HAL_Driver/Src/stm32f1xx_hal_gpio_ex.o"
arm-none-eabi-gcc "../Drivers/STM32F1xx_HAL_Driver/Src/stm32f1xx_hal_pwr.c" -mcpu=cortex-m3 -std=gnu11 -g3 -DDEBUG -DUSE_HAL_DRIVER -DSTM32F103xB -c -I../Core/Inc -I../../../libraries/cyclic_data -I../Drivers/STM32F1xx_HAL_Driver/Inc -I../Drivers/STM32F1xx_HAL_Driver/Inc/Legacy -I../Drivers/CMSIS/Device/ST/STM32F1xx/Include -I../Drivers/CMSIS/Include -O0 -ffunction-sections -fdata-sections -Wall -fstack-usage -fcyclomatic-complexity -MMD -MP -MF"Drivers/STM32F1xx_HAL_Driver/Src/stm32f1xx_hal_pwr.d" -MT"Drivers/STM32F1xx_HAL_Driver/Src/stm32f1xx_hal_pwr.o" --specs=nano.specs -mfloat-abi=soft -mthumb -o "Drivers/STM32F1xx_HAL_Driver/Src/stm32f1xx_hal_pwr.o"
arm-none-eabi-gcc "../Drivers/STM32F1xx_HAL_Driver/Src/stm32f1xx_hal_rcc.c" -mcpu=cortex-m3 -std=gnu11 -g3 -DDEBUG -DUSE_HAL_DRIVER -DSTM32F103xB -c -I../Core/Inc -I../../../libraries/cyclic_data -I../Drivers/STM32F1xx_HAL_Driver/Inc -I../Drivers/STM32F1xx_HAL_Driver/Inc/Legacy -I../Drivers/CMSIS/Device/ST/STM32F1xx/Include -I../Drivers/CMSIS/Include -O0 -ffunction-sections -fdata-sections -Wall -fstack-usage -fcyclomatic-complexity -MMD -MP -MF"Drivers/STM32F1xx_HAL_Driver/Src/stm32f1xx_hal_rcc.d" -MT"Drivers/STM32F1xx_HAL_Driver/Src/stm32f1xx_hal_rcc.o" --specs=nano.specs -mfloat-abi=soft -mthumb -o "Drivers/STM32F1xx_HAL_Driver/Src/stm32f1xx_hal_rcc.o"
arm-none-eabi-gcc "../Drivers/STM32F1xx_HAL_Driver/Src/stm32f1xx_hal_rcc_ex.c" -mcpu=cortex-m3 -std=gnu11 -g3 -DDEBUG -DUSE_HAL_DRIVER -DSTM32F103xB -c -I../Core/Inc -I../../../libraries/cyclic_data -I../Drivers/STM32F1xx_HAL_Driver/Inc -I../Drivers/STM32F1xx_HAL_Driver/Inc/Legacy -I../Drivers/CMSIS/Device/ST/STM32F1xx/Include -I../Drivers/CMSIS/Include -O0 -ffunction-sections -fdata-sections -Wall -fstack-usage -fcyclomatic-complexity -MMD -MP -MF"Drivers/STM32F1xx_HAL_Driver/Src/stm32f1xx_hal_rcc_ex.d" -MT"Drivers/STM32F1xx_HAL_Driver/Src/stm32f1xx_hal_rcc_ex.o" --specs=nano.specs -mfloat-abi=soft -mthumb -o "Drivers/STM32F1xx_HAL_Driver/Src/stm32f1xx_hal_rcc_ex.o"
arm-none-eabi-gcc "../Drivers/STM32F1xx_HAL_Driver/Src/stm32f1xx_hal_tim.c" -mcpu=cortex-m3 -std=gnu11 -g3 -DDEBUG -DUSE_HAL_DRIVER -DSTM32F103xB -c -I../Core/Inc -I../../../libraries/cyclic_data -I../Drivers/STM32F1xx_HAL_Driver/Inc -I../Drivers/STM32F1xx_HAL_Driver/Inc/Legacy -I../Drivers/CMSIS/Device/ST/STM32F1xx/Include -I../Drivers/CMSIS/Include -O0 -ffunction-sections -fdata-sections -Wall -fstack-usage -fcyclomatic-complexity -MMD -MP -MF"Drivers/STM32F1xx_HAL_Driver/Src/stm32f1xx_hal_tim.d" -MT"Drivers/STM32F1xx_HAL_Driver/Src/stm32f1xx_hal_tim.o" --specs=nano.specs -mfloat-abi=soft -mthumb -o "Drivers/STM32F1xx_HAL_Driver/Src/stm32f1xx_hal_tim.o"
arm-none-eabi-gcc "../Drivers/STM32F1xx_HAL_Driver/Src/stm32f1xx_hal_tim_ex.c" -mcpu=cortex-m3 -std=gnu11 -g3 -DDEBUG -DUSE_HAL_DRIVER -DSTM32F103xB -c -I../Core/Inc -I../../../libraries/cyclic_data -I../Drivers/STM32F1xx_HAL_Driver/Inc -I../Drivers/STM32F1xx_HAL_Driver/Inc/Legacy -I../Drivers/CMSIS/Device/ST/STM32F1xx/Include -I../Drivers/CMSIS/Include -O0 -ffunction-sections -fdata-sections -Wall -fstack-usage -fcyclomatic-complexity -MMD -MP -MF"Drivers/STM32F1xx_HAL_Driver/Src/stm32f1xx_hal_tim_ex.d" -MT"Drivers/STM32F1xx_HAL_Driver/Src/stm32f1xx_hal_tim_ex.o" --specs=nano.specs -mfloat-abi=soft -mthumb -o "Drivers/STM32F1xx_HAL_Driver/Src/stm32f1xx_hal_tim_ex.o"
arm-none-eabi-gcc -mcpu=cortex-m3 -g3 -DDEBUG -c -x assembler-with-cpp -MMD -MP -MF"Core/Startup/startup_stm32f103rbtx.d" -MT"Core/Startup/startup_stm32f103rbtx.o" --specs=nano.specs -mfloat-abi=soft -mthumb -o "Core/Startup/startup_stm32f103rbtx.o" "../Core/Startup/startup_stm32f103rbtx.s"
arm-none-eabi-gcc "../Core/Src/DID.c" -mcpu=cortex-m3 -std=gnu11 -g3 -DDEBUG -DUSE_HAL_DRIVER -DSTM32F103xB -c -I../Core/Inc -I../../../libraries/cyclic_data -I../Drivers/STM32F1xx_HAL_Driver/Inc -I../Drivers/STM32F1xx_HAL_Driver/Inc/Legacy -I../Drivers/CMSIS/Device/ST/STM32F1xx/Include -I../Drivers/CMSIS/Include -O0 -ffunction-sections -fdata-sections -Wall -fstack-usage -fcyclomatic-complexity -MMD -MP -MF"Core/Src/DID.d" -MT"Core/Src/DID.o" --specs=nano.specs -mfloat-abi=soft -mthumb -o "Core/Src/DID.o"
arm-none-eabi-gcc "../Core/Src/LCD.c" -mcpu=cortex-m3 -std=gnu11 -g3 -DDEBUG -DUSE_HAL_DRIVER -DSTM32F103xB -c -I../Core/Inc -I../../../libraries/cyclic_data -I../Drivers/STM32F1xx_HAL_Driver/Inc -I../Drivers/STM32F1xx_HAL_Driver/Inc/Legacy -I../Drivers/CMSIS/Device/ST/STM32F1xx/Include -I../Drivers/CMSIS/Include -O0 -ffunction-sections -fdata-sections -Wall -fstack-usage -fcyclomatic-complexity -MMD -MP -MF"Core/Src/LCD.d" -MT"Core/Src/LCD.o" --specs=nano.specs -mfloat-abi=soft -mthumb -o "Core/Src/LCD.o"
arm-none-eabi-gcc "../Core/Src/can.c" -mcpu=cortex-m3 -std=gnu11 -g3 -DDEBUG -DUSE_HAL_DRIVER -DSTM32F103xB -c -I../Core/Inc -I../../../libraries/cyclic_data -I../Drivers/STM32F1xx_HAL_Driver/Inc -I../Drivers/STM32F1xx_HAL_Driver/Inc/Legacy -I../Drivers/CMSIS/Device/ST/STM32F1xx/Include -I../Drivers/CMSIS/Include -O0 -ffunction-sections -fdata-sections -Wall -fstack-usage -fcyclomatic-complexity -MMD -MP -MF"Core/Src/can.d" -MT"Core/Src/can.o" --specs=nano.specs -mfloat-abi=soft -mthumb -o "Core/Src/can.o"
arm-none-eabi-gcc "../Core/Src/gpio.c" -mcpu=cortex-m3 -std=gnu11 -g3 -DDEBUG -DUSE_HAL_DRIVER -DSTM32F103xB -c -I../Core/Inc -I../../../libraries/cyclic_data -I../Drivers/STM32F1xx_HAL_Driver/Inc -I../Drivers/STM32F1xx_HAL_Driver/Inc/Legacy -I../Drivers/CMSIS/Device/ST/STM32F1xx/Include -I../Drivers/CMSIS/Include -O0 -ffunction-sections -fdata-sections -Wall -fstack-usage -fcyclomatic-complexity -MMD -MP -MF"Core/Src/gpio.d" -MT"Core/Src/gpio.o" --specs=nano.specs -mfloat-abi=soft -mthumb -o "Core/Src/gpio.o"
arm-none-eabi-gcc "../Core/Src/main.c" -mcpu=cortex-m3 -std=gnu11 -g3 -DDEBUG -DUSE_HAL_DRIVER -DSTM32F103xB -c -I../Core/Inc -I../../../libraries/cyclic_data -I../Drivers/STM32F1xx_HAL_Driver/Inc -I../Drivers/STM32F1xx_HAL_Driver/Inc/Legacy -I../Drivers/CMSIS/Device/ST/STM32F1xx/Include -I../Drivers/CMSIS/Include -O0 -ffunction-sections -fdata-sections -Wall -fstack-usage -fcyclomatic-complexity -MMD -MP -MF"Core/Src/main.d" -MT"Core/Src/main.o" --specs=nano.specs -mfloat-abi=soft -mthumb -o "Core/Src/main.o"
arm-none-eabi-gcc "../Core/Src/stm32f1xx_hal_msp.c" -mcpu=cortex-m3 -std=gnu11 -g3 -DDEBUG -DUSE_HAL_DRIVER -DSTM32F103xB -c -I../Core/Inc -I../../../libraries/cyclic_data -I../Drivers/STM32F1xx_HAL_Driver/Inc -I../Drivers/STM32F1xx_HAL_Driver/Inc/Legacy -I../Drivers/CMSIS/Device/ST/STM32F1xx/Include -I../Drivers/CMSIS/Include -O0 -ffunction-sections -fdata-sections -Wall -fstack-usage -fcyclomatic-complexity -MMD -MP -MF"Core/Src/stm32f1xx_hal_msp.d" -MT"Core/Src/stm32f1xx_hal_msp.o" --specs=nano.specs -mfloat-abi=soft -mthumb -o "Core/Src/stm32f1xx_hal_msp.o"
arm-none-eabi-gcc "../Core/Src/stm32f1xx_it.c" -mcpu=cortex-m3 -std=gnu11 -g3 -DDEBUG -DUSE_HAL_DRIVER -DSTM32F103xB -c -I../Core/Inc -I../../../libraries/cyclic_data -I../Drivers/STM32F1xx_HAL_Driver/Inc -I../Drivers/STM32F1xx_HAL_Driver/Inc/Legacy -I../Drivers/CMSIS/Device/ST/STM32F1xx/Include -I../Drivers/CMSIS/Include -O0 -ffunction-sections -fdata-sections -Wall -fstack-usage -fcyclomatic-complexity -MMD -MP -MF"Core/Src/stm32f1xx_it.d" -MT"Core/Src/stm32f1xx_it.o" --specs=nano.specs -mfloat-abi=soft -mthumb -o "Core/Src/stm32f1xx_it.o"
arm-none-eabi-gcc "../Core/Src/syscalls.c" -mcpu=cortex-m3 -std=gnu11 -g3 -DDEBUG -DUSE_HAL_DRIVER -DSTM32F103xB -c -I../Core/Inc -I../../../libraries/cyclic_data -I../Drivers/STM32F1xx_HAL_Driver/Inc -I../Drivers/STM32F1xx_HAL_Driver/Inc/Legacy -I../Drivers/CMSIS/Device/ST/STM32F1xx/Include -I../Drivers/CMSIS/Include -O0 -ffunction-sections -fdata-sections -Wall -fstack-usage -fcyclomatic-complexity -MMD -MP -MF"Core/Src/syscalls.d" -MT"Core/Src/syscalls.o" --specs=nano.specs -mfloat-abi=soft -mthumb -o "Core/Src/syscalls.o"
arm-none-eabi-gcc "../Core/Src/sysmem.c" -mcpu=cortex-m3 -std=gnu11 -g3 -DDEBUG -DUSE_HAL_DRIVER -DSTM32F103xB -c -I../Core/Inc -I../../../libraries/cyclic_data -I../Drivers/STM32F1xx_HAL_Driver/Inc -I../Drivers/STM32F1xx_HAL_Driver/Inc/Legacy -I../Drivers/CMSIS/Device/ST/STM32F1xx/Include -I../Drivers/CMSIS/Include -O0 -ffunction-sections -fdata-sections -Wall -fstack-usage -fcyclomatic-complexity -MMD -MP -MF"Core/Src/sysmem.d" -MT"Core/Src/sysmem.o" --specs=nano.specs -mfloat-abi=soft -mthumb -o "Core/Src/sysmem.o"
arm-none-eabi-gcc "../Core/Src/system_stm32f1xx.c" -mcpu=cortex-m3 -std=gnu11 -g3 -DDEBUG -DUSE_HAL_DRIVER -DSTM32F103xB -c -I../Core/Inc -I../../../libraries/cyclic_data -I../Drivers/STM32F1xx_HAL_Driver/Inc -I../Drivers/STM32F1xx_HAL_Driver/Inc/Legacy -I../Drivers/CMSIS/Device/ST/STM32F1xx/Include -I../Drivers/CMSIS/Include -O0 -ffunction-sections -fdata-sections -Wall -fstack-usage -fcyclomatic-complexity -MMD -MP -MF"Core/Src/system_stm32f1xx.d" -MT"Core/Src/system_stm32f1xx.o" --specs=nano.specs -mfloat-abi=soft -mthumb -o "Core/Src/system_stm32f1xx.o"
../Core/Src/LCD.c: In function 'OutputString':
../Core/Src/LCD.c:166:27: warning: suggest parentheses around comparison in operand of '!=' [-Wparentheses]
  166 |     for (uint8_t c = 0; c < Str[c] != '\0'; c++)
      |                         ~~^~~~~~~~
../Core/Src/DID.c:21:49: error: expected ')' before numeric constant
   21 | CREATE_CYCLIC_DATA_FLOAT( data_simulation_speed, MAX_CYCLE_TIME_SIMULATION_SPEED );
      |                                                 ^
      |                                                 )
../Core/Src/DID.c:22:41: error: expected ')' before numeric constant
   22 | CREATE_CYCLIC_DATA_U8( data_battery_SOC, MAX_CYCLE_TIME_BATTERY_SOC );
      |                                         ^
      |                                         )
../Core/Src/DID.c:23:48: error: expected ')' before numeric constant
   23 | CREATE_CYCLIC_DATA_FLOAT( data_target_velocity, MAX_CYCLE_TIME_MOTOR_COMMAND );
      |                                                ^
      |                                                )
../Core/Src/DID.c:24:49: error: expected ')' before numeric constant
   24 | CREATE_CYCLIC_DATA_FLOAT( data_vehicle_velocity, MAX_CYCLE_TIME_VEHICLE_VELOCITY );
      |                                                 ^
      |                                                 )
../Core/Src/DID.c:25:45: error: expected ')' before numeric constant
   25 | CREATE_CYCLIC_DATA_U8( data_MCB_drive_state, MAX_CYCLE_TIME_MCB_DRIVE_STATE );
      |                                             ^
      |                                             )
../Core/Src/DID.c:26:47: error: expected ')' before numeric constant
   26 | CREATE_CYCLIC_DATA_U8( data_MCB_regen_enabled, MAX_CYCLE_TIME_MCB_REGEN_ENABLED );
      |                                               ^
      |                                               )
../Core/Src/DID.c:27:46: error: expected ')' before numeric constant
   27 | CREATE_CYCLIC_DATA_FLOAT( data_motor_current, MAX_CYCLE_TIME_MOTOR_CURRENT );
      |                                              ^
      |                                              )
../Core/Src/DID.c:28:46: error: expected ')' before numeric constant
   28 | CREATE_CYCLIC_DATA_FLOAT( data_array_current, MAX_CYCLE_TIME_ARRAY_CURRENT );
      |                                              ^
      |                                              )
../Core/Src/DID.c:29:45: error: expected ')' before numeric constant
   29 | CREATE_CYCLIC_DATA_FLOAT( data_pack_current, MAX_CYCLE_TIME_PACK_CURRENT );
      |                                             ^
      |                                             )
../Core/Src/DID.c:30:43: error: expected ')' before numeric constant
   30 | CREATE_CYCLIC_DATA_U16( data_pack_voltage, MAX_CYCLE_TIME_PACK_VOLTAGE );
      |                                           ^
      |                                           )
../Core/Src/DID.c:31:46: error: expected ')' before numeric constant
   31 | CREATE_CYCLIC_DATA_S8( data_pack_temperature, MAX_CYCLE_TIME_PACK_TEMPERATURE );
      |                                              ^
      |                                              )
../Core/Src/DID.c: In function 'parse_can_message':
../Core/Src/DID.c:71:25: warning: implicit declaration of function 'SET_CYCLIC_DATA'; did you mean 'CYCLIC_DATA'? [-Wimplicit-function-declaration]
   71 |                         SET_CYCLIC_DATA( data_simulation_speed, temp_simulation_speed.float_value );
      |                         ^~~~~~~~~~~~~~~
      |                         CYCLIC_DATA
../Core/Src/DID.c:71:42: error: 'data_simulation_speed' undeclared (first use in this function); did you mean 'temp_simulation_speed'?
   71 |                         SET_CYCLIC_DATA( data_simulation_speed, temp_simulation_speed.float_value );
      |                                          ^~~~~~~~~~~~~~~~~~~~~
      |                                          temp_simulation_speed
../Core/Src/DID.c:71:42: note: each undeclared identifier is reported only once for each function it appears in
../Core/Src/DID.c:79:42: error: 'data_battery_SOC' undeclared (first use in this function)
   79 |                         SET_CYCLIC_DATA( data_battery_SOC, CAN_rx_data[0] );
      |                                          ^~~~~~~~~~~~~~~~
../Core/Src/DID.c:94:42: error: 'data_target_velocity' undeclared (first use in this function); did you mean 'temp_target_velocity'?
   94 |                         SET_CYCLIC_DATA( data_target_velocity, temp_target_velocity.float_value );
      |                                          ^~~~~~~~~~~~~~~~~~~~
      |                                          temp_target_velocity
../Core/Src/DID.c:109:42: error: 'data_vehicle_velocity' undeclared (first use in this function); did you mean 'temp_vehicle_velocity'?
  109 |                         SET_CYCLIC_DATA( data_vehicle_velocity, temp_vehicle_velocity.float_value );
      |                                          ^~~~~~~~~~~~~~~~~~~~~
      |                                          temp_vehicle_velocity
../Core/Src/DID.c:116:42: error: 'data_MCB_drive_state' undeclared (first use in this function)
  116 |                         SET_CYCLIC_DATA( data_MCB_drive_state, CAN_rx_data[0] );
      |                                          ^~~~~~~~~~~~~~~~~~~~
../Core/Src/DID.c:124:42: error: 'data_MCB_regen_enabled' undeclared (first use in this function)
  124 |                         SET_CYCLIC_DATA( data_MCB_regen_enabled, regen_enabled);
      |                                          ^~~~~~~~~~~~~~~~~~~~~~
../Core/Src/DID.c:137:42: error: 'data_motor_current' undeclared (first use in this function); did you mean 'temp_motor_current'?
  137 |                         SET_CYCLIC_DATA( data_motor_current, temp_motor_current.float_value );
      |                                          ^~~~~~~~~~~~~~~~~~
      |                                          temp_motor_current
../Core/Src/DID.c:150:42: error: 'data_array_current' undeclared (first use in this function); did you mean 'temp_array_current'?
arm-none-eabi-gcc "../Core/Src/tim.c" -mcpu=cortex-m3 -std=gnu11 -g3 -DDEBUG -DUSE_HAL_DRIVER -DSTM32F103xB -c -I../Core/Inc -I../../../libraries/cyclic_data -I../Drivers/STM32F1xx_HAL_Driver/Inc -I../Drivers/STM32F1xx_HAL_Driver/Inc/Legacy -I../Drivers/CMSIS/Device/ST/STM32F1xx/Include -I../Drivers/CMSIS/Include -O0 -ffunction-sections -fdata-sections -Wall -fstack-usage -fcyclomatic-complexity -MMD -MP -MF"Core/Src/tim.d" -MT"Core/Src/tim.o" --specs=nano.specs -mfloat-abi=soft -mthumb -o "Core/Src/tim.o"
  150 |                         SET_CYCLIC_DATA( data_array_current, temp_array_current.float_value );
      |                                          ^~~~~~~~~~~~~~~~~~
      |                                          temp_array_current
../Core/Src/DID.c:163:42: error: 'data_pack_current' undeclared (first use in this function); did you mean 'temp_pack_current'?
  163 |                         SET_CYCLIC_DATA( data_pack_current, pack_current_float.float_value );
      |                                          ^~~~~~~~~~~~~~~~~
      |                                          temp_pack_current
../Core/Src/DID.c:175:42: error: 'data_pack_voltage' undeclared (first use in this function); did you mean 'temp_pack_voltage'?
  175 |                         SET_CYCLIC_DATA( data_pack_voltage, temp_pack_voltage.U16_value );
      |                                          ^~~~~~~~~~~~~~~~~
      |                                          temp_pack_voltage
../Core/Src/DID.c:185:42: error: 'data_pack_temperature' undeclared (first use in this function); did you mean 'temp_pack_temperature'?
  185 |                         SET_CYCLIC_DATA( data_pack_temperature, temp_pack_temperature.S8_value );
      |                                          ^~~~~~~~~~~~~~~~~~~~~
      |                                          temp_pack_temperature
../Core/Src/DID.c: In function 'update_DID_screen':
../Core/Src/DID.c:208:51: warning: implicit declaration of function 'GET_CYCLIC_DATA'; did you mean 'CYCLIC_DATA'? [-Wimplicit-function-declaration]
  208 |                         float* vehicle_velocity = GET_CYCLIC_DATA( data_vehicle_velocity );
      |                                                   ^~~~~~~~~~~~~~~
      |                                                   CYCLIC_DATA
../Core/Src/DID.c:208:68: error: 'data_vehicle_velocity' undeclared (first use in this function); did you mean 'vehicle_velocity'?
  208 |                         float* vehicle_velocity = GET_CYCLIC_DATA( data_vehicle_velocity );
      |                                                                    ^~~~~~~~~~~~~~~~~~~~~
      |                                                                    vehicle_velocity
../Core/Src/DID.c:209:67: error: 'data_pack_voltage' undeclared (first use in this function); did you mean 'pack_voltage'?
  209 |                         uint16_t* pack_voltage = GET_CYCLIC_DATA( data_pack_voltage );
      |                                                                   ^~~~~~~~~~~~~~~~~
      |                                                                   pack_voltage
../Core/Src/DID.c:211:69: error: 'data_MCB_drive_state' undeclared (first use in this function); did you mean 'MCB_drive_state'?
  211 |                         uint8_t* MCB_drive_state = GET_CYCLIC_DATA( data_MCB_drive_state );
      |                                                                     ^~~~~~~~~~~~~~~~~~~~
      |                                                                     MCB_drive_state
../Core/Src/DID.c:212:71: error: 'data_MCB_regen_enabled' undeclared (first use in this function); did you mean 'MCB_regen_enabled'?
  212 |                         uint8_t* MCB_regen_enabled = GET_CYCLIC_DATA (data_MCB_regen_enabled);
      |                                                                       ^~~~~~~~~~~~~~~~~~~~~~
      |                                                                       MCB_regen_enabled
../Core/Src/DID.c:214:64: error: 'data_pack_current' undeclared (first use in this function); did you mean 'pack_current'?
  214 |                         float* pack_current = GET_CYCLIC_DATA( data_pack_current );
      |                                                                ^~~~~~~~~~~~~~~~~
      |                                                                pack_current
../Core/Src/DID.c:320:65: error: 'data_motor_current' undeclared (first use in this function); did you mean 'motor_current'?
  320 |                         float* motor_current = GET_CYCLIC_DATA( data_motor_current );
      |                                                                 ^~~~~~~~~~~~~~~~~~
      |                                                                 motor_current
../Core/Src/DID.c:321:65: error: 'data_array_current' undeclared (first use in this function); did you mean 'array_current'?
  321 |                         float* array_current = GET_CYCLIC_DATA( data_array_current );
      |                                                                 ^~~~~~~~~~~~~~~~~~
      |                                                                 array_current
../Core/Src/DID.c:359:77: error: 'data_pack_temperature' undeclared (first use in this function); did you mean 'pack_temperature'?
  359 |                                 int8_t* pack_temperature = GET_CYCLIC_DATA( data_pack_temperature );
      |                                                                             ^~~~~~~~~~~~~~~~~~~~~
      |                                                                             pack_temperature
make: *** [Core/Src/subdir.mk:49: Core/Src/DID.o] Error 1
make: *** Waiting for unfinished jobs....
"make -j12 all" terminated with exit code 2. Build might be incomplete.

22:34:59 Build Failed. 32 errors, 3 warnings. (took 3s.798ms)

