17:16:27 **** Incremental Build of configuration Debug for project Jlink_Nucleo_Blinky ****
make -j12 all 
arm-none-eabi-size  Jlink_Nucleo_Blinky.elf 
   text	   data	    bss	    dec	    hex	filename
   5680	     12	   1644	   7336	   1ca8	Jlink_Nucleo_Blinky.elf
Finished building: default.size.stdout
 
17:16:53 **** Incremental Build of configuration Debug for project Jlink_Nucleo_Blinky ****
make -j12 all 
arm-none-eabi-size  Jlink_Nucleo_Blinky.elf 
   text	   data	    bss	    dec	    hex	filename
   5680	     12	   1644	   7336	   1ca8	Jlink_Nucleo_Blinky.elf
Finished building: default.size.stdout
 
