Archive member included to satisfy reference by file (symbol)

/home/aarjav/st/stm32cubeide_1.18.0/plugins/com.st.stm32cube.ide.mcu.externaltools.gnu-tools-for-stm32.13.3.rel1.linux64_1.0.0.202410170706/tools/bin/../lib/gcc/arm-none-eabi/13.3.1/../../../../arm-none-eabi/lib/thumb/v7-m/nofp/libc_nano.a(libc_a-exit.o)
                              /home/aarjav/st/stm32cubeide_1.18.0/plugins/com.st.stm32cube.ide.mcu.externaltools.gnu-tools-for-stm32.13.3.rel1.linux64_1.0.0.202410170706/tools/bin/../lib/gcc/arm-none-eabi/13.3.1/../../../../arm-none-eabi/lib/thumb/v7-m/nofp/crt0.o (exit)
/home/aarjav/st/stm32cubeide_1.18.0/plugins/com.st.stm32cube.ide.mcu.externaltools.gnu-tools-for-stm32.13.3.rel1.linux64_1.0.0.202410170706/tools/bin/../lib/gcc/arm-none-eabi/13.3.1/../../../../arm-none-eabi/lib/thumb/v7-m/nofp/libc_nano.a(libc_a-findfp.o)
                              /home/aarjav/st/stm32cubeide_1.18.0/plugins/com.st.stm32cube.ide.mcu.externaltools.gnu-tools-for-stm32.13.3.rel1.linux64_1.0.0.202410170706/tools/bin/../lib/gcc/arm-none-eabi/13.3.1/../../../../arm-none-eabi/lib/thumb/v7-m/nofp/libc_nano.a(libc_a-exit.o) (__stdio_exit_handler)
/home/aarjav/st/stm32cubeide_1.18.0/plugins/com.st.stm32cube.ide.mcu.externaltools.gnu-tools-for-stm32.13.3.rel1.linux64_1.0.0.202410170706/tools/bin/../lib/gcc/arm-none-eabi/13.3.1/../../../../arm-none-eabi/lib/thumb/v7-m/nofp/libc_nano.a(libc_a-fwalk.o)
                              /home/aarjav/st/stm32cubeide_1.18.0/plugins/com.st.stm32cube.ide.mcu.externaltools.gnu-tools-for-stm32.13.3.rel1.linux64_1.0.0.202410170706/tools/bin/../lib/gcc/arm-none-eabi/13.3.1/../../../../arm-none-eabi/lib/thumb/v7-m/nofp/libc_nano.a(libc_a-findfp.o) (_fwalk_sglue)
/home/aarjav/st/stm32cubeide_1.18.0/plugins/com.st.stm32cube.ide.mcu.externaltools.gnu-tools-for-stm32.13.3.rel1.linux64_1.0.0.202410170706/tools/bin/../lib/gcc/arm-none-eabi/13.3.1/../../../../arm-none-eabi/lib/thumb/v7-m/nofp/libc_nano.a(libc_a-stdio.o)
                              /home/aarjav/st/stm32cubeide_1.18.0/plugins/com.st.stm32cube.ide.mcu.externaltools.gnu-tools-for-stm32.13.3.rel1.linux64_1.0.0.202410170706/tools/bin/../lib/gcc/arm-none-eabi/13.3.1/../../../../arm-none-eabi/lib/thumb/v7-m/nofp/libc_nano.a(libc_a-findfp.o) (__sread)
/home/aarjav/st/stm32cubeide_1.18.0/plugins/com.st.stm32cube.ide.mcu.externaltools.gnu-tools-for-stm32.13.3.rel1.linux64_1.0.0.202410170706/tools/bin/../lib/gcc/arm-none-eabi/13.3.1/../../../../arm-none-eabi/lib/thumb/v7-m/nofp/libc_nano.a(libc_a-memset.o)
                              /home/aarjav/st/stm32cubeide_1.18.0/plugins/com.st.stm32cube.ide.mcu.externaltools.gnu-tools-for-stm32.13.3.rel1.linux64_1.0.0.202410170706/tools/bin/../lib/gcc/arm-none-eabi/13.3.1/../../../../arm-none-eabi/lib/thumb/v7-m/nofp/crt0.o (memset)
/home/aarjav/st/stm32cubeide_1.18.0/plugins/com.st.stm32cube.ide.mcu.externaltools.gnu-tools-for-stm32.13.3.rel1.linux64_1.0.0.202410170706/tools/bin/../lib/gcc/arm-none-eabi/13.3.1/../../../../arm-none-eabi/lib/thumb/v7-m/nofp/libc_nano.a(libc_a-closer.o)
                              /home/aarjav/st/stm32cubeide_1.18.0/plugins/com.st.stm32cube.ide.mcu.externaltools.gnu-tools-for-stm32.13.3.rel1.linux64_1.0.0.202410170706/tools/bin/../lib/gcc/arm-none-eabi/13.3.1/../../../../arm-none-eabi/lib/thumb/v7-m/nofp/libc_nano.a(libc_a-stdio.o) (_close_r)
/home/aarjav/st/stm32cubeide_1.18.0/plugins/com.st.stm32cube.ide.mcu.externaltools.gnu-tools-for-stm32.13.3.rel1.linux64_1.0.0.202410170706/tools/bin/../lib/gcc/arm-none-eabi/13.3.1/../../../../arm-none-eabi/lib/thumb/v7-m/nofp/libc_nano.a(libc_a-reent.o)
                              /home/aarjav/st/stm32cubeide_1.18.0/plugins/com.st.stm32cube.ide.mcu.externaltools.gnu-tools-for-stm32.13.3.rel1.linux64_1.0.0.202410170706/tools/bin/../lib/gcc/arm-none-eabi/13.3.1/../../../../arm-none-eabi/lib/thumb/v7-m/nofp/libc_nano.a(libc_a-closer.o) (errno)
/home/aarjav/st/stm32cubeide_1.18.0/plugins/com.st.stm32cube.ide.mcu.externaltools.gnu-tools-for-stm32.13.3.rel1.linux64_1.0.0.202410170706/tools/bin/../lib/gcc/arm-none-eabi/13.3.1/../../../../arm-none-eabi/lib/thumb/v7-m/nofp/libc_nano.a(libc_a-impure.o)
                              /home/aarjav/st/stm32cubeide_1.18.0/plugins/com.st.stm32cube.ide.mcu.externaltools.gnu-tools-for-stm32.13.3.rel1.linux64_1.0.0.202410170706/tools/bin/../lib/gcc/arm-none-eabi/13.3.1/../../../../arm-none-eabi/lib/thumb/v7-m/nofp/libc_nano.a(libc_a-reent.o) (_impure_ptr)
/home/aarjav/st/stm32cubeide_1.18.0/plugins/com.st.stm32cube.ide.mcu.externaltools.gnu-tools-for-stm32.13.3.rel1.linux64_1.0.0.202410170706/tools/bin/../lib/gcc/arm-none-eabi/13.3.1/../../../../arm-none-eabi/lib/thumb/v7-m/nofp/libc_nano.a(libc_a-lseekr.o)
[...]
Memory Configuration

Name             Origin             Length             Attributes
RAM              0x20000000         0x0000c000         xrw
FLASH            0x08000000         0x00040000         xr
*default*        0x00000000         0xffffffff

Linker script and memory map

LOAD /home/aarjav/st/stm32cubeide_1.18.0/plugins/com.st.stm32cube.ide.mcu.externaltools.gnu-tools-for-stm32.13.3.rel1.linux64_1.0.0.202410170706/tools/bin/../lib/gcc/arm-none-eabi/13.3.1/thumb/v7-m/nofp/crti.o
LOAD /home/aarjav/st/stm32cubeide_1.18.0/plugins/com.st.stm32cube.ide.mcu.externaltools.gnu-tools-for-stm32.13.3.rel1.linux64_1.0.0.202410170706/tools/bin/../lib/gcc/arm-none-eabi/13.3.1/thumb/v7-m/nofp/crtbegin.o
LOAD /home/aarjav/st/stm32cubeide_1.18.0/plugins/com.st.stm32cube.ide.mcu.externaltools.gnu-tools-for-stm32.13.3.rel1.linux64_1.0.0.202410170706/tools/bin/../lib/gcc/arm-none-eabi/13.3.1/../../../../arm-none-eabi/lib/thumb/v7-m/nofp/crt0.o
LOAD ./Core/Src/adc.o
LOAD ./Core/Src/dma.o
LOAD ./Core/Src/gpio.o
LOAD ./Core/Src/main.o
LOAD ./Core/Src/stm32f1xx_hal_msp.o
LOAD ./Core/Src/stm32f1xx_it.o
LOAD ./Core/Src/syscalls.o
LOAD ./Core/Src/sysmem.o
LOAD ./Core/Src/system_stm32f1xx.o
LOAD ./Core/Src/usart.o
LOAD ./Core/Startup/startup_stm32f103rctx.o
LOAD ./Drivers/STM32F1xx_HAL_Driver/Src/stm32f1xx_hal.o
LOAD ./Drivers/STM32F1xx_HAL_Driver/Src/stm32f1xx_hal_adc.o
LOAD ./Drivers/STM32F1xx_HAL_Driver/Src/stm32f1xx_hal_adc_ex.o
LOAD ./Drivers/STM32F1xx_HAL_Driver/Src/stm32f1xx_hal_cortex.o
LOAD ./Drivers/STM32F1xx_HAL_Driver/Src/stm32f1xx_hal_dma.o
LOAD ./Drivers/STM32F1xx_HAL_Driver/Src/stm32f1xx_hal_exti.o
LOAD ./Drivers/STM32F1xx_HAL_Driver/Src/stm32f1xx_hal_flash.o
LOAD ./Drivers/STM32F1xx_HAL_Driver/Src/stm32f1xx_hal_flash_ex.o
LOAD ./Drivers/STM32F1xx_HAL_Driver/Src/stm32f1xx_hal_gpio.o
LOAD ./Drivers/STM32F1xx_HAL_Driver/Src/stm32f1xx_hal_gpio_ex.o
LOAD ./Drivers/STM32F1xx_HAL_Driver/Src/stm32f1xx_hal_pwr.o
LOAD ./Drivers/STM32F1xx_HAL_Driver/Src/stm32f1xx_hal_rcc.o
LOAD ./Drivers/STM32F1xx_HAL_Driver/Src/stm32f1xx_hal_rcc_ex.o
LOAD ./Drivers/STM32F1xx_HAL_Driver/Src/stm32f1xx_hal_uart.o
START GROUP
LOAD /home/aarjav/st/stm32cubeide_1.18.0/plugins/com.st.stm32cube.ide.mcu.externaltools.gnu-tools-for-stm32.13.3.rel1.linux64_1.0.0.202410170706/tools/bin/../lib/gcc/arm-none-eabi/13.3.1/../../../../arm-none-eabi/lib/thumb/v7-m/nofp/libc_nano.a
LOAD /home/aarjav/st/stm32cubeide_1.18.0/plugins/com.st.stm32cube.ide.mcu.externaltools.gnu-tools-for-stm32.13.3.rel1.linux64_1.0.0.202410170706/tools/bin/../lib/gcc/arm-none-eabi/13.3.1/../../../../arm-none-eabi/lib/thumb/v7-m/nofp/libm.a
END GROUP
START GROUP
LOAD /home/aarjav/st/stm32cubeide_1.18.0/plugins/com.st.stm32cube.ide.mcu.externaltools.gnu-tools-for-stm32.13.3.rel1.linux64_1.0.0.202410170706/tools/bin/../lib/gcc/arm-none-eabi/13.3.1/thumb/v7-m/nofp/libgcc.a
LOAD /home/aarjav/st/stm32cubeide_1.18.0/plugins/com.st.stm32cube.ide.mcu.externaltools.gnu-tools-for-stm32.13.3.rel1.linux64_1.0.0.202410170706/tools/bin/../lib/gcc/arm-none-eabi/13.3.1/../../../../arm-none-eabi/lib/thumb/v7-m/nofp/libc_nano.a
END GROUP
START GROUP
LOAD /home/aarjav/st/stm32cubeide_1.18.0/plugins/com.st.stm32cube.ide.mcu.externaltools.gnu-tools-for-stm32.13.3.rel1.linux64_1.0.0.202410170706/tools/bin/../lib/gcc/arm-none-eabi/13.3.1/thumb/v7-m/nofp/libgcc.a
LOAD /home/aarjav/st/stm32cubeide_1.18.0/plugins/com.st.stm32cube.ide.mcu.externaltools.gnu-tools-for-stm32.13.3.rel1.linux64_1.0.0.202410170706/tools/bin/../lib/gcc/arm-none-eabi/13.3.1/../../../../arm-none-eabi/lib/thumb/v7-m/nofp/libc_nano.a
LOAD /home/aarjav/st/stm32cubeide_1.18.0/plugins/com.st.stm32cube.ide.mcu.externaltools.gnu-tools-for-stm32.13.3.rel1.linux64_1.0.0.202410170706/tools/bin/../lib/gcc/arm-none-eabi/13.3.1/../../../../arm-none-eabi/lib/thumb/v7-m/nofp/libnosys.a
END GROUP
START GROUP
LOAD /home/aarjav/st/stm32cubeide_1.18.0/plugins/com.st.stm32cube.ide.mcu.externaltools.gnu-tools-for-stm32.13.3.rel1.linux64_1.0.0.202410170706/tools/bin/../lib/gcc/arm-none-eabi/13.3.1/thumb/v7-m/nofp/libgcc.a
LOAD /home/aarjav/st/stm32cubeide_1.18.0/plugins/com.st.stm32cube.ide.mcu.externaltools.gnu-tools-for-stm32.13.3.rel1.linux64_1.0.0.202410170706/tools/bin/../lib/gcc/arm-none-eabi/13.3.1/../../../../arm-none-eabi/lib/thumb/v7-m/nofp/libc_nano.a
LOAD /home/aarjav/st/stm32cubeide_1.18.0/plugins/com.st.stm32cube.ide.mcu.externaltools.gnu-tools-for-stm32.13.3.rel1.linux64_1.0.0.202410170706/tools/bin/../lib/gcc/arm-none-eabi/13.3.1/../../../../arm-none-eabi/lib/thumb/v7-m/nofp/libnosys.a
END GROUP
LOAD /home/aarjav/st/stm32cubeide_1.18.0/plugins/com.st.stm32cube.ide.mcu.externaltools.gnu-tools-for-stm32.13.3.rel1.linux64_1.0.0.202410170706/tools/bin/../lib/gcc/arm-none-eabi/13.3.1/thumb/v7-m/nofp/crtend.o
LOAD /home/aarjav/st/stm32cubeide_1.18.0/plugins/com.st.stm32cube.ide.mcu.externaltools.gnu-tools-for-stm32.13.3.rel1.linux64_1.0.0.202410170706/tools/bin/../lib/gcc/arm-none-eabi/13.3.1/thumb/v7-m/nofp/crtn.o
                0x2000c000                        _estack = (ORIGIN (RAM) + LENGTH (RAM))
                0x00000200                        _Min_Heap_Size = 0x200
                0x00000400                        _Min_Stack_Size = 0x400

.isr_vector     0x08000000      0x1e4
                0x08000000                        . = ALIGN (0x4)
 *(.isr_vector)
 .isr_vector    0x08000000      0x1e4 ./Core/Startup/startup_stm32f103rctx.o
                0x08000000                g_pfnVectors
                0x080001e4                        . = ALIGN (0x4)

.text           0x080001e4     0x2d60
                0x080001e4                        . = ALIGN (0x4)
 *(.text)
 .text          0x080001e4       0x40 /home/aarjav/st/stm32cubeide_1.18.0/plugins/com.st.stm32cube.ide.mcu.externaltools.gnu-tools-for-stm32.13.3.rel1.linux64_1.0.0.202410170706/tools/bin/../lib/gcc/arm-none-eabi/13.3.1/thumb/v7-m/nofp/crtbegin.o
 *(.text*)
 .text.MX_ADC1_Init
                0x08000224       0xa4 ./Core/Src/adc.o
                0x08000224                MX_ADC1_Init
 .text.MX_ADC2_Init
                0x080002c8       0xa4 ./Core/Src/adc.o
                0x080002c8                MX_ADC2_Init
 .text.HAL_ADC_MspInit
                0x0800036c      0x124 ./Core/Src/adc.o
                0x0800036c                HAL_ADC_MspInit
 .text.MX_DMA_Init
                0x08000490       0x3c ./Core/Src/dma.o
                0x08000490                MX_DMA_Init
 .text.MX_GPIO_Init
                0x080004cc       0x94 ./Core/Src/gpio.o
                0x080004cc                MX_GPIO_Init
 .text.Read_ADC_Value
                0x08000560       0x50 ./Core/Src/main.o
                0x08000560                Read_ADC_Value
 .text.Read_ADC_Value2
                0x080005b0       0x50 ./Core/Src/main.o
                0x080005b0                Read_ADC_Value2
 .text.main     0x08000600       0x9c ./Core/Src/main.o
                0x08000600                main
 .text.SystemClock_Config
                0x0800069c       0xba ./Core/Src/main.o
                0x0800069c                SystemClock_Config
 .text.Error_Handler
                0x08000756        0xc ./Core/Src/main.o
                0x08000756                Error_Handler
 *fill*         0x08000762        0x2 
 .text.HAL_MspInit
                0x08000764       0x64 ./Core/Src/stm32f1xx_hal_msp.o
                0x08000764                HAL_MspInit
 .text.NMI_Handler
                0x080007c8        0x8 ./Core/Src/stm32f1xx_it.o
                0x080007c8                NMI_Handler
 .text.HardFault_Handler
                0x080007d0        0x8 ./Core/Src/stm32f1xx_it.o
                0x080007d0                HardFault_Handler
 .text.MemManage_Handler
                0x080007d8        0x8 ./Core/Src/stm32f1xx_it.o
                0x080007d8                MemManage_Handler
 .text.BusFault_Handler
                0x080007e0        0x8 ./Core/Src/stm32f1xx_it.o
                0x080007e0                BusFault_Handler
 .text.UsageFault_Handler
                0x080007e8        0x8 ./Core/Src/stm32f1xx_it.o
                0x080007e8                UsageFault_Handler
 .text.SVC_Handler
                0x080007f0        0xc ./Core/Src/stm32f1xx_it.o
                0x080007f0                SVC_Handler
 .text.DebugMon_Handler
                0x080007fc        0xc ./Core/Src/stm32f1xx_it.o
                0x080007fc                DebugMon_Handler
 .text.PendSV_Handler
                0x08000808        0xc ./Core/Src/stm32f1xx_it.o
                0x08000808                PendSV_Handler
 .text.SysTick_Handler
                0x08000814        0xc ./Core/Src/stm32f1xx_it.o
                0x08000814                SysTick_Handler
 .text.DMA1_Channel1_IRQHandler
                0x08000820       0x14 ./Core/Src/stm32f1xx_it.o
                0x08000820                DMA1_Channel1_IRQHandler
 .text.SystemInit
                0x08000834        0xc ./Core/Src/system_stm32f1xx.o
                0x08000834                SystemInit
 .text.MX_UART5_Init
                0x08000840       0x54 ./Core/Src/usart.o
                0x08000840                MX_UART5_Init
 .text.HAL_UART_MspInit
                0x08000894       0xb4 ./Core/Src/usart.o
                0x08000894                HAL_UART_MspInit
 .text.Reset_Handler
                0x08000948       0x48 ./Core/Startup/startup_stm32f103rctx.o
                0x08000948                Reset_Handler
 .text.Default_Handler
                0x08000990        0x2 ./Core/Startup/startup_stm32f103rctx.o
                0x08000990                RTC_Alarm_IRQHandler
                0x08000990                EXTI2_IRQHandler
                0x08000990                TIM8_TRG_COM_IRQHandler
                0x08000990                TIM8_CC_IRQHandler
                0x08000990                TIM1_CC_IRQHandler
                0x08000990                TIM6_IRQHandler
                0x08000990                PVD_IRQHandler
                0x08000990                SDIO_IRQHandler
                0x08000990                EXTI3_IRQHandler
                0x08000990                EXTI0_IRQHandler
                0x08000990                I2C2_EV_IRQHandler
                0x08000990                ADC1_2_IRQHandler
                0x08000990                SPI1_IRQHandler
                0x08000990                TAMPER_IRQHandler
                0x08000990                TIM8_UP_IRQHandler
                0x08000990                DMA2_Channel2_IRQHandler
                0x08000990                DMA1_Channel4_IRQHandler
                0x08000990                USART3_IRQHandler
                0x08000990                RTC_IRQHandler
                0x08000990                DMA1_Channel7_IRQHandler
                0x08000990                CAN1_RX1_IRQHandler
                0x08000990                UART5_IRQHandler
                0x08000990                ADC3_IRQHandler
                0x08000990                TIM4_IRQHandler
                0x08000990                DMA2_Channel1_IRQHandler
                0x08000990                I2C1_EV_IRQHandler
                0x08000990                DMA1_Channel6_IRQHandler
                0x08000990                UART4_IRQHandler
                0x08000990                TIM3_IRQHandler
                0x08000990                RCC_IRQHandler
                0x08000990                TIM1_TRG_COM_IRQHandler
                0x08000990                Default_Handler
                0x08000990                EXTI15_10_IRQHandler
                0x08000990                TIM7_IRQHandler
                0x08000990                TIM5_IRQHandler
                0x08000990                EXTI9_5_IRQHandler
                0x08000990                SPI2_IRQHandler
                0x08000990                DMA1_Channel5_IRQHandler
                0x08000990                EXTI4_IRQHandler
                0x08000990                USB_LP_CAN1_RX0_IRQHandler
                0x08000990                USB_HP_CAN1_TX_IRQHandler
                0x08000990                DMA1_Channel3_IRQHandler
                0x08000990                FSMC_IRQHandler
                0x08000990                TIM1_UP_IRQHandler
                0x08000990                WWDG_IRQHandler
                0x08000990                TIM2_IRQHandler
                0x08000990                TIM1_BRK_IRQHandler
                0x08000990                EXTI1_IRQHandler
                0x08000990                DMA2_Channel4_5_IRQHandler
                0x08000990                USART2_IRQHandler
                0x08000990                I2C2_ER_IRQHandler
                0x08000990                DMA1_Channel2_IRQHandler
                0x08000990                TIM8_BRK_IRQHandler
                0x08000990                CAN1_SCE_IRQHandler
                0x08000990                FLASH_IRQHandler
                0x08000990                USART1_IRQHandler
                0x08000990                SPI3_IRQHandler
                0x08000990                I2C1_ER_IRQHandler
                0x08000990                USBWakeUp_IRQHandler
                0x08000990                DMA2_Channel3_IRQHandler
 *fill*         0x08000992        0x2 
 .text.HAL_Init
                0x08000994       0x2c ./Drivers/STM32F1xx_HAL_Driver/Src/stm32f1xx_hal.o
                0x08000994                HAL_Init
 .text.HAL_InitTick
                0x080009c0       0x60 ./Drivers/STM32F1xx_HAL_Driver/Src/stm32f1xx_hal.o
                0x080009c0                HAL_InitTick
 .text.HAL_IncTick
                0x08000a20       0x24 ./Drivers/STM32F1xx_HAL_Driver/Src/stm32f1xx_hal.o
                0x08000a20                HAL_IncTick
 .text.HAL_GetTick
                0x08000a44       0x14 ./Drivers/STM32F1xx_HAL_Driver/Src/stm32f1xx_hal.o
                0x08000a44                HAL_GetTick
 .text.HAL_Delay
                0x08000a58       0x48 ./Drivers/STM32F1xx_HAL_Driver/Src/stm32f1xx_hal.o
                0x08000a58                HAL_Delay
 .text.HAL_ADC_Init
                0x08000aa0      0x1d4 ./Drivers/STM32F1xx_HAL_Driver/Src/stm32f1xx_hal_adc.o
                0x08000aa0                HAL_ADC_Init
 .text.HAL_ADC_Start
                0x08000c74      0x15c ./Drivers/STM32F1xx_HAL_Driver/Src/stm32f1xx_hal_adc.o
                0x08000c74                HAL_ADC_Start
 .text.HAL_ADC_PollForConversion
                0x08000dd0      0x20c ./Drivers/STM32F1xx_HAL_Driver/Src/stm32f1xx_hal_adc.o
                0x08000dd0                HAL_ADC_PollForConversion
 .text.HAL_ADC_GetValue
                0x08000fdc       0x18 ./Drivers/STM32F1xx_HAL_Driver/Src/stm32f1xx_hal_adc.o
                0x08000fdc                HAL_ADC_GetValue
 .text.HAL_ADC_ConfigChannel
                0x08000ff4      0x1f0 ./Drivers/STM32F1xx_HAL_Driver/Src/stm32f1xx_hal_adc.o
                0x08000ff4                HAL_ADC_ConfigChannel
 .text.ADC_Enable
                0x080011e4       0xb4 ./Drivers/STM32F1xx_HAL_Driver/Src/stm32f1xx_hal_adc.o
                0x080011e4                ADC_Enable
 .text.ADC_ConversionStop_Disable
                0x08001298       0x82 ./Drivers/STM32F1xx_HAL_Driver/Src/stm32f1xx_hal_adc.o
                0x08001298                ADC_ConversionStop_Disable
 *fill*         0x0800131a        0x2 
 .text.HAL_ADCEx_Calibration_Start
                0x0800131c      0x15c ./Drivers/STM32F1xx_HAL_Driver/Src/stm32f1xx_hal_adc_ex.o
                0x0800131c                HAL_ADCEx_Calibration_Start
 .text.__NVIC_SetPriorityGrouping
                0x08001478       0x48 ./Drivers/STM32F1xx_HAL_Driver/Src/stm32f1xx_hal_cortex.o
 .text.__NVIC_GetPriorityGrouping
                0x080014c0       0x1c ./Drivers/STM32F1xx_HAL_Driver/Src/stm32f1xx_hal_cortex.o
 .text.__NVIC_EnableIRQ
                0x080014dc       0x38 ./Drivers/STM32F1xx_HAL_Driver/Src/stm32f1xx_hal_cortex.o
 .text.__NVIC_SetPriority
                0x08001514       0x54 ./Drivers/STM32F1xx_HAL_Driver/Src/stm32f1xx_hal_cortex.o
 .text.NVIC_EncodePriority
                0x08001568       0x64 ./Drivers/STM32F1xx_HAL_Driver/Src/stm32f1xx_hal_cortex.o
 .text.SysTick_Config
                0x080015cc       0x44 ./Drivers/STM32F1xx_HAL_Driver/Src/stm32f1xx_hal_cortex.o
 .text.HAL_NVIC_SetPriorityGrouping
                0x08001610       0x16 ./Drivers/STM32F1xx_HAL_Driver/Src/stm32f1xx_hal_cortex.o
                0x08001610                HAL_NVIC_SetPriorityGrouping
 .text.HAL_NVIC_SetPriority
                0x08001626       0x38 ./Drivers/STM32F1xx_HAL_Driver/Src/stm32f1xx_hal_cortex.o
                0x08001626                HAL_NVIC_SetPriority
 .text.HAL_NVIC_EnableIRQ
                0x0800165e       0x1c ./Drivers/STM32F1xx_HAL_Driver/Src/stm32f1xx_hal_cortex.o
                0x0800165e                HAL_NVIC_EnableIRQ
 .text.HAL_SYSTICK_Config
                0x0800167a       0x18 ./Drivers/STM32F1xx_HAL_Driver/Src/stm32f1xx_hal_cortex.o
                0x0800167a                HAL_SYSTICK_Config
 *fill*         0x08001692        0x2 
 .text.HAL_DMA_Init
                0x08001694       0xec ./Drivers/STM32F1xx_HAL_Driver/Src/stm32f1xx_hal_dma.o
                0x08001694                HAL_DMA_Init
 .text.HAL_DMA_IRQHandler
                0x08001780      0x478 ./Drivers/STM32F1xx_HAL_Driver/Src/stm32f1xx_hal_dma.o
                0x08001780                HAL_DMA_IRQHandler
 .text.HAL_GPIO_Init
                0x08001bf8      0x328 ./Drivers/STM32F1xx_HAL_Driver/Src/stm32f1xx_hal_gpio.o
                0x08001bf8                HAL_GPIO_Init
 .text.HAL_GPIO_WritePin
                0x08001f20       0x30 ./Drivers/STM32F1xx_HAL_Driver/Src/stm32f1xx_hal_gpio.o
                0x08001f20                HAL_GPIO_WritePin
 .text.HAL_RCC_OscConfig
                0x08001f50      0x504 ./Drivers/STM32F1xx_HAL_Driver/Src/stm32f1xx_hal_rcc.o
                0x08001f50                HAL_RCC_OscConfig
 .text.HAL_RCC_ClockConfig
                0x08002454      0x1d4 ./Drivers/STM32F1xx_HAL_Driver/Src/stm32f1xx_hal_rcc.o
                0x08002454                HAL_RCC_ClockConfig
 .text.HAL_RCC_GetSysClockFreq
                0x08002628       0xa8 ./Drivers/STM32F1xx_HAL_Driver/Src/stm32f1xx_hal_rcc.o
                0x08002628                HAL_RCC_GetSysClockFreq
 .text.HAL_RCC_GetHCLKFreq
                0x080026d0       0x14 ./Drivers/STM32F1xx_HAL_Driver/Src/stm32f1xx_hal_rcc.o
                0x080026d0                HAL_RCC_GetHCLKFreq
 .text.HAL_RCC_GetPCLK1Freq
                0x080026e4       0x28 ./Drivers/STM32F1xx_HAL_Driver/Src/stm32f1xx_hal_rcc.o
                0x080026e4                HAL_RCC_GetPCLK1Freq
 .text.HAL_RCC_GetPCLK2Freq
                0x0800270c       0x28 ./Drivers/STM32F1xx_HAL_Driver/Src/stm32f1xx_hal_rcc.o
                0x0800270c                HAL_RCC_GetPCLK2Freq
 .text.RCC_Delay
                0x08002734       0x3c ./Drivers/STM32F1xx_HAL_Driver/Src/stm32f1xx_hal_rcc.o
 .text.HAL_RCCEx_PeriphCLKConfig
                0x08002770      0x16c ./Drivers/STM32F1xx_HAL_Driver/Src/stm32f1xx_hal_rcc_ex.o
                0x08002770                HAL_RCCEx_PeriphCLKConfig
 .text.HAL_RCCEx_GetPeriphCLKFreq
                0x080028dc      0x1b0 ./Drivers/STM32F1xx_HAL_Driver/Src/stm32f1xx_hal_rcc_ex.o
                0x080028dc                HAL_RCCEx_GetPeriphCLKFreq
 .text.HAL_UART_Init
                0x08002a8c       0xa0 ./Drivers/STM32F1xx_HAL_Driver/Src/stm32f1xx_hal_uart.o
                0x08002a8c                HAL_UART_Init
 .text.HAL_UART_Transmit
                0x08002b2c      0x116 ./Drivers/STM32F1xx_HAL_Driver/Src/stm32f1xx_hal_uart.o
                0x08002b2c                HAL_UART_Transmit
 .text.UART_WaitOnFlagUntilTimeout
                0x08002c42       0xb2 ./Drivers/STM32F1xx_HAL_Driver/Src/stm32f1xx_hal_uart.o
 .text.UART_EndRxTransfer
                0x08002cf4       0xc4 ./Drivers/STM32F1xx_HAL_Driver/Src/stm32f1xx_hal_uart.o
 .text.UART_SetConfig
                0x08002db8      0x11c ./Drivers/STM32F1xx_HAL_Driver/Src/stm32f1xx_hal_uart.o
 .text.memset   0x08002ed4       0x10 /home/aarjav/st/stm32cubeide_1.18.0/plugins/com.st.stm32cube.ide.mcu.externaltools.gnu-tools-for-stm32.13.3.rel1.linux64_1.0.0.202410170706/tools/bin/../lib/gcc/arm-none-eabi/13.3.1/../../../../arm-none-eabi/lib/thumb/v7-m/nofp/libc_nano.a(libc_a-memset.o)
                0x08002ed4                memset
 .text.__libc_init_array
                0x08002ee4       0x48 /home/aarjav/st/stm32cubeide_1.18.0/plugins/com.st.stm32cube.ide.mcu.externaltools.gnu-tools-for-stm32.13.3.rel1.linux64_1.0.0.202410170706/tools/bin/../lib/gcc/arm-none-eabi/13.3.1/../../../../arm-none-eabi/lib/thumb/v7-m/nofp/libc_nano.a(libc_a-init.o)
                0x08002ee4                __libc_init_array
 *(.glue_7)
 .glue_7        0x08002f2c        0x0 linker stubs
 *(.glue_7t)
 .glue_7t       0x08002f2c        0x0 linker stubs
 *(.eh_frame)
 .eh_frame      0x08002f2c        0x0 /home/aarjav/st/stm32cubeide_1.18.0/plugins/com.st.stm32cube.ide.mcu.externaltools.gnu-tools-for-stm32.13.3.rel1.linux64_1.0.0.202410170706/tools/bin/../lib/gcc/arm-none-eabi/13.3.1/thumb/v7-m/nofp/crtbegin.o
 *(.init)
 .init          0x08002f2c        0x4 /home/aarjav/st/stm32cubeide_1.18.0/plugins/com.st.stm32cube.ide.mcu.externaltools.gnu-tools-for-stm32.13.3.rel1.linux64_1.0.0.202410170706/tools/bin/../lib/gcc/arm-none-eabi/13.3.1/thumb/v7-m/nofp/crti.o
                0x08002f2c                _init
 .init          0x08002f30        0x8 /home/aarjav/st/stm32cubeide_1.18.0/plugins/com.st.stm32cube.ide.mcu.externaltools.gnu-tools-for-stm32.13.3.rel1.linux64_1.0.0.202410170706/tools/bin/../lib/gcc/arm-none-eabi/13.3.1/thumb/v7-m/nofp/crtn.o
 *(.fini)
 .fini          0x08002f38        0x4 /home/aarjav/st/stm32cubeide_1.18.0/plugins/com.st.stm32cube.ide.mcu.externaltools.gnu-tools-for-stm32.13.3.rel1.linux64_1.0.0.202410170706/tools/bin/../lib/gcc/arm-none-eabi/13.3.1/thumb/v7-m/nofp/crti.o
                0x08002f38                _fini
 .fini          0x08002f3c        0x8 /home/aarjav/st/stm32cubeide_1.18.0/plugins/com.st.stm32cube.ide.mcu.externaltools.gnu-tools-for-stm32.13.3.rel1.linux64_1.0.0.202410170706/tools/bin/../lib/gcc/arm-none-eabi/13.3.1/thumb/v7-m/nofp/crtn.o
                0x08002f44                        . = ALIGN (0x4)
                0x08002f44                        _etext = .

.vfp11_veneer   0x08002f44        0x0
 .vfp11_veneer  0x08002f44        0x0 linker stubs

.v4_bx          0x08002f44        0x0
 .v4_bx         0x08002f44        0x0 linker stubs

.iplt           0x08002f44        0x0
 .iplt          0x08002f44        0x0 /home/aarjav/st/stm32cubeide_1.18.0/plugins/com.st.stm32cube.ide.mcu.externaltools.gnu-tools-for-stm32.13.3.rel1.linux64_1.0.0.202410170706/tools/bin/../lib/gcc/arm-none-eabi/13.3.1/thumb/v7-m/nofp/crtbegin.o

.rodata         0x08002f44       0x40
                0x08002f44                        . = ALIGN (0x4)
 *(.rodata)
 *(.rodata*)
 .rodata.AHBPrescTable
                0x08002f44       0x10 ./Core/Src/system_stm32f1xx.o
                0x08002f44                AHBPrescTable
 .rodata.APBPrescTable
                0x08002f54        0x8 ./Core/Src/system_stm32f1xx.o
                0x08002f54                APBPrescTable
 .rodata.aPLLMULFactorTable.1
                0x08002f5c       0x10 ./Drivers/STM32F1xx_HAL_Driver/Src/stm32f1xx_hal_rcc.o
 .rodata.aPredivFactorTable.0
                0x08002f6c        0x2 ./Drivers/STM32F1xx_HAL_Driver/Src/stm32f1xx_hal_rcc.o
 *fill*         0x08002f6e        0x2 
 .rodata.aPLLMULFactorTable.1
                0x08002f70       0x10 ./Drivers/STM32F1xx_HAL_Driver/Src/stm32f1xx_hal_rcc_ex.o
 .rodata.aPredivFactorTable.0
                0x08002f80        0x2 ./Drivers/STM32F1xx_HAL_Driver/Src/stm32f1xx_hal_rcc_ex.o
                0x08002f84                        . = ALIGN (0x4)
 *fill*         0x08002f82        0x2 

.ARM.extab      0x08002f84        0x0
                0x08002f84                        . = ALIGN (0x4)
 *(.ARM.extab* .gnu.linkonce.armextab.*)
                0x08002f84                        . = ALIGN (0x4)

.ARM            0x08002f84        0x0
                0x08002f84                        . = ALIGN (0x4)
                0x08002f84                        __exidx_start = .
 *(.ARM.exidx*)
                0x08002f84                        __exidx_end = .
                0x08002f84                        . = ALIGN (0x4)

.preinit_array  0x08002f84        0x0
                0x08002f84                        . = ALIGN (0x4)
                0x08002f84                        PROVIDE (__preinit_array_start = .)
 *(.preinit_array*)
                0x08002f84                        PROVIDE (__preinit_array_end = .)
                0x08002f84                        . = ALIGN (0x4)

.init_array     0x08002f84        0x4
                0x08002f84                        . = ALIGN (0x4)
                0x08002f84                        PROVIDE (__init_array_start = .)
 *(SORT_BY_NAME(.init_array.*))
 *(.init_array*)
 .init_array    0x08002f84        0x4 /home/aarjav/st/stm32cubeide_1.18.0/plugins/com.st.stm32cube.ide.mcu.externaltools.gnu-tools-for-stm32.13.3.rel1.linux64_1.0.0.202410170706/tools/bin/../lib/gcc/arm-none-eabi/13.3.1/thumb/v7-m/nofp/crtbegin.o
                0x08002f88                        PROVIDE (__init_array_end = .)
                0x08002f88                        . = ALIGN (0x4)

.fini_array     0x08002f88        0x4
                0x08002f88                        . = ALIGN (0x4)
                [!provide]                        PROVIDE (__fini_array_start = .)
 *(SORT_BY_NAME(.fini_array.*))
 *(.fini_array*)
 .fini_array    0x08002f88        0x4 /home/aarjav/st/stm32cubeide_1.18.0/plugins/com.st.stm32cube.ide.mcu.externaltools.gnu-tools-for-stm32.13.3.rel1.linux64_1.0.0.202410170706/tools/bin/../lib/gcc/arm-none-eabi/13.3.1/thumb/v7-m/nofp/crtbegin.o
                [!provide]                        PROVIDE (__fini_array_end = .)
                0x08002f8c                        . = ALIGN (0x4)
                0x08002f8c                        _sidata = LOADADDR (.data)

.rel.dyn        0x08002f8c        0x0
 .rel.iplt      0x08002f8c        0x0 /home/aarjav/st/stm32cubeide_1.18.0/plugins/com.st.stm32cube.ide.mcu.externaltools.gnu-tools-for-stm32.13.3.rel1.linux64_1.0.0.202410170706/tools/bin/../lib/gcc/arm-none-eabi/13.3.1/thumb/v7-m/nofp/crtbegin.o

.data           0x20000000        0xc load address 0x08002f8c
                0x20000000                        . = ALIGN (0x4)
                0x20000000                        _sdata = .
 *(.data)
 *(.data*)
 .data.SystemCoreClock
                0x20000000        0x4 ./Core/Src/system_stm32f1xx.o
                0x20000000                SystemCoreClock
 .data.uwTickPrio
                0x20000004        0x4 ./Drivers/STM32F1xx_HAL_Driver/Src/stm32f1xx_hal.o
                0x20000004                uwTickPrio
 .data.uwTickFreq
                0x20000008        0x1 ./Drivers/STM32F1xx_HAL_Driver/Src/stm32f1xx_hal.o
                0x20000008                uwTickFreq
 *(.RamFunc)
 *(.RamFunc*)
                0x2000000c                        . = ALIGN (0x4)
 *fill*         0x20000009        0x3 
                0x2000000c                        _edata = .

.igot.plt       0x2000000c        0x0 load address 0x08002f98
 .igot.plt      0x2000000c        0x0 /home/aarjav/st/stm32cubeide_1.18.0/plugins/com.st.stm32cube.ide.mcu.externaltools.gnu-tools-for-stm32.13.3.rel1.linux64_1.0.0.202410170706/tools/bin/../lib/gcc/arm-none-eabi/13.3.1/thumb/v7-m/nofp/crtbegin.o
                0x2000000c                        . = ALIGN (0x4)

.bss            0x2000000c     0x2110 load address 0x08002f98
                0x2000000c                        _sbss = .
                0x2000000c                        __bss_start__ = _sbss
 *(.bss)
 .bss           0x2000000c       0x1c /home/aarjav/st/stm32cubeide_1.18.0/plugins/com.st.stm32cube.ide.mcu.externaltools.gnu-tools-for-stm32.13.3.rel1.linux64_1.0.0.202410170706/tools/bin/../lib/gcc/arm-none-eabi/13.3.1/thumb/v7-m/nofp/crtbegin.o
 *(.bss*)
 .bss.hadc1     0x20000028       0x30 ./Core/Src/adc.o
                0x20000028                hadc1
 .bss.hadc2     0x20000058       0x30 ./Core/Src/adc.o
                0x20000058                hadc2
 .bss.hdma_adc1
                0x20000088       0x44 ./Core/Src/adc.o
                0x20000088                hdma_adc1
 .bss.adc_buffer
                0x200000cc     0x2004 ./Core/Src/main.o
                0x200000cc                adc_buffer
 .bss.huart5    0x200020d0       0x48 ./Core/Src/usart.o
                0x200020d0                huart5
 .bss.uwTick    0x20002118        0x4 ./Drivers/STM32F1xx_HAL_Driver/Src/stm32f1xx_hal.o
                0x20002118                uwTick
 *(COMMON)
                0x2000211c                        . = ALIGN (0x4)
                0x2000211c                        _ebss = .
                0x2000211c                        __bss_end__ = _ebss

._user_heap_stack
                0x2000211c      0x604 load address 0x08002f98
                0x20002120                        . = ALIGN (0x8)
 *fill*         0x2000211c        0x4 
                [!provide]                        PROVIDE (end = .)
                0x20002120                        PROVIDE (_end = .)
                0x20002320                        . = (. + _Min_Heap_Size)
 *fill*         0x20002120      0x200 
                0x20002720                        . = (. + _Min_Stack_Size)
 *fill*         0x20002320      0x400 
                0x20002720                        . = ALIGN (0x8)

/DISCARD/
 libc.a(*)
 libm.a(*)
 libgcc.a(*)

.ARM.attributes
                0x00000000       0x29
 *(.ARM.attributes)
 .ARM.attributes
                0x00000000       0x1d /home/aarjav/st/stm32cubeide_1.18.0/plugins/com.st.stm32cube.ide.mcu.externaltools.gnu-tools-for-stm32.13.3.rel1.linux64_1.0.0.202410170706/tools/bin/../lib/gcc/arm-none-eabi/13.3.1/thumb/v7-m/nofp/crti.o
 .ARM.attributes
                0x0000001d       0x2d /home/aarjav/st/stm32cubeide_1.18.0/plugins/com.st.stm32cube.ide.mcu.externaltools.gnu-tools-for-stm32.13.3.rel1.linux64_1.0.0.202410170706/tools/bin/../lib/gcc/arm-none-eabi/13.3.1/thumb/v7-m/nofp/crtbegin.o
 .ARM.attributes
                0x0000004a       0x2d ./Core/Src/adc.o
 .ARM.attributes
                0x00000077       0x2d ./Core/Src/dma.o
 .ARM.attributes
                0x000000a4       0x2d ./Core/Src/gpio.o
 .ARM.attributes
                0x000000d1       0x2d ./Core/Src/main.o
 .ARM.attributes
                0x000000fe       0x2d ./Core/Src/stm32f1xx_hal_msp.o
 .ARM.attributes
                0x0000012b       0x2d ./Core/Src/stm32f1xx_it.o
 .ARM.attributes
                0x00000158       0x2d ./Core/Src/system_stm32f1xx.o
 .ARM.attributes
                0x00000185       0x2d ./Core/Src/usart.o
 .ARM.attributes
                0x000001b2       0x21 ./Core/Startup/startup_stm32f103rctx.o
 .ARM.attributes
                0x000001d3       0x2d ./Drivers/STM32F1xx_HAL_Driver/Src/stm32f1xx_hal.o
 .ARM.attributes
                0x00000200       0x2d ./Drivers/STM32F1xx_HAL_Driver/Src/stm32f1xx_hal_adc.o
 .ARM.attributes
                0x0000022d       0x2d ./Drivers/STM32F1xx_HAL_Driver/Src/stm32f1xx_hal_adc_ex.o
 .ARM.attributes
                0x0000025a       0x2d ./Drivers/STM32F1xx_HAL_Driver/Src/stm32f1xx_hal_cortex.o
 .ARM.attributes
                0x00000287       0x2d ./Drivers/STM32F1xx_HAL_Driver/Src/stm32f1xx_hal_dma.o
 .ARM.attributes
                0x000002b4       0x2d ./Drivers/STM32F1xx_HAL_Driver/Src/stm32f1xx_hal_gpio.o
 .ARM.attributes
                0x000002e1       0x2d ./Drivers/STM32F1xx_HAL_Driver/Src/stm32f1xx_hal_rcc.o
 .ARM.attributes
                0x0000030e       0x2d ./Drivers/STM32F1xx_HAL_Driver/Src/stm32f1xx_hal_rcc_ex.o
 .ARM.attributes
                0x0000033b       0x2d ./Drivers/STM32F1xx_HAL_Driver/Src/stm32f1xx_hal_uart.o
 .ARM.attributes
                0x00000368       0x2d /home/aarjav/st/stm32cubeide_1.18.0/plugins/com.st.stm32cube.ide.mcu.externaltools.gnu-tools-for-stm32.13.3.rel1.linux64_1.0.0.202410170706/tools/bin/../lib/gcc/arm-none-eabi/13.3.1/../../../../arm-none-eabi/lib/thumb/v7-m/nofp/libc_nano.a(libc_a-memset.o)
 .ARM.attributes
                0x00000395       0x2d /home/aarjav/st/stm32cubeide_1.18.0/plugins/com.st.stm32cube.ide.mcu.externaltools.gnu-tools-for-stm32.13.3.rel1.linux64_1.0.0.202410170706/tools/bin/../lib/gcc/arm-none-eabi/13.3.1/../../../../arm-none-eabi/lib/thumb/v7-m/nofp/libc_nano.a(libc_a-init.o)
 .ARM.attributes
                0x000003c2       0x1d /home/aarjav/st/stm32cubeide_1.18.0/plugins/com.st.stm32cube.ide.mcu.externaltools.gnu-tools-for-stm32.13.3.rel1.linux64_1.0.0.202410170706/tools/bin/../lib/gcc/arm-none-eabi/13.3.1/thumb/v7-m/nofp/crtn.o
OUTPUT(pva_analyzer_rct6.elf elf32-littlearm)
LOAD linker stubs
LOAD /home/aarjav/st/stm32cubeide_1.18.0/plugins/com.st.stm32cube.ide.mcu.externaltools.gnu-tools-for-stm32.13.3.rel1.linux64_1.0.0.202410170706/tools/bin/../lib/gcc/arm-none-eabi/13.3.1/../../../../arm-none-eabi/lib/thumb/v7-m/nofp/libc.a
LOAD /home/aarjav/st/stm32cubeide_1.18.0/plugins/com.st.stm32cube.ide.mcu.externaltools.gnu-tools-for-stm32.13.3.rel1.linux64_1.0.0.202410170706/tools/bin/../lib/gcc/arm-none-eabi/13.3.1/../../../../arm-none-eabi/lib/thumb/v7-m/nofp/libm.a
LOAD /home/aarjav/st/stm32cubeide_1.18.0/plugins/com.st.stm32cube.ide.mcu.externaltools.gnu-tools-for-stm32.13.3.rel1.linux64_1.0.0.202410170706/tools/bin/../lib/gcc/arm-none-eabi/13.3.1/thumb/v7-m/nofp/libgcc.a

.debug_info     0x00000000     0x9a36
 .debug_info    0x00000000      0x957 ./Core/Src/adc.o
 .debug_info    0x00000957      0x33c ./Core/Src/dma.o
 .debug_info    0x00000c93      0x2be ./Core/Src/gpio.o
 .debug_info    0x00000f51      0xb9c ./Core/Src/main.o
 .debug_info    0x00001aed      0x1f8 ./Core/Src/stm32f1xx_hal_msp.o
 .debug_info    0x00001ce5      0x365 ./Core/Src/stm32f1xx_it.o
 .debug_info    0x0000204a      0x222 ./Core/Src/system_stm32f1xx.o
 .debug_info    0x0000226c      0x7bb ./Core/Src/usart.o
 .debug_info    0x00002a27       0x30 ./Core/Startup/startup_stm32f103rctx.o
 .debug_info    0x00002a57      0x76a ./Drivers/STM32F1xx_HAL_Driver/Src/stm32f1xx_hal.o
 .debug_info    0x000031c1      0xc50 ./Drivers/STM32F1xx_HAL_Driver/Src/stm32f1xx_hal_adc.o
 .debug_info    0x00003e11      0xa10 ./Drivers/STM32F1xx_HAL_Driver/Src/stm32f1xx_hal_adc_ex.o
 .debug_info    0x00004821      0xaed ./Drivers/STM32F1xx_HAL_Driver/Src/stm32f1xx_hal_cortex.o
 .debug_info    0x0000530e      0x6d2 ./Drivers/STM32F1xx_HAL_Driver/Src/stm32f1xx_hal_dma.o
 .debug_info    0x000059e0      0x5ab ./Drivers/STM32F1xx_HAL_Driver/Src/stm32f1xx_hal_gpio.o
 .debug_info    0x00005f8b      0x7d5 ./Drivers/STM32F1xx_HAL_Driver/Src/stm32f1xx_hal_rcc.o
 .debug_info    0x00006760      0x3e9 ./Drivers/STM32F1xx_HAL_Driver/Src/stm32f1xx_hal_rcc_ex.o
 .debug_info    0x00006b49     0x2eed ./Drivers/STM32F1xx_HAL_Driver/Src/stm32f1xx_hal_uart.o

.debug_abbrev   0x00000000     0x207e
 .debug_abbrev  0x00000000      0x205 ./Core/Src/adc.o
 .debug_abbrev  0x00000205       0xfc ./Core/Src/dma.o
 .debug_abbrev  0x00000301      0x13f ./Core/Src/gpio.o
 .debug_abbrev  0x00000440      0x23d ./Core/Src/main.o
 .debug_abbrev  0x0000067d       0xdb ./Core/Src/stm32f1xx_hal_msp.o
 .debug_abbrev  0x00000758      0x16e ./Core/Src/stm32f1xx_it.o
 .debug_abbrev  0x000008c6      0x13f ./Core/Src/system_stm32f1xx.o
 .debug_abbrev  0x00000a05      0x1e6 ./Core/Src/usart.o
 .debug_abbrev  0x00000beb       0x24 ./Core/Startup/startup_stm32f103rctx.o
 .debug_abbrev  0x00000c0f      0x201 ./Drivers/STM32F1xx_HAL_Driver/Src/stm32f1xx_hal.o
 .debug_abbrev  0x00000e10      0x225 ./Drivers/STM32F1xx_HAL_Driver/Src/stm32f1xx_hal_adc.o
 .debug_abbrev  0x00001035      0x249 ./Drivers/STM32F1xx_HAL_Driver/Src/stm32f1xx_hal_adc_ex.o
 .debug_abbrev  0x0000127e      0x2f8 ./Drivers/STM32F1xx_HAL_Driver/Src/stm32f1xx_hal_cortex.o
 .debug_abbrev  0x00001576      0x20b ./Drivers/STM32F1xx_HAL_Driver/Src/stm32f1xx_hal_dma.o
 .debug_abbrev  0x00001781      0x1ca ./Drivers/STM32F1xx_HAL_Driver/Src/stm32f1xx_hal_gpio.o
 .debug_abbrev  0x0000194b      0x2b3 ./Drivers/STM32F1xx_HAL_Driver/Src/stm32f1xx_hal_rcc.o
 .debug_abbrev  0x00001bfe      0x188 ./Drivers/STM32F1xx_HAL_Driver/Src/stm32f1xx_hal_rcc_ex.o
 .debug_abbrev  0x00001d86      0x2f8 ./Drivers/STM32F1xx_HAL_Driver/Src/stm32f1xx_hal_uart.o

.debug_aranges  0x00000000      0x8c0
 .debug_aranges
                0x00000000       0x48 ./Core/Src/adc.o
 .debug_aranges
                0x00000048       0x20 ./Core/Src/dma.o
 .debug_aranges
                0x00000068       0x20 ./Core/Src/gpio.o
 .debug_aranges
                0x00000088       0x40 ./Core/Src/main.o
 .debug_aranges
                0x000000c8       0x20 ./Core/Src/stm32f1xx_hal_msp.o
 .debug_aranges
                0x000000e8       0x68 ./Core/Src/stm32f1xx_it.o
 .debug_aranges
                0x00000150       0x28 ./Core/Src/system_stm32f1xx.o
 .debug_aranges
                0x00000178       0x30 ./Core/Src/usart.o
 .debug_aranges
                0x000001a8       0x28 ./Core/Startup/startup_stm32f103rctx.o
 .debug_aranges
                0x000001d0       0xe0 ./Drivers/STM32F1xx_HAL_Driver/Src/stm32f1xx_hal.o
 .debug_aranges
                0x000002b0       0xf0 ./Drivers/STM32F1xx_HAL_Driver/Src/stm32f1xx_hal_adc.o
 .debug_aranges
                0x000003a0       0x80 ./Drivers/STM32F1xx_HAL_Driver/Src/stm32f1xx_hal_adc_ex.o
 .debug_aranges
                0x00000420      0x100 ./Drivers/STM32F1xx_HAL_Driver/Src/stm32f1xx_hal_cortex.o
 .debug_aranges
                0x00000520       0x80 ./Drivers/STM32F1xx_HAL_Driver/Src/stm32f1xx_hal_dma.o
 .debug_aranges
                0x000005a0       0x58 ./Drivers/STM32F1xx_HAL_Driver/Src/stm32f1xx_hal_gpio.o
 .debug_aranges
                0x000005f8       0x90 ./Drivers/STM32F1xx_HAL_Driver/Src/stm32f1xx_hal_rcc.o
 .debug_aranges
                0x00000688       0x30 ./Drivers/STM32F1xx_HAL_Driver/Src/stm32f1xx_hal_rcc_ex.o
 .debug_aranges
                0x000006b8      0x208 ./Drivers/STM32F1xx_HAL_Driver/Src/stm32f1xx_hal_uart.o

.debug_rnglists
                0x00000000      0x6a3
 .debug_rnglists
                0x00000000       0x34 ./Core/Src/adc.o
 .debug_rnglists
                0x00000034       0x13 ./Core/Src/dma.o
 .debug_rnglists
                0x00000047       0x14 ./Core/Src/gpio.o
 .debug_rnglists
                0x0000005b       0x2d ./Core/Src/main.o
 .debug_rnglists
                0x00000088       0x13 ./Core/Src/stm32f1xx_hal_msp.o
 .debug_rnglists
                0x0000009b       0x49 ./Core/Src/stm32f1xx_it.o
 .debug_rnglists
                0x000000e4       0x1a ./Core/Src/system_stm32f1xx.o
 .debug_rnglists
                0x000000fe       0x20 ./Core/Src/usart.o
 .debug_rnglists
                0x0000011e       0x19 ./Core/Startup/startup_stm32f103rctx.o
 .debug_rnglists
                0x00000137       0xa3 ./Drivers/STM32F1xx_HAL_Driver/Src/stm32f1xx_hal.o
 .debug_rnglists
                0x000001da       0xbc ./Drivers/STM32F1xx_HAL_Driver/Src/stm32f1xx_hal_adc.o
 .debug_rnglists
                0x00000296       0x65 ./Drivers/STM32F1xx_HAL_Driver/Src/stm32f1xx_hal_adc_ex.o
 .debug_rnglists
                0x000002fb       0xbb ./Drivers/STM32F1xx_HAL_Driver/Src/stm32f1xx_hal_cortex.o
 .debug_rnglists
                0x000003b6       0x64 ./Drivers/STM32F1xx_HAL_Driver/Src/stm32f1xx_hal_dma.o
 .debug_rnglists
                0x0000041a       0x3f ./Drivers/STM32F1xx_HAL_Driver/Src/stm32f1xx_hal_gpio.o
 .debug_rnglists
                0x00000459       0x6c ./Drivers/STM32F1xx_HAL_Driver/Src/stm32f1xx_hal_rcc.o
 .debug_rnglists
                0x000004c5       0x22 ./Drivers/STM32F1xx_HAL_Driver/Src/stm32f1xx_hal_rcc_ex.o
 .debug_rnglists
                0x000004e7      0x1bc ./Drivers/STM32F1xx_HAL_Driver/Src/stm32f1xx_hal_uart.o

.debug_macro    0x00000000    0x19380
 .debug_macro   0x00000000      0x1ce ./Core/Src/adc.o
 .debug_macro   0x000001ce      0xacc ./Core/Src/adc.o
 .debug_macro   0x00000c9a      0x221 ./Core/Src/adc.o
 .debug_macro   0x00000ebb       0x2e ./Core/Src/adc.o
 .debug_macro   0x00000ee9       0x22 ./Core/Src/adc.o
 .debug_macro   0x00000f0b       0x22 ./Core/Src/adc.o
 .debug_macro   0x00000f2d       0x8e ./Core/Src/adc.o
 .debug_macro   0x00000fbb       0x51 ./Core/Src/adc.o
 .debug_macro   0x0000100c      0x103 ./Core/Src/adc.o
 .debug_macro   0x0000110f       0x6a ./Core/Src/adc.o
 .debug_macro   0x00001179      0x1df ./Core/Src/adc.o
 .debug_macro   0x00001358       0x1c ./Core/Src/adc.o
 .debug_macro   0x00001374       0x22 ./Core/Src/adc.o
 .debug_macro   0x00001396       0xbd ./Core/Src/adc.o
 .debug_macro   0x00001453      0xd23 ./Core/Src/adc.o
 .debug_macro   0x00002176     0xfd8c ./Core/Src/adc.o
 .debug_macro   0x00011f02       0x6d ./Core/Src/adc.o
 .debug_macro   0x00011f6f     0x34a2 ./Core/Src/adc.o
 .debug_macro   0x00015411      0x190 ./Core/Src/adc.o
 .debug_macro   0x000155a1       0x5c ./Core/Src/adc.o
 .debug_macro   0x000155fd      0x5bc ./Core/Src/adc.o
 .debug_macro   0x00015bb9      0x4d5 ./Core/Src/adc.o
 .debug_macro   0x0001608e      0x1cb ./Core/Src/adc.o
 .debug_macro   0x00016259      0x114 ./Core/Src/adc.o
 .debug_macro   0x0001636d      0x1ea ./Core/Src/adc.o
 .debug_macro   0x00016557       0x27 ./Core/Src/adc.o
 .debug_macro   0x0001657e      0x144 ./Core/Src/adc.o
 .debug_macro   0x000166c2      0x1bc ./Core/Src/adc.o
 .debug_macro   0x0001687e       0x30 ./Core/Src/adc.o
 .debug_macro   0x000168ae       0x3c ./Core/Src/adc.o
 .debug_macro   0x000168ea       0x57 ./Core/Src/adc.o
 .debug_macro   0x00016941      0x46a ./Core/Src/adc.o
 .debug_macro   0x00016dab      0x25d ./Core/Src/adc.o
 .debug_macro   0x00017008       0x87 ./Core/Src/adc.o
 .debug_macro   0x0001708f      0x24f ./Core/Src/adc.o
 .debug_macro   0x000172de      0x140 ./Core/Src/adc.o
 .debug_macro   0x0001741e      0x28e ./Core/Src/adc.o
 .debug_macro   0x000176ac       0xb5 ./Core/Src/adc.o
 .debug_macro   0x00017761       0x22 ./Core/Src/adc.o
 .debug_macro   0x00017783       0x28 ./Core/Src/adc.o
 .debug_macro   0x000177ab      0x1c4 ./Core/Src/dma.o
 .debug_macro   0x0001796f      0x1c4 ./Core/Src/gpio.o
 .debug_macro   0x00017b33      0x1e6 ./Core/Src/main.o
 .debug_macro   0x00017d19      0x1ba ./Core/Src/stm32f1xx_hal_msp.o
 .debug_macro   0x00017ed3      0x1c4 ./Core/Src/stm32f1xx_it.o
 .debug_macro   0x00018097      0x1a2 ./Core/Src/system_stm32f1xx.o
 .debug_macro   0x00018239      0x1c4 ./Core/Src/usart.o
 .debug_macro   0x000183fd      0x1c6 ./Drivers/STM32F1xx_HAL_Driver/Src/stm32f1xx_hal.o
 .debug_macro   0x000185c3      0x1bf ./Drivers/STM32F1xx_HAL_Driver/Src/stm32f1xx_hal_adc.o
 .debug_macro   0x00018782      0x1b4 ./Drivers/STM32F1xx_HAL_Driver/Src/stm32f1xx_hal_adc_ex.o
 .debug_macro   0x00018936      0x1a2 ./Drivers/STM32F1xx_HAL_Driver/Src/stm32f1xx_hal_cortex.o
 .debug_macro   0x00018ad8      0x1a2 ./Drivers/STM32F1xx_HAL_Driver/Src/stm32f1xx_hal_dma.o
 .debug_macro   0x00018c7a      0x20d ./Drivers/STM32F1xx_HAL_Driver/Src/stm32f1xx_hal_gpio.o
 .debug_macro   0x00018e87      0x1b4 ./Drivers/STM32F1xx_HAL_Driver/Src/stm32f1xx_hal_rcc.o
 .debug_macro   0x0001903b      0x1a2 ./Drivers/STM32F1xx_HAL_Driver/Src/stm32f1xx_hal_rcc_ex.o
 .debug_macro   0x000191dd      0x1a3 ./Drivers/STM32F1xx_HAL_Driver/Src/stm32f1xx_hal_uart.o

.debug_line     0x00000000     0xbe54
 .debug_line    0x00000000      0x803 ./Core/Src/adc.o
 .debug_line    0x00000803      0x66a ./Core/Src/dma.o
 .debug_line    0x00000e6d      0x67d ./Core/Src/gpio.o
 .debug_line    0x000014ea      0x7a7 ./Core/Src/main.o
 .debug_line    0x00001c91      0x66f ./Core/Src/stm32f1xx_hal_msp.o
 .debug_line    0x00002300      0x735 ./Core/Src/stm32f1xx_it.o
 .debug_line    0x00002a35      0x6e0 ./Core/Src/system_stm32f1xx.o
 .debug_line    0x00003115      0x6e4 ./Core/Src/usart.o
 .debug_line    0x000037f9       0x79 ./Core/Startup/startup_stm32f103rctx.o
 .debug_line    0x00003872      0x911 ./Drivers/STM32F1xx_HAL_Driver/Src/stm32f1xx_hal.o
 .debug_line    0x00004183      0xf4c ./Drivers/STM32F1xx_HAL_Driver/Src/stm32f1xx_hal_adc.o
 .debug_line    0x000050cf      0xc73 ./Drivers/STM32F1xx_HAL_Driver/Src/stm32f1xx_hal_adc_ex.o
 .debug_line    0x00005d42      0xadb ./Drivers/STM32F1xx_HAL_Driver/Src/stm32f1xx_hal_cortex.o
 .debug_line    0x0000681d     0x1215 ./Drivers/STM32F1xx_HAL_Driver/Src/stm32f1xx_hal_dma.o
 .debug_line    0x00007a32      0x996 ./Drivers/STM32F1xx_HAL_Driver/Src/stm32f1xx_hal_gpio.o
 .debug_line    0x000083c8      0xdca ./Drivers/STM32F1xx_HAL_Driver/Src/stm32f1xx_hal_rcc.o
 .debug_line    0x00009192      0x895 ./Drivers/STM32F1xx_HAL_Driver/Src/stm32f1xx_hal_rcc_ex.o
 .debug_line    0x00009a27     0x242d ./Drivers/STM32F1xx_HAL_Driver/Src/stm32f1xx_hal_uart.o

.debug_str      0x00000000    0x92629
 .debug_str     0x00000000    0x92629 ./Core/Src/adc.o
                              0x90698 (size before relaxing)
 .debug_str     0x00092629    0x90533 ./Core/Src/dma.o
 .debug_str     0x00092629    0x901f1 ./Core/Src/gpio.o
 .debug_str     0x00092629    0x909a8 ./Core/Src/main.o
 .debug_str     0x00092629    0x90179 ./Core/Src/stm32f1xx_hal_msp.o
 .debug_str     0x00092629    0x903af ./Core/Src/stm32f1xx_it.o
 .debug_str     0x00092629    0x900d6 ./Core/Src/system_stm32f1xx.o
 .debug_str     0x00092629    0x90633 ./Core/Src/usart.o
 .debug_str     0x00092629       0x8e ./Core/Startup/startup_stm32f103rctx.o
 .debug_str     0x00092629    0x908ed ./Drivers/STM32F1xx_HAL_Driver/Src/stm32f1xx_hal.o
 .debug_str     0x00092629    0x907ba ./Drivers/STM32F1xx_HAL_Driver/Src/stm32f1xx_hal_adc.o
 .debug_str     0x00092629    0x9078a ./Drivers/STM32F1xx_HAL_Driver/Src/stm32f1xx_hal_adc_ex.o
 .debug_str     0x00092629    0x90839 ./Drivers/STM32F1xx_HAL_Driver/Src/stm32f1xx_hal_cortex.o
 .debug_str     0x00092629    0x9047f ./Drivers/STM32F1xx_HAL_Driver/Src/stm32f1xx_hal_dma.o
 .debug_str     0x00092629    0x9045c ./Drivers/STM32F1xx_HAL_Driver/Src/stm32f1xx_hal_gpio.o
 .debug_str     0x00092629    0x90505 ./Drivers/STM32F1xx_HAL_Driver/Src/stm32f1xx_hal_rcc.o
 .debug_str     0x00092629    0x90293 ./Drivers/STM32F1xx_HAL_Driver/Src/stm32f1xx_hal_rcc_ex.o
 .debug_str     0x00092629    0x90b76 ./Drivers/STM32F1xx_HAL_Driver/Src/stm32f1xx_hal_uart.o

.comment        0x00000000       0x43
 .comment       0x00000000       0x43 ./Core/Src/adc.o
                                 0x44 (size before relaxing)
 .comment       0x00000043       0x44 ./Core/Src/dma.o
 .comment       0x00000043       0x44 ./Core/Src/gpio.o
 .comment       0x00000043       0x44 ./Core/Src/main.o
 .comment       0x00000043       0x44 ./Core/Src/stm32f1xx_hal_msp.o
 .comment       0x00000043       0x44 ./Core/Src/stm32f1xx_it.o
 .comment       0x00000043       0x44 ./Core/Src/system_stm32f1xx.o
 .comment       0x00000043       0x44 ./Core/Src/usart.o
 .comment       0x00000043       0x44 ./Drivers/STM32F1xx_HAL_Driver/Src/stm32f1xx_hal.o
 .comment       0x00000043       0x44 ./Drivers/STM32F1xx_HAL_Driver/Src/stm32f1xx_hal_adc.o
 .comment       0x00000043       0x44 ./Drivers/STM32F1xx_HAL_Driver/Src/stm32f1xx_hal_adc_ex.o
 .comment       0x00000043       0x44 ./Drivers/STM32F1xx_HAL_Driver/Src/stm32f1xx_hal_cortex.o
 .comment       0x00000043       0x44 ./Drivers/STM32F1xx_HAL_Driver/Src/stm32f1xx_hal_dma.o
 .comment       0x00000043       0x44 ./Drivers/STM32F1xx_HAL_Driver/Src/stm32f1xx_hal_gpio.o
 .comment       0x00000043       0x44 ./Drivers/STM32F1xx_HAL_Driver/Src/stm32f1xx_hal_rcc.o
 .comment       0x00000043       0x44 ./Drivers/STM32F1xx_HAL_Driver/Src/stm32f1xx_hal_rcc_ex.o
 .comment       0x00000043       0x44 ./Drivers/STM32F1xx_HAL_Driver/Src/stm32f1xx_hal_uart.o

.debug_frame    0x00000000     0x211c
 .debug_frame   0x00000000       0xe8 ./Core/Src/adc.o
 .debug_frame   0x000000e8       0x34 ./Core/Src/dma.o
 .debug_frame   0x0000011c       0x34 ./Core/Src/gpio.o
 .debug_frame   0x00000150       0xc0 ./Core/Src/main.o
 .debug_frame   0x00000210       0x38 ./Core/Src/stm32f1xx_hal_msp.o
 .debug_frame   0x00000248      0x120 ./Core/Src/stm32f1xx_it.o
 .debug_frame   0x00000368       0x58 ./Core/Src/system_stm32f1xx.o
 .debug_frame   0x000003c0       0x74 ./Core/Src/usart.o
 .debug_frame   0x00000434      0x334 ./Drivers/STM32F1xx_HAL_Driver/Src/stm32f1xx_hal.o
 .debug_frame   0x00000768      0x40c ./Drivers/STM32F1xx_HAL_Driver/Src/stm32f1xx_hal_adc.o
 .debug_frame   0x00000b74      0x200 ./Drivers/STM32F1xx_HAL_Driver/Src/stm32f1xx_hal_adc_ex.o
 .debug_frame   0x00000d74      0x428 ./Drivers/STM32F1xx_HAL_Driver/Src/stm32f1xx_hal_cortex.o
 .debug_frame   0x0000119c      0x20c ./Drivers/STM32F1xx_HAL_Driver/Src/stm32f1xx_hal_dma.o
 .debug_frame   0x000013a8      0x14c ./Drivers/STM32F1xx_HAL_Driver/Src/stm32f1xx_hal_gpio.o
 .debug_frame   0x000014f4      0x218 ./Drivers/STM32F1xx_HAL_Driver/Src/stm32f1xx_hal_rcc.o
 .debug_frame   0x0000170c       0x80 ./Drivers/STM32F1xx_HAL_Driver/Src/stm32f1xx_hal_rcc_ex.o
 .debug_frame   0x0000178c      0x944 ./Drivers/STM32F1xx_HAL_Driver/Src/stm32f1xx_hal_uart.o
 .debug_frame   0x000020d0       0x20 /home/aarjav/st/stm32cubeide_1.18.0/plugins/com.st.stm32cube.ide.mcu.externaltools.gnu-tools-for-stm32.13.3.rel1.linux64_1.0.0.202410170706/tools/bin/../lib/gcc/arm-none-eabi/13.3.1/../../../../arm-none-eabi/lib/thumb/v7-m/nofp/libc_nano.a(libc_a-memset.o)
 .debug_frame   0x000020f0       0x2c /home/aarjav/st/stm32cubeide_1.18.0/plugins/com.st.stm32cube.ide.mcu.externaltools.gnu-tools-for-stm32.13.3.rel1.linux64_1.0.0.202410170706/tools/bin/../lib/gcc/arm-none-eabi/13.3.1/../../../../arm-none-eabi/lib/thumb/v7-m/nofp/libc_nano.a(libc_a-init.o)

.debug_line_str
                0x00000000       0x72
 .debug_line_str
                0x00000000       0x72 ./Core/Startup/startup_stm32f103rctx.o
